{
 "espireDate": "N",
 "format": "text",
 "jSonReasons": [
  "kw_shutdown",
  "kw_encrypted",
  "re_#10",
  "kw_error",
  "kw_patch",
  "kw_secure",
  "kw_target",
  "lg_en",
  "kw_cert",
  "kw_sec",
  "kw_down"
 ],
 "key": "01dTgsF1",
 "pasteDate": "Feb 26, 2018, 12:32:47 PM",
 "relevancy": 19.0,
 "relevant": false,
 "text": "Format: Log Type - Time(microsec) - Message - Optional Info\nLog Type: B - Since Boot(Power On Reset),  D - Delta,  S - Statistic\nS - QC_IMAGE_VERSION_STRING=BOOT.XF.1.4-00252-S660LZB-1\nS - IMAGE_VARIANT_STRING=Sdm660LA\nS - OEM_IMAGE_VERSION_STRING=bqbot3\nS - Boot Interface: eMMC\nS - Secure Boot: Off\nS - Boot Config @ 0x00786070 = 0x000001c1\nS - JTAG ID @ 0x00786130 = 0x0008c0e1\nS - OEM ID @ 0x00786138 = 0x00000000\nS - Serial Number @ 0x00784138 = 0x702ff29d\nS - OEM Config Row 0 @ 0x00784188 = 0x0000000000000000\nS - OEM Config Row 1 @ 0x00784190 = 0x0000000000000000\nS - Feature Config Row 0 @ 0x007841a0 = 0x0050200010f80000\nS - Feature Config Row 1 @ 0x007841a8 = 0x00000000000008c0\nS - Core 0 Frequency, 3715 MHz\nS - PBL Patch Ver: 5\nS - I-cache: On\nS - D-cache: On\nB -         0 - PBL, Start\nB -      7069 - bootable_media_detect_entry, Start\nB -     69555 - bootable_media_detect_success, Start\nB -     69560 - elf_loader_entry, Start\nB -     71125 - auth_hash_seg_entry, Start\nB -     71456 - auth_hash_seg_exit, Start\nB -    121869 - elf_segs_hash_verify_entry, Start\nB -    171629 - elf_segs_hash_verify_exit, Start\nB -    171643 - auth_xbl_sec_hash_seg_entry, Start\nB -    200792 - auth_xbl_sec_hash_seg_exit, Start\nB -    200794 - xbl_sec_segs_hash_verify_entry, Start\nB -    207535 - xbl_sec_segs_hash_verify_exit, Start\nB -    207582 - PBL, End\nB -    233599 - SBL1, Start\nB -    357307 - usb: hs_phy_nondrive_start\nB -    357643 - usb: hs_phy_nondrive_finish\nB -    360510 - boot_flash_init, Start\nD -        30 - boot_flash_init, Delta\nB -    367860 - sbl1_ddr_set_default_params, Start\nD -       152 - sbl1_ddr_set_default_params, Delta\nB -    375851 - boot_config_data_table_init, Start\nB -    395341 - Using default CDT\nD -     14975 - boot_config_data_table_init, Delta - (0 Bytes)\nB -    397262 - CDT Version:3,Platform ID:8,Major ID:1,Minor ID:0,Subtype:0\nB -    402722 - Image Load, Start\nD -       640 - Auth Metadata\nD -       458 - Segments hash check\nD -     12535 - PMIC Image Loaded, Delta - (34272 Bytes)\nB -    418612 - pm_device_init, Start\nB -    425810 - PM: PON REASON: PM0=0x8000028000000011:0x1000 PM1=0x8000088000000020:0x40 \nB -    468175 - PM: SET_VAL:Skip\nD -     45841 - pm_device_init, Delta\nB -    470096 - pm_driver_init, Start\nB -    477264 - PM: OCP Clearing for L4A is Skipped :PM660 is not supported the LDO4\nD -      4209 - pm_driver_init, Delta\nB -    484340 - pm_sbl_chg_init, Start\nB -    489830 - PM: Trigger FG IMA Reset\nB -    491233 - PM: Trigger FG IMA Reset.Completed\nB -    496052 - PM: EntryVbat: 4030; EntrySOC: -1\nB -    499315 - PM: BATT TEMP: 38 DegC\nD -     16256 - pm_sbl_chg_init, Delta\nB -    507062 - vsense_init, Start\nD -         0 - vsense_init, Delta\nB -    582641 - Pre_DDR_clock_init, Start\nD -       396 - Pre_DDR_clock_init, Delta\nD -         0 - sbl1_ddr_set_params, Delta\nB -    594353 - DSF version = 33.0, DSF RPM version = 22.0\nB -    594384 - Max Frequency = 1804 MHz\nB -    598501 - do_ddr_training, Start\nB -    610915 - Bootup frequency set to 1296000\nD -      8814 - do_ddr_training, Delta\nB -    630770 - clock_init, Start\nD -       305 - clock_init, Delta\nB -    633332 - Image Load, Start\nD -      2410 - APDP Image Loaded, Delta - (0 Bytes)\nB -    638792 - usb: EMMC Serial - 804dc94\nB -   1142591 - usb: chgr -  INVALID\nB -   1142621 - usb: fedl, chgr_det_timeout\nB -   1148142 - PM: 0: PON=0x11:USB_CHG:HARD_RESET: ON=0x80:PON_SEQ: POFF=0x2:PS_HOLD: OFF=0x80:POFF_SEQ: FAULT2=0x10:PBS_WD_TO\nB -   1148935 - PM: 1: PON=0x20:PON1: ON=0x80:PON_SEQ: POFF=0x8:GP1: OFF=0x80:POFF_SEQ: FAULT1=0x40:UVLO\nB -   1160067 - PM: SMEM Chgr Info Write Success\nB -   1169248 - sbl1_efs_handle_cookies, Start\nD -       823 - sbl1_efs_handle_cookies, Delta\nB -   1177574 - Image Load, Start\nD -      2806 - Auth Metadata\nD -      1068 - Segments hash check\nD -     10614 - QSEE Dev Config Image Loaded, Delta - (41704 Bytes)\nB -   1190842 - Image Load, Start\nD -       610 - SEC Image Loaded, Delta - (4096 Bytes)\nB -   1199687 - Image Load, Start\nD -     23302 - Auth Metadata\nD -     17873 - Segments hash check\nD -     63623 - QSEE Image Loaded, Delta - (1938424 Bytes)\nB -   1265201 - Image Load, Start\nD -      2806 - Auth Metadata\nD -      3935 - Segments hash check\nD -     16866 - QHEE Image Loaded, Delta - (264944 Bytes)\nB -   1284080 - Image Load, Start\nD -      2928 - Auth Metadata\nD -      2165 - Segments hash check\nD -     16287 - RPM Image Loaded, Delta - (219324 Bytes)\nB -   1303112 - Image Load, Start\nD -      4362 - STI Image Loaded, Delta - (0 Bytes)\nB -   1311012 - Image Load, Start\nD -      2867 - Auth Metadata\nD -      1311 - Segments hash check\nD -     10919 - ABL Image Loaded, Delta - (105040 Bytes)\nB -   1324371 - Image Load, Start\nD -      3446 - Auth Metadata\nD -     13969 - Segments hash check\nD -     37301 - APPSBL Image Loaded, Delta - (1792000 Bytes)\nB -   1364082 - SBL1, End\nD -   1135393 - SBL1, Delta\nS - Flash Throughput, 88000 KB/s  (4405016 Bytes,  49888 us)\nS - DDR Frequency, 1296 MHz\n\n\nUEFI Start     [ 1533] SEC\nPROD Mode   : On\nDEBUG Mode : On\nASLR        : On\nTimer Delta : +7 mS\nRAM Entry 0 : Base 0x0000000080000000  Size 0x0000000080000000\nRAM Entry 1 : Base 0x0000000100000000  Size 0x000000007E3C0000\nUEFI Ver    : 4.2.180130.BOOT.XF.1.4-00252-S660LZB-1\nBuild Info  : 64b Jan 30 2018 15:14:53\nBoot Device : eMMC\nDALLOG Device [0x2000145]: Cannot turn on source[ACPL\n1, 1, 1, 1, 1, 1, 1, 1, 1, 1, 1, 1, 1, 1, 1, 1, 1, 1, 1, 1, 1, 1, 1, 1, 1, 1, PmicDxe:: PmicSchgSetChargerDefaultSetting Setting ICL = 500 mA \n1, PmicDxe:: PmicSchgInitialChargerCheckup APSD done status: 0, Port Type = 8 \n1, 1, 1, 1, QcomChargerDxe:: ChargerPlatform_Init Enabled WDOG.\nlcm Panel_CDP_GetID: temp1 =0;temp2 =1\nlcm Panel_CDP_GetID: lcdid  =1;\nlcm smd630 djn_hx83112a_video_xmldata !\nRender Splash  [ 1997]\nEnvDxe Render Callback\nLoadSecureApps: Load app from partition(keymaster): Status = 0x0, AppId = 65537\nAPC1 IDDQ WC 0 , L2:0, CPU[0]:175, CPU[1]:175, CPU[2]:175, CPU[3]:175\n APC1 Total 700\nLoad CPU 0 Slp: 0x87, Int: 0xFFFFFFFA\nLoad CPU 1 Slp: 0x1, Int: 0x0\nLoad CPU 2 Slp: 0xBF, Int: 0xFFFFFFD7\nLoad CPU 3 Slp: 0x1, Int: 0x0\nGLD IDDQ WC 0\nCPU PART GOOD [0x0] SUB_BIN[0x0]\n-----------------------------\nPlatform Init  [ 2129] BDS\nUEFI Ver   : 4.2.180130.BOOT.XF.1.4-00252-S660LZB-1\nPlatform   : MTP\nChip Name  : SDM660\nChip Ver   : 1.0\nCore 0 Freq: 1382400 MHz\n-----------------------------\n2, ChargerLib:: ChargerLib_GetErrors Battery Presence = 1 \nChargerLib:: ChargerLib_GetBatteryID BATT_ID_2 = 199902 \n2, ChargerLib:: ChargerLib_GetErrors Battery Presence = 1 \nChargerLib:: ChargerLib_GetBatteryID BATT_ID_2 = 199902 \n2, ChargerLib:: ChargerLib_GetErrors Battery Presence = 1 \nChargerLib:: ChargerLib_GetBatteryID BATT_ID_2 = 199902 \n2, ChargerLib:: ChargerLib_GetErrors Battery Presence = 1 \nChargerLib:: ChargerLib_GetBatteryID BATT_ID_2 = 199902 \n2, ChargerLib:: ChargerLib_GetErrors Battery Presence = 1 \nChargerLib:: ChargerLib_GetBatteryID BATT_ID_2 = 199902 \n2, 2, 2, 2, 2, 2, 2, 2, PmicDxe:: PmicSchgSetChargerDefaultSetting Setting ICL = 500 mA \n2, UEFI Total : 632 ms\nPOST Time      [ 2165] OS Loader\nLoader Build Info: Feb 26 2018 13:09:57\nVB: RWDeviceState: Succeed using devinfo!\nRecovery recovery: 436 \nActive Slot _a is bootable, retry count 4\nBooting from slot (_a)\nLoading Image Start : 2177 ms\nLoading Image Done : 2177 ms\nTotal Image Read size : 2048 Bytes\nLoading Image Start : 2177 ms\nLoading Image Done : 2473 ms\nTotal Image Read size : 50421760 Bytes\nVB: DeviceInit: Device is unlocked! Skipping verification!\nVB: VerifyImage: Image verification done! boot state is: ORANGE\nExit key detection timer\nNo Ffbm cookie found, ignore: Not Found\nMemory Base Address: 0x80000000\nDecompressing kernel image start: 12667 ms\nDecompressing kernel image done: 13010 ms\n PON Reason is 17 cold_boot:1 charger path: 1\nGetCheckPanelPressGuid:checkPanel = 0x1;Status:0x0\npanel is Exist\nSecBootStatus=25,  androidboot.secureboot=0\nCmdline: console=ttyMSM0,115200,n8 androidboot.console=ttyMSM0 earlycon=msm_serial_dm,0xc170000 androidboot.hardware=qcom user_debug=31 msm_rtb.filter=0x37 ehci-hcd.park=3 lpm_levels.sleep_disabled=1 sched_enable_hmp=1 sched_enable_power_l\nBootLinux: GetImage failed!Best match DTB tags 317/00000008/0x00000000/0/1001B/101011A/0/0/(offset)0x9A00A6DD/(size)0x000515A3\nUsing pmic info 0x1001B/0x101011A/0x0/0x0 for device 0x1011B/0x102001A/0x0/0x0\nMemory Base Address: 0x80000000\nRAM Partitions\nAdding Base: 0x0000000080000000 Available Length: 0x0000000080000000 \nAdding Base: 0x0000000100000000 Available Length: 0x000000007E3C0000 \nkaslr-Seed is added to chosen node\n\nShutting Down UEFI Boot Services: 13087 ms\nBDS: LogFs sync skipped, Unsupported\nApp Log Flush : 14 ms\nExit BS        [13106] UEFI End\n[    0.000000] Booting Linux on physical CPU 0x0\n[    0.000000] Initializing cgroup subsys cpuset\n[    0.000000] Initializing cgroup subsys cpu\n[    0.000000] Initializing cgroup subsys cpuacct\n[    0.000000] Initializing cgroup subsys schedtune\n[    0.000000] Linux version 4.4.78-perf+ (jenkins@bqbot2) (gcc version 4.9.x 20150123 (prerelease) (GCC) ) #1 SMP PREEMPT Mon Feb 26 13:20:15 CET 2018\n[    0.000000] Boot CPU: AArch64 Processor [51af8014]\n[    0.000000] Machine: Qualcomm Technologies, Inc. SDM 660 PM660 + PM660L MTP\n[    0.000000] earlycon: Early serial console at MMIO 0xc170000 (options '')\n[    0.000000] bootconsole [uart0] enabled\n[    0.000000] Reserved memory: reserved region for node 'wlan_msa_guard@85600000': base 0x0000000085600000, size 1 MiB\n[    0.000000] Reserved memory: reserved region for node 'wlan_msa_mem@85700000': base 0x0000000085700000, size 1 MiB\n[    0.000000] Reserved memory: reserved region for node 'removed_regions@85800000': base 0x0000000085800000, size 55 MiB\n[    0.000000] Reserved memory: reserved region for node 'modem_fw_region@8ac00000': base 0x000000008ac00000, size 126 MiB\n[    0.000000] Reserved memory: reserved region for node 'adsp_fw_region@92a00000': base 0x0000000092a00000, size 30 MiB\n[    0.000000] Reserved memory: reserved region for node 'pil_mba_region@94800000': base 0x0000000094800000, size 2 MiB\n[    0.000000] Reserved memory: reserved region for node 'cdsp_fw_region@94a00000': base 0x0000000094a00000, size 6 MiB\n[    0.000000] Reserved memory: reserved region for node 'splash_region@9d400000': base 0x000000009d400000, size 36 MiB\n[    0.000000] Reserved memory: allocated memory for 'venus_fw_region' node: base 0x000000009f800000, size 8 MiB\n[    0.000000] Reserved memory: created CMA memory pool at 0x000000009f800000, size 8 MiB\n[    0.000000] Reserved memory: initialized node venus_fw_region, compatible id shared-dma-pool\n[    0.000000] Reserved memory: allocated memory for 'adsp_region' node: base 0x00000000ff400000, size 8 MiB\n[    0.000000] Reserved memory: created CMA memory pool at 0x00000000ff400000, size 8 MiB\n[    0.000000] Reserved memory: initialized node adsp_region, compatible id shared-dma-pool\n[    0.000000] Reserved memory: allocated memory for 'secure_region' node: base 0x00000000f9800000, size 92 MiB\n[    0.000000] Reserved memory: created CMA memory pool at 0x00000000f9800000, size 92 MiB\n[    0.000000] Reserved memory: initialized node secure_region, compatible id shared-dma-pool\n[    0.000000] Reserved memory: allocated memory for 'qseecom_region' node: base 0x00000000f8400000, size 20 MiB\n[    0.000000] Reserved memory: created CMA memory pool at 0x00000000f8400000, size 20 MiB\n[    0.000000] Reserved memory: initialized node qseecom_region, compatible id shared-dma-pool\n[    0.000000] Reserved memory: allocated memory for 'linux,cma' node: base 0x00000000f5800000, size 44 MiB\n[    0.000000] Reserved memory: created CMA memory pool at 0x00000000f5800000, size 44 MiB\n[    0.000000] Reserved memory: initialized node linux,cma, compatible id shared-dma-pool\n[    0.000000] Removed memory: created DMA memory pool at 0x0000000085600000, size 1 MiB\n[    0.000000] Reserved memory: initialized node wlan_msa_guard@85600000, compatible id removed-dma-pool\n[    0.000000] Removed memory: created DMA memory pool at 0x0000000085700000, size 1 MiB\n[    0.000000] Reserved memory: initialized node wlan_msa_mem@85700000, compatible id removed-dma-pool\n[    0.000000] Removed memory: created DMA memory pool at 0x0000000085800000, size 55 MiB\n[    0.000000] Reserved memory: initialized node removed_regions@85800000, compatible id removed-dma-pool\n[    0.000000] Removed memory: created DMA memory pool at 0x000000008ac00000, size 126 MiB\n[    0.000000] Reserved memory: initialized node modem_fw_region@8ac00000, compatible id removed-dma-pool\n[    0.000000] Removed memory: created DMA memory pool at 0x0000000092a00000, size 30 MiB\n[    0.000000] Reserved memory: initialized node adsp_fw_region@92a00000, compatible id removed-dma-pool\n[    0.000000] Removed memory: created DMA memory pool at 0x0000000094800000, size 2 MiB\n[    0.000000] Reserved memory: initialized node pil_mba_region@94800000, compatible id removed-dma-pool\n[    0.000000] Removed memory: created DMA memory pool at 0x0000000094a00000, size 6 MiB\n[    0.000000] Reserved memory: initialized node cdsp_fw_region@94a00000, compatible id removed-dma-pool\n[    0.000000] psci: probing for conduit method from DT.\n[    0.000000] psci: PSCIv1.0 detected in firmware.\n[    0.000000] psci: Using standard PSCI v0.2 function IDs\n[    0.000000] psci: MIGRATE_INFO_TYPE not supported.\n[    0.000000] psci: Initializing psci_cpu_init\n[    0.000000] psci: Initializing psci_cpu_init\n[    0.000000] psci: Initializing psci_cpu_init\n[    0.000000] psci: Initializing psci_cpu_init\n[    0.000000] psci: Initializing psci_cpu_init\n[    0.000000] psci: Initializing psci_cpu_init\n[    0.000000] psci: Initializing psci_cpu_init\n[    0.000000] PERCPU: Embedded 21 pages/cpu @fffffff1be0b6000 s47872 r8192 d29952 u86016\n[    0.000000] CPU features: enabling workaround for Kryo2xx Silver erratum 845719\n[    0.000000] Built 1 zonelists in Zone order, mobility grouping on.  Total pages: 969381\n[    0.000000] Kernel command line: rcupdate.rcu_expedited=1 console=ttyMSM0,115200,n8 androidboot.console=ttyMSM0 earlycon=msm_serial_dm,0xc170000 androidboot.hardware=qcom user_debug=31 msm_rtb.filter=0x37 ehci-hcd.park=3 lpm_levels.sles\n[    0.000000] log_buf_len individual max cpu contribution: 131072 bytes\n[    0.000000] log_buf_len total cpu_extra contributions: 917504 bytes\n[    0.000000] log_buf_len min size: 131072 bytes\n[    0.000000] log_buf_len: 1048576 bytes\n[    0.000000] early log buf free: 123972(94%)\n[    0.000000] PID hash table entries: 4096 (order: 3, 32768 bytes)\n[    0.000000] Dentry cache hash table entries: 524288 (order: 10, 4194304 bytes)\n[    0.000000] Inode-cache hash table entries: 262144 (order: 9, 2097152 bytes)\n[    0.000000] software IO TLB [mem 0xfffbf000-0xfffff000] (0MB) mapped at [fffffff13ffbf000-fffffff13fffefff]\n[    0.000000] Memory: 3605892K/3939072K available (15870K kernel code, 2534K rwdata, 7608K rodata, 8192K init, 2921K bss, 157052K reserved, 176128K cma-reserved)\n[    0.000000] Virtual kernel memory layout:\n[    0.000000]     modules : 0xffffff8000000000 - 0xffffff8008000000   (   128 MB)\n[    0.000000]     vmalloc : 0xffffff8008000000 - 0xffffffbdbfff0000   (   246 GB)\n[    0.000000]       .init : 0xffffff876e000000 - 0xffffff876e800000   (  8192 KB)\n[    0.000000]       .text : 0xffffff876c880000 - 0xffffff876d800000   ( 15872 KB)\n[    0.000000]     .rodata : 0xffffff876d800000 - 0xffffff876e000000   (  8192 KB)\n[    0.000000]       .data : 0xffffff876e800000 - 0xffffff876ea79a30   (  2535 KB)\n[    0.000000]     vmemmap : 0xffffffbdc0000000 - 0xffffffbfc0000000   (     8 GB maximum)\n[    0.000000]               0xffffffbe83000000 - 0xffffffbe86f8f000   (    63 MB actual)\n[    0.000000]     fixed   : 0xffffffbffe7fd000 - 0xffffffbffec00000   (  4108 KB)\n[    0.000000]     PCI I/O : 0xffffffbffee00000 - 0xffffffbfffe00000   (    16 MB)\n[    0.000000]     memory  : 0xfffffff0c0000000 - 0xfffffff1be3c0000   (  4067 MB)\n[    0.000000] SLUB: HWalign=64, Order=0-3, MinObjects=0, CPUs=8, Nodes=1\n[    0.000000] HMP scheduling enabled.\n[    0.000000] Preemptible hierarchical RCU implementation.\n[    0.000000]  RCU dyntick-idle grace-period acceleration is enabled.\n[    0.000000] \n[    0.000000] **********************************************************\n[    0.000000] **   NOTICE NOTICE NOTICE NOTICE NOTICE NOTICE NOTICE   **\n[    0.000000] **                                                      **\n[    0.000000] ** trace_printk() being used. Allocating extra memory.  **\n[    0.000000] **                                                      **\n[    0.000000] ** This means that this is a DEBUG kernel and it is     **\n[    0.000000] ** unsafe for production use.                           **\n[    0.000000] **                                                      **\n[    0.000000] ** If you see this message and you are not debugging    **\n[    0.000000] ** the kernel, report this immediately to your vendor!  **\n[    0.000000] **                                                      **\n[    0.000000] **   NOTICE NOTICE NOTICE NOTICE NOTICE NOTICE NOTICE   **\n[    0.000000] **********************************************************\n[    0.000000] NR_IRQS:64 nr_irqs:64 0\n[    0.000000] mpm_init_irq_domain(): Cannot find irq controller for qcom,gpio-parent\n[    0.000000] MPM 1 irq mapping errored -517\n[    0.000000]  Offload RCU callbacks from all CPUs\n[    0.000000]  Offload RCU callbacks from CPUs: 0-7.\n[    0.000000] Architected cp15 and mmio timer(s) running at 19.20MHz (virt/virt).\n[    0.000000] clocksource: arch_sys_counter: mask: 0xffffffffffffff max_cycles: 0x46d987e47, max_idle_ns: 440795202767 ns\n[    0.000003] sched_clock: 56 bits at 19MHz, resolution 52ns, wraps every 4398046511078ns\n[    0.010762] clocksource: Switched to clocksource arch_sys_counter\n[    0.019945] Calibrating delay loop (skipped), value calculated using timer frequency.. 38.40 BogoMIPS (lpj=192000)\n[    0.032805] pid_max: default: 32768 minimum: 301\n[    0.035456] Security Framework initialized\n[    0.040001] SELinux:  Initializing.\n[    0.043978] Mount-cache hash table entries: 8192 (order: 4, 65536 bytes)\n[    0.047302] Mountpoint-cache hash table entries: 8192 (order: 4, 65536 bytes)\n[    0.054782] Initializing cgroup subsys memory\n[    0.061297] Initializing cgroup subsys freezer\n[    0.065977] /cpus/cpu@0: Missing clock-frequency property\n[    0.069954] /cpus/cpu@1: Missing clock-frequency property\n[    0.075449] /cpus/cpu@2: Missing clock-frequency property\n[    0.080819] /cpus/cpu@3: Missing clock-frequency property\n[    0.086188] /cpus/cpu@100: Missing clock-frequency property\n[    0.091582] /cpus/cpu@101: Missing clock-frequency property\n[    0.096953] /cpus/cpu@102: Missing clock-frequency property\n[    0.102521] /cpus/cpu@103: Missing clock-frequency property\n[    0.108061] CPU0: update cpu_capacity 1024\n[    0.113651] ASID allocator initialised with 65536 entries\n[    0.117881] NOHZ: local_softirq_pending 02\n[    0.131040] MSM Memory Dump base table set up\n[    0.131080] MSM Memory Dump apps data table set up\n[    0.139936] CPU1: update cpu_capacity 1024\n[    0.139992] CPU1: Booted secondary processor [51af8014]\n[    0.145112] CPU2: update cpu_capacity 1024\n[    0.145156] CPU2: Booted secondary processor [51af8014]\n[    0.150225] CPU3: update cpu_capacity 1024\n[    0.150269] CPU3: Booted secondary processor [51af8014]\n[    0.155849] CPU4: update cpu_capacity 1024\n[    0.155977] CPU4: Booted secondary processor [51af8002]\n[    0.161176] CPU5: update cpu_capacity 1024\n[    0.161234] CPU5: Booted secondary processor [51af8002]\n[    0.166638] CPU6: update cpu_capacity 1024\n[    0.166761] CPU6: Booted secondary processor [51af8002]\n[    0.172053] CPU7: update cpu_capacity 1024\n[    0.172114] CPU7: Booted secondary processor [51af8002]\n[    0.172229] Brought up 8 CPUs\n[    0.236062] SMP: Total of 8 processors activated.\n[    0.239192] CPU features: detected feature: GIC system register CPU interface\n[    0.243897] CPU: All CPU(s) started at EL1\n[    0.251071] alternatives: patching kernel code\n[    0.255106] CPU7: update max cpu_capacity 1024\n[    0.290774] CPU0: update max cpu_capacity 1024\n[    0.308336] clocksource: jiffies: mask: 0xffffffff max_cycles: 0xffffffff, max_idle_ns: 19112604462750000 ns\n[    0.308396] futex hash table entries: 2048 (order: 5, 131072 bytes)\n[    0.324595] pinctrl core: initialized pinctrl subsystem\n[    0.325515] NET: Registered protocol family 16\n[    0.330505] schedtune: init normalization constants...\n[    0.333175] schedtune: disabled!\n[    0.338823] cpuidle: using governor ladder\n[    0.341709] cpuidle: using governor menu\n[    0.345584] cpuidle: using governor qcom\n[    0.350806] vdso: 2 pages (1 code @ ffffff876d806000, 1 data @ ffffff876e804000)\n[    0.354223] DMA: preallocated 256 KiB pool for atomic allocations\n[    0.363573] exit: IPA_USB init success!\n[    0.381794] unable to find DT imem DLOAD mode node\n[    0.383060] unable to find DT imem EDLOAD mode node\n[    0.387208] spmi spmi-0: PMIC arbiter version v3 (0x30000000)\n[    0.396243] LCDB: qpnp_lcdb_regulator_probe: Failed to parse dt rc=-517\n[    0.397449] msm_watchdog 17817000.qcom,wdt: wdog absent resource not present\n[    0.403001] msm_watchdog 17817000.qcom,wdt: MSM Watchdog Initialized\n[    0.410122] sps:sps is ready.\n[    0.417773] msm-thermal soc:qcom,msm-thermal: probe_psm:Failed reading node=/soc/qcom,msm-thermal, key=qcom,pmic-sw-mode-temp. err=-22. KTM continues\n[    0.419189] msm_thermal:vdd_restriction_reg_init Defer regulator vdd-dig probe\n[    0.432477] msm_thermal:probe_vdd_rstr Err regulator init. err:-517. KTM continues.\n[    0.439568] msm-thermal soc:qcom,msm-thermal: probe_vdd_rstr:Failed reading node=/soc/qcom,msm-thermal, key=qcom,max-freq-level. err=-517. KTM continues\n[    0.449641] gpu-sdm660 5065000.clock-controller: Registered GPU RBCPR clocks\n[    0.464389] irq: no irq domain found for /soc/pinctrl@03000000 !\n[    0.470001] platform soc:qcom,msm-adsprpc-mem: assigned reserved memory node adsp_region\n[    0.477837] msm_rpm_dev_probe: APSS-RPM communication over GLINK\n[    0.482244] msm_rpm_trans_notify_state: glink config params: transport=(null), edge=rpm, name=rpm_requests\n[    0.499029] pm660l_l7: supplied by pm660_l10\n[    0.503708] platform cce0000.qcom,venus: assigned reserved memory node venus_fw_region\n[    0.505035] platform 15700000.qcom,lpass: assigned reserved memory node adsp_fw_region@92a00000\n[    0.510944] platform 1a300000.qcom,turing: assigned reserved memory node cdsp_fw_region@94a00000\n[    0.519552] platform 4080000.qcom,mss: assigned reserved memory node modem_fw_region@8ac00000\n[    0.539314] msm_mpm_dev_probe(): Cannot get clk resource for XO: -517\n[    0.540109] genirq: Setting trigger mode 8 for irq 102 failed (gic_set_type+0x0/0xb8)\n[    0.544819] genirq: Setting trigger mode 8 for irq 103 failed (gic_set_type+0x0/0xb8)\n[    0.552611] genirq: Setting trigger mode 8 for irq 104 failed (gic_set_type+0x0/0xb8)\n[    0.560402] genirq: Setting trigger mode 8 for irq 105 failed (gic_set_type+0x0/0xb8)\n[    0.568233] genirq: Setting trigger mode 8 for irq 106 failed (gic_set_type+0x0/0xb8)\n[    0.584664] __of_mpm_init(): MPM driver mapping exists\n[    0.585323] i2c-msm-v2 c175000.i2c: probing driver i2c-msm-v2\n[    0.588958] i2c-msm-v2 c175000.i2c: error on clk_get(core_clk):-517\n[    0.594691] i2c-msm-v2 c175000.i2c: error probe() failed with err:-517\n[    0.601273] i2c-msm-v2 c176000.i2c: probing driver i2c-msm-v2\n[    0.607425] i2c-msm-v2 c176000.i2c: error on clk_get(core_clk):-517\n[    0.613178] i2c-msm-v2 c176000.i2c: error probe() failed with err:-517\n[    0.619772] i2c-msm-v2 c1b6000.i2c: probing driver i2c-msm-v2\n[    0.625940] i2c-msm-v2 c1b6000.i2c: error on clk_get(core_clk):-517\n[    0.631651] i2c-msm-v2 c1b6000.i2c: error probe() failed with err:-517\n[    0.651683] irq: no irq domain found for /soc/qcom,mdss_mdp@c900000 !\n[    0.654701] LCDB: qpnp_lcdb_regulator_probe: Failed to parse dt rc=-517\n[    0.657500] msm-thermal soc:qcom,msm-thermal: probe_psm:Failed reading node=/soc/qcom,msm-thermal, key=qcom,pmic-sw-mode-temp. err=-22. KTM continues\n[    0.663800] msm_thermal:vdd_restriction_reg_init Defer regulator vdd-gfx probe\n[    0.677123] msm_thermal:probe_vdd_rstr Err regulator init. err:-517. KTM continues.\n[    0.684235] msm-thermal soc:qcom,msm-thermal: probe_vdd_rstr:Failed reading node=/soc/qcom,msm-thermal, key=qcom,max-freq-level. err=-517. KTM continues\n[    0.697040] qcom-clk-smd-rpm soc:qcom,rpmcc: Registered RPM clocks\n[    0.709398] gcc-sdm660 100000.clock-controller: Registered GCC clocks\n[    0.728167] mmcc-sdm660 c8c0000.clock-controller: Registered MMSS clocks\n[    0.731855] cpr4_sdm660_mmss_read_fuse_data: gfx_corner: CPR fusing revision = 0\n[    0.734314] cpr4_sdm660_mmss_calculate_open_loop_voltages: gfx_corner: fuse_corner[0] open-loop= 585000 uV\n[    0.741399] cpr4_sdm660_mmss_calculate_open_loop_voltages: gfx_corner: fuse_corner[1] open-loop= 645000 uV\n[    0.750828] cpr4_sdm660_mmss_calculate_open_loop_voltages: gfx_corner: fuse_corner[2] open-loop= 725000 uV\n[    0.760432] cpr4_sdm660_mmss_calculate_open_loop_voltages: gfx_corner: fuse_corner[3] open-loop= 790000 uV\n[    0.770126] cpr4_sdm660_mmss_calculate_open_loop_voltages: gfx_corner: fuse_corner[4] open-loop= 870000 uV\n[    0.779736] cpr4_sdm660_mmss_calculate_open_loop_voltages: gfx_corner: fuse_corner[5] open-loop= 925000 uV\n[    0.789697] cpr3_regulator_init_ctrl: gfx: Default CPR mode = open-loop\n[    0.800560] cprh_kbss_read_fuse_data: apc0_pwrcl_corner: speed bin = 1\n[    0.805649] cprh_sdm660_kbss_read_fuse_data: apc0_pwrcl_corner: CPR fusing revision = 2\n[    0.812221] cprh_kbss_calculate_open_loop_voltages: apc0_pwrcl_corner: fused   LowSVS: open-loop= 614000 uV\n[    0.819981] cprh_kbss_calculate_open_loop_voltages: apc0_pwrcl_corner: fused      SVS: open-loop= 634000 uV\n[    0.829730] cprh_kbss_calculate_open_loop_voltages: apc0_pwrcl_corner: fused  SVSPLUS: open-loop= 688000 uV\n[    0.839448] cprh_kbss_calculate_open_loop_voltages: apc0_pwrcl_corner: fused      NOM: open-loop= 758000 uV\n[    0.849169] cprh_kbss_calculate_open_loop_voltages: apc0_pwrcl_corner: fused TURBO_L1: open-loop= 908000 uV\n[    0.858961] cprh_kbss_calculate_target_quotients: apc0_pwrcl_corner: fused   LowSVS: quot[ 7]= 350\n[    0.868614] cprh_kbss_calculate_target_quotients: apc0_pwrcl_corner: fused      SVS: quot[ 7]= 384, quot_offset[ 7]=  30\n[    0.877647] cprh_kbss_calculate_target_quotients: apc0_pwrcl_corner: fused  SVSPLUS: quot[ 7]= 470, quot_offset[ 7]=  85\n[    0.888669] cprh_kbss_calculate_target_quotients: apc0_pwrcl_corner: fused      NOM: quot[ 7]= 589, quot_offset[ 7]= 115\n[    0.899520] cprh_kbss_calculate_target_quotients: apc0_pwrcl_corner: fused TURBO_L1: quot[ 7]= 816, quot_offset[ 7]= 225\n[    0.911806] cpr3_regulator_init_ctrl: apc0: Default CPR mode = full HW closed-loop\n[    0.922414] cprh_kbss_read_fuse_data: apc1_perfcl_corner: speed bin = 1\n[    0.928652] cprh_sdm660_kbss_read_fuse_data: apc1_perfcl_corner: CPR fusing revision = 2\n[    0.935246] cprh_kbss_calculate_open_loop_voltages: apc1_perfcl_corner: fused      SVS: open-loop= 664000 uV\n[    0.943471] cprh_kbss_calculate_open_loop_voltages: apc1_perfcl_corner: fused  SVSPLUS: open-loop= 708000 uV\n[    0.953255] cprh_kbss_calculate_open_loop_voltages: apc1_perfcl_corner: fused      NOM: open-loop= 778000 uV\n[    0.963060] cprh_kbss_calculate_open_loop_voltages: apc1_perfcl_corner: fused    TURBO: open-loop= 868000 uV\n[    0.972867] cprh_kbss_calculate_open_loop_voltages: apc1_perfcl_corner: fused TURBO_L2: open-loop= 908000 uV\n[    0.982743] cprh_kbss_calculate_target_quotients: apc1_perfcl_corner: fused      SVS: quot[ 7]= 533\n[    0.992487] cprh_kbss_calculate_target_quotients: apc1_perfcl_corner: fused  SVSPLUS: quot[ 7]= 619, quot_offset[ 7]=  85\n[    1.001257] cprh_kbss_calculate_target_quotients: apc1_perfcl_corner: fused      NOM: quot[ 7]= 766, quot_offset[ 7]= 145\n[    1.012366] cprh_kbss_calculate_target_quotients: apc1_perfcl_corner: fused    TURBO: quot[ 7]= 923, quot_offset[ 7]= 155\n[    1.023310] cprh_kbss_calculate_target_quotients: apc1_perfcl_corner: fused TURBO_L2: quot[ 7]= 998, quot_offset[ 7]=  75\n[    1.035508] cpr3_regulator_init_ctrl: apc1: Default CPR mode = full HW closed-loop\n[    1.047202] i2c-msm-v2 c175000.i2c: probing driver i2c-msm-v2\n[    1.052981] AXI: msm_bus_scale_register_client(): msm_bus_scale_register_client: Bus driver not ready.\n[    1.058441] i2c-msm-v2 c175000.i2c: msm_bus_scale_register_client(mstr-id:86):0 (not a problem)\n[    1.068512] AXI: msm_bus_scale_register_client(): msm_bus_scale_register_client: Bus driver not ready.\n[    1.077239] i2c-msm-v2 c176000.i2c: probing driver i2c-msm-v2\n[    1.085959] AXI: msm_bus_scale_register_client(): msm_bus_scale_register_client: Bus driver not ready.\n[    1.091465] i2c-msm-v2 c176000.i2c: msm_bus_scale_register_client(mstr-id:86):0 (not a problem)\n[    1.101505] AXI: msm_bus_scale_register_client(): msm_bus_scale_register_client: Bus driver not ready.\n[    1.110336] i2c-msm-v2 c1b6000.i2c: probing driver i2c-msm-v2\n[    1.118949] AXI: msm_bus_scale_register_client(): msm_bus_scale_register_client: Bus driver not ready.\n[    1.124452] i2c-msm-v2 c1b6000.i2c: msm_bus_scale_register_client(mstr-id:84):0 (not a problem)\n[    1.134551] AXI: msm_bus_scale_register_client(): msm_bus_scale_register_client: Bus driver not ready.\n[    1.142745] LCDB: qpnp_lcdb_regulator_probe: Failed to parse dt rc=-517\n[    1.152394] msm-thermal soc:qcom,msm-thermal: probe_psm:Failed reading node=/soc/qcom,msm-thermal, key=qcom,pmic-sw-mode-temp. err=-22. KTM continues\n[    1.158546] msm-thermal soc:qcom,msm-thermal: probe_ocr:Failed reading node=/soc/qcom,msm-thermal, key=qcom,pmic-opt-curr-temp err:-22. KTM continues\n[    1.171700] msm-thermal soc:qcom,msm-thermal: probe_vdd_mx:Failed reading node=/soc/qcom,msm-thermal, key=qcom,mx-restriction-temp. KTM continues\n[    1.185059] msm-thermal soc:qcom,msm-thermal: probe_freq_mitigation:Failed reading node=/soc/qcom,msm-thermal, key=qcom,limit-temp. err=-22. KTM continues\n[    1.198073] msm-thermal soc:qcom,msm-thermal: msm_thermal:Failed reading node=/soc/qcom,msm-thermal, key=qcom,rpm-phase-resource-type err=-22. KTM continues\n[    1.211805] msm-thermal soc:qcom,msm-thermal: msm_thermal:Failed reading node=/soc/qcom,msm-thermal, key=qcom,gfx-sensor-id. err=-22. KTM continues\n[    1.227600] cpu cpu0: dev_pm_opp_get_opp_count: OPP table not found (-19)\n[    1.238862] msm_thermal:get_cpu_freq_plan_len Error reading CPU0 freq table len. error:-19\n[    1.240869] gpucc-sdm660 5065000.gfx: Registered GPUCC clocks\n[    1.242706] clk-cpu-osm 179c0000.qcom,clk-cpu-660: using pwrcl speed bin 1 and pvs_ver 0\n[    1.242741] clk-cpu-osm 179c0000.qcom,clk-cpu-660: using perfcl speed bin 1 and pvs_ver 0\n[    1.244690] add_opp: Set OPP pair (300000000 Hz, 612000 uv) on cpu0\n[    1.244997] add_opp: Set OPP pair (1843200000 Hz, 900000 uv) on cpu0\n[    1.245021] add_opp: Set OPP pair (300000000 Hz, 612000 uv) on cpu1\n[    1.245170] add_opp: Set OPP pair (1843200000 Hz, 900000 uv) on cpu1\n[    1.245204] add_opp: Set OPP pair (300000000 Hz, 612000 uv) on cpu2\n[    1.245340] add_opp: Set OPP pair (1843200000 Hz, 900000 uv) on cpu2\n[    1.245374] add_opp: Set OPP pair (300000000 Hz, 612000 uv) on cpu3\n[    1.245513] add_opp: Set OPP pair (1843200000 Hz, 900000 uv) on cpu3\n[    1.245549] add_opp: Set OPP pair (300000000 Hz, 680000 uv) on cpu4\n[    1.245671] add_opp: Set OPP pair (2208000000 Hz, 928000 uv) on cpu4\n[    1.245693] add_opp: Set OPP pair (300000000 Hz, 680000 uv) on cpu5\n[    1.245825] add_opp: Set OPP pair (2208000000 Hz, 928000 uv) on cpu5\n[    1.245849] add_opp: Set OPP pair (300000000 Hz, 680000 uv) on cpu6\n[    1.245969] add_opp: Set OPP pair (2208000000 Hz, 928000 uv) on cpu6\n[    1.246005] add_opp: Set OPP pair (300000000 Hz, 680000 uv) on cpu7\n[    1.246128] add_opp: Set OPP pair (2208000000 Hz, 928000 uv) on cpu7\n[    1.246427] clk_cpu_osm_driver_probe: OSM driver inited\n[    1.246467] LCDB: qpnp_lcdb_regulator_probe: Failed to parse dt rc=-517\n[    1.383991] ACPI: Interpreter disabled.\n[    1.388664] KPI: Bootloader start count = 71229\n[    1.392110] KPI: Bootloader end count = 429803\n[    1.396605] KPI: Bootloader display count = 2390527534\n[    1.401131] KPI: Bootloader load kernel count = 9674\n[    1.406243] KPI: Kernel MPM timestamp = 509897\n[    1.411370] KPI: Kernel MPM Clock frequency = 32768\n[    1.415626] socinfo_print: v0.11, id=317, ver=1.0, raw_id=140, raw_ver=0, hw_plat=8, hw_plat_ver=65536\n[    1.415626]  accessory_chip=0, hw_plat_subtype=0, pmic_model=65563, pmic_die_revision=65537 foundry_id=3 serial_number=1882190493 num_pmics=2\n[    1.420438] msm_bus_fabric_init_driver\n[    1.452298] msm_bus_dev_init_qos: Skipping QOS init for 1\n[    1.452344] msm_bus_dev_init_qos: Skipping QOS init for 727msm_bus_dev_init_qos: Skipping QOS init for 728\n[    1.463008] cam_avdd_gpio_regulator: supplied by pm660l_bob\n[    1.466456] cam_actuator_regulator: supplied by pm660l_bob\n[    1.471864] cam_dvdd_gpio_regulator: supplied by pm660_s5\n[    1.477370] cam_rear_dvdd_gpio_regulator: supplied by pm660_s5\n[    1.482802] vgaarb: loaded\n[    1.488530] qcom,qpnp-misc 800f000.qcom,spmi:qcom,pm660@0:qcom,misc@900: probe successful\n[    1.491740] SCSI subsystem initialized\n[    1.499656] usbcore: registered new interface driver usbfs\n[    1.503052] usbcore: registered new interface driver hub\n[    1.508610] usbcore: registered new device driver usb\n[    1.514173] soc:usb_nop_phy supply vcc not found, using dummy regulator\n[    1.519129] qcom,qpnp-power-on 800f000.qcom,spmi:qcom,pm660@0:qcom,power-on@800: PMIC@SID0 Power-on reason: Triggered from Hard Reset and 'cold' boot\n[    1.525395] qcom,qpnp-power-on 800f000.qcom,spmi:qcom,pm660@0:qcom,power-on@800: PMIC@SID0: Power-off reason: Triggered from PS_HOLD (PS_HOLD/MSM controlled shutdown)\n[    1.539003] input: qpnp_pon as /devices/virtual/input/input0\n[    1.554064] qcom,qpnp-power-on 800f000.qcom,spmi:qcom,pm660l@2:qcom,power-on@800: No PON config. specified\n[    1.559489] qcom,qpnp-power-on 800f000.qcom,spmi:qcom,pm660l@2:qcom,power-on@800: PMIC@SID2 Power-on reason: Triggered from PON1 (secondary PMIC) and 'cold' boot\n[    1.568959] qcom,qpnp-power-on 800f000.qcom,spmi:qcom,pm660l@2:qcom,power-on@800: PMIC@SID2: Power-off reason: Triggered from GP1 (Keypad_Reset1)\n[    1.583778] media: Linux media interface: v0.10\n[    1.596446] Linux video capture interface: v2.00\n[    1.601516] cpufreq: driver msm up and running\n[    1.606039] platform soc:qcom,ion:qcom,ion-heap@22: assigned reserved memory node adsp_region\n[    1.610032] platform soc:qcom,ion:qcom,ion-heap@27: assigned reserved memory node qseecom_region\n[    1.618618] platform soc:qcom,ion:qcom,ion-heap@10: assigned reserved memory node secure_region\n[    1.627496] ION heap system created\n[    1.635830] ION heap adsp created at 0x00000000ff400000 with size 800000\n[    1.639225] ION heap qsecom created at 0x00000000f8400000 with size 1400000\n[    1.646177] ION heap secure_display created at 0x00000000f9800000 with size 5c00000\n[    1.652860] ION heap secure_heap created\n[    1.660758] PMIC@SID0: PM660 v1.1 options: 0, 0, 0, 0\n[    1.664737] PMIC@SID2: PM660L v2.0.1 options: 0, 0, 0, 0\n[    1.670000] IPA smmu_info.s1_bypass=1 smmu_info.fast_map=0\n[    1.677005] gdsc_vfe0: supplied by gdsc_camss_top\n[    1.680387] gdsc_vfe1: supplied by gdsc_camss_top\n[    1.685328] gdsc_cpp: supplied by gdsc_camss_top\n[    1.690170] gdsc_gpu_gx: supplied by gfx_corner\n[    1.695388] mdss_pll_probe: MDSS pll label = MDSS DSI 0 PLL\n[    1.698680] mdss_pll_probe: mdss_pll_probe: label=MDSS DSI 0 PLL PLL SSC enabled\n[    1.704356] mdss_pll c994400.qcom,mdss_dsi_pll: Failed to create debugfs directory\n[    1.711891] mdss_pll c994400.qcom,mdss_dsi_pll: Failed to create debugfs directory\n[    1.719260] mdss_pll c994400.qcom,mdss_dsi_pll: Failed to create debugfs directory\n[    1.727165] dsi_pll_clock_register_14nm: Registered DSI PLL ndx=0 clocks successfully\n[    1.734384] mdss_pll_probe: MDSS pll label = MDSS DSI 1 PLL\n[    1.742264] mdss_pll_probe: mdss_pll_probe: label=MDSS DSI 1 PLL PLL SSC enabled\n[    1.747718] mdss_pll c996400.qcom,mdss_dsi_pll: Failed to create debugfs directory\n[    1.755294] mdss_pll c996400.qcom,mdss_dsi_pll: Failed to create debugfs directory\n[    1.762670] mdss_pll c996400.qcom,mdss_dsi_pll: Failed to create debugfs directory\n[    1.770502] dsi_pll_clock_register_14nm: Registered DSI PLL ndx=1 clocks successfully\n[    1.777785] mdss_pll_probe: MDSS pll label = MDSS DP PLL\n[    1.795758] arm-smmu 16c0000.arm,smmu-anoc2: found 29 context interrupt(s) but have 21 context banks. assuming 21 context interrupts.\n[    1.796487] arm-smmu 5100000.arm,smmu-lpass_q6: found 17 context interrupt(s) but have 13 context banks. assuming 13 context interrupts.\n[    1.807752] arm-smmu cd00000.arm,smmu-mmss: found 24 context interrupt(s) but have 17 context banks. assuming 17 context interrupts.\n[    1.819276] arm-smmu 5040000.arm,smmu-kgsl: regulator defer delay 80\n[    1.831165] arm-smmu 5040000.arm,smmu-kgsl: found 8 context interrupt(s) but have 5 context banks. assuming 5 context interrupts.\n[    1.837885] arm-smmu 5180000.arm,smmu-turing_q6: found 17 context interrupt(s) but have 13 context banks. assuming 13 context interrupts.\n[    1.850373] iommu: Adding device 18800000.qcom,icnss to group 0\n[    1.861421] iommu: Adding device soc:iommu_test_device to group 1\n[    1.866903] iommu: Adding device soc:usb_audio_qmi_dev to group 2\n[    1.873392] iommu: Adding device soc:qcom,msm-audio-ion to group 3\n[    1.879404] iommu: Adding device 14780000.qcom,ipa:ipa_smmu_ap to group 4\n[    1.885415] iommu: Adding device 14780000.qcom,ipa:ipa_smmu_uc to group 5\n[    1.892519] Advanced Linux Sound Architecture Driver Initialized.\n[    1.899122] Bluetooth: fffffff1b9673cf8\n[    1.905002] NET: Registered protocol family 31\n[    1.908802] Bluetooth: fffffff1b9673cf8\n[    1.913276] Bluetooth: fffffff1b9673cd8Bluetooth: fffffff1b9673cb8\n[    1.920699] Bluetooth: fffffff1b9673cb8[    1.923329] cfg80211: World regulatory domain updated:\n[    1.926860] cfg80211:  DFS Master region: unset\n[    1.931905] cfg80211:   (start_freq - end_freq @ bandwidth), (max_antenna_gain, max_eirp), (dfs_cac_time)\n[    1.936507] cfg80211:   (2402000 KHz - 2472000 KHz @ 40000 KHz), (N/A, 2000 mBm), (N/A)\n[    1.946059] cfg80211:   (2457000 KHz - 2482000 KHz @ 40000 KHz), (N/A, 2000 mBm), (N/A)\n[    1.953871] cfg80211:   (2474000 KHz - 2494000 KHz @ 20000 KHz), (N/A, 2000 mBm), (N/A)\n[    1.961857] cfg80211:   (5170000 KHz - 5250000 KHz @ 80000 KHz), (N/A, 2000 mBm), (N/A)\n[    1.969838] cfg80211:   (5250000 KHz - 5330000 KHz @ 80000 KHz), (N/A, 2000 mBm), (N/A)\n[    1.977829] cfg80211:   (5490000 KHz - 5710000 KHz @ 80000 KHz), (N/A, 2000 mBm), (N/A)\n[    1.985816] cfg80211:   (5735000 KHz - 5835000 KHz @ 80000 KHz), (N/A, 2000 mBm), (N/A)\n[    1.993800] cfg80211:   (57240000 KHz - 63720000 KHz @ 2160000 KHz), (N/A, 0 mBm), (N/A)\n[    2.001793] NetLabel: Initializing\n[    2.010104] NetLabel:  domain hash size = 128\n[    2.013323] NetLabel:  protocols = UNLABELED CIPSOv4\n[    2.017764] NetLabel:  unlabeled traffic allowed by default\n[    2.022820] pcie:pcie_init.\n[    2.029366] LCDB: qpnp_lcdb_regulator_probe: LCDB module successfully registered! lcdb_en=1 ldo_voltage=5400mV ncp_voltage=5400mV bst_voltage=5500mV\n[    2.033245] ipa ipa2_uc_state_check:296 uC interface not initialized\n[    2.044420] ipa ipa_sps_irq_control_all:963 EP (2) not allocated.\n[    2.050737] ipa ipa_sps_irq_control_all:963 EP (5) not allocated.\n[    2.058382] sps:BAM 0x0000000014784000 is registered.\n[    2.063595] sps:BAM 0x0000000014784000 (va:0xffffff80087c0000) enabled: ver:0x27, number of pipes:20\n[    2.075878] IPA driver initialization was successful.\n[    2.078005] clocksource: Switched to clocksource arch_sys_counter\n[    2.103261] pnp: PnP ACPI: disabled\n[    2.108097] gcc-debug-sdm660 62000.qcom,cc-debug: Registered debug mux successfully\n[    2.108817] NET: Registered protocol family 2\n[    2.115174] TCP established hash table entries: 32768 (order: 6, 262144 bytes)\n[    2.119237] TCP bind hash table entries: 32768 (order: 7, 524288 bytes)\n[    2.126673] TCP: Hash tables configured (established 32768 bind 32768)\n[    2.132863] UDP hash table entries: 2048 (order: 4, 65536 bytes)\n[    2.139337] UDP-Lite hash table entries: 2048 (order: 4, 65536 bytes)\n[    2.145688] NET: Registered protocol family 1\n[    2.156759] audit: initializing netlink subsys (disabled)\n[    2.156846] audit: type=2000 audit(2.139:1): initialized\n[    2.161660] Initialise system trusted keyring\n[    2.167027] vmscan: error setting kswapd cpu affinity mask\n[    2.173244] VFS: Disk quotas dquot_6.6.0\n[    2.176583] VFS: Dquot-cache hash table entries: 512 (order 0, 4096 bytes)\n[    2.181290] Registering sdcardfs 0.1\n[    2.187436] fuse init (API version 7.23)\n[    2.191342] pfk_ecryptfs [pfk_ecryptfs_init]: PFK ecryptfs inited successfully\n[    2.194943] pfk_ext4 [pfk_ext4_init]: PFK EXT4 inited successfully\n[    2.202143] pfk [pfk_init]: Driver initialized successfully\n[    2.211881] Key type asymmetric registered\n[    2.213600] Asymmetric key parser 'x509' registered\n[    2.217818] Block layer SCSI generic (bsg) driver version 0.4 loaded (major 246)\n[    2.222566] io scheduler noop registered\n[    2.230179] io scheduler deadline registered\n[    2.234164] io scheduler cfq registered (default)\n[    2.242983] msm_dss_get_res_byname: 'vbif_nrt_phys' resource not found\n[    2.243024] mdss_mdp_probe+0x268/0x13b0->msm_dss_ioremap_byname: 'vbif_nrt_phys' msm_dss_get_res_byname failed\n[    2.249790] mdss_mdp_irq_clk_setup: unable to get core gdsc regulator\n[    2.260328] No change in context(0==0), skip\n[    2.266657] mdss_mdp_pipe_addr_setup: type:0 ftchid:-1 xinid:0 num:0 rect:0 ndx:0x1 prio:0\n[    2.270207] mdss_mdp_pipe_addr_setup: type:0 ftchid:-1 xinid:4 num:1 rect:0 ndx:0x2 prio:1\n[    2.278319] mdss_mdp_pipe_addr_setup: type:2 ftchid:-1 xinid:1 num:6 rect:0 ndx:0x40 prio:2\n[    2.286535] mdss_mdp_pipe_addr_setup: type:2 ftchid:-1 xinid:1 num:6 rect:1 ndx:0x40 prio:2\n[    2.294780] mdss_mdp_pipe_addr_setup: type:2 ftchid:-1 xinid:5 num:7 rect:0 ndx:0x80 prio:3\n[    2.303255] mdss_mdp_pipe_addr_setup: type:2 ftchid:-1 xinid:5 num:7 rect:1 ndx:0x80 prio:3\n[    2.311449] mdss_mdp_pipe_addr_setup: type:2 ftchid:-1 xinid:9 num:12 rect:0 ndx:0x1000 prio:4\n[    2.319778] mdss_mdp_pipe_addr_setup: type:2 ftchid:-1 xinid:9 num:12 rect:1 ndx:0x1000 prio:4\n[    2.328467] mdss_mdp_pipe_addr_setup: type:3 ftchid:-1 xinid:2 num:10 rect:0 ndx:0x400 prio:0\n[    2.337060] mdss_mdp_parse_dt_handler: Error from prop qcom,mdss-pipe-sw-reset-off : u32 array read\n[    2.345706] mdss_mdp_parse_dt_handler: Error from prop qcom,mdss-ib-factor-overlap : u32 array read\n[    2.354505] mdss_mdp_parse_dt_handler: Error from prop qcom,mdss-bus-througput-factor : u32 array read\n[    2.363859] xlog_status: enable:1, panic:1, dump:2\n[    2.373212] iommu: Adding device c900000.qcom,mdss_mdp:qcom,smmu_mdp_unsec_cb to group 6\n[    2.377891] iommu: Adding device c900000.qcom,mdss_mdp:qcom,smmu_mdp_sec_cb to group 7\n[    2.386035] mdss_mdp_probe: mdss version = 0x30020000, bootloader display is on, num 1, intf_sel=0x00000100\n[    2.395128] mdss_smmu_probe: iommu v2 domain[0] mapping and clk register successful!\n[    2.403648] mdss_smmu_probe: iommu v2 domain[2] mapping and clk register successful!\n[    2.413603] mdss_dsi_ctrl_probe: DSI Ctrl name = MDSS DSI CTRL->0\n[    2.419330] mdss_dsi_find_panel_of_node: cmdline:0:qcom,mdss_dsi_hx83112a_djn_fhd_video:config0:1:none:cfg:single_dsi panel_name:qcom,mdss_dsi_hx83112a_djn_fhd_video\n[    2.425086] mdss_dsi_panel_init: Panel Name = DJN hx83112a 1080p video mode dsi panel\n[    2.439798] mdss_dsi_parse_split_link_settings: enable 0 sublinks-count 0 lanes per sublink 0\n[    2.447576] mdss_dsi_panel_timing_from_dt: found new timing \"qcom,mdss_dsi_hx83112a_djn_fhd_video\" (fffffff1b9673298)\n[    2.456078] mdss_dsi_parse_dcs_cmds: failed, key=qcom,mdss-dsi-post-panel-on-command\n[    2.466655] mdss_dsi_parse_dcs_cmds: failed, key=qcom,mdss-dsi-timing-switch-command\n[    2.474464] mdss_dsi_panel_get_dsc_cfg_np: cannot find dsc config node:config0\n[    2.482243] mdss_dsi_parse_panel_features: ulps feature disabled\n[    2.489212] mdss_dsi_parse_panel_features: ulps during suspend feature disabled\n[    2.495385] mdss_dsi_parse_dms_config: dynamic switch feature enabled: 0\n[    2.502726] mdss_dsi_parse_dcs_cmds: failed, key=qcom,mdss-dsi-lp-mode-on\n[    2.509352] mdss_dsi_parse_dcs_cmds: failed, key=qcom,mdss-dsi-lp-mode-off\n[    2.516051] dyn_fps: min = 48, max = 60\n[    2.523013] mdss_dsi_parse_ctrl_params:4249 Unable to read qcom,display-id, data=0000000000000000,len=20\n[    2.526573] mdss_dsi_parse_gpio_params: bklt_en gpio not specified\n[    2.536271] mdss_dsi_parse_gpio_params: avdd_en gpio not specified\n[    2.542336] msm_dss_get_res_byname: 'dsi_phy_regulator' resource not found\n[    2.548424] mdss_dsi_retrieve_ctrl_resources+0x170/0x1f4->msm_dss_ioremap_byname: 'dsi_phy_regulator' msm_dss_get_res_byname failed\n[    2.555296] mdss_dsi_retrieve_ctrl_resources: ctrl_base=ffffff800867e000 ctrl_size=400 phy_base=ffffff80086a2400 phy_size=588\n[    2.567109] dsi_panel_device_register: Continuous splash enabled\n[    2.578559] Unable to find fb node for device: c994000.qcom,mdss_dsi_ctrl0\n[    2.584706] mdss_register_panel: adding framebuffer device c994000.qcom,mdss_dsi_ctrl0\n[    2.592105] mdss_dsi_ctrl_probe: Dsi Ctrl->0 initialized, DSI rev:0x20010000, PHY rev:0x2\n[    2.599544] mdss_dsi_ctrl_probe: DSI Ctrl name = MDSS DSI CTRL->1\n[    2.607848] mdss_dsi_find_panel_of_node: cmdline:0:qcom,mdss_dsi_hx83112a_djn_fhd_video:config0:1:none:cfg:single_dsi panel_name:none\n[    2.613463] mdss_dsi_config_panel: can't find panel node 0:qcom,mdss_dsi_hx83112a_djn_fhd_video:config0:1:none:cfg:single_dsi\n[    2.625431] mdss_dsi_ctrl_probe: panel configuration failed\n[    2.636710] mdss_dsi_ctrl: probe of c996000.qcom,mdss_dsi_ctrl1 failed with error -22\n[    2.642186] mdss_dsi_status_init: DSI status check interval:5000\n[    2.650899] mdss_dp_usbpd_setup: get_usbpd phandle failed (-11)\n[    2.656136] mdss_dp_probe: Error usbpd setup!\n[    2.662873] mdss_register_panel: adding framebuffer device soc:qcom,mdss_wb_panel\n[    2.666871] mdss_fb_probe: fb0: split_mode:0 left:0 right:0\n[    2.674106] mdss_fb_register: FrameBuffer[0] 1080x2160 registered successfully!\n[    2.679714] mdss_fb_probe: fb1: split_mode:0 left:0 right:0\n[    2.686498] mdss_fb_register: FrameBuffer[1] 640x480 registered successfully!\n[    2.692145] mdss_mdp_splash_parse_dt: splash mem child node is not present\n[    2.703988] spcom [spcom_init]: spcom driver version 1.1 17-July-2017.\n[    2.706398] audio_notifer_reg_service: service SSR_MODEM is in use\n[    2.718414] memshare_child soc:qcom,memshare:qcom,client_1: for memshare_GPS segments only will be dumped.\n[    2.718959] memshare_child soc:qcom,memshare:qcom,client_2: for memshare_FTM segments only will be dumped.\n[    2.743324] memshare_child soc:qcom,memshare:qcom,client_3: for memshare_DIAG segments only will be dumped.\n[    2.743470] In memshare_probe, Memshare probe success\n[    2.753397] subsys-pil-tz cce0000.qcom,venus: for venus segments only will be dumped.\n[    2.757583] subsys-pil-tz soc:qcom,kgsl-hyp: for a512_zap segments only will be dumped.\n[    2.766258] pil-q6v5-mss 4080000.qcom,mss: No pas_id found.\n[    2.776040] icnss 18800000.qcom,icnss: for wcss_msa0 segments only will be dumped.\n[    2.778406] icnss: Platform driver probed successfully\n[    2.786974] qbt1000:qbt1000_read_device_tree: ipc gpio not found, error=-2\n[    2.791061] qbt1000: probe of soc:qcom,qbt1000 failed with error -2\n[    2.799739] msm_rpm_log_probe: OK\n[    2.805207] msm_serial c170000.serial: msm_serial: detected port #0\n[    2.807559] msm_serial c170000.serial: uartclk = 1843200\n[    2.813693] c170000.serial: ttyMSM0 at MMIO 0xc170000 (irq = 49, base_baud = 115200)
[    2.827732] console [ttyMSM0] enabled\n[    2.827732] console [ttyMSM0] enabled\n[    2.830359] bootconsole [uart0] disabled\n[    2.830359] bootconsole [uart0] disabled\n[    2.838373] msm_serial: driver initialized\n[    2.842632] uart_tx_gpio is not available\n[    2.845810] uart_rx_gpio is not available\n[    2.849890] uart_cts_gpio is not available\n[    2.853897] uart_rfr_gpio is not available\n[    2.858378] sps: BAM device 0x000000000c184000 is not registered yet.\n[    2.862135] sps:BAM 0x000000000c184000 is registered.\n[    2.869685] c1af000.uart: ttyHS0 at MMIO 0xc1af000 (irq = 317, base_baud = 460800) is a MSM HS UART\n[    2.874445] msm_serial_hs module loaded\n[    2.883908] random: nonblocking pool is initialized\n[    2.895018] i2c_devinfo i2c_devinfo_init sucessfully\n[    2.897958] iommu: Adding device 5040000.qcom,kgsl-iommu:gfx3d_user to group 8\n[    2.899359] iommu: Adding device 5040000.qcom,kgsl-iommu:gfx3d_secure to group 9\n[    2.913327] brd: module loaded\n[    2.913895] zram: Added device: zram0\n[    2.917172] QSEECOM: qseecom_probe: qseecom.qsee_version = 0x1000000\n[    2.920259] QSEECOM: qseecom_retrieve_ce_data: Device does not support PFE\n[    2.926697] QSEECOM: qseecom_probe: no-clock-support=0x1[    2.933443] QSEECOM: qseecom_probe: qseecom.qsee_reentrancy_support = 2\n[    2.938645] QSEECOM: qseecom_probe: qseecom.whitelist_support = 1\n[    2.950916] qce 1de0000.qcedev: Qualcomm Crypto 5.3.4 device found @0x1de0000\n[    2.951236] qce 1de0000.qcedev: CE device = 0x0\n[    2.951236] IO base, CE = 0xffffff8008ec0000\n[    2.951236] Consumer (IN) PIPE 2,    Producer (OUT) PIPE 3\n[    2.951236] IO base BAM = 0x0000000000000000\n[    2.951236] BAM IRQ 93\n[    2.951236] Engines Availability = 0x2011053\n[    2.961476] sps:BAM 0x0000000001dc4000 is registered.\n[    2.983722] sps:BAM 0x0000000001dc4000 (va:0xffffff8009c40000) enabled: ver:0x27, number of pipes:16\n[    2.988687] QCE50: qce_sps_init:  Qualcomm MSM CE-BAM at 0x0000000001dc4000 irq 93\n[    3.001050] i2c-msm-v2 c1b6000.i2c: msm_bus_scale_register_client(mstr-id:84):0xa (ok)\n[    3.005101] qcrypto 1de0000.qcrypto: Qualcomm Crypto 5.3.4 device found @0x1de0000\n[    3.012977] qcrypto 1de0000.qcrypto: CE device = 0x0\n[    3.012977] IO base, CE = 0xffffff8009d00000\n[    3.012977] Consumer (IN) PIPE 4,    Producer (OUT) PIPE 5\n[    3.012977] IO base BAM = 0x0000000000000000\n[    3.012977] BAM IRQ 93\n[    3.012977] Engines Availability = 0x2011053\n[    3.024207] QCE50: qce_sps_init:  Qualcomm MSM CE-BAM at 0x0000000001dc4000 irq 93\n[    3.041054] nq-nci 6-0028: nfcc_hw_check: - nq - reset cmd answer : NfcNciRx 40 0 3\n[    3.059358] qcrypto 1de0000.qcrypto: qcrypto-ecb-aes\n[    3.061231] qcrypto 1de0000.qcrypto: qcrypto-cbc-aes\n[    3.066425] qcrypto 1de0000.qcrypto: qcrypto-ctr-aes\n[    3.071391] qcrypto 1de0000.qcrypto: qcrypto-ecb-des\n[    3.076322] qcrypto 1de0000.qcrypto: qcrypto-cbc-des\n[    3.081285] qcrypto 1de0000.qcrypto: qcrypto-ecb-3des\n[    3.081554] nq-nci 6-0028: nfcc_hw_check: - NFCC HW not Supported\n[    3.081593] i2c_devinfo write NFC:1;\n[    3.081596] nq-nci 6-0028: nqx_probe: probing NFCC NQxxx exited successfully\n[    3.101055] qcrypto 1de0000.qcrypto: qcrypto-cbc-3des\n[    3.107920] qcrypto 1de0000.qcrypto: qcrypto-xts-aes\n[    3.112877] qcrypto 1de0000.qcrypto: qcrypto-sha1\n[    3.117899] qcrypto 1de0000.qcrypto: qcrypto-sha256\n[    3.122534] qcrypto 1de0000.qcrypto: qcrypto-aead-hmac-sha1-cbc-aes\n[    3.127192] qcrypto 1de0000.qcrypto: qcrypto-aead-hmac-sha1-cbc-des\n[    3.133455] qcrypto 1de0000.qcrypto: qcrypto-aead-hmac-sha1-cbc-3des\n[    3.139696] qcrypto 1de0000.qcrypto: qcrypto-aead-hmac-sha256-cbc-aes\n[    3.146305] qcrypto 1de0000.qcrypto: qcrypto-aead-hmac-sha256-cbc-des\n[    3.152658] qcrypto 1de0000.qcrypto: qcrypto-aead-hmac-sha256-cbc-3des\n[    3.159055] qcrypto 1de0000.qcrypto: qcrypto-hmac-sha1\n[    3.165478] qcrypto 1de0000.qcrypto: qcrypto-hmac-sha256\n[    3.170598] qcrypto 1de0000.qcrypto: qcrypto-aes-ccm\n[    3.176078] qcrypto 1de0000.qcrypto: qcrypto-rfc4309-aes-ccm\n[    3.182279] qcom_ice_get_device_tree_data: No vdd-hba-supply regulator, assuming not needed\n[    3.187117] SCSI Media Changer driver v0.25 \n[    3.195255] Ethernet Channel Bonding Driver: v3.7.1 (April 27, 2011)\n[    3.199937] tun: Universal TUN/TAP device driver, 1.6\n[    3.205625] tun: (C) 1999-2004 Max Krasnyansky <maxk@qualcomm.com>\n[    3.210465] sky2: driver version 1.30\n[    3.216887] PPP generic driver version 2.4.2\n[    3.220273] PPP BSD Compression module registered\n[    3.224586] PPP Deflate Compression module registered\n[    3.229185] PPP MPPE Compression module registered\n[    3.234222] NET: Registered protocol family 24\n[    3.238984] CLD80211: Initializing\n[    3.243388] usbcore: registered new interface driver asix\n[    3.246756] usbcore: registered new interface driver ax88179_178a\n[    3.252205] usbcore: registered new interface driver cdc_ether\n[    3.258268] usbcore: registered new interface driver net1080\n[    3.264003] usbcore: registered new interface driver cdc_subset\n[    3.269810] usbcore: registered new interface driver zaurus\n[    3.275489] usbcore: registered new interface driver cdc_ncm\n[    3.281461] msm_sharedmem: sharedmem_register_qmi: qmi init successful\n[    3.288949] msm_sharedmem: msm_sharedmem_probe: Device created for client 'rmtfs'\n[    3.297889] msm-dwc3 a800000.ssusb: unable to get dbm device\n[    3.302301] ehci_hcd: USB 2.0 'Enhanced' Host Controller (EHCI) Driver\n[    3.306525] ehci-pci: EHCI PCI platform driver\n[    3.312891] ehci-platform: EHCI generic platform driver\n[    3.317619] ohci_hcd: USB 1.1 'Open' Host Controller (OHCI) Driver\n[    3.322450] ohci-pci: OHCI PCI platform driver\n[    3.328670] ohci-platform: OHCI generic platform driver\n[    3.333763] usbcore: registered new interface driver usb-storage\n[    3.338220] usbcore: registered new interface driver usb_ehset_test\n[    3.346007] qpnp-pdphy 800f000.qcom,spmi:qcom,pm660@0:qcom,usb-pdphy@1700: usbpd_create failed: -517\n[    3.351141] ptn36502 2-001a: ptn36502_probe: ------- ptn36502_probe start------\n[    3.351184] mousedev: PS/2 mouse device common for all mice\n[    3.351281] Andy enter holitechget_lcd_panel_id,lcd_panel_num = 0\n[    3.351282] [HXTP] Himax common touch panel driver init\n[    3.351305] [HXTP] himax_common_init_async:Enter \n[    3.351331] stmvl53l0_init: Enter\n[    3.351334] stmvl53l0_init_cci: Enter\n[    3.351459] [HXTP]  DT-himax_parse_dt:panel-coords = 0, 1080, 0, 2160\n[    3.351538] [HXTP]  DT-himax_parse_dt:display-coords = (1080, 2160)[HXTP]  DT:gpio_3v3_en value is not valid\n[    3.351640] [HXTP]  DT:gpio_irq=67, gpio_rst=66, gpio_3v3_en=-2[HXTP]  DT:protocol_type=1[HXTP]  DT-No vk info in DT\n[    3.351641] 1-0048 supply vdd not found, using dummy regulator\n[    3.351708] 1-0048 supply avdd not found, using dummy regulator\n[    3.351853] stmvl53l0_init_cci: End\n[    3.351854] stmvl53l0_init: End\n[    3.351858] andy fpc1020_probe failed as fpsensor=2(1=fp)\n[    3.351861] [Goodix] Begin goodix fingerprint init!\n[    3.352122] [Goodix] Begin goodix fingerprint probe!\n[    3.362250] gf::irq_gpio:72\n[    3.363351] input: qwerty as /devices/virtual/input/input1\n[    3.422521] gf3258DN1 Create proc entry success!\n[    3.422521] gf_spi: version V1.2.01\n[    3.422522] [Goodix] Probe goodix fingerprint success!\n[    3.422586] gf_spi: status = 0x0\n[    3.423479] enter hall_probe\n[    3.423508] hall irq_gpio=70\n[    3.423578] input: hall-switch-input as /devices/virtual/input/input2\n[    3.423883] hall_probe: gpios = 1, gpion=1\n[    3.423885] hall irq = 270\n[    3.424041] hall_probe end\n[    3.424468] qcom,qpnp-rtc 800f000.qcom,spmi:qcom,pm660@0:qcom,pm660_rtc: rtc core: registered qpnp_rtc as rtc0\n[    3.424966] i2c /dev entries driver\n[    3.425562] iommu: Adding device soc:qcom,cam_smmu:msm_cam_smmu_cb1 to group 10\n[    3.425811] CAM-SMMU cam_smmu_populate_sids:2331 __debug cnt = 8, cb->name: :vfe sid [0] = 3072\n[    3.425811] ,\n[    3.425814] CAM-SMMU cam_smmu_populate_sids:2331 __debug cnt = 8, cb->name: :vfe sid [1] = 3073\n[    3.425814] ,\n[    3.425815] CAM-SMMU cam_smmu_populate_sids:2331 __debug cnt = 8, cb->name: :vfe sid [2] = 3074\n[    3.425815] ,\n[    3.425919] CAM-SMMU cam_smmu_populate_sids:2331 __debug cnt = 8, cb->name: :vfe sid [3] = 3075\n[    3.425919] ,\n[    3.425919] iommu: Adding device soc:qcom,cam_smmu:msm_cam_smmu_cb2 to group 11\n[    3.426090] CAM-SMMU cam_smmu_populate_sids:2331 __debug cnt = 2, cb->name: :cpp sid [0] = 2560\n[    3.426090] ,\n[    3.426091] iommu: Adding device soc:qcom,cam_smmu:msm_cam_smmu_cb4 to group 12\n[    3.426230] CAM-SMMU cam_smmu_populate_sids:2331 __debug cnt = 2, cb->name: :jpeg_enc0 sid [0] = 2048\n[    3.426230] ,\n[    3.426230] iommu: Adding device soc:qcom,cam_smmu:msm_cam_smmu_cb5 to group 13\n[    3.429237] CAM-SMMU cam_smmu_populate_sids:2331 __debug cnt = 2, cb->name: :jpeg_dma sid [0] = 2049\n[    3.429237] ,\n[    3.429237] stmvl53l0_platform_probe: Enter\n[    3.429240] stmvl53l0_get_dt_data: Enter\n[    3.429242] stmvl53l0_get_dt_data: cell-index: 0\n[    3.429243] stmvl53l0_get_dt_data: cci_master: 0\n[    3.429304] stmvl53l0_get_dt_data: vreg-name: cam_laser min_volt: 3600000 max_volt: 3600000\n[    3.429304] stmvl53l0_get_dt_data: End rc =0\n[    3.429325] stmvl53l0_setup: Enter\n[    3.429335] stmvl53l0_setup: register_irq:245\n[    3.429483] stmvl53l0_setup: interrupt is hooked\n[    3.429551] input: STM VL53L0 proximity sensor as /devices/virtual/input/input3\n[    3.429603] stmvl53l0_setup: Misc device registration name:ca0c000.qcom,cci:qcom,tof@29\n[    3.429631] stmvl53l0_setup: support ver. 1.0.5 enabled\n[    3.429632] stmvl53l0_setup: End\n[    3.429633] stmvl53l0_platform_probe: End\n[    3.440552] msm_actuator_platform_probe:1970 msm_actuator_platform_probe: No/Error Actuator GPIOs\n[    3.440592] msm_actuator_platform_probe:1970 msm_actuator_platform_probe: No/Error Actuator GPIOs\n[    3.440632] msm_actuator_platform_probe:1970 msm_actuator_platform_probe: No/Error Actuator GPIOs\n[    3.441492] msm_eeprom_platform_probe failed 1829\n[    3.441950] msm_eeprom_platform_probe failed 1829\n[    3.442359] msm_eeprom_platform_probe failed 1829\n[    3.443340] msm_camera_request_gpio_table:771 gpio 1018:CAM_VDIG2 request fails\n[    3.443342] msm_camera_request_gpio_table:771 gpio 51:CAM_VANA2 request fails\n[    3.477479] msm_cci_init:1445: hw_version = 0x10060000\n[    3.491014] i2c-msm-v2 c175000.i2c: msm_bus_scale_register_client(mstr-id:86):0xe (ok)\n[    3.491903] [HXTP] himax_ic_package_check:Read driver IC ID = 83,11,2A\n[    3.491908] [HXTP] himax_ic_package_check: andy lcd_panel_id = 0\n[    3.491909] [HXTP] Himax IC package 83112_in\n[    3.491911] i2c_devinfo write TP:1;\n[    3.495060] [HXTP] data[3]:0,data[2]:0,data[1]:114,data[0]:192\n[    3.495061] [HXTP] reload OK! \n[    3.495065] [HXTP] himax_read_FW_ver : data[0]=0xC0,data[1]=0x72,data[2]=0x00,data[3]=0x00\n[    3.495066] [HXTP] reload_status=1\n[    3.531965] [HXTP] himax_sense_off: Check enter_save_mode data[0]=C \n[    3.571961] [HXTP] PANEL_VER : F \n[    3.571963] [HXTP] FW_VER : 203 \n[    3.572844] [HXTP] TOUCH_VER : 7 \n[    3.572846] [HXTP] DISPLAY_VER : 5 \n[    3.573696] [HXTP] CID_VER : FF2C \n[    3.628524] [HXTP] himax_hw_check_CRC: tmp_data[3]=0, tmp_data[2]=0, tmp_data[1]=0, tmp_data[0]=0  \n[    3.630799] s5k4h7yx_ofilm_off0812_get_otp_vendor_module_id mid=0x10, flag=0x55\n[    3.630801] get_otp_vendor_module_id eeprom_name=s5k4h7yx_ofilm_off0812, module_id=0\n[    3.690805] [HXTP] himax_loadSensorConfig: initialization complete\n[    3.690806] [HXTP] himax_power_on_init:\n[    3.690810] [HXTP] himax_touch_information:HX_RX_NUM =36,HX_TX_NUM =18,HX_MAX_PT=10 \n[    3.690813] [HXTP] himax_touch_information:HX_XY_REVERSE =0,HX_Y_RES =2160,HX_X_RES=1080 \n[    3.690814] [HXTP] himax_touch_information:HX_INT_IS_EDGE =1 \n[    3.695309] [HXTP] Enter himax_sense_on  \n[    3.696179] [HXTP] himax_ic_reset,status: loadconfig=0,int_off=0\n[    3.696182] [HXTP] himax_pin_reset: Now reset the Touch chip.\n[    3.699375] msm_cci_init:1445: hw_version = 0x10060000\n[    3.770816] [HXTP] calcDataSize: coord_data_size: 40, area_data_size:12, raw_data_frame_size:67, raw_data_nframes:1[HXTP] himax_chip_common_probe: calcDataSize complete\n[    3.770819] [HXTP] himax_chip_common_probe: Use Protocol Type B\n[    3.770821] [HXTP] himax_input_register: andy get lcd_panel_id = 0\n[    3.770837] [HXTP] input_set_abs_params: mix_x 0, max_x 1080, min_y 0, max_y 2160\n[    3.770968] input: himax-touchscreen as /devices/virtual/input/input4\n[    3.771194] [HXTP] himax_report_data_init: rawdata_frame_size = 11 [HXTP] himax_report_data_init: ic_data->HX_MAX_PT:10,hx_raw_cnt_max:2,hx_raw_cnt_rmd:2,g_hx_rawdata_size:67,hx_touch_data->touch_info_size:56\n[    3.771383] [HXTP] himax_int_register_trigger edge triiger falling\n[    3.771383]  [HXTP] himax_ts_register_interrupt: irq enabled at qpio: 267\n[    3.810798] [HXTP] lct_tp_info: initialized tp_info:203,0705\n[    3.810798] s5k4h7yx_holitech_elq8909m_get_otp_vendor_module_id mid=0x10, flag=0x55\n[    3.810801] get_otp_vendor_module_id eeprom_name=s5k4h7yx_holitech_elq8909m, module_id=16\n[    3.879571] msm_cci_init:1445: hw_version = 0x10060000\n[    3.879752] msm_cci_irq:1803 MASTER_0 error 0x10000000\n[    3.879789] msm_cci_i2c_read:960 read_words = 0, exp words = 4\n[    3.879792] msm_cci_i2c_read_bytes:1043 failed rc -22\n[    3.879803] read_eeprom_memory: read failed\n[    3.879805] msm_eeprom_platform_probe read_eeprom_memory failed\n[    3.913316] qcom,eeprom: probe of ca0c000.qcom,cci:qcom,eeprom@5 failed with error -22\n[    3.948240] msm_cci_init:1445: hw_version = 0x10060000\n[    3.948419] msm_cci_irq:1809 MASTER_1 error 0x40000000\n[    3.948457] msm_cci_i2c_read:960 read_words = 0, exp words = 4\n[    3.948459] msm_cci_i2c_read_bytes:1043 failed rc -22\n[    3.948466] read_eeprom_memory: read failed\n[    3.948467] msm_eeprom_platform_probe read_eeprom_memory failed\n[    3.981943] qcom,eeprom: probe of ca0c000.qcom,cci:qcom,eeprom@6 failed with error -22\n[    3.984632] qcom,camera-flash soc:qcom,camera-flash@1: Led torch-light0 renamed to torch-light0_1 due to name collision\n[    3.993915] MSM-CPP cpp_init_hardware:1134 CPP HW Version: 0x60010002\n[    3.993923] MSM-CPP cpp_init_hardware:1152 stream_cnt:0\n[    3.994112] MSM-CPP cpp_release_hardware:1215 cpp hw release done\n[    3.994987] CAM-SOC msm_camera_get_reg_base:864 err: mem resource vfe_fuse not found\n[    3.994989] CAM-SOC msm_camera_get_res_size:907 err: mem resource vfe_fuse not found\n[    3.996413] CAM-SOC msm_camera_get_reg_base:864 err: mem resource vfe_fuse not found\n[    3.996415] CAM-SOC msm_camera_get_res_size:907 err: mem resource vfe_fuse not found\n[    4.009190] __msm_jpeg_init:1537] Jpeg Device id 0\n[    4.009191] iommu: Adding device cc00000.qcom,vidc:non_secure_cb to group 14\n[    4.011615] iommu: Adding device cc00000.qcom,vidc:firmware_cb to group 15\n[    4.011745] iommu: Adding device cc00000.qcom,vidc:secure_bitstream_cb to group 16\n[    4.013442] iommu: Adding device cc00000.qcom,vidc:secure_pixel_cb to group 17\n[    4.014459] iommu: Adding device cc00000.qcom,vidc:secure_non_pixel_cb to group 18\n[    4.017313] sde_smmu_callback: <SDEROT_INFO> sde_smmu_callback registered domain: 1\n[    4.017315] sde_smmu_callback: <SDEROT_INFO> sde_smmu_callback registered domain: 0\n[    4.017826] No change in context(0==0), skip\n[    4.018656] sde_rotator_evtlog_create_debugfs: evtlog_status: enable:1, panic:1, dump:2\n[    4.018681] sde_rotator c900000.qcom,mdss_rotator: <SDEROT_INFO> SDE v4l2 rotator probe success\n[    4.019298] usbcore: registered new interface driver uvcvideo\n[    4.019299] USB Video Class driver (1.1.1)\n[    4.209686] gpio56 default value is 0\n[    4.213653] gpio56 set to output hight\n[    4.227365] gpio56  value is 1\n[    4.227508] i2c-msm-v2 c176000.i2c: msm_bus_scale_register_client(mstr-id:86):0x16 (ok)\n[    4.229477] i2c-msm-v2 c176000.i2c: NACK: slave not responding, ensure its powered: msgs(n:1 cur:0 tx) bc(rx:0 tx:1) mode:FIFO slv_addr:0x1a MSTR_STS:0x0d1300c8 OPER:0x00000090\n[    4.237294] ptn36502 2-001a: ptn36502_i2c_read_reg: ------- i2c_master_send reg add  fail------\n[    4.253203] i2c_devinfo write PTN36502:0;\n[    4.261603] ptn36502 2-001a: ptn36502_probe:CHIP_ID_reg read fail,please check HW.\n[    4.265790] ptn36502: probe of 2-001a failed with error -12\n[    4.273421] i2c_devinfo write parallel-charge:1;\n[    4.278701] smb1351_parallel_charger_probe: smb1351 parallel successfully probed.\n[    4.283642] smb1351_is_usb_present: USB psy not found\n[    4.293185] thermal thermal_zone0: failed to read out thermal zone (-19)\n[    4.296235] smblib_handle_typec_insertion val.intval = 1 \n[    4.302808] smblib_handle_typec_insertion is_ptn36502_safe_mode = 0 \n[    4.313761] gpio45 default value is 0\n[    4.314461] gpio45 set to output low\n[    4.318019] QPNP SMB2 probed successfully usb:present=1 type=0 batt:present = 1 health = 1 charge = 3\n[    4.323563] qpnp_vadc_read: Error reading vadc_hc channel 78\n[    4.330813] thermal thermal_zone1: failed to read out thermal zone (-517)\n[    4.336651] qpnp_vadc_read: Error reading vadc_hc channel 79\n[    4.343215] thermal thermal_zone2: failed to read out thermal zone (-517)\n[    4.367254] msm_lmh_dcvs:lmh_activate_trip lmh_activate_trip: disable not supported\n[    4.368022] msm_lmh_dcvs:lmh_activate_trip lmh_activate_trip: disable not supported\n[    4.374109] md: linear personality registered for level -1\n[    4.381456] device-mapper: uevent: version 1.0.3\n[    4.387015] device-mapper: ioctl: 4.34.0-ioctl (2015-10-28) initialised: dm-devel@redhat.com\n[    4.391817] device-mapper: req-crypt: dm-req-crypt successfully initalized.\n[    4.391817] \n[    4.400754] bt_power_populate_dt_pinfo: bt-reset-gpio not provided in device tree\n[    4.408759] bt_dt_parse_vreg_info: qca,bt-vdd-io: is not provided in device tree\n[    4.415928] bt_dt_parse_vreg_info: qca,bt-vdd-xtal: is not provided in device tree\n[    4.423823] sdhci: Secure Digital Host Controller Interface driver\n[    4.430753] sdhci: Copyright(c) Pierre Ossman\n[    4.436923] sdhci-pltfm: SDHCI platform and OF driver helper\n[    4.442429] qcom_ice_get_pdevice: found ice device fffffff1b6c0cc00\n[    4.445732] usbcore: registered new interface driver usbhid\n[    4.445734] usbhid: USB HID core driver\n[    4.445798] ashmem: initialized\n[    4.446174] qpnp_coincell_charger_show_state: enabled=N, voltage=2500 mV, resistance=2100 ohm\n[    4.465576] qcom_ice_get_pdevice: matching platform device fffffff1350c2000\n[    4.476651] qcom_ice c0c8000.sdcc1ice: QC ICE 3.0.72 device found @0xffffff8008d50000\n[    4.481515] sdhci_msm c0c4000.sdhci: No vmmc regulator found\n[    4.488999] sdhci_msm c0c4000.sdhci: No vqmmc regulator found\n[    4.495089] mmc0: SDHCI controller on c0c4000.sdhci [c0c4000.sdhci] using 64-bit ADMA in CMDQ mode\n[    4.566148] mmc0: Out-of-interrupt timeout is 100[ms]\n[    4.566183] mmc0: eMMC FW version: 0x05\n[    4.570174] mmc0: CMDQ supported: depth: 16\n[    4.573839] mmc0: cache barrier support 0 flush policy 0\n[    4.583917] cmdq_host_alloc_tdl: desc_size: 1024 data_sz: 63488 slot-sz: 32\n[    4.584075] desc-base: 0xffffff8008dde000 trans-base: 0xffffff8008de0000\n[    4.584075]  desc_dma 0xf5853000 trans_dma: 0xf6a10000\n[    4.590257] mmc0: CMDQ enabled on card\n[    4.602160] mmc0: new HS400 MMC card at address 0001\n[    4.606271] sdhci_msm_pm_qos_cpu_init (): voted for group #0 (mask=0xf) latency=-1 (0xfffffff134487200)\n[    4.610999] sdhci_msm_pm_qos_cpu_init (): voted for group #1 (mask=0xf0) latency=-1 (0xfffffff134487208)\n[    4.620189] mmcblk0: mmc0:0001 DH6DMB 58.2 GiB \n[    4.630067] mmcblk0rpmb: mmc0:0001 DH6DMB partition 3 4.00 MiB\n[    4.635956]  mmcblk0: p1 p2 p3 p4 p5 p6 p7 p8 p9 p10 p11 p12 p13 p14 p15 p16 p17 p18 p19 p20 p21 p22 p23 p24 p25 p26 p27 p28 p29 p30 p31 p32 p33 p34 p35 p36 p37 p38 p39 p40 p41 p42 p43 p44 p45 p46 p47 p48 p49 p50 p51 p52 p53 p54 p55 p54\n[    4.644675] sdhci_msm c084000.sdhci: sdhci_msm_probe: ICE device is not enabled\n[    4.677461] sdhci_msm c084000.sdhci: No vmmc regulator found\n[    4.677486] sdhci_msm c084000.sdhci: No vqmmc regulator found\n[    4.682541] mmc1: SDHCI controller on c084000.sdhci [c084000.sdhci] using 64-bit ADMA in legacy mode\n[    4.717354] bimc-bwmon 1008000.qcom,cpu-bwmon: BW HWmon governor registered.\n[    4.718477] arm-memlat-mon soc:qcom,arm-memlat-mon-0: Memory Latency governor registered.\n[    4.723522] arm-memlat-mon soc:qcom,arm-memlat-mon-4: Memory Latency governor registered.\n[    4.733822] devfreq soc:qcom,cpubw: Couldn't update frequency transition information.\n[    4.739762] devfreq soc:qcom,mincpubw: Couldn't update frequency transition information.\n[    4.747585] devfreq soc:qcom,memlat-cpu0: Couldn't update frequency transition information.\n[    4.755740] devfreq soc:qcom,memlat-cpu4: Couldn't update frequency transition information.\n[    4.765910] hw perfevents: enabled with armv8_pmuv3 PMU driver, 7 counters available\n[    4.772715] usbcore: registered new interface driver snd-usb-audio\n[    4.782908] pmic_analog_codec 800f000.qcom,spmi:qcom,pm660l@3:analog-codec@f000: Adsp is not loaded yet 0\n[    4.786496] msm_sdw_codec 152c1000.msm-sdw-codec: Adsp is not loaded yet 0\n[    4.802791] msm-dai-tdm soc:qcom,msm-dai-tdm-pri-rx: msm_dai_tdm_q6_probe: dev_name: soc:qcom,msm-dai-tdm-pri-rx group_id: 0x9100\n[    4.802990] msm-dai-q6-tdm soc:qcom,msm-dai-tdm-pri-rx:qcom,msm-dai-q6-tdm-pri-rx-0: msm_dai_q6_tdm_dev_probe: dev_name: soc:qcom,msm-dai-tdm-pri-rx:qcom,msm-dai-q6-tdm-pri-rx-0 dev_id: 0x9000\n[    4.814221] msm-dai-q6-tdm soc:qcom,msm-dai-tdm-pri-rx:qcom,msm-dai-q6-tdm-pri-rx-0: msm_dai_q6_tdm_dev_probe: Custom tdm header not supported\n[    4.831415] msm-dai-tdm soc:qcom,msm-dai-tdm-pri-tx: msm_dai_tdm_q6_probe: dev_name: soc:qcom,msm-dai-tdm-pri-tx group_id: 0x9101\n[    4.844110] msm-dai-q6-tdm soc:qcom,msm-dai-tdm-pri-tx:qcom,msm-dai-q6-tdm-pri-tx-0: msm_dai_q6_tdm_dev_probe: dev_name: soc:qcom,msm-dai-tdm-pri-tx:qcom,msm-dai-q6-tdm-pri-tx-0 dev_id: 0x9001\n[    4.855704] msm-dai-q6-tdm soc:qcom,msm-dai-tdm-pri-tx:qcom,msm-dai-q6-tdm-pri-tx-0: msm_dai_q6_tdm_dev_probe: Custom tdm header not supported\n[    4.872896] msm-dai-tdm soc:qcom,msm-dai-tdm-sec-rx: msm_dai_tdm_q6_probe: dev_name: soc:qcom,msm-dai-tdm-sec-rx group_id: 0x9110\n[    4.885577] msm-dai-q6-tdm soc:qcom,msm-dai-tdm-sec-rx:qcom,msm-dai-q6-tdm-sec-rx-0: msm_dai_q6_tdm_dev_probe: dev_name: soc:qcom,msm-dai-tdm-sec-rx:qcom,msm-dai-q6-tdm-sec-rx-0 dev_id: 0x9010\n[    4.897195] msm-dai-q6-tdm soc:qcom,msm-dai-tdm-sec-rx:qcom,msm-dai-q6-tdm-sec-rx-0: msm_dai_q6_tdm_dev_probe: Custom tdm header not supported\n[    4.914408] msm-dai-tdm soc:qcom,msm-dai-tdm-sec-tx: msm_dai_tdm_q6_probe: dev_name: soc:qcom,msm-dai-tdm-sec-tx group_id: 0x9111\n[    4.927064] msm-dai-q6-tdm soc:qcom,msm-dai-tdm-sec-tx:qcom,msm-dai-q6-tdm-sec-tx-0: msm_dai_q6_tdm_dev_probe: dev_name: soc:qcom,msm-dai-tdm-sec-tx:qcom,msm-dai-q6-tdm-sec-tx-0 dev_id: 0x9011\n[    4.938688] msm-dai-q6-tdm soc:qcom,msm-dai-tdm-sec-tx:qcom,msm-dai-q6-tdm-sec-tx-0: msm_dai_q6_tdm_dev_probe: Custom tdm header not supported\n[    4.955882] msm-dai-tdm soc:qcom,msm-dai-tdm-tert-rx: msm_dai_tdm_q6_probe: dev_name: soc:qcom,msm-dai-tdm-tert-rx group_id: 0x9120\n[    4.968558] msm-dai-q6-tdm soc:qcom,msm-dai-tdm-tert-rx:qcom,msm-dai-q6-tdm-tert-rx-0: msm_dai_q6_tdm_dev_probe: dev_name: soc:qcom,msm-dai-tdm-tert-rx:qcom,msm-dai-q6-tdm-tert-rx-0 dev_id: 0x9020\n[    4.980185] msm-dai-q6-tdm soc:qcom,msm-dai-tdm-tert-rx:qcom,msm-dai-q6-tdm-tert-rx-0: msm_dai_q6_tdm_dev_probe: Custom tdm header not supported\n[    4.997897] msm-dai-tdm soc:qcom,msm-dai-tdm-tert-tx: msm_dai_tdm_q6_probe: dev_name: soc:qcom,msm-dai-tdm-tert-tx group_id: 0x9121\n[    5.010921] msm-dai-q6-tdm soc:qcom,msm-dai-tdm-tert-tx:qcom,msm-dai-q6-tdm-tert-tx-0: msm_dai_q6_tdm_dev_probe: dev_name: soc:qcom,msm-dai-tdm-tert-tx:qcom,msm-dai-q6-tdm-tert-tx-0 dev_id: 0x9021\n[    5.022394] msm-dai-q6-tdm soc:qcom,msm-dai-tdm-tert-tx:qcom,msm-dai-q6-tdm-tert-tx-0: msm_dai_q6_tdm_dev_probe: Custom tdm header not supported\n[    5.040076] msm-dai-tdm soc:qcom,msm-dai-tdm-quat-rx: msm_dai_tdm_q6_probe: dev_name: soc:qcom,msm-dai-tdm-quat-rx group_id: 0x9130\n[    5.053114] msm-dai-q6-tdm soc:qcom,msm-dai-tdm-quat-rx:qcom,msm-dai-q6-tdm-quat-rx-0: msm_dai_q6_tdm_dev_probe: dev_name: soc:qcom,msm-dai-tdm-quat-rx:qcom,msm-dai-q6-tdm-quat-rx-0 dev_id: 0x9030\n[    5.064558] msm-dai-q6-tdm soc:qcom,msm-dai-tdm-quat-rx:qcom,msm-dai-q6-tdm-quat-rx-0: msm_dai_q6_tdm_dev_probe: Custom tdm header not supported\n[    5.082273] msm-dai-tdm soc:qcom,msm-dai-tdm-quat-tx: msm_dai_tdm_q6_probe: dev_name: soc:qcom,msm-dai-tdm-quat-tx group_id: 0x9131\n[    5.095289] msm-dai-q6-tdm soc:qcom,msm-dai-tdm-quat-tx:qcom,msm-dai-q6-tdm-quat-tx-0: msm_dai_q6_tdm_dev_probe: dev_name: soc:qcom,msm-dai-tdm-quat-tx:qcom,msm-dai-q6-tdm-quat-tx-0 dev_id: 0x9031\n[    5.106744] msm-dai-q6-tdm soc:qcom,msm-dai-tdm-quat-tx:qcom,msm-dai-q6-tdm-quat-tx-0: msm_dai_q6_tdm_dev_probe: Custom tdm header not supported\n[    5.129268] sdm660-asoc-snd soc:sound: msm_internal_init: default codec configured\n[    5.143181] GACT probability NOT on\n[    5.144724] Mirror/redirect action on\n[    5.148117] u32 classifier\n[    5.151935]     Actions configured\n[    5.154545] Netfilter messages via NETLINK v0.30.\n[    5.157944] nf_conntrack version 0.5.0 (16384 buckets, 65536 max)\n[    5.162884] ctnetlink v0.93: registering with nfnetlink.\n[    5.169027] xt_time: kernel timezone is -0000\n[    5.174276] ip_tables: (C) 2000-2006 Netfilter Core Team\n[    5.178467] arp_tables: (C) 2002 David S. Miller\n[    5.183825] Initializing XFRM netlink socket\n[    5.188522] NET: Registered protocol family 10\n[    5.193147] mip6: Mobile IPv6\n[    5.196892] ip6_tables: (C) 2000-2006 Netfilter Core Team\n[    5.199997] sit: IPv6 over IPv4 tunneling driver\n[    5.205598] NET: Registered protocol family 17\n[    5.210016] NET: Registered protocol family 15\n[    5.214291] bridge: automatic filtering via arp/ip/ip6tables has been deprecated. Update your scripts to load br_netfilter if you need this.\n[    5.218703] Ebtables v2.0 registered\n[    5.231514] l2tp_core: L2TP core driver, V2.0\n[    5.235003] l2tp_ppp: PPPoL2TP kernel driver, V2.0\n[    5.239254] l2tp_ip: L2TP IP encapsulation support (L2TPv3)\n[    5.243967] l2tp_netlink: L2TP netlink interface\n[    5.249423] l2tp_eth: L2TP ethernet pseudowire support (L2TPv3)\n[    5.254303] l2tp_ip6: L2TP IP encapsulation support for IPv6 (L2TPv3)\n[    5.260401] NET: Registered protocol family 27\n[    5.271597] mdss_dp_usbpd_setup: get_usbpd phandle failed (-517)\n[    5.271621] mdss_dp_probe: Error usbpd setup!\n[    5.277787] subsys-pil-tz 15700000.qcom,lpass: for adsp segments only will be dumped.\n[    5.281865] subsys-pil-tz 1a300000.qcom,turing: for cdsp segments only will be dumped.\n[    5.289517] pil-q6v5-mss 4080000.qcom,mss: No pas_id found.\n[    5.297264] platform 4080000.qcom,mss:qcom,mba-mem@0: assigned reserved memory node pil_mba_region@94800000\n[    5.302716] pil-q6v5-mss 4080000.qcom,mss: for modem segments only will be dumped.\n[    5.312128] pil-q6v5-mss 4080000.qcom,mss: for md_modem segments only will be dumped.\n[    5.321704] sps:BAM 0x000000000a904000 is registered.\n[    5.327914] Invalid index Defaulting curr to 0[    5.340078] thermal thermal_zone24: failed to read out thermal zone (-19)\n[    5.342134] FG: fg_gen3_probe: battery SOC:72 voltage: 3981923uV temp: 390 id: 0KOhms\n[    5.346018] FG: fg_psy_get_property: unsupported property 4\n[    5.353807] pmic_analog_codec 800f000.qcom,spmi:qcom,pm660l@3:analog-codec@f000: Adsp is not loaded yet 0\n[    5.355434] FG: fg_get_time_to_full_locked: battery profile is not loaded\n[    5.368888] msm_sdw_codec 152c1000.msm-sdw-codec: Adsp is not loaded yet 0\n[    5.375830] sdm660-asoc-snd soc:sound: msm_internal_init: default codec configured\n[    5.390063] mdss_dp_parse_gpio_params: 951,hpd gpio not specified\n[    5.390263] mdss_register_panel: adding framebuffer device c990000.qcom,dp_ctrl\n[    5.396272] mdss_dp_device_register: dp initialized\n[    5.403134] hdmi_edid_config_override: invalid input\n[    5.410110] sps:BAM 0x000000000a904000 is registered.\n[    5.413518] msm-dwc3 a800000.ssusb: charger detection in progress\n[    5.418287] pmic_analog_codec 800f000.qcom,spmi:qcom,pm660l@3:analog-codec@f000: Adsp is not loaded yet 0\n[    5.424364] msm_sdw_codec 152c1000.msm-sdw-codec: Adsp is not loaded yet 0\n[    5.434059] sdm660-asoc-snd soc:sound: msm_internal_init: default codec configured\n[    5.446388] mdss_fb_probe: fb2: split_mode:0 left:0 right:0\n[    5.448154] mdss_fb_register: FrameBuffer[2] 1920x1080 registered successfully!\n[    5.454103] mdss_mdp_splash_parse_dt: splash mem child node is not present\n[    5.461104] pmic_analog_codec 800f000.qcom,spmi:qcom,pm660l@3:analog-codec@f000: Adsp is not loaded yet 0\n[    5.467893] msm_sdw_codec 152c1000.msm-sdw-codec: Adsp is not loaded yet 0\n[    5.477722] sdm660-asoc-snd soc:sound: msm_internal_init: default codec configured\n[    5.490416] Registered cp15_barrier emulation handler\n[    5.491781] Registered setend emulation handler\n[    5.496918] core_ctl: Creating CPU group 0\n[    5.501258] core_ctl: Init CPU0 state\n[    5.505376] core_ctl: Init CPU1 state\n[    5.509107] core_ctl: Init CPU2 state\n[    5.512886] core_ctl: Init CPU3 state\n[    5.516494] core_ctl: Creating CPU group 4\n[    5.520047] core_ctl: Init CPU4 state\n[    5.524049] core_ctl: Init CPU5 state\n[    5.527770] core_ctl: Init CPU6 state\n[    5.531424] core_ctl: Init CPU7 state\n[    5.535280] registered taskstats version 1\n[    5.538732] Loading compiled-in X.509 certificates\n[    5.544084] Loaded X.509 cert 'Build time autogenerated kernel key: 6ddd0374270b15cc53047f54a6ddcfa1be016d9d'\n[    5.547878] Loaded X.509 cert 'Android: 8b67dec64efd624f2ec9d8497dbd3c139cadb788'\n[    5.558729] Key type encrypted registered\n[    5.566290] msm_smem 86000000.qcom,smem: for smem segments only will be dumped.\n[    5.569026] spss_utils [spss_init]: spss-utils driver Ver 1.2 13-Jan-2017.\n[    5.577444] fastrpc soc:qcom,msm-adsprpc-mem: for adsp_rh segments only will be dumped.\n[    5.583049] ADSPRPC: gcinfo[0].heap_vmid 33\n[    5.591069] iommu: Adding device soc:qcom,msm_fastrpc:qcom,msm_fastrpc_compute_cb1 to group 19\n[    5.595871] iommu: Adding device soc:qcom,msm_fastrpc:qcom,msm_fastrpc_compute_cb2 to group 20\n[    5.604597] iommu: Adding device soc:qcom,msm_fastrpc:qcom,msm_fastrpc_compute_cb3 to group 21\n[    5.613182] iommu: Adding device soc:qcom,msm_fastrpc:qcom,msm_fastrpc_compute_cb4 to group 22\n[    5.621775] iommu: Adding device soc:qcom,msm_fastrpc:qcom,msm_fastrpc_compute_cb5 to group 23\n[    5.630946] iommu: Adding device soc:qcom,msm_fastrpc:qcom,msm_fastrpc_compute_cb6 to group 24\n[    5.638847] iommu: Adding device soc:qcom,msm_fastrpc:qcom,msm_fastrpc_compute_cb7 to group 25\n[    5.647304] iommu: Adding device soc:qcom,msm_fastrpc:qcom,msm_fastrpc_compute_cb8 to group 26\n[    5.655822] iommu: Adding device soc:qcom,msm_fastrpc:qcom,msm_fastrpc_compute_cb9 to group 27\n[    5.661108] PMI: smblib_update_usb_type: Is not float charging\n[    5.661450] usbpd usbpd0: Type-C Source (default) connected\n[    5.667115] msm-dwc3 a800000.ssusb: DWC3 exited from low power mode\n[    5.684394] iommu: Adding device soc:qcom,msm_fastrpc:qcom,msm_fastrpc_compute_cb10 to group 28\n[    5.690558] iommu: Adding device soc:qcom,msm_fastrpc:qcom,msm_fastrpc_compute_cb11 to group 29\n[    5.699218] iommu: Adding device soc:qcom,msm_fastrpc:qcom,msm_fastrpc_compute_cb12 to group 30\n[    5.707898] iommu: Adding device soc:qcom,msm_fastrpc:qcom,msm_fastrpc_compute_cb13 to group 31\n[    5.711357] IPC_RTR: msm_ipc_router_smd_driver_register Already driver registered IPCRTR\n[    5.711362] IPC_RTR: msm_ipc_router_smd_driver_register Already driver registered IPCRTR\n[    5.734715] pmic_analog_codec 800f000.qcom,spmi:qcom,pm660l@3:analog-codec@f000: Adsp is not loaded yet 0\n[    5.741343] msm_sdw_codec 152c1000.msm-sdw-codec: Adsp is not loaded yet 0\n[    5.751092] sdm660-asoc-snd soc:sound: msm_internal_init: default codec configured\n[    5.760974] of_batterydata_get_best_profile: No battery data found,use default battery data\n[    5.764935] FG: fg_get_batt_profile: couldn't find profile handle\n[    5.775720] FG: profile_load_work: profile for batt_id=197KOhms not found..using OTP, rc:-61\n[    5.776530] pmic_analog_codec 800f000.qcom,spmi:qcom,pm660l@3:analog-codec@f000: Adsp is not loaded yet 0\n[    5.776667] msm_sdw_codec 152c1000.msm-sdw-codec: Adsp is not loaded yet 0\n[    5.777034] RNDIS_IPA module is loaded.\n[    5.777034] sdm660-asoc-snd soc:sound: msm_internal_init: default codec configured\n[    5.780003] input: gpio-keys as /devices/soc/soc:gpio_keys/input/input5\n[    5.783172] pmic_analog_codec 800f000.qcom,spmi:qcom,pm660l@3:analog-codec@f000: Adsp is not loaded yet 0\n[    5.783263] msm_sdw_codec 152c1000.msm-sdw-codec: Adsp is not loaded yet 0\n[    5.783539] sdm660-asoc-snd soc:sound: msm_internal_init: default codec configured\n[    5.787976] qcom,qpnp-rtc 800f000.qcom,spmi:qcom,pm660@0:qcom,pm660_rtc: setting system clock to 1970-01-08 04:04:17 UTC (619457)\n[    5.789681] pmic_analog_codec 800f000.qcom,spmi:qcom,pm660l@3:analog-codec@f000: Adsp is not loaded yet 0\n[    5.789821] msm-core initialized without polling period\n[    5.789824] msm_sdw_codec 152c1000.msm-sdw-codec: Adsp is not loaded yet 0\n[    5.790256] sdm660-asoc-snd soc:sound: msm_internal_init: default codec configured\n[    5.796361] pmic_analog_codec 800f000.qcom,spmi:qcom,pm660l@3:analog-codec@f000: Adsp is not loaded yet 0\n[    5.796457] msm_sdw_codec 152c1000.msm-sdw-codec: Adsp is not loaded yet 0\n[    5.796791] sdm660-asoc-snd soc:sound: msm_internal_init: default codec configured\n[    5.802488] lmh_lite:lmh_parse_sensor Registering sensor:[GLM_soc]\n[    5.802652] lmh_lite:lmh_parse_sensor Registering sensor:[LLM_cp1-]\n[    5.802762] lmh_lite:lmh_parse_sensor Registering sensor:[LLM_cp0-]\n[    5.802912] pmic_analog_codec 800f000.qcom,spmi:qcom,pm660l@3:analog-codec@f000: Adsp is not loaded yet 0\n[    5.802914] soc:qcom,lmh supply vdd-apss not found, using dummy regulator\n[    5.802933] lmh_lite:lmh_get_sensor_devicetree Error getting ODCM thresh. err:-22\n[    5.803019] msm_sdw_codec 152c1000.msm-sdw-codec: Adsp is not loaded yet 0\n[    5.803615] sdm660-asoc-snd soc:sound: msm_internal_init: default codec configured\n[    5.809668] calculate_residency: residency < 0 for LPM\n[    5.809670] parse_cpu_levels: idx 1 172\n[    5.809672] parse_cpu_levels: idx 2 1181\n[    5.809673] parse_cpu_levels: idx 2 2009\n[    5.809676] calculate_residency: residency < 0 for LPM\n[    5.809713] pmic_analog_codec 800f000.qcom,spmi:qcom,pm660l@3:analog-codec@f000: Adsp is not loaded yet 0\n[    5.809773] parse_cpu_levels: idx 1 191\n[    5.809774] parse_cpu_levels: idx 2 1109\n[    5.809775] parse_cpu_levels: idx 2 2410\n[    5.809777] calculate_residency: residency < 0 for LPM\n[    5.809822] msm_sdw_codec 152c1000.msm-sdw-codec: Adsp is not loaded yet 0\n[    5.810565] sdm660-asoc-snd soc:sound: msm_internal_init: default codec configured\n[    5.816814] pmic_analog_codec 800f000.qcom,spmi:qcom,pm660l@3:analog-codec@f000: Adsp is not loaded yet 0\n[    5.816965] msm_sdw_codec 152c1000.msm-sdw-codec: Adsp is not loaded yet 0\n[    5.817845] sdm660-asoc-snd soc:sound: msm_internal_init: default codec configured\n[    5.823655] rmnet_ipa started initialization\n[    5.823657] IPA SSR support = True\n[    5.823657] IPA ipa-loaduC = True\n[    5.823659] IPA SG support = True\n[    5.823660] IPA Napi Enable = False\n[    5.823662] using default for wan-rx-desc-size = 1024\n[    5.823920] pmic_analog_codec 800f000.qcom,spmi:qcom,pm660l@3:analog-codec@f000: Adsp is not loaded yet 0\n[    5.824026] msm_sdw_codec 152c1000.msm-sdw-codec: Adsp is not loaded yet 0\n[    5.825188] ipa ipa_sps_irq_control_all:963 EP (5) not allocated.\n[    5.825191] ipa ipa2_uc_state_check:301 uC is not loaded\n[    5.826033] rmnet_ipa completed initialization\n[    5.826446] sdm660-asoc-snd soc:sound: msm_internal_init: default codec configured\n[    5.835288] pmic_analog_codec 800f000.qcom,spmi:qcom,pm660l@3:analog-codec@f000: Adsp is not loaded yet 0\n[    5.835456] msm_sdw_codec 152c1000.msm-sdw-codec: Adsp is not loaded yet 0\n[    5.838773] gfx_mem_acc_corner: disabling\n[    5.838778] apc0_pwrcl_corner: disabling\n[    5.838779] apc1_perfcl_corner: disabling\n[    5.838781] cam_avdd_gpio_regulator: disabling\n[    5.838782] cam_actuator_regulator: disabling\n[    5.838784] cam_dvdd_gpio_regulator: disabling\n[    5.838785] cam_rear_dvdd_gpio_regulator: disabling\n[    5.838789] gdsc_ufs: disabling\n[    5.838802] gdsc_venus: disabling\n[    5.838826] regulator_proxy_consumer_remove_all: removing regulator proxy consumer requests\n[    5.840686] ALSA dev[    6.181080] md: Waiting for all devices to be available before autodetect\n[    6.181128] md: If you don't use raid, use raid=noautodetect\n[    6.187157] md: Autodetecting RAID arrays.\n[    6.192575] md: Scanned 0 and added 0 devices.\n[    6.196466] md: autorun ...\n[    6.200904] md: ... autorun DONE.\n[    6.203585] device-mapper: init: attempting early device configuration.\n[    6.207398] device-mapper: init: adding target '0 1 android-verity /dev/mmcblk0p15'\n[    6.213549] device-mapper: android-verity: key:id:8b67dec64efd624f2ec9d8497dbd3c139cadb788 dev:/dev/mmcblk0p15\n[    6.223460] device-mapper: android-verity: bio magic_number:2952900609 protocol_version:0 table_length:236\n[    6.231250] device-mapper: android-verity: verity_table: 1 /dev/block/bootdevice/by-name/system /dev/block/bootdevice/by-name/system 4096 4096 774155 774155 sha256 fdc74442e3afd17fdc1e8646198b2ebb7cdb8d84b890d11ac96d08d00ab410c7 aee0877\n[    6.244967] device-mapper: android-verity: Signature verification success\n[    6.266806] device-mapper: android-verity: Data sectors 6193240\n[    6.274169] device-mapper: android-verity: android-verity mounted as verity target\n[    6.279512] device-mapper: init: dm-0 is ready\n[    6.295056] EXT4-fs (dm-0): couldn't mount as ext3 due to feature incompatibilities\n[    6.307237] EXT4-fs (dm-0): mounted filesystem with ordered data mode. Opts: (null)\n[    6.307277] VFS: Mounted root (ext4 filesystem) readonly on device 252:0.\n[    6.316532] Freeing unused kernel memory: 8192K (ffffff876e000000 - ffffff876e800000)\n[    6.350259] init: init first stage started!\n[    6.356403] init: Using Android DT directory /proc/device-tree/firmware/android/\n[    6.391014] FG: fg_get_time_to_full_locked: battery profile is not loaded\n[    6.539126] EXT4-fs (mmcblk0p17): mounted filesystem with ordered data mode. Opts: barrier=1,discard\n[    6.539203] init: [libfs_mgr]__mount(source=/dev/block/platform/soc/c0c4000.sdhci/by-name/vendor_a,target=/vendor,type=ext4)=0: Success\n[    6.547458] init: Skipped setting INIT_AVB_VERSION (not in recovery mode)\n[    6.559236] init: Loading SELinux policy\n[    6.612487] audit: type=1403 audit(619458.319:2): policy loaded auid=4294967295 ses=4294967295\n[    6.612645] selinux: SELinux: Loaded policy from /vendor/etc/selinux/precompiled_sepolicy\n[    6.612645] \n[    6.623554] selinux: SELinux: Loaded file_contexts\n[    6.623554] \n[    6.630616] init: init second stage started!\n[    6.640113] init: Using Android DT directory /proc/device-tree/firmware/android/\n[    6.640456] init: property_set(\"ro.boot.selinux\", \"permissive\") failed: property already set\n[    6.649870] selinux: SELinux: Loaded file_contexts\n[    6.649870] \n[    6.656554] selinux: SELinux: Loaded property_contexts from /system/etc/selinux/plat_property_contexts & /vendor/etc/selinux/nonplat_property_contexts.\n[    6.656554] \n[    6.662138] init: Running restorecon...\n[    6.682187] init: waitid failed: No child processes\n[    6.682978] init: Couldn't load property file: Unable to open '/odm/default.prop': No such file or directory: No such file or directory\n[    6.686937] init: Created socket '/dev/socket/property_service', mode 666, user 0, group 0\n[    6.698161] init: Parsing file /init.rc...\n[    6.707638] init: Added '/init.environ.rc' to import list\n[    6.710432] init: Added '/init.usb.rc' to import list\n[    6.715937] init: Added '/init.qcom.rc' to import list\n[    6.720954] init: Added '/vendor/etc/init/hw/init.qcom.rc' to import list\n[    6.725970] init: Added '/init.usb.configfs.rc' to import list\n[    6.732839] init: Added '/init.zygote64_32.rc' to import list\n[    6.738554] init: Added '/init.bq.rc' to import list\n[    6.744927] init: Parsing file /init.environ.rc...\n[    6.750039] init: Parsing file /init.usb.rc...\n[    6.754805] init: Parsing file /init.qcom.rc...\n[    6.758435] init: Unable to open '/init.qcom.rc': No such file or directory\n[    6.762901] init: /init.rc: 9: Could not import file '/init.qcom.rc': No such file or directory\n[    6.771199] init: Parsing file /vendor/etc/init/hw/init.qcom.rc...\n[    6.779728] init: Added '/vendor/etc/init/hw/init.qcom.usb.rc' to import list\n[    6.784776] init: Added '/vendor/etc/init/hw/init.msm.usb.configfs.rc' to import list\n[    6.791964] init: Added '/vendor/etc/init/hw/init.target.rc' to import list\n[    6.799755] init: Added '/vendor/etc/init/hw/init.qcom.factory.rc' to import list\n[    6.806538] init: Added '/vendor/etc/init/hw/init.qcom.test.rc' to import list\n[    6.814183] init: Added '/vendor/etc/init/hw/init.lct.factory.rc' to import list\n[    6.821720] init: /vendor/etc/init/hw/init.qcom.rc: 611: user requires 1 argument\n[    6.829511] init: Parsing file /vendor/etc/init/hw/init.qcom.usb.rc...\n[    6.840180] init: Parsing file /vendor/etc/init/hw/init.msm.usb.configfs.rc...\n[    6.844922] init: Parsing file /vendor/etc/init/hw/init.target.rc...\n[    6.850600] init: Added 'init.bq.target.rc' to import list\n[    6.856542] init: /vendor/etc/init/hw/init.target.rc: 192: ignored duplicate definition of service 'time_daemon'\n[    6.861888] init: Parsing file init.bq.target.rc...\n[    6.872596] init: Added 'init.bq.common.rc' to import list\n[    6.876574] init: Added 'init.lct.factory.rc' to import list\n[    6.882169] init: Parsing file init.bq.common.rc...\n[    6.887954] init: Unable to open 'init.bq.common.rc': No such file or directory\n[    6.892564] init: /init.rc: 1: Could not import file 'init.bq.common.rc': No such file or directory\n[    6.899853] init: Parsing file init.lct.factory.rc...\n[    6.908891] init: Unable to open 'init.lct.factory.rc': No such file or directory\n[    6.914098] init: /init.rc: 2: Could not import file 'init.lct.factory.rc': No such file or directory\n[    6.921578] init: Parsing file /vendor/etc/init/hw/init.qcom.factory.rc...\n[    6.931392] init: Added 'init.bq.factory.rc' to import list\n[    6.937569] init: Parsing file init.bq.factory.rc...\n[    6.943017] init: Unable to open 'init.bq.factory.rc': No such file or directory\n[    6.948197] init: /init.rc: 28: Could not import file 'init.bq.factory.rc': No such file or directory\n[    6.955616] init: Parsing file /vendor/etc/init/hw/init.qcom.test.rc...\n[    6.965346] init: Parsing file /vendor/etc/init/hw/init.lct.factory.rc...\n[    6.971148] init: Unable to open '/vendor/etc/init/hw/init.lct.factory.rc': No such file or directory\n[    6.978062] init: /init.rc: 33: Could not import file '/vendor/etc/init/hw/init.lct.factory.rc': No such file or directory\n[    6.987304] init: Parsing file /init.usb.configfs.rc...\n[    6.999173] init: Parsing file /init.zygote64_32.rc...\n[    7.003974] init: Parsing file /init.bq.rc...\n[    7.008521] init: Unable to open '/init.bq.rc': No such file or directory\n[    7.012990] init: /init.rc: 13: Could not import file '/init.bq.rc': No such file or directory\n[    7.019752] init: Parsing directory /system/etc/init...\n[    7.028886] init: Parsing file /system/etc/init/android.hidl.allocator@1.0-service.rc...\n[    7.033994] init: Parsing file /system/etc/init/atrace.rc...\n[    7.042578] init: Parsing file /system/etc/init/atrace_userdebug.rc...\n[    7.047948] init: Parsing file /system/etc/init/audioserver.rc...\n[    7.054314] init: Parsing file /system/etc/init/bootanim.rc...\n[    7.060416] init: Parsing file /system/etc/init/bootstat.rc...\n[    7.066230] init: Parsing file /system/etc/init/cameraserver.rc...\n[    7.072007] init: Parsing file /system/etc/init/dpmd.rc...\n[    7.078131] init: Parsing file /system/etc/init/drmserver.rc...\n[    7.083632] init: Parsing file /system/etc/init/dumpstate.rc...\n[    7.089411] init: Parsing file /system/etc/init/gatekeeperd.rc...\n[    7.095348] init: Parsing file /system/etc/init/hwservicemanager.rc...\n[    7.101612] init: Parsing file /system/etc/init/init-debug.rc...\n[    7.107978] init: Parsing file /system/etc/init/init.qti.fm.rc...\n[    7.114178] init: Parsing file /system/etc/init/installd.rc...\n[    7.120266] init: Parsing file /system/etc/init/keystore.rc...\n[    7.125927] init: Parsing file /system/etc/init/lmkd.rc...\n[    7.131720] init: Parsing file /system/etc/init/logcatd.rc...\n[    7.137188] init: Parsing file /system/etc/init/logd.rc...\n[    7.143031] init: Parsing file /system/etc/init/logtagd.rc...\n[    7.148343] init: Parsing file /system/etc/init/mdnsd.rc...\n[    7.154210] init: Parsing file /system/etc/init/mediadrmserver.rc...\n[    7.159540] init: Parsing file /system/etc/init/mediaextractor.rc...\n[    7.166179] init: Parsing file /system/etc/init/mediametrics.rc...\n[    7.172518] init: Parsing file /system/etc/init/mediaserver.rc...\n[    7.178475] init: Parsing file /system/etc/init/mtpd.rc...\n[    7.184679] init: Parsing file /system/etc/init/netd.rc...\n[    7.190017] init: Parsing file /system/etc/init/perfprofd.rc...\n[    7.195520] init: Parsing file /system/etc/init/racoon.rc...\n[    7.201320] init: Parsing file /system/etc/init/recovery-persist.rc...\n[    7.207195] init: Parsing file /system/etc/init/recovery-refresh.rc...\n[    7.213568] init: Parsing file /system/etc/init/servicemanager.rc...\n[    7.220059] init: Parsing file /system/etc/init/storaged.rc...\n[    7.226607] init: Parsing file /system/etc/init/surfaceflinger.rc...\n[    7.232254] init: Parsing file /system/etc/init/thermalservice.rc...\n[    7.238704] init: Parsing file /system/etc/init/tombstoned.rc...\n[    7.245094] init: Parsing file /system/etc/init/uncrypt.rc...\n[    7.251048] init: Parsing file /system/etc/init/update_engine.rc...\n[    7.256681] init: Parsing file /system/etc/init/update_verifier.rc...\n[    7.262804] init: Parsing file /system/etc/init/vdc.rc...\n[    7.269344] init: Parsing file /system/etc/init/vold.rc...\n[    7.274778] init: Parsing file /system/etc/init/webview_zygote32.rc...\n[    7.280122] init: Parsing file /system/etc/init/webview_zygote64.rc...\n[    7.286671] init: Parsing file /system/etc/init/wfdservice.rc...\n[    7.293188] init: Parsing file /system/etc/init/wifi-events.rc...\n[    7.299343] init: Parsing file /system/etc/init/wificond.rc...\n[    7.305348] init: Parsing directory /vendor/etc/init...\n[    7.310492] init: Parsing file /vendor/etc/init/android.hardware.audio@2.0-service.rc...\n[    7.316242] init: Parsing file /vendor/etc/init/android.hardware.biometrics.fingerprint@2.1-service.rc...\n[    7.324502] init: Parsing file /vendor/etc/init/android.hardware.bluetooth@1.0-service-qti.rc...\n[    7.333963] init: Parsing file /vendor/etc/init/android.hardware.boot@1.0-service.rc...\n[    7.342825] init: Parsing file /vendor/etc/init/android.hardware.camera.provider@2.4-service.rc...\n[    7.350510] init: Parsing file /vendor/etc/init/android.hardware.cas@1.0-service.rc...\n[    7.359558] init: Parsing file /vendor/etc/init/android.hardware.configstore@1.0-service.rc...\n[    7.367455] init: Parsing file /vendor/etc/init/android.hardware.drm@1.0-service.rc...\n[    7.376057] init: Parsing file /vendor/etc/init/android.hardware.gatekeeper@1.0-service-qti.rc...\n[    7.383951] init: Parsing file /vendor/etc/init/android.hardware.graphics.allocator@2.0-service.rc...\n[    7.392901] init: Parsing file /vendor/etc/init/android.hardware.graphics.composer@2.1-service.rc...\n[    7.402104] init: Parsing file /vendor/etc/init/android.hardware.health@1.0-service.rc...\n[    7.411256] init: Parsing file /vendor/etc/init/android.hardware.keymaster@3.0-service-qti.rc...\n[    7.419327] init: Parsing file /vendor/etc/init/android.hardware.light@2.0-service.rc...\n[    7.428212] init: Parsing file /vendor/etc/init/android.hardware.media.omx@1.0-service.rc...\n[    7.436309] init: Parsing file /vendor/etc/init/android.hardware.memtrack@1.0-service.rc...\n[    7.444713] init: Parsing file /vendor/etc/init/android.hardware.power@1.0-service.rc...\n[    7.452791] init: Parsing file /vendor/etc/init/android.hardware.sensors@1.0-service.rc...\n[    7.461085] init: Parsing file /vendor/etc/init/android.hardware.thermal@1.0-service.rc...\n[    7.469150] init: Parsing file /vendor/etc/init/android.hardware.usb@1.0-service.rc...\n[    7.477440] init: Parsing file /vendor/etc/init/android.hardware.vibrator@1.0-service.rc...\n[    7.485338] init: Parsing file /vendor/etc/init/android.hardware.wifi@1.0-service.rc...\n[    7.493592] init: Parsing file /vendor/etc/init/com.qualcomm.qti.wifidisplayhal@1.0-service.rc...\n[    7.501586] init: Parsing file /vendor/etc/init/hostapd.android.rc...\n[    7.510580] init: Parsing file /vendor/etc/init/init.bq.common.rc...\n[    7.517022] init: Added 'init.bq.device.rc' to import list\n[    7.522881] init: Added 'init.bq.usb.rc' to import list\n[    7.528137] init: Added 'init.bq.usb.configfs.rc' to import list\n[    7.533433] init: /vendor/etc/init/init.bq.common.rc: 164: invalid keyword 'disable'\n[    7.539522] init: /vendor/etc/init/init.bq.common.rc: 169: invalid keyword 'disable'\n[    7.547283] init: Parsing file init.bq.device.rc...\n[    7.555568] init: Parsing file init.bq.usb.rc...\n[    7.559565] init: Unable to open 'init.bq.usb.rc': No such file or directory\n[    7.564460] init: /init.rc: 2: Could not