{
 "espireDate": "N",
 "format": "text",
 "jSonReasons": [
  "kw_encrypted",
  "re_#10",
  "re_email",
  "kw_error",
  "lg_en",
  "kw_insecure",
  "kw_cert",
  "kw_sec",
  "kw_down",
  "kw_protection",
  "re_ipv4",
  "kw_security",
  "kw_bypass",
  "kw_bug",
  "re_url"
 ],
 "key": "2LiVqFtX",
 "pasteDate": "Feb 28, 2018, 3:07:51 AM",
 "relevancy": 10.0,
 "relevant": false,
 "text": "6:26:01 wordstream CRON[25771]: (xtreamcodes) CMD (/home/xtreamcodes/iptv_xtream_codes/php/bin/php /home/xtreamcodes/iptv_xtream_codes/crons/offline_cons.php # Xtream-Codes IPTV Panel^M)\nFeb 28 06:26:01 wordstream CRON[25769]: (xtreamcodes) CMD (/home/xtreamcodes/iptv_xtream_codes/php/bin/php /home/xtreamcodes/iptv_xtream_codes/crons/users_checker.php # Xtream-Codes IPTV Panel^M)\nFeb 28 06:26:01 wordstream CRON[25768]: (xtreamcodes) CMD (/home/xtreamcodes/iptv_xtream_codes/php/bin/php /home/xtreamcodes/iptv_xtream_codes/crons/vod_cc_checker.php # Xtream-Codes IPTV Panel^M)\nFeb 28 06:26:01 wordstream CRON[25770]: (xtreamcodes) CMD (/home/xtreamcodes/iptv_xtream_codes/php/bin/php /home/xtreamcodes/iptv_xtream_codes/crons/crl_sync.php # Xtream-Codes IPTV Panel^M)\nFeb 28 06:26:01 wordstream CRON[25772]: (xtreamcodes) CMD (/home/xtreamcodes/iptv_xtream_codes/php/bin/php /home/xtreamcodes/iptv_xtream_codes/crons/stream_errors.php # Xtream-Codes IPTV Panel^M)\nFeb 28 06:26:01 wordstream CRON[25778]: (xtreamcodes) CMD (/home/xtreamcodes/iptv_xtream_codes/php/bin/php /home/xtreamcodes/iptv_xtream_codes/crons/live_checker.php # Xtream-Codes IPTV Panel^M)\nFeb 28 06:26:01 wordstream CRON[25773]: (xtreamcodes) CMD (/home/xtreamcodes/iptv_xtream_codes/php/bin/php /home/xtreamcodes/iptv_xtream_codes/crons/tmp_del.php # Xtream-Codes IPTV Panel^M)\nFeb 28 06:26:01 wordstream CRON[25782]: (xtreamcodes) CMD (/home/xtreamcodes/iptv_xtream_codes/php/bin/php /home/xtreamcodes/iptv_xtream_codes/crons/servers_checker.php # Xtream-Codes IPTV Panel^M)\nFeb 28 06:26:01 wordstream crontab[25795]: (xtreamcodes) LIST (xtreamcodes)\nFeb 28 06:36:11 wordstream rsyslogd: [origin software=\"rsyslogd\" swVersion=\"7.4.4\" x-pid=\"1535\" x-info=\"http://www.rsyslog.com\"] start\nFeb 28 06:36:11 wordstream rsyslogd: rsyslogd's groupid changed to 104\nFeb 28 06:36:11 wordstream rsyslogd: rsyslogd's userid changed to 101\nFeb 28 06:36:11 wordstream kernel: [    0.000000] Initializing cgroup subsys cpuset\nFeb 28 06:36:11 wordstream kernel: [    0.000000] Initializing cgroup subsys cpu\nFeb 28 06:36:11 wordstream kernel: [    0.000000] Initializing cgroup subsys cpuacct\nFeb 28 06:36:11 wordstream kernel: [    0.000000] Linux version 4.4.0-112-generic (buildd@lcy01-amd64-012) (gcc version 4.8.4 (Ubuntu 4.8.4-2ubuntu1~14.04.3) ) #135~14.04.1-Ubuntu SMP Tue Jan 23 20:41:48 UTC 2018 (Ubuntu 4.4.0-112.135~14.04.1-generic 4.4.98)\nFeb 28 06:36:11 wordstream kernel: [    0.000000] Command line: BOOT_IMAGE=/vmlinuz-4.4.0-112-generic root=UUID=c0bbca2b-d112-4bf2-9125-1b461b788acf ro quiet splash nomodeset vt.handoff=7\nFeb 28 06:36:11 wordstream kernel: [    0.000000] KERNEL supported cpus:\nFeb 28 06:36:11 wordstream kernel: [    0.000000]   Intel GenuineIntel\nFeb 28 06:36:11 wordstream kernel: [    0.000000]   AMD AuthenticAMD\nFeb 28 06:36:11 wordstream kernel: [    0.000000]   Centaur CentaurHauls\nFeb 28 06:36:11 wordstream kernel: [    0.000000] x86/fpu: xstate_offset[2]:  576, xstate_sizes[2]:  256\nFeb 28 06:36:11 wordstream kernel: [    0.000000] x86/fpu: xstate_offset[3]:  960, xstate_sizes[3]:   64\nFeb 28 06:36:11 wordstream kernel: [    0.000000] x86/fpu: xstate_offset[4]: 1024, xstate_sizes[4]:   64\nFeb 28 06:36:11 wordstream kernel: [    0.000000] x86/fpu: Supporting XSAVE feature 0x01: 'x87 floating point registers'\nFeb 28 06:36:11 wordstream kernel: [    0.000000] x86/fpu: Supporting XSAVE feature 0x02: 'SSE registers'\nFeb 28 06:36:11 wordstream kernel: [    0.000000] x86/fpu: Supporting XSAVE feature 0x04: 'AVX registers'\nFeb 28 06:36:11 wordstream kernel: [    0.000000] x86/fpu: Supporting XSAVE feature 0x08: 'MPX bounds registers'\nFeb 28 06:36:11 wordstream kernel: [    0.000000] x86/fpu: Supporting XSAVE feature 0x10: 'MPX CSR'\nFeb 28 06:36:11 wordstream kernel: [    0.000000] x86/fpu: Enabled xstate features 0x1f, context size is 1088 bytes, using 'standard' format.\nFeb 28 06:36:11 wordstream kernel: [    0.000000] x86/fpu: Using 'eager' FPU context switches.\nFeb 28 06:36:11 wordstream kernel: [    0.000000] e820: BIOS-provided physical RAM map:\nFeb 28 06:36:11 wordstream kernel: [    0.000000] BIOS-e820: [mem 0x0000000000000000-0x000000000009c3ff] usable\nFeb 28 06:36:11 wordstream kernel: [    0.000000] BIOS-e820: [mem 0x000000000009c400-0x000000000009ffff] reserved\nFeb 28 06:36:11 wordstream kernel: [    0.000000] BIOS-e820: [mem 0x00000000000e0000-0x00000000000fffff] reserved\nFeb 28 06:36:11 wordstream kernel: [    0.000000] BIOS-e820: [mem 0x0000000000100000-0x000000007f430fff] usable\nFeb 28 06:36:11 wordstream kernel: [    0.000000] BIOS-e820: [mem 0x000000007f431000-0x000000007f431fff] ACPI NVS\nFeb 28 06:36:11 wordstream kernel: [    0.000000] BIOS-e820: [mem 0x000000007f432000-0x000000007f47bfff] reserved\nFeb 28 06:36:11 wordstream kernel: [    0.000000] BIOS-e820: [mem 0x000000007f47c000-0x00000000877ebfff] usable\nFeb 28 06:36:11 wordstream kernel: [    0.000000] BIOS-e820: [mem 0x00000000877ec000-0x0000000087a96fff] reserved\nFeb 28 06:36:11 wordstream kernel: [    0.000000] BIOS-e820: [mem 0x0000000087a97000-0x0000000087ac6fff] ACPI data\nFeb 28 06:36:11 wordstream kernel: [    0.000000] BIOS-e820: [mem 0x0000000087ac7000-0x000000008eb7dfff] ACPI NVS\nFeb 28 06:36:11 wordstream kernel: [    0.000000] BIOS-e820: [mem 0x000000008eb7e000-0x000000008effefff] reserved\nFeb 28 06:36:11 wordstream kernel: [    0.000000] BIOS-e820: [mem 0x000000008efff000-0x000000008effffff] usable\nFeb 28 06:36:11 wordstream kernel: [    0.000000] BIOS-e820: [mem 0x00000000e0000000-0x00000000efffffff] reserved\nFeb 28 06:36:11 wordstream kernel: [    0.000000] BIOS-e820: [mem 0x00000000fe000000-0x00000000fe010fff] reserved\nFeb 28 06:36:11 wordstream kernel: [    0.000000] BIOS-e820: [mem 0x00000000fec00000-0x00000000fec00fff] reserved\nFeb 28 06:36:11 wordstream kernel: [    0.000000] BIOS-e820: [mem 0x00000000fee00000-0x00000000fee00fff] reserved\nFeb 28 06:36:11 wordstream kernel: [    0.000000] BIOS-e820: [mem 0x00000000ff000000-0x00000000ffffffff] reserved\nFeb 28 06:36:11 wordstream kernel: [    0.000000] BIOS-e820: [mem 0x0000000100000000-0x000000106fffffff] usable\nFeb 28 06:36:11 wordstream kernel: [    0.000000] NX (Execute Disable) protection: active\nFeb 28 06:36:11 wordstream kernel: [    0.000000] SMBIOS 3.0 present.\nFeb 28 06:36:11 wordstream kernel: [    0.000000] DMI: FUJITSU PRIMERGY RX1330 M3/D3375-B1, BIOS V5.0.0.11 R1.13.0 for D3375-B1x                    09/07/2017\nFeb 28 06:36:11 wordstream kernel: [    0.000000] e820: update [mem 0x00000000-0x00000fff] usable ==> reserved\nFeb 28 06:36:11 wordstream kernel: [    0.000000] e820: remove [mem 0x000a0000-0x000fffff] usable\nFeb 28 06:36:11 wordstream kernel: [    0.000000] e820: last_pfn = 0x1070000 max_arch_pfn = 0x400000000\nFeb 28 06:36:11 wordstream kernel: [    0.000000] MTRR default type: write-back\nFeb 28 06:36:11 wordstream kernel: [    0.000000] MTRR fixed ranges enabled:\nFeb 28 06:36:11 wordstream kernel: [    0.000000]   00000-9FFFF write-back\nFeb 28 06:36:11 wordstream kernel: [    0.000000]   A0000-BFFFF uncachable\nFeb 28 06:36:11 wordstream kernel: [    0.000000]   C0000-FFFFF write-protect\nFeb 28 06:36:11 wordstream kernel: [    0.000000] MTRR variable ranges enabled:\nFeb 28 06:36:11 wordstream kernel: [    0.000000]   0 base 00C0000000 mask 7FC0000000 uncachable\nFeb 28 06:36:11 wordstream kernel: [    0.000000]   1 base 00A0000000 mask 7FE0000000 uncachable\nFeb 28 06:36:11 wordstream kernel: [    0.000000]   2 base 0090000000 mask 7FF0000000 uncachable\nFeb 28 06:36:11 wordstream kernel: [    0.000000]   3 disabled\nFeb 28 06:36:11 wordstream kernel: [    0.000000]   4 disabled\nFeb 28 06:36:11 wordstream kernel: [    0.000000]   5 disabled\nFeb 28 06:36:11 wordstream kernel: [    0.000000]   6 disabled\nFeb 28 06:36:11 wordstream kernel: [    0.000000]   7 disabled\nFeb 28 06:36:11 wordstream kernel: [    0.000000]   8 disabled\nFeb 28 06:36:11 wordstream kernel: [    0.000000]   9 disabled\nFeb 28 06:36:11 wordstream kernel: [    0.000000] x86/PAT: Configuration [0-7]: WB  WC  UC- UC  WB  WC  UC- WT  \nFeb 28 06:36:11 wordstream kernel: [    0.000000] e820: last_pfn = 0x8f000 max_arch_pfn = 0x400000000\nFeb 28 06:36:11 wordstream kernel: [    0.000000] found SMP MP-table at [mem 0x000fcbc0-0x000fcbcf] mapped at [ffff8800000fcbc0]\nFeb 28 06:36:11 wordstream kernel: [    0.000000] Scanning 1 areas for low memory corruption\nFeb 28 06:36:11 wordstream kernel: [    0.000000] Base memory trampoline at [ffff880000096000] 96000 size 24576\nFeb 28 06:36:11 wordstream kernel: [    0.000000] Using GB pages for direct mapping\nFeb 28 06:36:11 wordstream kernel: [    0.000000] BRK [0x02218000, 0x02218fff] PGTABLE\nFeb 28 06:36:11 wordstream kernel: [    0.000000] BRK [0x02219000, 0x02219fff] PGTABLE\nFeb 28 06:36:11 wordstream kernel: [    0.000000] BRK [0x0221a000, 0x0221afff] PGTABLE\nFeb 28 06:36:11 wordstream kernel: [    0.000000] BRK [0x0221b000, 0x0221bfff] PGTABLE\nFeb 28 06:36:11 wordstream kernel: [    0.000000] BRK [0x0221c000, 0x0221cfff] PGTABLE\nFeb 28 06:36:11 wordstream kernel: [    0.000000] BRK [0x0221d000, 0x0221dfff] PGTABLE\nFeb 28 06:36:11 wordstream kernel: [    0.000000] RAMDISK: [mem 0x3553a000-0x36a94fff]\nFeb 28 06:36:11 wordstream kernel: [    0.000000] ACPI: Early table checksum verification disabled\nFeb 28 06:36:11 wordstream kernel: [    0.000000] ACPI: RSDP 0x00000000000F05B0 000024 (v02 FUJ   )\nFeb 28 06:36:11 wordstream kernel: [    0.000000] ACPI: XSDT 0x0000000087A9C0A8 0000CC (v01 FUJ    D3375-B1 11300000 AMI  00010013)\nFeb 28 06:36:11 wordstream kernel: [    0.000000] ACPI: FACP 0x0000000087ABECC8 00010C (v05 FUJ    D3375-B1 11300000 AMI  00010013)\nFeb 28 06:36:11 wordstream kernel: [    0.000000] ACPI: DSDT 0x0000000087A9C200 022AC6 (v02 FUJ    D3375-B1 11300000 INTL 20120913)\nFeb 28 06:36:11 wordstream kernel: [    0.000000] ACPI: FACS 0x000000008EB7CF80 000040\nFeb 28 06:36:11 wordstream kernel: [    0.000000] ACPI: APIC 0x0000000087ABEDD8 0000BC (v03 FUJ    D3375-B1 11300000 AMI  00010013)\nFeb 28 06:36:11 wordstream kernel: [    0.000000] ACPI: FPDT 0x0000000087ABEE98 000044 (v01 FUJ    D3375-B1 11300000 AMI  00010013)\nFeb 28 06:36:11 wordstream kernel: [    0.000000] ACPI: FIDT 0x0000000087ABEEE0 00009C (v01 FUJ    D3375-B1 11300000 AMI  00010013)\nFeb 28 06:36:11 wordstream kernel: [    0.000000] ACPI: SPMI 0x0000000087ABEF80 000041 (v05 FUJ    D3375-B1 00000000 AMI. 00000000)\nFeb 28 06:36:11 wordstream kernel: [    0.000000] ACPI: MCFG 0x0000000087ABEFC8 00003C (v01 FUJ    D3375-B1 11300000 MSFT 00000097)\nFeb 28 06:36:11 wordstream kernel: [    0.000000] ACPI: HPET 0x0000000087ABF008 000038 (v01 FUJ    D3375-B1 11300000 AMI. 0005000B)\nFeb 28 06:36:11 wordstream kernel: [    0.000000] ACPI: LPIT 0x0000000087ABF040 000094 (v01 INTEL  GNLR     00000000 MSFT 0000005F)\nFeb 28 06:36:11 wordstream kernel: [    0.000000] ACPI: SSDT 0x0000000087ABF0D8 000248 (v02 INTEL  sensrhub 00000000 INTL 20120913)\nFeb 28 06:36:11 wordstream kernel: [    0.000000] ACPI: SSDT 0x0000000087ABF320 0006DE (v02 INTEL  USB_MAP  00000000 INTL 20120913)\nFeb 28 06:36:11 wordstream kernel: [    0.000000] ACPI: DBGP 0x0000000087ABFA00 000034 (v01 INTEL           00000000 MSFT 0000005F)\nFeb 28 06:36:11 wordstream kernel: [    0.000000] ACPI: DBG2 0x0000000087ABFA38 000054 (v00 INTEL           00000000 MSFT 0000005F)\nFeb 28 06:36:11 wordstream kernel: [    0.000000] ACPI: PRAD 0x0000000087ABFA90 0000CA (v02 PRADID PRADTID  00000001 INTL 20120913)\nFeb 28 06:36:11 wordstream kernel: [    0.000000] ACPI: SSDT 0x0000000087ABFB60 005277 (v02 SaSsdt SaSsdt   00003000 INTL 20120913)\nFeb 28 06:36:11 wordstream kernel: [    0.000000] ACPI: UEFI 0x0000000087AC4DD8 000042 (v01                 00000000      00000000)\nFeb 28 06:36:11 wordstream kernel: [    0.000000] ACPI: SSDT 0x0000000087AC4E20 000E73 (v02 CpuRef CpuSsdt  00003000 INTL 20120913)\nFeb 28 06:36:11 wordstream kernel: [    0.000000] ACPI: DMAR 0x0000000087AC5C98 000070 (v01 INTEL  SKL      00000001 INTL 00000001)\nFeb 28 06:36:11 wordstream kernel: [    0.000000] ACPI: EINJ 0x0000000087AC5D08 000130 (v01 AMI    AMI.EINJ 00000000 AMI. 00000000)\nFeb 28 06:36:11 wordstream kernel: [    0.000000] ACPI: ERST 0x0000000087AC5E38 000230 (v01 AMIER  AMI.ERST 00000000 AMI. 00000000)\nFeb 28 06:36:11 wordstream kernel: [    0.000000] ACPI: BERT 0x0000000087AC6068 000030 (v01 AMI    AMI.BERT 00000000 AMI. 00000000)\nFeb 28 06:36:11 wordstream kernel: [    0.000000] ACPI: HEST 0x0000000087AC6098 0000A8 (v01 AMI    AMI.HEST 00000000 AMI. 00000000)\nFeb 28 06:36:11 wordstream kernel: [    0.000000] ACPI: Local APIC address 0xfee00000\nFeb 28 06:36:11 wordstream kernel: [    0.000000] No NUMA configuration found\nFeb 28 06:36:11 wordstream kernel: [    0.000000] Faking a node at [mem 0x0000000000000000-0x000000106fffffff]\nFeb 28 06:36:11 wordstream kernel: [    0.000000] NODE_DATA(0) allocated [mem 0x106fff8000-0x106fffcfff]\nFeb 28 06:36:11 wordstream kernel: [    0.000000] Zone ranges:\nFeb 28 06:36:11 wordstream kernel: [    0.000000]   DMA      [mem 0x0000000000001000-0x0000000000ffffff]\nFeb 28 06:36:11 wordstream kernel: [    0.000000]   DMA32    [mem 0x0000000001000000-0x00000000ffffffff]\nFeb 28 06:36:11 wordstream kernel: [    0.000000]   Normal   [mem 0x0000000100000000-0x000000106fffffff]\nFeb 28 06:36:11 wordstream kernel: [    0.000000]   Device   empty\nFeb 28 06:36:11 wordstream kernel: [    0.000000] Movable zone start for each node\nFeb 28 06:36:11 wordstream kernel: [    0.000000] Early memory node ranges\nFeb 28 06:36:11 wordstream kernel: [    0.000000]   node   0: [mem 0x0000000000001000-0x000000000009bfff]\nFeb 28 06:36:11 wordstream kernel: [    0.000000]   node   0: [mem 0x0000000000100000-0x000000007f430fff]\nFeb 28 06:36:11 wordstream kernel: [    0.000000]   node   0: [mem 0x000000007f47c000-0x00000000877ebfff]\nFeb 28 06:36:11 wordstream kernel: [    0.000000]   node   0: [mem 0x000000008efff000-0x000000008effffff]\nFeb 28 06:36:11 wordstream kernel: [    0.000000]   node   0: [mem 0x0000000100000000-0x000000106fffffff]\nFeb 28 06:36:11 wordstream kernel: [    0.000000] Initmem setup node 0 [mem 0x0000000000001000-0x000000106fffffff]\nFeb 28 06:36:11 wordstream kernel: [    0.000000] On node 0 totalpages: 16742205\nFeb 28 06:36:11 wordstream kernel: [    0.000000]   DMA zone: 64 pages used for memmap\nFeb 28 06:36:11 wordstream kernel: [    0.000000]   DMA zone: 21 pages reserved\nFeb 28 06:36:11 wordstream kernel: [    0.000000]   DMA zone: 3995 pages, LIFO batch:0\nFeb 28 06:36:11 wordstream kernel: [    0.000000]   DMA32 zone: 8607 pages used for memmap\nFeb 28 06:36:11 wordstream kernel: [    0.000000]   DMA32 zone: 550818 pages, LIFO batch:31\nFeb 28 06:36:11 wordstream kernel: [    0.000000]   Normal zone: 252928 pages used for memmap\nFeb 28 06:36:11 wordstream kernel: [    0.000000]   Normal zone: 16187392 pages, LIFO batch:31\nFeb 28 06:36:11 wordstream kernel: [    0.000000] ACPI: PM-Timer IO Port: 0x1808\nFeb 28 06:36:11 wordstream kernel: [    0.000000] ACPI: Local APIC address 0xfee00000\nFeb 28 06:36:11 wordstream kernel: [    0.000000] ACPI: LAPIC_NMI (acpi_id[0x01] high edge lint[0x1])\nFeb 28 06:36:11 wordstream kernel: [    0.000000] ACPI: LAPIC_NMI (acpi_id[0x02] high edge lint[0x1])\nFeb 28 06:36:11 wordstream kernel: [    0.000000] ACPI: LAPIC_NMI (acpi_id[0x03] high edge lint[0x1])\nFeb 28 06:36:11 wordstream kernel: [    0.000000] ACPI: LAPIC_NMI (acpi_id[0x04] high edge lint[0x1])\nFeb 28 06:36:11 wordstream kernel: [    0.000000] ACPI: LAPIC_NMI (acpi_id[0x05] high edge lint[0x1])\nFeb 28 06:36:11 wordstream kernel: [    0.000000] ACPI: LAPIC_NMI (acpi_id[0x06] high edge lint[0x1])\nFeb 28 06:36:11 wordstream kernel: [    0.000000] ACPI: LAPIC_NMI (acpi_id[0x07] high edge lint[0x1])\nFeb 28 06:36:11 wordstream kernel: [    0.000000] ACPI: LAPIC_NMI (acpi_id[0x08] high edge lint[0x1])\nFeb 28 06:36:11 wordstream kernel: [    0.000000] IOAPIC[0]: apic_id 2, version 32, address 0xfec00000, GSI 0-119\nFeb 28 06:36:11 wordstream kernel: [    0.000000] ACPI: INT_SRC_OVR (bus 0 bus_irq 0 global_irq 2 dfl dfl)\nFeb 28 06:36:11 wordstream kernel: [    0.000000] ACPI: INT_SRC_OVR (bus 0 bus_irq 9 global_irq 9 high level)\nFeb 28 06:36:11 wordstream kernel: [    0.000000] ACPI: IRQ0 used by override.\nFeb 28 06:36:11 wordstream kernel: [    0.000000] ACPI: IRQ9 used by override.\nFeb 28 06:36:11 wordstream kernel: [    0.000000] Using ACPI (MADT) for SMP configuration information\nFeb 28 06:36:11 wordstream kernel: [    0.000000] ACPI: HPET id: 0x8086a701 base: 0xfed00000\nFeb 28 06:36:11 wordstream kernel: [    0.000000] smpboot: Allowing 8 CPUs, 0 hotplug CPUs\nFeb 28 06:36:11 wordstream kernel: [    0.000000] PM: Registered nosave memory: [mem 0x00000000-0x00000fff]\nFeb 28 06:36:11 wordstream kernel: [    0.000000] PM: Registered nosave memory: [mem 0x0009c000-0x0009cfff]\nFeb 28 06:36:11 wordstream kernel: [    0.000000] PM: Registered nosave memory: [mem 0x0009d000-0x0009ffff]\nFeb 28 06:36:11 wordstream kernel: [    0.000000] PM: Registered nosave memory: [mem 0x000a0000-0x000dffff]\nFeb 28 06:36:11 wordstream kernel: [    0.000000] PM: Registered nosave memory: [mem 0x000e0000-0x000fffff]\nFeb 28 06:36:11 wordstream kernel: [    0.000000] PM: Registered nosave memory: [mem 0x7f431000-0x7f431fff]\nFeb 28 06:36:11 wordstream kernel: [    0.000000] PM: Registered nosave memory: [mem 0x7f432000-0x7f47bfff]\nFeb 28 06:36:11 wordstream kernel: [    0.000000] PM: Registered nosave memory: [mem 0x877ec000-0x87a96fff]\nFeb 28 06:36:11 wordstream kernel: [    0.000000] PM: Registered nosave memory: [mem 0x87a97000-0x87ac6fff]\nFeb 28 06:36:11 wordstream kernel: [    0.000000] PM: Registered nosave memory: [mem 0x87ac7000-0x8eb7dfff]\nFeb 28 06:36:11 wordstream kernel: [    0.000000] PM: Registered nosave memory: [mem 0x8eb7e000-0x8effefff]\nFeb 28 06:36:11 wordstream kernel: [    0.000000] PM: Registered nosave memory: [mem 0x8f000000-0xdfffffff]\nFeb 28 06:36:11 wordstream kernel: [    0.000000] PM: Registered nosave memory: [mem 0xe0000000-0xefffffff]\nFeb 28 06:36:11 wordstream kernel: [    0.000000] PM: Registered nosave memory: [mem 0xf0000000-0xfdffffff]\nFeb 28 06:36:11 wordstream kernel: [    0.000000] PM: Registered nosave memory: [mem 0xfe000000-0xfe010fff]\nFeb 28 06:36:11 wordstream kernel: [    0.000000] PM: Registered nosave memory: [mem 0xfe011000-0xfebfffff]\nFeb 28 06:36:11 wordstream kernel: [    0.000000] PM: Registered nosave memory: [mem 0xfec00000-0xfec00fff]\nFeb 28 06:36:11 wordstream kernel: [    0.000000] PM: Registered nosave memory: [mem 0xfec01000-0xfedfffff]\nFeb 28 06:36:11 wordstream kernel: [    0.000000] PM: Registered nosave memory: [mem 0xfee00000-0xfee00fff]\nFeb 28 06:36:11 wordstream kernel: [    0.000000] PM: Registered nosave memory: [mem 0xfee01000-0xfeffffff]\nFeb 28 06:36:11 wordstream kernel: [    0.000000] PM: Registered nosave memory: [mem 0xff000000-0xffffffff]\nFeb 28 06:36:11 wordstream kernel: [    0.000000] e820: [mem 0x8f000000-0xdfffffff] available for PCI devices\nFeb 28 06:36:11 wordstream kernel: [    0.000000] Booting paravirtualized kernel on bare hardware\nFeb 28 06:36:11 wordstream kernel: [    0.000000] clocksource: refined-jiffies: mask: 0xffffffff max_cycles: 0xffffffff, max_idle_ns: 7645519600211568 ns\nFeb 28 06:36:11 wordstream kernel: [    0.000000] setup_percpu: NR_CPUS:512 nr_cpumask_bits:512 nr_cpu_ids:8 nr_node_ids:1\nFeb 28 06:36:11 wordstream kernel: [    0.000000] PERCPU: Embedded 34 pages/cpu @ffff88106fc00000 s99608 r8192 d31464 u262144\nFeb 28 06:36:11 wordstream kernel: [    0.000000] pcpu-alloc: s99608 r8192 d31464 u262144 alloc=1*2097152\nFeb 28 06:36:11 wordstream kernel: [    0.000000] pcpu-alloc: [0] 0 1 2 3 4 5 6 7 \nFeb 28 06:36:11 wordstream kernel: [    0.000000] Built 1 zonelists in Node order, mobility grouping on.  Total pages: 16480585\nFeb 28 06:36:11 wordstream kernel: [    0.000000] Policy zone: Normal\nFeb 28 06:36:11 wordstream kernel: [    0.000000] Kernel command line: BOOT_IMAGE=/vmlinuz-4.4.0-112-generic root=UUID=c0bbca2b-d112-4bf2-9125-1b461b788acf ro quiet splash nomodeset vt.handoff=7\nFeb 28 06:36:11 wordstream kernel: [    0.000000] PID hash table entries: 4096 (order: 3, 32768 bytes)\nFeb 28 06:36:11 wordstream kernel: [    0.000000] Calgary: detecting Calgary via BIOS EBDA area\nFeb 28 06:36:11 wordstream kernel: [    0.000000] Calgary: Unable to locate Rio Grande table in EBDA - bailing!\nFeb 28 06:36:11 wordstream kernel: [    0.000000] Memory: 65812292K/66968820K available (8286K kernel code, 1318K rwdata, 4008K rodata, 1512K init, 1316K bss, 1156528K reserved, 0K cma-reserved)\nFeb 28 06:36:11 wordstream kernel: [    0.000000] SLUB: HWalign=64, Order=0-3, MinObjects=0, CPUs=8, Nodes=1\nFeb 28 06:36:11 wordstream kernel: [    0.000000] Kernel/User page tables isolation: enabled\nFeb 28 06:36:11 wordstream kernel: [    0.000000] Hierarchical RCU implementation.\nFeb 28 06:36:11 wordstream kernel: [    0.000000] \tBuild-time adjustment of leaf fanout to 64.\nFeb 28 06:36:11 wordstream kernel: [    0.000000] \tRCU restricting CPUs from NR_CPUS=512 to nr_cpu_ids=8.\nFeb 28 06:36:11 wordstream kernel: [    0.000000] RCU: Adjusting geometry for rcu_fanout_leaf=64, nr_cpu_ids=8\nFeb 28 06:36:11 wordstream kernel: [    0.000000] NR_IRQS:33024 nr_irqs:2048 16\nFeb 28 06:36:11 wordstream kernel: [    0.000000] spurious 8259A interrupt: IRQ7.\nFeb 28 06:36:11 wordstream kernel: [    0.000000] vt handoff: transparent VT on vt#7\nFeb 28 06:36:11 wordstream kernel: [    0.000000] Console: colour dummy device 80x25\nFeb 28 06:36:11 wordstream kernel: [    0.000000] console [tty0] enabled\nFeb 28 06:36:11 wordstream kernel: [    0.000000] clocksource: hpet: mask: 0xffffffff max_cycles: 0xffffffff, max_idle_ns: 79635855245 ns\nFeb 28 06:36:11 wordstream kernel: [    0.000000] hpet clockevent registered\nFeb 28 06:36:11 wordstream kernel: [    0.000000] tsc: Unable to calibrate against PIT\nFeb 28 06:36:11 wordstream kernel: [    0.000000] tsc: using HPET reference calibration\nFeb 28 06:36:11 wordstream kernel: [    0.000000] tsc: Detected 3504.317 MHz processor\nFeb 28 06:36:11 wordstream kernel: [    0.000022] Calibrating delay loop (skipped), value calculated using timer frequency.. 7008.63 BogoMIPS (lpj=14017268)\nFeb 28 06:36:11 wordstream kernel: [    0.000024] pid_max: default: 32768 minimum: 301\nFeb 28 06:36:11 wordstream kernel: [    0.000027] ACPI: Core revision 20150930\nFeb 28 06:36:11 wordstream kernel: [    0.019314] ACPI: 5 ACPI AML tables successfully acquired and loaded\nFeb 28 06:36:11 wordstream kernel: [    0.019327] Security Framework initialized\nFeb 28 06:36:11 wordstream kernel: [    0.019328] Yama: becoming mindful.\nFeb 28 06:36:11 wordstream kernel: [    0.019339] AppArmor: AppArmor initialized\nFeb 28 06:36:11 wordstream kernel: [    0.021773] Dentry cache hash table entries: 8388608 (order: 14, 67108864 bytes)\nFeb 28 06:36:11 wordstream kernel: [    0.029331] Inode-cache hash table entries: 4194304 (order: 13, 33554432 bytes)\nFeb 28 06:36:11 wordstream kernel: [    0.032563] Mount-cache hash table entries: 131072 (order: 8, 1048576 bytes)\nFeb 28 06:36:11 wordstream kernel: [    0.032600] Mountpoint-cache hash table entries: 131072 (order: 8, 1048576 bytes)\nFeb 28 06:36:11 wordstream kernel: [    0.032852] Initializing cgroup subsys io\nFeb 28 06:36:11 wordstream kernel: [    0.032854] Initializing cgroup subsys memory\nFeb 28 06:36:11 wordstream kernel: [    0.032858] Initializing cgroup subsys devices\nFeb 28 06:36:11 wordstream kernel: [    0.032860] Initializing cgroup subsys freezer\nFeb 28 06:36:11 wordstream kernel: [    0.032861] Initializing cgroup subsys net_cls\nFeb 28 06:36:11 wordstream kernel: [    0.032862] Initializing cgroup subsys perf_event\nFeb 28 06:36:11 wordstream kernel: [    0.032864] Initializing cgroup subsys net_prio\nFeb 28 06:36:11 wordstream kernel: [    0.032865] Initializing cgroup subsys hugetlb\nFeb 28 06:36:11 wordstream kernel: [    0.032866] Initializing cgroup subsys pids\nFeb 28 06:36:11 wordstream kernel: [    0.032886] CPU: Physical Processor ID: 0\nFeb 28 06:36:11 wordstream kernel: [    0.032886] CPU: Processor Core ID: 0\nFeb 28 06:36:11 wordstream kernel: [    0.032889] ENERGY_PERF_BIAS: Set to 'normal', was 'performance'\nFeb 28 06:36:11 wordstream kernel: [    0.032890] ENERGY_PERF_BIAS: View and update with x86_energy_perf_policy(8)\nFeb 28 06:36:11 wordstream kernel: [    0.032891] FEATURE SPEC_CTRL Not Present\nFeb 28 06:36:11 wordstream kernel: [    0.033910] mce: CPU supports 10 MCE banks\nFeb 28 06:36:11 wordstream kernel: [    0.033923] CPU0: Thermal monitoring enabled (TM1)\nFeb 28 06:36:11 wordstream kernel: [    0.033931] process: using mwait in idle threads\nFeb 28 06:36:11 wordstream kernel: [    0.033933] Last level iTLB entries: 4KB 64, 2MB 8, 4MB 8\nFeb 28 06:36:11 wordstream kernel: [    0.033934] Last level dTLB entries: 4KB 64, 2MB 0, 4MB 0, 1GB 4\nFeb 28 06:36:11 wordstream kernel: [    0.034196] Freeing SMP alternatives memory: 32K\nFeb 28 06:36:11 wordstream kernel: [    0.035890] ftrace: allocating 32208 entries in 126 pages\nFeb 28 06:36:11 wordstream kernel: [    0.044898] smpboot: APIC(0) Converting physical 0 to logical package 0\nFeb 28 06:36:11 wordstream kernel: [    0.044900] smpboot: Max logical packages: 2\nFeb 28 06:36:11 wordstream kernel: [    0.044902] DMAR: Host address width 39\nFeb 28 06:36:11 wordstream kernel: [    0.044903] DMAR: DRHD base: 0x000000fed90000 flags: 0x1\nFeb 28 06:36:11 wordstream kernel: [    0.044908] DMAR: dmar0: reg_base_addr fed90000 ver 1:0 cap d2008c40660462 ecap f050da\nFeb 28 06:36:11 wordstream kernel: [    0.044909] DMAR: RMRR base: 0x0000008780e000 end: 0x0000008782dfff\nFeb 28 06:36:11 wordstream kernel: [    0.044911] DMAR-IR: IOAPIC id 2 under DRHD base  0xfed90000 IOMMU 0\nFeb 28 06:36:11 wordstream kernel: [    0.044911] DMAR-IR: HPET id 0 under DRHD base 0xfed90000\nFeb 28 06:36:11 wordstream kernel: [    0.044912] DMAR-IR: Queued invalidation will be enabled to support x2apic and Intr-remapping.\nFeb 28 06:36:11 wordstream kernel: [    0.046192] DMAR-IR: Enabled IRQ remapping in x2apic mode\nFeb 28 06:36:11 wordstream kernel: [    0.046193] x2apic enabled\nFeb 28 06:36:11 wordstream kernel: [    0.046203] Switched APIC routing to cluster x2apic.\nFeb 28 06:36:11 wordstream kernel: [    0.050224] ..TIMER: vector=0x30 apic1=0 pin1=2 apic2=-1 pin2=-1\nFeb 28 06:36:11 wordstream kernel: [    0.089924] TSC deadline timer enabled\nFeb 28 06:36:11 wordstream kernel: [    0.089929] smpboot: CPU0: Intel(R) Xeon(R) CPU E3-1230 v6 @ 3.50GHz (family: 0x6, model: 0x9e, stepping: 0x9)\nFeb 28 06:36:11 wordstream kernel: [    0.089940] Performance Events: PEBS fmt3+, generic architected perfmon, full-width counters, Intel PMU driver.\nFeb 28 06:36:11 wordstream kernel: [    0.089944] ... version:                4\nFeb 28 06:36:11 wordstream kernel: [    0.089945] ... bit width:              48\nFeb 28 06:36:11 wordstream kernel: [    0.089945] ... generic registers:      4\nFeb 28 06:36:11 wordstream kernel: [    0.089946] ... value mask:             0000ffffffffffff\nFeb 28 06:36:11 wordstream kernel: [    0.089946] ... max period:             00007fffffffffff\nFeb 28 06:36:11 wordstream kernel: [    0.089947] ... fixed-purpose events:   3\nFeb 28 06:36:11 wordstream kernel: [    0.089947] ... event mask:             000000070000000f\nFeb 28 06:36:11 wordstream kernel: [    0.090512] x86: Booting SMP configuration:\nFeb 28 06:36:11 wordstream kernel: [    0.090513] .... node  #0, CPUs:      #1\nFeb 28 06:36:11 wordstream kernel: [    0.093981] NMI watchdog: enabled on all CPUs, permanently consumes one hw-PMU counter.\nFeb 28 06:36:11 wordstream kernel: [    0.094028]  #2 #3 #4 #5 #6 #7\nFeb 28 06:36:11 wordstream kernel: [    0.114821] x86: Booted up 1 node, 8 CPUs\nFeb 28 06:36:11 wordstream kernel: [    0.114824] smpboot: Total of 8 processors activated (56069.07 BogoMIPS)\nFeb 28 06:36:11 wordstream kernel: [    0.121403] devtmpfs: initialized\nFeb 28 06:36:11 wordstream kernel: [    0.121441] memory block size : 256MB\nFeb 28 06:36:11 wordstream kernel: [    0.124179] evm: security.selinux\nFeb 28 06:36:11 wordstream kernel: [    0.124180] evm: security.SMACK64\nFeb 28 06:36:11 wordstream kernel: [    0.124180] evm: security.SMACK64EXEC\nFeb 28 06:36:11 wordstream kernel: [    0.124181] evm: security.SMACK64TRANSMUTE\nFeb 28 06:36:11 wordstream kernel: [    0.124182] evm: security.SMACK64MMAP\nFeb 28 06:36:11 wordstream kernel: [    0.124182] evm: security.ima\nFeb 28 06:36:11 wordstream kernel: [    0.124183] evm: security.capability\nFeb 28 06:36:11 wordstream kernel: [    0.124220] PM: Registering ACPI NVS region [mem 0x7f431000-0x7f431fff] (4096 bytes)\nFeb 28 06:36:11 wordstream kernel: [    0.124221] PM: Registering ACPI NVS region [mem 0x87ac7000-0x8eb7dfff] (118190080 bytes)\nFeb 28 06:36:11 wordstream kernel: [    0.125108] clocksource: jiffies: mask: 0xffffffff max_cycles: 0xffffffff, max_idle_ns: 7645041785100000 ns\nFeb 28 06:36:11 wordstream kernel: [    0.125117] futex hash table entries: 2048 (order: 5, 131072 bytes)\nFeb 28 06:36:11 wordstream kernel: [    0.125183] pinctrl core: initialized pinctrl subsystem\nFeb 28 06:36:11 wordstream kernel: [    0.125344] RTC time:  5:35:59, date: 02/28/18\nFeb 28 06:36:11 wordstream kernel: [    0.125876] NET: Registered protocol family 16\nFeb 28 06:36:11 wordstream kernel: [    0.145266] cpuidle: using governor ladder\nFeb 28 06:36:11 wordstream kernel: [    0.161275] cpuidle: using governor menu\nFeb 28 06:36:11 wordstream kernel: [    0.161296] PCCT header not found.\nFeb 28 06:36:11 wordstream kernel: [    0.161345] ACPI FADT declares the system doesn't support PCIe ASPM, so disable it\nFeb 28 06:36:11 wordstream kernel: [    0.161346] ACPI: bus type PCI registered\nFeb 28 06:36:11 wordstream kernel: [    0.161347] acpiphp: ACPI Hot Plug PCI Controller Driver version: 0.5\nFeb 28 06:36:11 wordstream kernel: [    0.161406] PCI: MMCONFIG for domain 0000 [bus 00-ff] at [mem 0xe0000000-0xefffffff] (base 0xe0000000)\nFeb 28 06:36:11 wordstream kernel: [    0.161408] PCI: MMCONFIG at [mem 0xe0000000-0xefffffff] reserved in E820\nFeb 28 06:36:11 wordstream kernel: [    0.161413] PCI: Using configuration type 1 for base access\nFeb 28 06:36:11 wordstream kernel: [    0.173513] ACPI: Added _OSI(Module Device)\nFeb 28 06:36:11 wordstream kernel: [    0.173514] ACPI: Added _OSI(Processor Device)\nFeb 28 06:36:11 wordstream kernel: [    0.173515] ACPI: Added _OSI(3.0 _SCP Extensions)\nFeb 28 06:36:11 wordstream kernel: [    0.173516] ACPI: Added _OSI(Processor Aggregator Device)\nFeb 28 06:36:11 wordstream kernel: [    0.178473] ACPI: Executed 22 blocks of module-level executable AML code\nFeb 28 06:36:11 wordstream kernel: [    0.181951] [Firmware Bug]: ACPI: BIOS _OSI(Linux) query ignored\nFeb 28 06:36:11 wordstream kernel: [    0.187918] ACPI: Dynamic OEM Table Load:\nFeb 28 06:36:11 wordstream kernel: [    0.187919] ACPI: PRAD 0x0000000000000000 0000CA (v02 PRADID PRADTID  00000001 INTL 20120913)\nFeb 28 06:36:11 wordstream kernel: [    0.188945] ACPI: Dynamic OEM Table Load:\nFeb 28 06:36:11 wordstream kernel: [    0.188954] ACPI: SSDT 0xFFFF8810281D3000 000705 (v02 PmRef  Cpu0Ist  00003000 INTL 20120913)\nFeb 28 06:36:11 wordstream kernel: [    0.189506] ACPI: \\_PR_.CPU0: _OSC native thermal LVT Acked\nFeb 28 06:36:11 wordstream kernel: [    0.190510] ACPI: Dynamic OEM Table Load:\nFeb 28 06:36:11 wordstream kernel: [    0.190513] ACPI: SSDT 0xFFFF8810281CD000 00037F (v02 PmRef  Cpu0Cst  00003001 INTL 20120913)\nFeb 28 06:36:11 wordstream kernel: [    0.191544] ACPI: Dynamic OEM Table Load:\nFeb 28 06:36:11 wordstream kernel: [    0.191547] ACPI: SSDT 0xFFFF8810281D3800 0005AA (v02 PmRef  ApIst    00003000 INTL 20120913)\nFeb 28 06:36:11 wordstream kernel: [    0.192249] ACPI: Dynamic OEM Table Load:\nFeb 28 06:36:11 wordstream kernel: [    0.192251] ACPI: SSDT 0xFFFF8810281DBA00 000119 (v02 PmRef  ApCst    00003000 INTL 20120913)\nFeb 28 06:36:11 wordstream kernel: [    0.195991] ACPI: Interpreter enabled\nFeb 28 06:36:11 wordstream kernel: [    0.196010] ACPI: (supports S0 S4 S5)\nFeb 28 06:36:11 wordstream kernel: [    0.196011] ACPI: Using IOAPIC for interrupt routing\nFeb 28 06:36:11 wordstream kernel: [    0.196047] HEST: Table parsing has been initialized.\nFeb 28 06:36:11 wordstream kernel: [    0.196048] PCI: Using host bridge windows from ACPI; if necessary, use \"pci=nocrs\" and report a bug\nFeb 28 06:36:11 wordstream kernel: [    0.197183] ACPI: Power Resource [PG00] (on)\nFeb 28 06:36:11 wordstream kernel: [    0.198561] ACPI: Power Resource [WRST] (off)\nFeb 28 06:36:11 wordstream kernel: [    0.198779] ACPI: Power Resource [WRST] (off)\nFeb 28 06:36:11 wordstream kernel: [    0.198999] ACPI: Power Resource [WRST] (off)\nFeb 28 06:36:11 wordstream kernel: [    0.199213] ACPI: Power Resource [WRST] (off)\nFeb 28 06:36:11 wordstream kernel: [    0.199434] ACPI: Power Resource [WRST] (off)\nFeb 28 06:36:11 wordstream kernel: [    0.199649] ACPI: Power Resource [WRST] (off)\nFeb 28 06:36:11 wordstream kernel: [    0.199863] ACPI: Power Resource [WRST] (off)\nFeb 28 06:36:11 wordstream kernel: [    0.200076] ACPI: Power Resource [WRST] (off)\nFeb 28 06:36:11 wordstream kernel: [    0.200289] ACPI: Power Resource [WRST] (off)\nFeb 28 06:36:11 wordstream kernel: [    0.200504] ACPI: Power Resource [WRST] (off)\nFeb 28 06:36:11 wordstream kernel: [    0.200720] ACPI: Power Resource [WRST] (off)\nFeb 28 06:36:11 wordstream kernel: [    0.200932] ACPI: Power Resource [WRST] (off)\nFeb 28 06:36:11 wordstream kernel: [    0.201146] ACPI: Power Resource [WRST] (off)\nFeb 28 06:36:11 wordstream kernel: [    0.201358] ACPI: Power Resource [WRST] (off)\nFeb 28 06:36:11 wordstream kernel: [    0.201570] ACPI: Power Resource [WRST] (off)\nFeb 28 06:36:11 wordstream kernel: [    0.201786] ACPI: Power Resource [WRST] (off)\nFeb 28 06:36:11 wordstream kernel: [    0.202001] ACPI: Power Resource [WRST] (off)\nFeb 28 06:36:11 wordstream kernel: [    0.202215] ACPI: Power Resource [WRST] (off)\nFeb 28 06:36:11 wordstream kernel: [    0.202428] ACPI: Power Resource [WRST] (off)\nFeb 28 06:36:11 wordstream kernel: [    0.202639] ACPI: Power Resource [WRST] (off)\nFeb 28 06:36:11 wordstream kernel: [    0.202791] ACPI: Power Resource [PG01] (on)\nFeb 28 06:36:11 wordstream kernel: [    0.207970] ACPI: PCI Root Bridge [PCI0] (domain 0000 [bus 00-fe])\nFeb 28 06:36:11 wordstream kernel: [    0.207974] acpi PNP0A08:00: _OSC: OS supports [ExtendedConfig ASPM ClockPM Segments MSI]\nFeb 28 06:36:11 wordstream kernel: [    0.208679] acpi PNP0A08:00: _OSC: platform does not support [AER]\nFeb 28 06:36:11 wordstream kernel: [    0.209537] acpi PNP0A08:00: _OSC: OS now controls [PCIeHotplug PME PCIeCapability]\nFeb 28 06:36:11 wordstream kernel: [    0.209538] acpi PNP0A08:00: FADT indicates ASPM is unsupported, using BIOS configuration\nFeb 28 06:36:11 wordstream kernel: [    0.209964] PCI host bridge to bus 0000:00\nFeb 28 06:36:11 wordstream kernel: [    0.209966] pci_bus 0000:00: root bus resource [io  0x0000-0x0cf7 window]\nFeb 28 06:36:11 wordstream kernel: [    0.209967] pci_bus 0000:00: root bus resource [io  0x0d00-0xffff window]\nFeb 28 06:36:11 wordstream kernel: [    0.209968] pci_bus 0000:00: root bus resource [mem 0x000a0000-0x000bffff window]\nFeb 28 06:36:11 wordstream kernel: [    0.209969] pci_bus 0000:00: root bus resource [mem 0x90000000-0xdfffffff window]\nFeb 28 06:36:11 wordstream kernel: [    0.209970] pci_bus 0000:00: root bus resource [mem 0xfd000000-0xfe7fffff window]\nFeb 28 06:36:11 wordstream kernel: [    0.209971] pci_bus 0000:00: root bus resource [bus 00-fe]\nFeb 28 06:36:11 wordstream kernel: [    0.209975] pci 0000:00:00.0: [8086:5918] type 00 class 0x060000\nFeb 28 06:36:11 wordstream kernel: [    0.210240] pci 0000:00:14.0: [8086:a12f] type 00 class 0x0c0330\nFeb 28 06:36:11 wordstream kernel: [    0.210263] pci 0000:00:14.0: reg 0x10: [mem 0xdfa00000-0xdfa0ffff 64bit]\nFeb 28 06:36:11 wordstream kernel: [    0.210310] pci 0000:00:14.0: PME# supported from D3hot D3cold\nFeb 28 06:36:11 wordstream kernel: [    0.210428] pci 0000:00:14.0: System wakeup disabled by ACPI\nFeb 28 06:36:11 wordstream kernel: [    0.210464] pci 0000:00:14.2: [8086:a131] type 00 class 0x118000\nFeb 28 06:36:11 wordstream kernel: [    0.210486] pci 0000:00:14.2: reg 0x10: [mem 0xdfa21000-0xdfa21fff 64bit]\nFeb 28 06:36:11 wordstream kernel: [    0.210611] pci 0000:00:16.0: [8086:a13a] type 00 class 0x078000\nFeb 28 06:36:11 wordstream kernel: [    0.210642] pci 0000:00:16.0: reg 0x10: [mem 0xdfa20000-0xdfa20fff 64bit]\nFeb 28 06:36:11 wordstream kernel: [    0.210704] pci 0000:00:16.0: PME# supported from D3hot\nFeb 28 06:36:11 wordstream kernel: [    0.210791] pci 0000:00:16.1: [8086:a13b] type 00 class 0x078000\nFeb 28 06:36:11 wordstream kernel: [    0.210821] pci 0000:00:16.1: reg 0x10: [mem 0xdfa1f000-0xdfa1ffff 64bit]\nFeb 28 06:36:11 wordstream kernel: [    0.210883] pci 0000:00:16.1: PME# supported from D3hot\nFeb 28 06:36:11 wordstream kernel: [    0.210976] pci 0000:00:17.0: [8086:a102] type 00 class 0x010601\nFeb 28 06:36:11 wordstream kernel: [    0.210994] pci 0000:00:17.0: reg 0x10: [mem 0xdfa10000-0xdfa11fff]\nFeb 28 06:36:11 wordstream kernel: [    0.211000] pci 0000:00:17.0: reg 0x14: [mem 0xdfa1e000-0xdfa1e0ff]\nFeb 28 06:36:11 wordstream kernel: [    0.211006] pci 0000:00:17.0: reg 0x18: [io  0xf050-0xf057]\nFeb 28 06:36:11 wordstream kernel: [    0.211012] pci 0000:00:17.0: reg 0x1c: [io  0xf040-0xf043]\nFeb 28 06:36:11 wordstream kernel: [    0.211017] pci 0000:00:17.0: reg 0x20: [io  0xf020-0xf03f]\nFeb 28 06:36:11 wordstream kernel: [    0.211023] pci 0000:00:17.0: reg 0x24: [mem 0xdfa1d000-0xdfa1d7ff]\nFeb 28 06:36:11 wordstream kernel: [    0.211048] pci 0000:00:17.0: PME# supported from D3hot\nFeb 28 06:36:11 wordstream kernel: [    0.211146] pci 0000:00:1c.0: [8086:a114] type 01 class 0x060400\nFeb 28 06:36:11 wordstream kernel: [    0.211192] pci 0000:00:1c.0: PME# supported from D0 D3hot D3cold\nFeb 28 06:36:11 wordstream kernel: [    0.211269] pci 0000:00:1c.0: System wakeup disabled by ACPI\nFeb 28 06:36:11 wordstream kernel: [    0.211313] pci 0000:00:1c.5: [8086:a115] type 01 class 0x060400\nFeb 28 06:36:11 wordstream kernel: [    0.211359] pci 0000:00:1c.5: PME# supported from D0 D3hot D3cold\nFeb 28 06:36:11 wordstream kernel: [    0.211433] pci 0000:00:1c.5: System wakeup disabled by ACPI\nFeb 28 06:36:11 wordstream kernel: [    0.211465] pci 0000:00:1c.6: [8086:a116] type 01 class 0x060400\nFeb 28 06:36:11 wordstream kernel: [    0.211511] pci 0000:00:1c.6: PME# supported from D0 D3hot D3cold\nFeb 28 06:36:11 wordstream kernel: [    0.211585] pci 0000:00:1c.6: System wakeup disabled by ACPI\nFeb 28 06:36:11 wordstream kernel: [    0.211624] pci 0000:00:1f.0: [8086:a149] type 00 class 0x060100\nFeb 28 06:36:11 wordstream kernel: [    0.211798] pci 0000:00:1f.2: [8086:a121] type 00 class 0x058000\nFeb 28 06:36:11 wordstream kernel: [    0.211809] pci 0000:00:1f.2: reg 0x10: [mem 0xdfa18000-0xdfa1bfff]\nFeb 28 06:36:11 wordstream kernel: [    0.211935] pci 0000:00:1f.4: [8086:a123] type 00 class 0x0c0500\nFeb 28 06:36:11 wordstream kernel: [    0.211950] pci 0000:00:1f.4: reg 0x10: [mem 0xdfa1c000-0xdfa1c0ff 64bit]\nFeb 28 06:36:11 wordstream kernel: [    0.211970] pci 0000:00:1f.4: reg 0x20: [io  0xf000-0xf01f]\nFeb 28 06:36:11 wordstream kernel: [    0.212125] pci 0000:01:00.0: [102b:0522] type 00 class 0x030000\nFeb 28 06:36:11 wordstream kernel: [    0.212164] pci 0000:01:00.0: reg 0x10: [mem 0xde000000-0xdeffffff pref]\nFeb 28 06:36:11 wordstream kernel: [    0.212176] pci 0000:01:00.0: reg 0x14: [mem 0xdf820000-0xdf823fff]\nFeb 28 06:36:11 wordstream kernel: [    0.212188] pci 0000:01:00.0: reg 0x18: [mem 0xdf000000-0xdf7fffff]\nFeb 28 06:36:11 wordstream kernel: [    0.212316] pci 0000:01:00.0: System wakeup disabled by ACPI\nFeb 28 06:36:11 wordstream kernel: [    0.212349] pci 0000:01:00.1: [19a2:0800] type 00 class 0x0b4000\nFeb 28 06:36:11 wordstream kernel: [    0.212368] pci 0000:01:00.1: reg 0x10: [mem 0xdf800000-0xdf81ffff]\nFeb 28 06:36:11 wordstream kernel: [    0.212380] pci 0000:01:00.1: reg 0x14: [mem 0xdf824000-0xdf8240ff]\nFeb 28 06:36:11 wordstream kernel: [    0.212487] pci 0000:00:1c.0: PCI bridge to [bus 01]\nFeb 28 06:36:11 wordstream kernel: [    0.212490] pci 0000:00:1c.0:   bridge window [mem 0xde000000-0xdf8fffff]\nFeb 28 06:36:11 wordstream kernel: [    0.212554] pci 0000:03:00.0: [8086:1533] type 00 class 0x020000\nFeb 28 06:36:11 wordstream kernel: [    0.212596] pci 0000:03:00.0: reg 0x10: [mem 0xdf900000-0xdf97ffff]\nFeb 28 06:36:11 wordstream kernel: [    0.212619] pci 0000:03:00.0: reg 0x18: [io  0xe000-0xe01f]\nFeb 28 06:36:11 wordstream kernel: [    0.212631] pci 0000:03:00.0: reg 0x1c: [mem 0xdf980000-0xdf983fff]\nFeb 28 06:36:11 wordstream kernel: [    0.212724] pci 0000:03:00.0: PME# supported from D0 D3hot D3cold\nFeb 28 06:36:11 wordstream kernel: [    0.212784] pci 0000:03:00.0: System wakeup disabled by ACPI\nFeb 28 06:36:11 wordstream kernel: [    0.219038] pci 0000:00:1c.5: PCI bridge to [bus 03]\nFeb 28 06:36:11 wordstream kernel: [    0.219040] pci 0000:00:1c.5:   bridge window [io  0xe000-0xefff]\nFeb 28 06:36:11 wordstream kernel: [    0.219042] pci 0000:00:1c.5:   bridge window [mem 0xdf900000-0xdf9fffff]\nFeb 28 06:36:11 wordstream kernel: [    0.219088] pci 0000:00:1c.6: PCI bridge to [bus 02]\nFeb 28 06:36:11 wordstream kernel: [    0.220449] ACPI: PCI Interrupt Link [LNKA] (IRQs 3 4 5 6 10 *11 12 14 15)\nFeb 28 06:36:11 wordstream kernel: [    0.220496] ACPI: PCI Interrupt Link [LNKB] (IRQs 3 4 5 6 *10 11 12 14 15)\nFeb 28 06:36:11 wordstream kernel: [    0.220542] ACPI: PCI Interrupt Link [LNKC] (IRQs 3 4 5 6 10 *11 12 14 15)\nFeb 28 06:36:11 wordstream kernel: [    0.220587] ACPI: PCI Interrupt Link [LNKD] (IRQs 3 4 5 6 10 *11 12 14 15)\nFeb 28 06:36:11 wordstream kernel: [    0.220633] ACPI: PCI Interrupt Link [LNKE] (IRQs 3 4 5 6 10 *11 12 14 15)\nFeb 28 06:36:11 wordstream kernel: [    0.220680] ACPI: PCI Interrupt Link [LNKF] (IRQs 3 4 5 6 10 *11 12 14 15)\nFeb 28 06:36:11 wordstream kernel: [    0.220727] ACPI: PCI Interrupt Link [LNKG] (IRQs 3 4 5 6 10 *11 12 14 15)\nFeb 28 06:36:11 wordstream kernel: [    0.220774] ACPI: PCI Interrupt Link [LNKH] (IRQs 3 4 5 6 10 *11 12 14 15)\nFeb 28 06:36:11 wordstream kernel: [    0.220986] ACPI: Enabled 5 GPEs in block 00 to 7F\nFeb 28 06:36:11 wordstream kernel: [    0.221199] vgaarb: setting as boot device: PCI:0000:01:00.0\nFeb 28 06:36:11 wordstream kernel: [    0.221201] vgaarb: device added: PCI:0000:01:00.0,decodes=io+mem,owns=io+mem,locks=none\nFeb 28 06:36:11 wordstream kernel: [    0.221201] vgaarb: loaded\nFeb 28 06:36:11 wordstream kernel: [    0.221202] vgaarb: bridge control possible 0000:01:00.0\nFeb 28 06:36:11 wordstream kernel: [    0.221326] SCSI subsystem initialized\nFeb 28 06:36:11 wordstream kernel: [    0.221345] libata version 3.00 loaded.\nFeb 28 06:36:11 wordstream kernel: [    0.221358] ACPI: bus type USB registered\nFeb 28 06:36:11 wordstream kernel: [    0.221367] usbcore: registered new interface driver usbfs\nFeb 28 06:36:11 wordstream kernel: [    0.221371] usbcore: registered new interface driver hub\nFeb 28 06:36:11 wordstream kernel: [    0.221383] usbcore: registered new device driver usb\nFeb 28 06:36:11 wordstream kernel: [    0.221463] PCI: Using ACPI for IRQ routing\nFeb 28 06:36:11 wordstream kernel: [    0.249482] PCI: pci_cache_line_size set to 64 bytes\nFeb 28 06:36:11 wordstream kernel: [    0.249520] e820: reserve RAM buffer [mem 0x0009c400-0x0009ffff]\nFeb 28 06:36:11 wordstream kernel: [    0.249520] e820: reserve RAM buffer [mem 0x7f431000-0x7fffffff]\nFeb 28 06:36:11 wordstream kernel: [    0.249521] e820: reserve RAM buffer [mem 0x877ec000-0x87ffffff]\nFeb 28 06:36:11 wordstream kernel: [    0.249522] e820: reserve RAM buffer [mem 0x8f000000-0x8fffffff]\nFeb 28 06:36:11 wordstream kernel: [    0.249590] NetLabel: Initializing\nFeb 28 06:36:11 wordstream kernel: [    0.249591] NetLabel:  domain hash size = 128\nFeb 28 06:36:11 wordstream kernel: [    0.249591] NetLabel:  protocols = UNLABELED CIPSOv4\nFeb 28 06:36:11 wordstream kernel: [    0.249598] NetLabel:  unlabeled traffic allowed by default\nFeb 28 06:36:11 wordstream kernel: [    0.249681] hpet0: at MMIO 0xfed00000, IRQs 2, 8, 0, 0, 0, 0, 0, 0\nFeb 28 06:36:11 wordstream kernel: [    0.249684] hpet0: 8 comparators, 64-bit 24.000000 MHz counter\nFeb 28 06:36:11 wordstream kernel: [    0.251715] amd_nb: Cannot enumerate AMD northbridges\nFeb 28 06:36:11 wordstream kernel: [    0.251738] clocksource: Switched to clocksource hpet\nFeb 28 06:36:11 wordstream kernel: [    0.255501] AppArmor: AppArmor Filesystem Enabled\nFeb 28 06:36:11 wordstream kernel: [    0.255531] pnp: PnP ACPI init\nFeb 28 06:36:11 wordstream kernel: [    0.255627] pnp 00:00: Plug and Play ACPI device, IDs PNP0303 (active)\nFeb 28 06:36:11 wordstream kernel: [    0.255691] pnp 00:01: Plug and Play ACPI device, IDs PNP0f03 (active)\nFeb 28 06:36:11 wordstream kernel: [    0.255780] system 00:02: Plug and Play ACPI device, IDs PNP0c02 (active)\nFeb 28 06:36:11 wordstream kernel: [    0.256018] pnp 00:03: [dma 0 disabled]\nFeb 28 06:36:11 wordstream kernel: [    0.256043] pnp 00:03: Plug and Play ACPI device, IDs PNP0501 (active)\nFeb 28 06:36:11 wordstream kernel: [    0.256108] system 00:04: [io  0x0400-0x041f] has been reserved\nFeb 28 06:36:11 wordstream kernel: [    0.256109] system 00:04: [io  0x0680-0x069f] has been reserved\nFeb 28 06:36:11 wordstream kernel: [    0.256110] system 00:04: [io  0xffff] has been reserved\nFeb 28 06:36:11 wordstream kernel: [    0.256111] system 00:04: [io  0xffff] has been reserved\nFeb 28 06:36:11 wordstream kernel: [    0.256112] system 00:04: [io  0xffff] has been reserved\nFeb 28 06:36:11 wordstream kernel: [    0.256113] system 00:04: [io  0x1800-0x18fe] could not be reserved\nFeb 28 06:36:11 wordstream kernel: [    0.256113] system 00:04: [io  0x164e-0x164f] has been reserved\nFeb 28 06:36:11 wordstream kernel: [    0.256115] system 00:04: Plug and Play ACPI device, IDs PNP0c02 (active)\nFeb 28 06:36:11 wordstream kernel: [    0.256159] system 00:05: [io  0x0800-0x087f] has been reserved\nFeb 28 06:36:11 wordstream kernel: [    0.256160] system 00:05: Plug and Play ACPI device, IDs PNP0c02 (active)\nFeb 28 06:36:11 wordstream kernel: [    0.256173] pnp 00:06: Plug and Play ACPI device, IDs PNP0b00 (active)\nFeb 28 06:36:11 wordstream kernel: [    0.256195] system 00:07: [io  0x1854-0x1857] has been reserved\nFeb 28 06:36:11 wordstream kernel: [    0.256196] system 00:07: Plug and Play ACPI device, IDs INT3f0d PNP0c02 (active)\nFeb 28 06:36:11 wordstream kernel: [    0.256369] system 00:08: [mem 0xfed10000-0xfed17fff] has been reserved\nFeb 28 06:36:11 wordstream kernel: [    0.256370] system 00:08: [mem 0xfed18000-0xfed18fff] has been reserved\nFeb 28 06:36:11 wordstream kernel: [    0.256371] system 00:08: [mem 0xfed19000-0xfed19fff] has been reserved\nFeb 28 06:36:11 wordstream kernel: [    0.256372] system 00:08: [mem 0xe0000000-0xefffffff] has been reserved\nFeb 28 06:36:11 wordstream kernel: [    0.256373] system 00:08: [mem 0xfed20000-0xfed3ffff] has been reserved\nFeb 28 06:36:11 wordstream kernel: [    0.256374] system 00:08: [mem 0xfed90000-0xfed93fff] could not be reserved\nFeb 28 06:36:11 wordstream kernel: [    0.256375] system 00:08: [mem 0xfed45000-0xfed8ffff] has been reserved\nFeb 28 06:36:11 wordstream kernel: [    0.256376] system 00:08: [mem 0xff000000-0xffffffff] has been reserved\nFeb 28 06:36:11 wordstream kernel: [    0.256377] system 00:08: [mem 0xfee00000-0xfeefffff] could not be reserved\nFeb 28 06:36:11 wordstream kernel: [    0.256378] system 00:08: [mem 0xdffe0000-0xdfffffff] has been reserved\nFeb 28 06:36:11 wordstream kernel: [    0.256379] system 00:08: Plug and Play ACPI device, IDs PNP0c02 (active)\nFeb 28 06:36:11 wordstream kernel: [    0.256403] system 00:09: [mem 0xfd000000-0xfdabffff] has been reserved\nFeb 28 06:36:11 wordstream kernel: [    0.256404] system 00:09: [mem 0xfdad0000-0xfdadffff] has been reserved\nFeb 28 06:36:11 wordstream kernel: [    0.256405] system 00:09: [mem 0xfdb00000-0xfdffffff] has been reserved\nFeb 28 06:36:11 wordstream kernel: [    0.256406] system 00:09: [mem 0xfe000000-0xfe01ffff] could not be reserved\nFeb 28 06:36:11 wordstream kernel: [    0.256407] system 00:09: [mem 0xfe036000-0xfe03bfff] has been reserved\nFeb 28 06:36:11 wordstream kernel: [    0.256408] system 00:09: [mem 0xfe03d000-0xfe3fffff] has been reserved\nFeb 28 06:36:11 wordstream kernel: [    0.256409] system 00:09: [mem 0xfe410000-0xfe7fffff] has been reserved\nFeb 28 06:36:11 wordstream kernel: [    0.256410] system 00:09: Plug and Play ACPI device, IDs PNP0c02 (active)\nFeb 28 06:36:11 wordstream kernel: [    0.256550] system 00:0a: [io  0xff00-0xfffe] has been reserved\nFeb 28 06:36:11 wordstream kernel: [    0.256552] system 00:0a: Plug and Play ACPI device, IDs PNP0c02 (active)\nFeb 28 06:36:11 wordstream kernel: [    0.257062] system 00:0b: Plug and Play ACPI device, IDs PNP0c02 (active)\nFeb 28 06:36:11 wordstream kernel: [    0.257538] pnp: PnP ACPI: found 12 devices\nFeb 28 06:36:11 wordstream kernel: [    0.265810] clocksource: acpi_pm: mask: 0xffffff max_cycles: 0xffffff, max_idle_ns: 2085701024 ns\nFeb 28 06:36:11 wordstream kernel: [    0.265831] pci 0000:00:1c.0: PCI bridge to [bus 01]\nFeb 28 06:36:11 wordstream kernel: [    0.265834] pci 0000:00:1c.0:   bridge window [mem 0xde000000-0xdf8fffff]\nFeb 28 06:36:11 wordstream kernel: [    0.265839] pci 0000:00:1c.5: PCI bridge to [bus 03]\nFeb 28 06:36:11 wordstream kernel: [    0.265840] pci 0000:00:1c.5:   bridge window [io  0xe000-0xefff]\nFeb 28 06:36:11 wordstream kernel: [    0.265843] pci 0000:00:1c.5:   bridge window [mem 0xdf900000-0xdf9fffff]\nFeb 28 06:36:11 wordstream kernel: [    0.265847] pci 0000:00:1c.6: PCI bridge to [bus 02]\nFeb 28 06:36:11 wordstream kernel: [    0.265854] pci_bus 0000:00: resource 4 [io  0x0000-0x0cf7 window]\nFeb 28 06:36:11 wordstream kernel: [    0.265855] pci_bus 0000:00: resource 5 [io  0x0d00-0xffff window]\nFeb 28 06:36:11 wordstream kernel: [    0.265855] pci_bus 0000:00: resource 6 [mem 0x000a0000-0x000bffff window]\nFeb 28 06:36:11 wordstream kernel: [    0.265856] pci_bus 0000:00: resource 7 [mem 0x90000000-0xdfffffff window]\nFeb 28 06:36:11 wordstream kernel: [    0.265857] pci_bus 0000:00: resource 8 [mem 0xfd000000-0xfe7fffff window]\nFeb 28 06:36:11 wordstream kernel: [    0.265858] pci_bus 0000:01: resource 1 [mem 0xde000000-0xdf8fffff]\nFeb 28 06:36:11 wordstream kernel: [    0.265859] pci_bus 0000:03: resource 0 [io  0xe000-0xefff]\nFeb 28 06:36:11 wordstream kernel: [    0.265860] pci_bus 0000:03: resource 1 [mem 0xdf900000-0xdf9fffff]\nFeb 28 06:36:11 wordstream kernel: [    0.265878] NET: Registered protocol family 2\nFeb 28 06:36:11 wordstream kernel: [    0.266044] TCP established hash table entries: 524288 (order: 10, 4194304 bytes)\nFeb 28 06:36:11 wordstream kernel: [    0.266438] TCP bind hash table entries: 65536 (order: 8, 1048576 bytes)\nFeb 28 06:36:11 wordstream kernel: [    0.266519] TCP: Hash tables configured (established 524288 bind 65536)\nFeb 28 06:36:11 wordstream kernel: [    0.266553] UDP hash table entries: 32768 (order: 8, 1048576 bytes)\nFeb 28 06:36:11 wordstream kernel: [    0.266660] UDP-Lite hash table entries: 32768 (order: 8, 1048576 bytes)\nFeb 28 06:36:11 wordstream kernel: [    0.266772] NET: Registered protocol family 1\nFeb 28 06:36:11 wordstream kernel: [    0.266948] pci 0000:01:00.0: Video device with shadowed ROM\nFeb 28 06:36:11 wordstream kernel: [    0.266954] PCI: CLS 0 bytes, default 64\nFeb 28 06:36:11 wordstream kernel: [    0.266980] Unpacking initramfs...\nFeb 28 06:36:11 wordstream kernel: [    0.483629] Freeing initrd memory: 21868K\nFeb 28 06:36:11 wordstream kernel: [    0.483652] PCI-DMA: Using software bounce buffering for IO (SWIOTLB)\nFeb 28 06:36:11 wordstream kernel: [    0.483654] software IO TLB [mem 0x837ec000-0x877ec000] (64MB) mapped at [ffff8800837ec000-ffff8800877ebfff]\nFeb 28 06:36:11 wordstream kernel: [    0.483871] Scanning for low memory corruption every 60 seconds\nFeb 28 06:36:11 wordstream kernel: [    0.484203] audit: initializing netlink subsys (disabled)\nFeb 28 06:36:11 wordstream kernel: [    0.484211] audit: type=2000 audit(1519796159.488:1): initialized\nFeb 28 06:36:11 wordstream kernel: [    0.484423] Initialise system trusted keyring\nFeb 28 06:36:11 wordstream kernel: [    0.484687] HugeTLB registered 1 GB page size, pre-allocated 0 pages\nFeb 28 06:36:11 wordstream kernel: [    0.484688] HugeTLB registered 2 MB page size, pre-allocated 0 pages\nFeb 28 06:36:11 wordstream kernel: [    0.485544] zbud: loaded\nFeb 28 06:36:11 wordstream kernel: [    0.485719] VFS: Disk quotas dquot_6.6.0\nFeb 28 06:36:11 wordstream kernel: [    0.485738] VFS: Dquot-cache hash table entries: 512 (order 0, 4096 bytes)\nFeb 28 06:36:11 wordstream kernel: [    0.485890] squashfs: version 4.0 (2009/01/31) Phillip Lougher\nFeb 28 06:36:11 wordstream kernel: [    0.486067] fuse init (API version 7.23)\nFeb 28 06:36:11 wordstream kernel: [    0.486168] Key type big_key registered\nFeb 28 06:36:11 wordstream kernel: [    0.486179] Allocating IMA MOK and blacklist keyrings.\nFeb 28 06:36:11 wordstream kernel: [    0.487309] Key type asymmetric registered\nFeb 28 06:36:11 wordstream kernel: [    0.487311] Asymmetric key parser 'x509' registered\nFeb 28 06:36:11 wordstream kernel: [    0.487335] Block layer SCSI generic (bsg) driver version 0.4 loaded (major 249)\nFeb 28 06:36:11 wordstream kernel: [    0.487443] io scheduler noop registered\nFeb 28 06:36:11 wordstream kernel: [    0.487445] io scheduler deadline registered (default)\nFeb 28 06:36:11 wordstream kernel: [    0.487463] io scheduler cfq registered\nFeb 28 06:36:11 wordstream kernel: [    0.488103] pcieport 0000:00:1c.0: Signaling PME through PCIe PME interrupt\nFeb 28 06:36:11 wordstream kernel: [    0.488104] pci 0000:01:00.0: Signaling PME through PCIe PME interrupt\nFeb 28 06:36:11 wordstream kernel: [    0.488105] pci 0000:01:00.1: Signaling PME through PCIe PME interrupt\nFeb 28 06:36:11 wordstream kernel: [    0.488117] pcie_pme 0000:00:1c.0:pcie01: service driver pcie_pme loaded\nFeb 28 06:36:11 wordstream kernel: [    0.488130] pcieport 0000:00:1c.5: Signaling PME through PCIe PME interrupt\nFeb 28 06:36:11 wordstream kernel: [    0.488130] pci 0000:03:00.0: Signaling PME through PCIe PME interrupt\nFeb 28 06:36:11 wordstream kernel: [    0.488136] pcie_pme 0000:00:1c.5:pcie01: service driver pcie_pme loaded\nFeb 28 06:36:11 wordstream kernel: [    0.488149] pcieport 0000:00:1c.6: Signaling PME through PCIe PME interrupt\nFeb 28 06:36:11 wordstream kernel: [    0.488154] pcie_pme 0000:00:1c.6:pcie01: service driver pcie_pme loaded\nFeb 28 06:36:11 wordstream kernel: [    0.488158] pci_hotplug: PCI Hot Plug PCI Core version: 0.5\nFeb 28 06:36:11 wordstream kernel: [    0.488162] pciehp: PCI Express Hot Plug Controller Driver version: 0.4\nFeb 28 06:36:11 wordstream kernel: [    0.488181] vesafb: mode is 640x480x32, linelength=2560, pages=0\nFeb 28 06:36:11 wordstream kernel: [    0.488181] vesafb: scrolling: redraw\nFeb 28 06:36:11 wordstream kernel: [    0.488182] vesafb: Truecolor: size=8:8:8:8, shift=24:16:8:0\nFeb 28 06:36:11 wordstream kernel: [    0.488189] vesafb: framebuffer at 0xde000000, mapped to 0xffffc90006a00000, using 1216k, total 1216k\nFeb 28 06:36:11 wordstream kernel: [    0.488254] Console: switching to colour frame buffer device 80x30\nFeb 28 06:36:11 wordstream kernel: [    0.488259] fb0: VESA VGA frame buffer device\nFeb 28 06:36:11 wordstream kernel: [    0.488270] intel_idle: MWAIT substates: 0x142120\nFeb 28 06:36:11 wordstream kernel: [    0.488271] intel_idle: v0.4.1 model 0x9E\nFeb 28 06:36:11 wordstream kernel: [    0.488271] intel_idle: lapic_timer_reliable_states 0xffffffff\nFeb 28 06:36:11 wordstream kernel: [    0.488663] input: Power Button as /devices/LNXSYSTM:00/LNXSYBUS:00/PNP0C0C:00/input/input0\nFeb 28 06:36:11 wordstream kernel: [    0.488665] ACPI: Power Button [PWRB]\nFeb 28 06:36:11 wordstream kernel: [    0.488685] input: Power Button as /devices/LNXSYSTM:00/LNXPWRBN:00/input/input1\nFeb 28 06:36:11 wordstream kernel: [    0.488686] ACPI: Power Button [PWRF]\nFeb 28 06:36:11 wordstream kernel: [    0.489026] ERST: Error Record Serialization Table (ERST) support is initialized.\nFeb 28 06:36:11 wordstream kernel: [    0.489028] pstore: Registered erst as persistent store backend\nFeb 28 06:36:11 wordstream kernel: [    0.489070] GHES: APEI firmware first mode is enabled by APEI bit and WHEA _OSC.\nFeb 28 06:36:11 wordstream kernel: [    0.489165] Serial: 8250/16550 driver, 32 ports, IRQ sharing enabled\nFeb 28 06:36:11 wordstream kernel: [    0.509815] 00:03: ttyS0 at I/O 0x3f8 (irq = 4, base_baud = 115200) is a 16550A\nFeb 28 06:36:11 wordstream kernel: [    0.512426] Linux agpgart interface v0.103\nFeb 28 06:36:11 wordstream kernel: [    0.515975] loop: module loaded\nFeb 28 06:36:11 wordstream kernel: [    0.516109] libphy: Fixed MDIO Bus: probed\nFeb 28 06:36:11 wordstream kernel: [    0.516112] tun: Universal TUN/TAP device driver, 1.6\nFeb 28 06:36:11 wordstream kernel: [    0.516112] tun: (C) 1999-2004 Max Krasnyansky <maxk@qualcomm.com>\nFeb 28 06:36:11 wordstream kernel: [    0.516231] PPP generic driver version 2.4.2\nFeb 28 06:36:11 wordstream kernel: [    0.516356] ehci_hcd: USB 2.0 'Enhanced' Host Controller (EHCI) Driver\nFeb 28 06:36:11 wordstream kernel: [    0.516361] ehci-pci: EHCI PCI platform driver\nFeb 28 06:36:11 wordstream kernel: [    0.516367] ehci-platform: EHCI generic platform driver\nFeb 28 06:36:11 wordstream kernel: [    0.516374] ohci_hcd: USB 1.1 'Open' Host Controller (OHCI) Driver\nFeb 28 06:36:11 wordstream kernel: [    0.516377] ohci-pci: OHCI PCI platform driver\nFeb 28 06:36:11 wordstream kernel: [    0.516383] ohci-platform: OHCI generic platform driver\nFeb 28 06:36:11 wordstream kernel: [    0.516388] uhci_hcd: USB Universal Host Controller Interface driver\nFeb 28 06:36:11 wordstream kernel: [    0.516497] xhci_hcd 0000:00:14.0: xHCI Host Controller\nFeb 28 06:36:11 wordstream kernel: [    0.516501] xhci_hcd 0000:00:14.0: new USB bus registered, assigned bus number 1\nFeb 28 06:36:11 wordstream kernel: [    0.517594] xhci_hcd 0000:00:14.0: hcc params 0x200077c1 hci version 0x100 quirks 0x00109810\nFeb 28 06:36:11 wordstream kernel: [    0.517598] xhci_hcd 0000:00:14.0: cache line size of 64 is not supported\nFeb 28 06:36:11 wordstream kernel: [    0.517664] usb usb1: New USB device found, idVendor=1d6b, idProduct=0002\nFeb 28 06:36:11 wordstream kernel: [    0.517665] usb usb1: New USB device strings: Mfr=3, Product=2, SerialNumber=1\nFeb 28 06:36:11 wordstream kernel: [    0.517666] usb usb1: Product: xHCI Host Controller\nFeb 28 06:36:11 wordstream kernel: [    0.517667] usb usb1: Manufacturer: Linux 4.4.0-112-generic xhci-hcd\nFeb 28 06:36:11 wordstream kernel: [    0.517667] usb usb1: SerialNumber: 0000:00:14.0\nFeb 28 06:36:11 wordstream kernel: [    0.517818] hub 1-0:1.0: USB hub found\nFeb 28 06:36:11 wordstream kernel: [    0.517843] hub 1-0:1.0: 16 ports detected\nFeb 28 06:36:11 wordstream kernel: [    0.518925] xhci_hcd 0000:00:14.0: xHCI Host Controller\nFeb 28 06:36:11 wordstream kernel: [    0.518927] xhci_hcd 0000:00:14.0: new USB bus registered, assigned bus number 2\nFeb 28 06:36:11 wordstream kernel: [    0.518948] usb usb2: New USB device found, idVendor=1d6b, idProduct=0003\nFeb 28 06:36:11 wordstream kernel: [    0.518949] usb usb2: New USB device strings: Mfr=3, Product=2, SerialNumber=1\nFeb 28 06:36:11 wordstream kernel: [    0.518950] usb usb2: Product: xHCI Host Controller\nFeb 28 06:36:11 wordstream kernel: [    0.518951] usb usb2: Manufacturer: Linux 4.4.0-112-generic xhci-hcd\nFeb 28 06:36:11 wordstream kernel: [    0.518952] usb usb2: SerialNumber: 0000:00:14.0\nFeb 28 06:36:11 wordstream kernel: [    0.519097] hub 2-0:1.0: USB hub found\nFeb 28 06:36:11 wordstream kernel: [    0.519118] hub 2-0:1.0: 10 ports detected\nFeb 28 06:36:11 wordstream kernel: [    0.519562] usb: port power management may be unreliable\nFeb 28 06:36:11 wordstream kernel: [    0.520122] i8042: PNP: PS/2 Controller [PNP0303:PS2K,PNP0f03:PS2M] at 0x60,0x64 irq 1,12\nFeb 28 06:36:11 wordstream kernel: [    1.367822] usb 1-11: new full-speed USB device number 2 using xhci_hcd\nFeb 28 06:36:11 wordstream kernel: [    1.483912] tsc: Refined TSC clocksource calibration: 3504.031 MHz\nFeb 28 06:36:11 wordstream kernel: [    1.483914] clocksource: tsc: mask: 0xffffffffffffffff max_cycles: 0x328230d0fef, max_idle_ns: 440795269223 ns\nFeb 28 06:36:11 wordstream kernel: [    1.500449] usb 1-11: not running at top speed; connect to a high speed hub\nFeb 28 06:36:11 wordstream kernel: [    1.502003] usb 1-11: New USB device found, idVendor=046b, idProduct=ff10\nFeb 28 06:36:11 wordstream kernel: [    1.502005] usb 1-11: New USB device strings: Mfr=1, Product=2, SerialNumber=0\nFeb 28 06:36:11 wordstream kernel: [    1.502006] usb 1-11: Product: Virtual Keyboard and Mouse\nFeb 28 06:36:11 wordstream kernel: [    1.502006] usb 1-11: Manufacturer: American Megatrends Inc.\nFeb 28 06:36:11 wordstream kernel: [    1.792876] i8042: No controller found\nFeb 28 06:36:11 wordstream kernel: [    1.793098] mousedev: PS/2 mouse device common for all mice\nFeb 28 06:36:11 wordstream kernel: [    1.793396] rtc_cmos 00:06: RTC can wake from S4\nFeb 28 06:36:11 wordstream kernel: [    1.793810] rtc_cmos 00:06: rtc core: registered rtc_cmos as rtc0\nFeb 28 06:36:11 wordstream kernel: [    1.793890] rtc_cmos 00:06: alarms up to one month, y3k, 242 bytes nvram, hpet irqs\nFeb 28 06:36:11 wordstream kernel: [    1.793896] i2c /dev entries driver\nFeb 28 06:36:11 wordstream kernel: [    1.793925] device-mapper: uevent: version 1.0.3\nFeb 28 06:36:11 wordstream kernel: [    1.794035] device-mapper: ioctl: 4.34.0-ioctl (2015-10-28) initialised: dm-devel@redhat.com\nFeb 28 06:36:11 wordstream kernel: [    1.794047] Intel P-state driver initializing.\nFeb 28 06:36:11 wordstream kernel: [    1.798183] intel_pstate: HWP enabled\nFeb 28 06:36:11 wordstream kernel: [    1.798187] ledtrig-cpu: registered to indicate activity on CPUs\nFeb 28 06:36:11 wordstream kernel: [    1.798770] NET: Registered protocol family 10\nFeb 28 06:36:11 wordstream kernel: [    1.799105] NET: Registered protocol family 17\nFeb 28 06:36:11 wordstream kernel: [    1.799110] Key type dns_resolver registered\nFeb 28 06:36:11 wordstream kernel: [    1.799402] microcode: CPU0 sig=0x906e9, pf=0x2, revision=0x5e\nFeb 28 06:36:11 wordstream kernel: [    1.799405] microcode: CPU1 sig=0x906e9, pf=0x2, revision=0x5e\nFeb 28 06:36:11 wordstream kernel: [    1.799454] microcode: CPU2 sig=0x906e9, pf=0x2, revision=0x5e\nFeb 28 06:36:11 wordstream kernel: [    1.799498] microcode: CPU3 sig=0x906e9, pf=0x2, revision=0x5e\nFeb 28 06:36:11 wordstream kernel: [    1.799517] microcode: CPU4 sig=0x906e9, pf=0x2, revision=0x5e\nFeb 28 06:36:11 wordstream kernel: [    1.799536] microcode: CPU5 sig=0x906e9, pf=0x2, revision=0x5e\nFeb 28 06:36:11 wordstream kernel: [    1.799554] microcode: CPU6 sig=0x906e9, pf=0x2, revision=0x5e\nFeb 28 06:36:11 wordstream kernel: [    1.799573] microcode: CPU7 sig=0x906e9, pf=0x2, revision=0x5e\nFeb 28 06:36:11 wordstream kernel: [    1.799939] microcode: Microcode Update Driver: v2.01 <tigran@aivazian.fsnet.co.uk>, Peter Oruba\nFeb 28 06:36:11 wordstream kernel: [    1.800627] registered taskstats version 1\nFeb 28 06:36:11 wordstream kernel: [    1.800638] Loading compiled-in X.509 certificates\nFeb 28 06:36:11 wordstream kernel: [    1.801057] Loaded X.509 cert 'Build time autogenerated kernel key: 9085716c484b6a983a71e9fc8249921a1ef73e84'\nFeb 28 06:36:11 wordstream kernel: [    1.801068] zswap: loaded using pool lzo/zbud\nFeb 28 06:36:11 wordstream kernel: [    1.802843] Key type trusted registered\nFeb 28 06:36:11 wordstream kernel: [    1.806818] Key type encrypted registered\nFeb 28 06:36:11 wordstream kernel: [    1.806834] AppArmor: AppArmor sha1 policy hashing enabled\nFeb 28 06:36:11 wordstream kernel: [    1.806836] ima: No TPM chip found, activating TPM-bypass!\nFeb 28 06:36:11 wordstream kernel: [    1.806845] evm: HMAC attrs: 0x1\nFeb 28 06:36:11 wordstream kernel: [    1.808122]   Magic number: 6:636:568\nFeb 28 06:36:11 wordstream kernel: [    1.808161] acpi LNXPOWER:0d: hash matches\nFeb 28 06:36:11 wordstream kernel: [    1.808520] rtc_cmos 00:06: setting system clock to 2018-02-28 05:36:00 UTC (1519796160)\nFeb 28 06:36:11 wordstream kernel: [    1.808751] BIOS EDD facility v0.16 2004-Jun-25, 0 devices found\nFeb 28 06:36:11 wordstream kernel: [    1.808752] EDD information not available.\nFeb 28 06:36:11 wordstream kernel: [    1.808800] PM: Hibernation image not present or could not be loaded.\nFeb 28 06:36:11 wordstream kernel: [    1.809573] Freeing unused kernel memory: 1512K\nFeb 28 06:36:11 wordstream kernel: [    1.809573] Write protecting the kernel read-only data: 14336k\nFeb 28 06:36:11 wordstream kernel: [    1.810434] Freeing unused kernel memory: 1940K\nFeb 28 06:36:11 wordstream kernel: [    1.810787] Freeing unused kernel memory: 88K\nFeb 28 06:36:11 wordstream kernel: [    1.819532] systemd-udevd[143]: starting version 204\nFeb 28 06:36:11 wordstream kernel: [    1.827411] FUJITSU Extended Socket Network Device Driver - version 1.0 - Copyright (c) 2015 FUJITSU LIMITED\nFeb 28 06:36:11 wordstream kernel: [    1.846336] hidraw: raw HID events driver (C) Jiri Kosina\nFeb 28 06:36:11 wordstream kernel: [    1.846941] pps_core: LinuxPPS API ver. 1 registered\nFeb 28 06:36:11 wordstream kernel: [    1.846942] pps_core: Software ver. 5.3.6 - Copyright 2005-2007 Rodolfo Giometti <giometti@linux.it>\nFeb 28 06:36:11 wordstream kernel: [    1.847850] ahci 0000:00:17.0: version 3.0\nFeb 28 06:36:11 wordstream kernel: [    1.848315] ahci 0000:00:17.0: AHCI 0001.0301 32 slots 8 ports 6 Gbps 0x3f impl SATA mode\nFeb 28 06:36:11 wordstream kernel: [    1.848318] ahci 0000:00:17.0: flags: 64bit ncq sntf led clo only pio slum part ems deso sadm sds apst \nFeb 28 06:36:11 wordstream kernel: [    1.849162] PTP clock support registered\nFeb 28 06:36:11 wordstream kernel: [    1.851176] dca service started, version 1.12.1\nFeb 28 06:36:11 wordstream kernel: [    1.851219] usbcore: registered new interface driver usbhid\nFeb 28 06:36:11 wordstream kernel: [    1.851220] usbhid: USB HID core driver\nFeb 28 06:36:11 wordstream kernel: [    1.858305] igb: Intel(R) Gigabit Ethernet Network Driver - version 5.3.0-k\nFeb 28 06:36:11 wordstream kernel: [    1.858306] igb: Copyright (c) 2007-2014 Intel Corporation.\nFeb 28 06:36:11 wordstream kernel: [    1.884845] input: American Megatrends Inc. Virtual Keyboard and Mouse as /devices/pci0000:00/0000:00:14.0/usb1/1-11/1-11:1.0/0003:046B:FF10.0001/input/input2\nFeb 28 06:36:11 wordstream kernel: [    1.884989] hid-generic 0003:046B:FF10.0001: input,hidraw0: USB HID v1.10 Keyboard [American Megatrends Inc. Virtual Keyboard and Mouse] on usb-0000:00:14.0-11/input0\nFeb 28 06:36:11 wordstream kernel: [    1.885037] input: American Megatrends Inc. Virtual Keyboard and Mouse as /devices/pci0000:00/0000:00:14.0/usb1/1-11/1-11:1.1/0003:046B:FF10.0002/input/input3\nFeb 28 06:36:11 wordstream kernel: [    1.885214] hid-generic 0003:046B:FF10.0002: input,hidraw1: USB HID v1.10 Mouse [American Megatrends Inc. Virtual Keyboard and Mouse] on usb-0000:00:14.0-11/input1\nFeb 28 06:36:11 wordstream kernel: [    1.887211] pps pps0: new PPS source ptp0\nFeb 28 06:36:11 wordstream kernel: [    1.887215] igb 0000:03:00.0: added PHC on eth0\nFeb 28 06:36:11 wordstream kernel: [    1.887216] igb 0000:03:00.0: Intel(R) Gigabit Ethernet Network Connection\nFeb 28 06:36:11 wordstream kernel: [    1.887217] igb 0000:03:00.0: eth0: (PCIe:2.5Gb/s:Width x1) 90:1b:0e:e3:55:9a\nFeb 28 06:36:11 wordstream kernel: [    1.887298] igb 0000:03:00.0: eth0: PBA No: 313130-034\nFeb 28 06:36:11 wordstream kernel: [    1.887299] igb 0000:03:00.0: Using MSI-X interrupts. 4 rx queue(s), 4 tx queue(s)\nFeb 28 06:36:11 wordstream kernel: [    1.888594] scsi host0: ahci\nFeb 28 06:36:11 wordstream kernel: [    1.888815] scsi host1: ahci\nFeb 28 06:36:11 wordstream kernel: [    1.889115] scsi host2: ahci\nFeb 28 06:36:11 wordstream kernel: [    1.889446] scsi host3: ahci\nFeb 28 06:36:11 wordstream kernel: [    1.889760] scsi host4: ahci\nFeb 28 06:36:11 wordstream kernel: [    1.890057] scsi host5: ahci\nFeb 28 06:36:11 wordstream kernel: [    1.890347] scsi host6: ahci\nFeb 28 06:36:11 wordstream kernel: [    1.890619] scsi host7: ahci\nFeb 28 06:36:11 wordstream kernel: [    1.890646] ata1: SATA max UDMA/133 abar m2048@0xdfa1d000 port 0xdfa1d100 irq 125\nFeb 28 06:36:11 wordstream kernel: [    1.890650] ata2: SATA max UDMA/133 abar m2048@0xdfa1d000 port 0xdfa1d180 irq 125\nFeb 28 06:36:11 wordstream kernel: [    1.890654] ata3: SATA max UDMA/133 abar m2048@0xdfa1d000 port 0xdfa1d200 irq 125\nFeb 28 06:36:11 wordstream kernel: [    1.890658] ata4: SATA max UDMA/133 abar m2048@0xdfa1d000 port 0xdfa1d280 irq 125\nFeb 28 06:36:11 wordstream kernel: [    1.890663] ata5: SATA max UDMA/133 abar m2048@0xdfa1d000 port 0xdfa1d300 irq 125\nFeb 28 06:36:11 wordstream kernel: [    1.890667] ata6: SATA max UDMA/133 abar m2048@0xdfa1d000 port 0xdfa1d380 irq 125\nFeb 28 06:36:11 wordstream kernel: [    1.890668] ata7: DUMMY\nFeb 28 06:36:11 wordstream kernel: [    1.890669] ata8: DUMMY\nFeb 28 06:36:11 wordstream kernel: [    2.207821] ata1: SATA link up 6.0 Gbps (SStatus 133 SControl 300)\nFeb 28 06:36:11 wordstream kernel: [    2.207849] ata6: SATA link down (SStatus 4 SControl 300)\nFeb 28 06:36:11 wordstream kernel: [    2.207877] ata5: SATA link down (SStatus 4 SControl 300)\nFeb 28 06:36:11 wordstream kernel: [    2.209380] ata1.00: ATA-10: ST1000NM0055-1V410C,     DA03, max UDMA/133\nFeb 28 06:36:11 wordstream kernel: [    2.209382] ata1.00: 1953525168 sectors, multi 16: LBA48 NCQ (depth 31/32), AA\nFeb 28 06:36:11 wordstream kernel: [    2.210648] ata1.00: configured for UDMA/133\nFeb 28 06:36:11 wordstream kernel: [    2.211341] scsi 0:0:0:0: Direct-Access     ATA      ST1000NM0055-1V4 DA03 PQ: 0 ANSI: 5\nFeb 28 06:36:11 wordstream kernel: [    2.211710] ata2: SATA link down (SStatus 4 SControl 300)\nFeb 28 06:36:11 wordstream kernel: [    2.211786] ata4: SATA link down (SStatus 4 SControl 300)\nFeb 28 06:36:11 wordstream kernel: [    2.211860] sd 0:0:0:0: [sda] 1953525168 512-byte logical blocks: (1.00 TB/932 GiB)\nFeb 28 06:36:11 wordstream kernel: [    2.211917] ata3: SATA link down (SStatus 4 SControl 300)\nFeb 28 06:36:11 wordstream kernel: [    2.211925] sd 0:0:0:0: [sda] Write Protect is off\nFeb 28 06:36:11 wordstream kernel: [    2.211927] sd 0:0:0:0: [sda] Mode Sense: 00 3a 00 00\nFeb 28 06:36:11 wordstream kernel: [    2.211946] sd 0:0:0:0: [sda] Write cache: disabled, read cache: enabled, doesn't support DPO or FUA\nFeb 28 06:36:11 wordstream kernel: [    2.212168] sd 0:0:0:0: Attached scsi generic sg0 type 0\nFeb 28 06:36:11 wordstream kernel: [    2.253190]  sda: sda1 sda2 sda3 < sda5 sda6 >\nFeb 28 06:36:11 wordstream kernel: [    2.254116] sd 0:0:0:0: [sda] Attached SCSI disk\nFeb 28 06:36:11 wordstream kernel: [    2.484044] clocksource: Switched to clocksource tsc\nFeb 28 06:36:11 wordstream kernel: [    2.580470] EXT4-fs (sda2): INFO: recovery required on readonly filesystem\nFeb 28 06:36:11 wordstream kernel: [    2.580471] EXT4-fs (sda2): write access will be enabled during recovery\nFeb 28 06:36:11 wordstream kernel: [    2.669763] random: nonblocking pool is initialized\nFeb 28 06:36:11 wordstream kernel: [    2.976291] EXT4-fs (sda2): orphan cleanup on readonly fs\nFeb 28 06:36:11 wordstream kernel: [    2.976314] EXT4-fs (sda2): 6 orphan inodes deleted\nFeb 28 06:36:11 wordstream kernel: [    2.976315] EXT4-fs (sda2): recovery complete\nFeb 28 06:36:11 wordstream kernel: [    3.092918] EXT4-fs (sda2): mounted filesystem with ordered data mode. Opts: (null)\nFeb 28 06:36:11 wordstream kernel: [    3.838879] init: plymouth-upstart-bridge main process (231) terminated with status 1\nFeb 28 06:36:11 wordstream kernel: [    3.838885] init: plymouth-upstart-bridge main process ended, respawning\nFeb 28 06:36:11 wordstream kernel: [    3.839748] init: plymouth-upstart-bridge main process (242) terminated with status 1\nFeb 28 06:36:11 wordstream kernel: [    3.839754] init: plymouth-upstart-bridge main process ended, respawning\nFeb 28 06:36:11 wordstream kernel: [    3.840574] init: plymouth-upstart-bridge main process (243) terminated with status 1\nFeb 28 06:36:11 wordstream kernel: [    3.840580] init: plymouth-upstart-bridge main process ended, respawning\nFeb 28 06:36:11 wordstream kernel: [    3.841411] init: plymouth-upstart-bridge main process (244) terminated with status 1\nFeb 28 06:36:11 wordstream kernel: [    3.841416] init: plymouth-upstart-bridge main process ended, respawning\nFeb 28 06:36:11 wordstream kernel: [    3.842206] init: plymouth-upstart-bridge main process (245) terminated with status 1\nFeb 28 06:36:11 wordstream kernel: [    3.842211] init: plymouth-upstart-bridge main process ended, respawning\nFeb 28 06:36:11 wordstream kernel: [    3.842924] init: plymouth-upstart-bridge main process (246) terminated with status 1\nFeb 28 06:36:11 wordstream kernel: [    3.842928] init: plymouth-upstart-bridge main process ended, respawning\nFeb 28 06:36:11 wordstream kernel: [    3.843726] init: plymouth-upstart-bridge main process (247) terminated with status 1\nFeb 28 06:36:11 wordstream kernel: [    3.843731] init: plymouth-upstart-bridge main process ended, respawning\nFeb 28 06:36:11 wordstream kernel: [    3.844523] init: plymouth-upstart-bridge main process (248) terminated with status 1\nFeb 28 06:36:11 wordstream kernel: [    3.844528] init: plymouth-upstart-bridge main process ended, respawning\nFeb 28 06:36:11 wordstream kernel: [    3.845282] init: plymouth-upstart-bridge main process (249) terminated with status 1\nFeb 28 06:36:11 wordstream kernel: [    3.845286] init: plymouth-upstart-bridge main process ended, respawning\nFeb 28 06:36:11 wordstream kernel: [    3.846017] init: plymouth-upstart-bridge main process (250) terminated with status 1\nFeb 28 06:36:11 wordstream kernel: [    3.846021] init: plymouth-upstart-bridge main process ended, respawning\nFeb 28 06:36:11 wordstream kernel: [    3.846750] init: plymouth-upstart-bridge main process (251) terminated with status 1\nFeb 28 06:36:11 wordstream kernel: [    3.846754] init: plymouth-upstart-bridge respawning too fast, stopped\nFeb 28 06:36:11 wordstream kernel: [    5.946992] Adding 7810044k swap on /dev/sda6.  Priority:-1 extents:1 across:7810044k FS\nFeb 28 06:36:11 wordstream kernel: [    6.117381] ip_local_port_range: prefer different parity for start/end values.\nFeb 28 06:36:11 wordstream kernel: [    6.213518] systemd-udevd[367]: starting version 204\nFeb 28 06:36:11 wordstream kernel: [    6.327954] lp: driver loaded but no devices found\nFeb 28 06:36:11 wordstream kernel: [    6.340230] ipmi message handler version 39.2\nFeb 28 06:36:11 wordstream kernel: [    6.341724] ipmi_si IPI0001:00: ipmi_si: probing via ACPI\nFeb 28 06:36:11 wordstream kernel: [    6.341739] ipmi_si IPI0001:00: [io  0x0ca2] regsize 1 spacing 1 irq 0\nFeb 28 06:36:11 wordstream kernel: [    6.341740] ipmi_si: Adding ACPI-specified kcs state machine\nFeb 28 06:36:11 wordstream kernel: [    6.341754] IPMI System Interface driver.\nFeb 28 06:36:11 wordstream kernel: [    6.341767] ipmi_si: probing via SMBIOS\nFeb 28 06:36:11 wordstream kernel: [    6.341768] ipmi_si: SMBIOS: io 0xca2 regsize 1 spacing 1 irq 0\nFeb 28 06:36:11 wordstream kernel: [    6.341769] ipmi_si: Adding SMBIOS-specified kcs state machine duplicate interface\nFeb 28 06:36:11 wordstream kernel: [    6.341771] ipmi_si: probing via SPMI\nFeb 28 06:36:11 wordstream kernel: [    6.341772] ipmi_si: SPMI: io 0xca2 regsize 1 spacing 1 irq 0\nFeb 28 06:36:11 wordstream kernel: [    6.341772] ipmi_si: Adding SPMI-specified kcs state machine duplicate interface\nFeb 28 06:36:11 wordstream kernel: [    6.341774] ipmi_si: Trying ACPI-specified kcs state machine at i/o address 0xca2, slave address 0x0, irq 0\nFeb 28 06:36:11 wordstream kernel: [    6.402626] AVX2 version of gcm_enc/dec engaged.\nFeb 28 06:36:11 wordstream kernel: [    6.402628] AES CTR mode by8 optimization enabled\nFeb 28 06:36:11 wordstream kernel: [    6.442803] mei_me 0000:00:16.0: Device doesn't have valid ME Interface\nFeb 28 06:36:11 wordstream kernel: [    6.442809] mei_me 0000:00:16.1: Device doesn't have valid ME Interface\nFeb 28 06:36:11 wordstream kernel: [    6.463888] shpchp: Standard Hot Plug PCI Controller Driver version: 0.4\nFeb 28 06:36:11 wordstream kernel: [    6.496119] Bluetooth: Core ver 2.21\nFeb 28 06:36:11 wordstream kernel: [    6.496130] NET: Registered protocol family 31\nFeb 28 06:36:11 wordstream kernel: [    6.496131] Bluetooth: HCI device and connection manager initialized\nFeb 28 06:36:11 wordstream kernel: [    6.496134] Bluetooth: HCI socket layer initialized\nFeb 28 06:36:11 wordstream kernel: [    6.496135] Bluetooth: L2CAP socket layer initialized\nFeb 28 06:36:11 wordstream kernel: [    6.496139] Bluetooth: SCO socket layer initialized\nFeb 28 06:36:11 wordstream kernel: [    6.532981] intel_rapl: Found RAPL domain package\nFeb 28 06:36:11 wordstream kernel: [    6.532984] intel_rapl: Found RAPL domain core\nFeb 28 06:36:11 wordstream kernel: [    6.532987] intel_rapl: Found RAPL domain dram\nFeb 28 06:36:11 wordstream kernel: [    6.533420] Bluetooth: HCI UART driver ver 2.3\nFeb 28 06:36:11 wordstream kernel: [    6.533421] Bluetooth: HCI UART protocol H4 registered\nFeb 28 06:36:11 wordstream kernel: [    6.533422] Bluetooth: HCI UART protocol BCSP registered\nFeb 28 06:36:11 wordstream kernel: [    6.533422] Bluetooth: HCI UART protocol LL registered\nFeb 28 06:36:11 wordstream kernel: [    6.533423] Bluetooth: HCI UART protocol ATH3K registered\nFeb 28 06:36:11 wordstream kernel: [    6.533423] Bluetooth: HCI UART protocol Three-wire (H5) registered\nFeb 28 06:36:11 wordstream kernel: [    6.533439] Bluetooth: HCI UART protocol Intel registered\nFeb 28 06:36:11 wordstream kernel: [    6.533446] Bluetooth: HCI UART protocol BCM registered\nFeb 28 06:36:11 wordstream kernel: [    6.533446] Bluetooth: HCI UART protocol QCA registered\nFeb 28 06:36:11 wordstream kernel: [    6.639500] power_meter ACPI000D:00: Found ACPI power meter.\nFeb 28 06:36:11 wordstream kernel: [    6.639517] power_meter ACPI000D:00: Ignoring unsafe software power cap!\nFeb 28 06:36:11 wordstream kernel: [    6.747610] ipmi_si IPI0001:00: Found new BMC (man_id: 0x002880, prod_id: 0x0468, dev_id: 0x04)\nFeb 28 06:36:11 wordstream kernel: [    6.747614] ipmi_si IPI0001:00: IPMI kcs interface initialized\nFeb 28 06:36:11 wordstream kernel: [    6.748599] IPMI SSIF Interface driver\nFeb 28 06:36:11 wordstream kernel: [    6.772148] audit: type=1400 audit(1519796165.462:2): apparmor=\"STATUS\" operation=\"profile_load\" profile=\"unconfined\" name=\"/sbin/dhclient\" pid=477 comm=\"apparmor_parser\"\nFeb 28 06:36:11 wordstream kernel: [    6.772152] audit: type=1400 audit(1519796165.462:3): apparmor=\"STATUS\" operation=\"profile_load\" profile=\"unconfined\" name=\"/usr/lib/NetworkManager/nm-dhcp-client.action\" pid=477 comm=\"apparmor_parser\"\nFeb 28 06:36:11 wordstream kernel: [    6.772154] audit: type=1400 audit(1519796165.462:4): apparmor=\"STATUS\" operation=\"profile_load\" profile=\"unconfined\" name=\"/usr/lib/connman/scripts/dhclient-script\" pid=477 comm=\"apparmor_parser\"\nFeb 28 06:36:11 wordstream kernel: [    6.772159] audit: type=1400 audit(1519796165.462:5): apparmor=\"STATUS\" operation=\"profile_replace\" profile=\"unconfined\" name=\"/sbin/dhclient\" pid=478 comm=\"apparmor_parser\"\nFeb 28 06:36:11 wordstream kernel: [    6.772162] audit: type=1400 audit(1519796165.462:6): apparmor=\"STATUS\" operation=\"profile_replace\" profile=\"unconfined\" name=\"/usr/lib/NetworkManager/nm-dhcp-client.action\" pid=478 comm=\"apparmor_parser\"\nFeb 28 06:36:11 wordstream kernel: [    6.772164] audit: type=1400 audit(1519796165.462:7): apparmor=\"STATUS\" operation=\"profile_replace\" profile=\"unconfined\" name=\"/usr/lib/connman/scripts/dhclient-script\" pid=478 comm=\"apparmor_parser\"\nFeb 28 06:36:11 wordstream kernel: [    6.886499] IPv6: ADDRCONF(NETDEV_UP): eth0: link is not ready\nFeb 28 06:36:11 wordstream kernel: [    7.291779] EXT4-fs (sda2): re-mounted. Opts: errors=remount-ro\nFeb 28 06:36:11 wordstream kernel: [    7.816787] EXT4-fs (sda1): mounting ext3 file system using the ext4 subsystem\nFeb 28 06:36:11 wordstream kernel: [    7.832107] EXT4-fs (sda1): mounted filesystem with ordered data mode. Opts: (null)\nFeb 28 06:36:11 wordstream kernel: [    7.908586] init: failsafe main process (687) killed by TERM signal\nFeb 28 06:36:11 wordstream kernel: [    8.099980] audit: type=1400 audit(1519796166.790:8): apparmor=\"STATUS\" operation=\"profile_load\" profile=\"unconfined\" name=\"/usr/bin/lxc-start\" pid=809 comm=\"apparmor_parser\"\nFeb 28 06:36:11 wordstream kernel: [    8.100234] audit: type=1400 audit(1519796166.790:9): apparmor=\"STATUS\" operation=\"profile_load\" profile=\"unconfined\" name=\"/usr/sbin/mysqld\" pid=810 comm=\"apparmor_parser\"\nFeb 28 06:36:11 wordstream kernel: [    8.100584] audit: type=1400 audit(1519796166.790:10): apparmor=\"STATUS\" operation=\"profile_load\" profile=\"unconfined\" name=\"/usr/sbin/tcpdump\" pid=812 comm=\"apparmor_parser\"\nFeb 28 06:36:11 wordstream kernel: [    8.100791] audit: type=1400 audit(1519796166.790:11): apparmor=\"STATUS\" operation=\"profile_load\" profile=\"unconfined\" name=\"lxc-container-default\" pid=807 comm=\"apparmor_parser\"\nFeb 28 06:36:11 wordstream kernel: [    8.238695] ip_tables: (C) 2000-2006 Netfilter Core Team\nFeb 28 06:36:11 wordstream kernel: [    8.379747] bridge: automatic filtering via arp/ip/ip6tables has been deprecated. Update your scripts to load br_netfilter if you need this.\nFeb 28 06:36:11 wordstream kernel: [    8.392832] nf_conntrack version 0.5.0 (65536 buckets, 262144 max)\nFeb 28 06:36:11 wordstream kernel: [   10.447499] igb 0000:03:00.0 eth0: igb: eth0 NIC Link is Up 1000 Mbps Full Duplex, Flow Control: RX\nFeb 28 06:36:11 wordstream kernel: [   10.447702] IPv6: ADDRCONF(NETDEV_CHANGE): eth0: link becomes ready\nFeb 28 06:36:11 wordstream rsyslogd-2039: Could no open output pipe '/dev/xconsole': No such file or directory [try http://www.rsyslog.com/e/2039 ]\nFeb 28 06:36:12 wordstream /etc/mysql/debian-start[1544]: Upgrading MySQL tables if necessary.\nFeb 28 06:36:12 wordstream /etc/mysql/debian-start[1548]: /usr/bin/mysql_upgrade: the '--basedir' option is always ignored\nFeb 28 06:36:12 wordstream /etc/mysql/debian-start[1548]: Looking for 'mysql' as: /usr/bin/mysql\nFeb 28 06:36:12 wordstream /etc/mysql/debian-start[1548]: Looking for 'mysqlcheck' as: /usr/bin/mysqlcheck\nFeb 28 06:36:12 wordstream /etc/mysql/debian-start[1548]: This installation of MySQL is already upgraded to 5.5.59, use --force if you still need to run mysql_upgrade\nFeb 28 06:36:12 wordstream /etc/mysql/debian-start[1560]: Checking for insecure root accounts.\nFeb 28 06:36:12 wordstream /etc/mysql/debian-start[1565]: Triggering myisam-recover for all MyISAM tables\nFeb 28 06:36:12 wordstream crontab[1588]: (xtreamcodes) LIST (xtreamcodes)\nFeb 28 06:36:12 wordstream crontab[1590]: (xtreamcodes) LIST (xtreamcodes)\nFeb 28 06:36:13 wordstream ntpdate[600]: step time server 91.189.89.199 offset -6.163095 sec\nFeb 28 06:36:24 wordstream ntpdate[1695]: adjust time server 91.189.89.199 offset 0.000197 sec\nFeb 28 06:37:01 wordstream CRON[1799]: (xtreamcodes) CMD (/home/xtreamcodes/iptv_xtream_codes/php",
 "title": ""
}