{
 "espireDate": "N",
 "format": "text",
 "jSonReasons": [
  "re_#10",
  "kw_bug",
  "kw_bypass",
  "kw_target",
  "kw_security",
  "kw_protection",
  "re_email",
  "re_url",
  "kw_cert",
  "lg_en",
  "kw_encrypted",
  "kw_down"
 ],
 "key": "gkVshfSp",
 "pasteDate": "Feb 12, 2018, 5:42:55 AM",
 "relevancy": 9.0,
 "relevant": false,
 "text": "[    0.000000] Initializing cgroup subsys cpuset\n[    0.000000] Initializing cgroup subsys cpu\n[    0.000000] Initializing cgroup subsys cpuacct\n[    0.000000] Linux version 3.10.0-693.11.6.el7.x86_64 (builder@kbuilder.dev.centos.org) (gcc version 4.8.5 20150623 (Red Hat 4.8.5-16) (GCC) ) #1 SMP Thu Jan 4 01:06:37 UTC 2018\n[    0.000000] Command line: BOOT_IMAGE=/vmlinuz-3.10.0-693.11.6.el7.x86_64 root=UUID=bf383770-7408-48df-b204-d408f67e439b ro console=tty1 console=ttyS0,115200n8 earlyprintk=ttyS0,115200 rootdelay=300 net.ifnames=0\n[    0.000000] e820: BIOS-provided physical RAM map:\n[    0.000000] BIOS-e820: [mem 0x0000000000000000-0x000000000009fbff] usable\n[    0.000000] BIOS-e820: [mem 0x000000000009fc00-0x000000000009ffff] reserved\n[    0.000000] BIOS-e820: [mem 0x00000000000e0000-0x00000000000fffff] reserved\n[    0.000000] BIOS-e820: [mem 0x0000000000100000-0x000000001ffeffff] usable\n[    0.000000] BIOS-e820: [mem 0x000000001fff0000-0x000000001fffefff] ACPI data\n[    0.000000] BIOS-e820: [mem 0x000000001ffff000-0x000000001fffffff] ACPI NVS\n[    0.000000] BIOS-e820: [mem 0x0000000100000000-0x000000015fffffff] usable\n[    0.000000] bootconsole [earlyser0] enabled\n[    0.000000] NX (Execute Disable) protection: active\n[    0.000000] SMBIOS 2.3 present.\n[    0.000000] DMI: Microsoft Corporation Virtual Machine/Virtual Machine, BIOS 090007  06/02/2017\n[    0.000000] Hypervisor detected: Microsoft HyperV\n[    0.000000] HyperV: features 0x2e7f, hints 0xc2c\n[    0.000000] HyperV: LAPIC Timer Frequency: 0x30d40\n[    0.000000] tsc: Marking TSC unstable due to running on Hyper-V\n[    0.000000] e820: update [mem 0x00000000-0x00000fff] usable ==> reserved\n[    0.000000] e820: remove [mem 0x000a0000-0x000fffff] usable\n[    0.000000] e820: last_pfn = 0x160000 max_arch_pfn = 0x400000000\n[    0.000000] MTRR default type: uncachable\n[    0.000000] MTRR fixed ranges enabled:\n[    0.000000]   00000-9FFFF write-back\n[    0.000000]   A0000-DFFFF uncachable\n[    0.000000]   E0000-FFFFF write-back\n[    0.000000] MTRR variable ranges enabled:\n[    0.000000]   0 base 00000000000 mask FFFE0000000 write-back\n[    0.000000]   1 base 00100000000 mask FF000000000 write-back\n[    0.000000]   2 disabled\n[    0.000000]   3 disabled\n[    0.000000]   4 disabled\n[    0.000000]   5 disabled\n[    0.000000]   6 disabled\n[    0.000000]   7 disabled\n[    0.000000] x86 PAT enabled: cpu 0, old 0x7040600070406, new 0x7010600070106\n[    0.000000] e820: update [mem 0x20000000-0xffffffff] usable ==> reserved\n[    0.000000] e820: last_pfn = 0x1fff0 max_arch_pfn = 0x400000000\n[    0.000000] found SMP MP-table at [mem 0x000ff780-0x000ff78f] mapped at [ffff8800000ff780]\n[    0.000000] Base memory trampoline at [ffff880000099000] 99000 size 24576\n[    0.000000] Using GB pages for direct mapping\n[    0.000000] BRK [0x01ffc000, 0x01ffcfff] PGTABLE\n[    0.000000] BRK [0x01ffd000, 0x01ffdfff] PGTABLE\n[    0.000000] BRK [0x01ffe000, 0x01ffefff] PGTABLE\n[    0.000000] BRK [0x01fff000, 0x01ffffff] PGTABLE\n[    0.000000] RAMDISK: [mem 0x1df33000-0x1f28dfff]\n[    0.000000] Early table checksum verification disabled\n[    0.000000] ACPI: RSDP 00000000000f5bf0 00014 (v00 ACPIAM)\n[    0.000000] ACPI: RSDT 000000001fff0000 00040 (v01 VRTUAL MICROSFT 06001702 MSFT 00000097)\n[    0.000000] ACPI: FACP 000000001fff0200 00081 (v02 VRTUAL MICROSFT 06001702 MSFT 00000097)\n[    0.000000] ACPI: DSDT 000000001fff1d24 03CBE (v01 MSFTVM MSFTVM02 00000002 INTL 02002026)\n[    0.000000] ACPI: FACS 000000001ffff000 00040\n[    0.000000] ACPI: WAET 000000001fff1a80 00028 (v01 VRTUAL MICROSFT 06001702 MSFT 00000097)\n[    0.000000] ACPI: SLIC 000000001fff1ac0 00176 (v01 VRTUAL MICROSFT 06001702 MSFT 00000097)\n[    0.000000] ACPI: OEM0 000000001fff1cc0 00064 (v01 VRTUAL MICROSFT 06001702 MSFT 00000097)\n[    0.000000] ACPI: SRAT 000000001fff0800 00130 (v02 VRTUAL MICROSFT 00000001 MSFT 00000001)\n[    0.000000] ACPI: APIC 000000001fff0300 00452 (v01 VRTUAL MICROSFT 06001702 MSFT 00000097)\n[    0.000000] ACPI: OEMB 000000001ffff040 00064 (v01 VRTUAL MICROSFT 06001702 MSFT 00000097)\n[    0.000000] ACPI: Local APIC address 0xfee00000\n[    0.000000] SRAT: PXM 0 -> APIC 0x00 -> Node 0\n[    0.000000] SRAT: Node 0 PXM 0 [mem 0x00000000-0x1fffffff] hotplug\n[    0.000000] SRAT: Node 0 PXM 0 [mem 0x100000000-0x15fffffff] hotplug\n[    0.000000] SRAT: Node 0 PXM 0 [mem 0x160200000-0xfdfffffff] hotplug\n[    0.000000] SRAT: Node 0 PXM 0 [mem 0x1000000000-0xffffffffff] hotplug\n[    0.000000] SRAT: Node 0 PXM 0 [mem 0x10000200000-0x1ffffffffff] hotplug\n[    0.000000] SRAT: Node 0 PXM 0 [mem 0x20000200000-0x3ffffffffff] hotplug\n[    0.000000] NUMA: Node 0 [mem 0x00000000-0x1fffffff] + [mem 0x100000000-0x15fffffff] -> [mem 0x00000000-0x15fffffff]\n[    0.000000] NODE_DATA(0) allocated [mem 0x15ffd8000-0x15fffefff]\n[    0.000000] Zone ranges:\n[    0.000000]   DMA      [mem 0x00001000-0x00ffffff]\n[    0.000000]   DMA32    [mem 0x01000000-0xffffffff]\n[    0.000000]   Normal   [mem 0x100000000-0x15fffffff]\n[    0.000000] Movable zone start for each node\n[    0.000000] Early memory node ranges\n[    0.000000]   node   0: [mem 0x00001000-0x0009efff]\n[    0.000000]   node   0: [mem 0x00100000-0x1ffeffff]\n[    0.000000]   node   0: [mem 0x100000000-0x15fffffff]\n[    0.000000] Initmem setup node 0 [mem 0x00001000-0x15fffffff]\n[    0.000000] On node 0 totalpages: 524174\n[    0.000000]   DMA zone: 64 pages used for memmap\n[    0.000000]   DMA zone: 21 pages reserved\n[    0.000000]   DMA zone: 3998 pages, LIFO batch:0\n[    0.000000]   DMA32 zone: 1984 pages used for memmap\n[    0.000000]   DMA32 zone: 126960 pages, LIFO batch:31\n[    0.000000]   Normal zone: 6144 pages used for memmap\n[    0.000000]   Normal zone: 393216 pages, LIFO batch:31\n[    0.000000] ACPI: PM-Timer IO Port: 0x408\n[    0.000000] ACPI: Local APIC address 0xfee00000\n[    0.000000] ACPI: LAPIC (acpi_id[0x01] lapic_id[0x00] enabled)\n[    0.000000] ACPI: LAPIC (acpi_id[0x02] lapic_id[0x01] disabled)\n[    0.000000] ACPI: LAPIC (acpi_id[0x03] lapic_id[0x02] disabled)\n[    0.000000] ACPI: LAPIC (acpi_id[0x04] lapic_id[0x03] disabled)\n[    0.000000] ACPI: LAPIC (acpi_id[0x05] lapic_id[0x04] disabled)\n[    0.000000] ACPI: LAPIC (acpi_id[0x06] lapic_id[0x05] disabled)\n[    0.000000] ACPI: LAPIC (acpi_id[0x07] lapic_id[0x06] disabled)\n[    0.000000] ACPI: LAPIC (acpi_id[0x08] lapic_id[0x07] disabled)\n[    0.000000] ACPI: LAPIC (acpi_id[0x09] lapic_id[0x08] disabled)\n[    0.000000] ACPI: LAPIC (acpi_id[0x0a] lapic_id[0x09] disabled)\n[    0.000000] ACPI: LAPIC (acpi_id[0x0b] lapic_id[0x0a] disabled)\n[    0.000000] ACPI: LAPIC (acpi_id[0x0c] lapic_id[0x0b] disabled)\n[    0.000000] ACPI: LAPIC (acpi_id[0x0d] lapic_id[0x0c] disabled)\n[    0.000000] ACPI: LAPIC (acpi_id[0x0e] lapic_id[0x0d] disabled)\n[    0.000000] ACPI: LAPIC (acpi_id[0x0f] lapic_id[0x0e] disabled)\n[    0.000000] ACPI: LAPIC (acpi_id[0x10] lapic_id[0x0f] disabled)\n[    0.000000] ACPI: LAPIC (acpi_id[0x11] lapic_id[0x10] disabled)\n[    0.000000] ACPI: LAPIC (acpi_id[0x12] lapic_id[0x11] disabled)\n[    0.000000] ACPI: LAPIC (acpi_id[0x13] lapic_id[0x12] disabled)\n[    0.000000] ACPI: LAPIC (acpi_id[0x14] lapic_id[0x13] disabled)\n[    0.000000] ACPI: LAPIC (acpi_id[0x15] lapic_id[0x14] disabled)\n[    0.000000] ACPI: LAPIC (acpi_id[0x16] lapic_id[0x15] disabled)\n[    0.000000] ACPI: LAPIC (acpi_id[0x17] lapic_id[0x16] disabled)\n[    0.000000] ACPI: LAPIC (acpi_id[0x18] lapic_id[0x17] disabled)\n[    0.000000] ACPI: LAPIC (acpi_id[0x19] lapic_id[0x18] disabled)\n[    0.000000] ACPI: LAPIC (acpi_id[0x1a] lapic_id[0x19] disabled)\n[    0.000000] ACPI: LAPIC (acpi_id[0x1b] lapic_id[0x1a] disabled)\n[    0.000000] ACPI: LAPIC (acpi_id[0x1c] lapic_id[0x1b] disabled)\n[    0.000000] ACPI: LAPIC (acpi_id[0x1d] lapic_id[0x1c] disabled)\n[    0.000000] ACPI: LAPIC (acpi_id[0x1e] lapic_id[0x1d] disabled)\n[    0.000000] ACPI: LAPIC (acpi_id[0x1f] lapic_id[0x1e] disabled)\n[    0.000000] ACPI: LAPIC (acpi_id[0x20] lapic_id[0x1f] disabled)\n[    0.000000] ACPI: LAPIC (acpi_id[0x21] lapic_id[0x20] disabled)\n[    0.000000] ACPI: LAPIC (acpi_id[0x22] lapic_id[0x21] disabled)\n[    0.000000] ACPI: LAPIC (acpi_id[0x23] lapic_id[0x22] disabled)\n[    0.000000] ACPI: LAPIC (acpi_id[0x24] lapic_id[0x23] disabled)\n[    0.000000] ACPI: LAPIC (acpi_id[0x25] lapic_id[0x24] disabled)\n[    0.000000] ACPI: LAPIC (acpi_id[0x26] lapic_id[0x25] disabled)\n[    0.000000] ACPI: LAPIC (acpi_id[0x27] lapic_id[0x26] disabled)\n[    0.000000] ACPI: LAPIC (acpi_id[0x28] lapic_id[0x27] disabled)\n[    0.000000] ACPI: LAPIC (acpi_id[0x29] lapic_id[0x28] disabled)\n[    0.000000] ACPI: LAPIC (acpi_id[0x2a] lapic_id[0x29] disabled)\n[    0.000000] ACPI: LAPIC (acpi_id[0x2b] lapic_id[0x2a] disabled)\n[    0.000000] ACPI: LAPIC (acpi_id[0x2c] lapic_id[0x2b] disabled)\n[    0.000000] ACPI: LAPIC (acpi_id[0x2d] lapic_id[0x2c] disabled)\n[    0.000000] ACPI: LAPIC (acpi_id[0x2e] lapic_id[0x2d] disabled)\n[    0.000000] ACPI: LAPIC (acpi_id[0x2f] lapic_id[0x2e] disabled)\n[    0.000000] ACPI: LAPIC (acpi_id[0x30] lapic_id[0x2f] disabled)\n[    0.000000] ACPI: LAPIC (acpi_id[0x31] lapic_id[0x30] disabled)\n[    0.000000] ACPI: LAPIC (acpi_id[0x32] lapic_id[0x31] disabled)\n[    0.000000] ACPI: LAPIC (acpi_id[0x33] lapic_id[0x32] disabled)\n[    0.000000] ACPI: LAPIC (acpi_id[0x34] lapic_id[0x33] disabled)\n[    0.000000] ACPI: LAPIC (acpi_id[0x35] lapic_id[0x34] disabled)\n[    0.000000] ACPI: LAPIC (acpi_id[0x36] lapic_id[0x35] disabled)\n[    0.000000] ACPI: LAPIC (acpi_id[0x37] lapic_id[0x36] disabled)\n[    0.000000] ACPI: LAPIC (acpi_id[0x38] lapic_id[0x37] disabled)\n[    0.000000] ACPI: LAPIC (acpi_id[0x39] lapic_id[0x38] disabled)\n[    0.000000] ACPI: LAPIC (acpi_id[0x3a] lapic_id[0x39] disabled)\n[    0.000000] ACPI: LAPIC (acpi_id[0x3b] lapic_id[0x3a] disabled)\n[    0.000000] ACPI: LAPIC (acpi_id[0x3c] lapic_id[0x3b] disabled)\n[    0.000000] ACPI: LAPIC (acpi_id[0x3d] lapic_id[0x3c] disabled)\n[    0.000000] ACPI: LAPIC (acpi_id[0x3e] lapic_id[0x3d] disabled)\n[    0.000000] ACPI: LAPIC (acpi_id[0x3f] lapic_id[0x3e] disabled)\n[    0.000000] ACPI: LAPIC (acpi_id[0x40] lapic_id[0x3f] disabled)\n[    0.000000] ACPI: LAPIC (acpi_id[0x41] lapic_id[0x40] disabled)\n[    0.000000] ACPI: LAPIC (acpi_id[0x42] lapic_id[0x41] disabled)\n[    0.000000] ACPI: LAPIC (acpi_id[0x43] lapic_id[0x42] disabled)\n[    0.000000] ACPI: LAPIC (acpi_id[0x44] lapic_id[0x43] disabled)\n[    0.000000] ACPI: LAPIC (acpi_id[0x45] lapic_id[0x44] disabled)\n[    0.000000] ACPI: LAPIC (acpi_id[0x46] lapic_id[0x45] disabled)\n[    0.000000] ACPI: LAPIC (acpi_id[0x47] lapic_id[0x46] disabled)\n[    0.000000] ACPI: LAPIC (acpi_id[0x48] lapic_id[0x47] disabled)\n[    0.000000] ACPI: LAPIC (acpi_id[0x49] lapic_id[0x48] disabled)\n[    0.000000] ACPI: LAPIC (acpi_id[0x4a] lapic_id[0x49] disabled)\n[    0.000000] ACPI: LAPIC (acpi_id[0x4b] lapic_id[0x4a] disabled)\n[    0.000000] ACPI: LAPIC (acpi_id[0x4c] lapic_id[0x4b] disabled)\n[    0.000000] ACPI: LAPIC (acpi_id[0x4d] lapic_id[0x4c] disabled)\n[    0.000000] ACPI: LAPIC (acpi_id[0x4e] lapic_id[0x4d] disabled)\n[    0.000000] ACPI: LAPIC (acpi_id[0x4f] lapic_id[0x4e] disabled)\n[    0.000000] ACPI: LAPIC (acpi_id[0x50] lapic_id[0x4f] disabled)\n[    0.000000] ACPI: LAPIC (acpi_id[0x51] lapic_id[0x50] disabled)\n[    0.000000] ACPI: LAPIC (acpi_id[0x52] lapic_id[0x51] disabled)\n[    0.000000] ACPI: LAPIC (acpi_id[0x53] lapic_id[0x52] disabled)\n[    0.000000] ACPI: LAPIC (acpi_id[0x54] lapic_id[0x53] disabled)\n[    0.000000] ACPI: LAPIC (acpi_id[0x55] lapic_id[0x54] disabled)\n[    0.000000] ACPI: LAPIC (acpi_id[0x56] lapic_id[0x55] disabled)\n[    0.000000] ACPI: LAPIC (acpi_id[0x57] lapic_id[0x56] disabled)\n[    0.000000] ACPI: LAPIC (acpi_id[0x58] lapic_id[0x57] disabled)\n[    0.000000] ACPI: LAPIC (acpi_id[0x59] lapic_id[0x58] disabled)\n[    0.000000] ACPI: LAPIC (acpi_id[0x5a] lapic_id[0x59] disabled)\n[    0.000000] ACPI: LAPIC (acpi_id[0x5b] lapic_id[0x5a] disabled)\n[    0.000000] ACPI: LAPIC (acpi_id[0x5c] lapic_id[0x5b] disabled)\n[    0.000000] ACPI: LAPIC (acpi_id[0x5d] lapic_id[0x5c] disabled)\n[    0.000000] ACPI: LAPIC (acpi_id[0x5e] lapic_id[0x5d] disabled)\n[    0.000000] ACPI: LAPIC (acpi_id[0x5f] lapic_id[0x5e] disabled)\n[    0.000000] ACPI: LAPIC (acpi_id[0x60] lapic_id[0x5f] disabled)\n[    0.000000] ACPI: LAPIC (acpi_id[0x61] lapic_id[0x60] disabled)\n[    0.000000] ACPI: LAPIC (acpi_id[0x62] lapic_id[0x61] disabled)\n[    0.000000] ACPI: LAPIC (acpi_id[0x63] lapic_id[0x62] disabled)\n[    0.000000] ACPI: LAPIC (acpi_id[0x64] lapic_id[0x63] disabled)\n[    0.000000] ACPI: LAPIC (acpi_id[0x65] lapic_id[0x64] disabled)\n[    0.000000] ACPI: LAPIC (acpi_id[0x66] lapic_id[0x65] disabled)\n[    0.000000] ACPI: LAPIC (acpi_id[0x67] lapic_id[0x66] disabled)\n[    0.000000] ACPI: LAPIC (acpi_id[0x68] lapic_id[0x67] disabled)\n[    0.000000] ACPI: LAPIC (acpi_id[0x69] lapic_id[0x68] disabled)\n[    0.000000] ACPI: LAPIC (acpi_id[0x6a] lapic_id[0x69] disabled)\n[    0.000000] ACPI: LAPIC (acpi_id[0x6b] lapic_id[0x6a] disabled)\n[    0.000000] ACPI: LAPIC (acpi_id[0x6c] lapic_id[0x6b] disabled)\n[    0.000000] ACPI: LAPIC (acpi_id[0x6d] lapic_id[0x6c] disabled)\n[    0.000000] ACPI: LAPIC (acpi_id[0x6e] lapic_id[0x6d] disabled)\n[    0.000000] ACPI: LAPIC (acpi_id[0x6f] lapic_id[0x6e] disabled)\n[    0.000000] ACPI: LAPIC (acpi_id[0x70] lapic_id[0x6f] disabled)\n[    0.000000] ACPI: LAPIC (acpi_id[0x71] lapic_id[0x70] disabled)\n[    0.000000] ACPI: LAPIC (acpi_id[0x72] lapic_id[0x71] disabled)\n[    0.000000] ACPI: LAPIC (acpi_id[0x73] lapic_id[0x72] disabled)\n[    0.000000] ACPI: LAPIC (acpi_id[0x74] lapic_id[0x73] disabled)\n[    0.000000] ACPI: LAPIC (acpi_id[0x75] lapic_id[0x74] disabled)\n[    0.000000] ACPI: LAPIC (acpi_id[0x76] lapic_id[0x75] disabled)\n[    0.000000] ACPI: LAPIC (acpi_id[0x77] lapic_id[0x76] disabled)\n[    0.000000] ACPI: LAPIC (acpi_id[0x78] lapic_id[0x77] disabled)\n[    0.000000] ACPI: LAPIC (acpi_id[0x79] lapic_id[0x78] disabled)\n[    0.000000] ACPI: LAPIC (acpi_id[0x7a] lapic_id[0x79] disabled)\n[    0.000000] ACPI: LAPIC (acpi_id[0x7b] lapic_id[0x7a] disabled)\n[    0.000000] ACPI: LAPIC (acpi_id[0x7c] lapic_id[0x7b] disabled)\n[    0.000000] ACPI: LAPIC (acpi_id[0x7d] lapic_id[0x7c] disabled)\n[    0.000000] ACPI: LAPIC (acpi_id[0x7e] lapic_id[0x7d] disabled)\n[    0.000000] ACPI: LAPIC (acpi_id[0x7f] lapic_id[0x7e] disabled)\n[    0.000000] ACPI: LAPIC (acpi_id[0x80] lapic_id[0x7f] disabled)\n[    0.000000] ACPI: LAPIC_NMI (acpi_id[0xff] dfl dfl lint[0x1])\n[    0.000000] ACPI: IOAPIC (id[0x00] address[0xfec00000] gsi_base[0])\n[    0.000000] IOAPIC[0]: apic_id 0, version 17, address 0xfec00000, GSI 0-23\n[    0.000000] ACPI: INT_SRC_OVR (bus 0 bus_irq 0 global_irq 2 dfl dfl)\n[    0.000000] ACPI: INT_SRC_OVR (bus 0 bus_irq 9 global_irq 9 high level)\n[    0.000000] ACPI: IRQ0 used by override.\n[    0.000000] ACPI: IRQ9 used by override.\n[    0.000000] Using ACPI (MADT) for SMP configuration information\n[    0.000000] smpboot: Allowing 128 CPUs, 127 hotplug CPUs\n[    0.000000] PM: Registered nosave memory: [mem 0x0009f000-0x0009ffff]\n[    0.000000] PM: Registered nosave memory: [mem 0x000a0000-0x000dffff]\n[    0.000000] PM: Registered nosave memory: [mem 0x000e0000-0x000fffff]\n[    0.000000] PM: Registered nosave memory: [mem 0x1fff0000-0x1fffefff]\n[    0.000000] PM: Registered nosave memory: [mem 0x1ffff000-0x1fffffff]\n[    0.000000] PM: Registered nosave memory: [mem 0x20000000-0xffffffff]\n[    0.000000] e820: [mem 0x20000000-0xffffffff] available for PCI devices\n[    0.000000] Booting paravirtualized kernel on bare hardware\n[    0.000000] setup_percpu: NR_CPUS:5120 nr_cpumask_bits:128 nr_cpu_ids:128 nr_node_ids:1\n[    0.000000] PERCPU: Embedded 35 pages/cpu @ffff88015b600000 s104536 r8192 d30632 u262144\n[    0.000000] pcpu-alloc: s104536 r8192 d30632 u262144 alloc=1*2097152\n[    0.000000] pcpu-alloc: [0] 000 001 002 003 004 005 006 007 \n[    0.000000] pcpu-alloc: [0] 008 009 010 011 012 013 014 015 \n[    0.000000] pcpu-alloc: [0] 016 017 018 019 020 021 022 023 \n[    0.000000] pcpu-alloc: [0] 024 025 026 027 028 029 030 031 \n[    0.000000] pcpu-alloc: [0] 032 033 034 035 036 037 038 039 \n[    0.000000] pcpu-alloc: [0] 040 041 042 043 044 045 046 047 \n[    0.000000] pcpu-alloc: [0] 048 049 050 051 052 053 054 055 \n[    0.000000] pcpu-alloc: [0] 056 057 058 059 060 061 062 063 \n[    0.000000] pcpu-alloc: [0] 064 065 066 067 068 069 070 071 \n[    0.000000] pcpu-alloc: [0] 072 073 074 075 076 077 078 079 \n[    0.000000] pcpu-alloc: [0] 080 081 082 083 084 085 086 087 \n[    0.000000] pcpu-alloc: [0] 088 089 090 091 092 093 094 095 \n[    0.000000] pcpu-alloc: [0] 096 097 098 099 100 101 102 103 \n[    0.000000] pcpu-alloc: [0] 104 105 106 107 108 109 110 111 \n[    0.000000] pcpu-alloc: [0] 112 113 114 115 116 117 118 119 \n[    0.000000] pcpu-alloc: [0] 120 121 122 123 124 125 126 127 \n[    0.000000] Built 1 zonelists in Zone order, mobility grouping on.  Total pages: 515961\n[    0.000000] Policy zone: Normal\n[    0.000000] Kernel command line: BOOT_IMAGE=/vmlinuz-3.10.0-693.11.6.el7.x86_64 root=UUID=bf383770-7408-48df-b204-d408f67e439b ro console=tty1 console=ttyS0,115200n8 earlyprintk=ttyS0,115200 rootdelay=300 net.ifnames=0\n[    0.000000] PID hash table entries: 4096 (order: 3, 32768 bytes)\n[    0.000000] x86/fpu: xstate_offset[2]: 0240, xstate_sizes[2]: 0100\n[    0.000000] xsave: enabled xstate_bv 0x7, cntxt size 0x340 using standard form\n[    0.000000] Memory: 1943220k/5767168k available (6916k kernel code, 3670472k absent, 153476k reserved, 4551k data, 1800k init)\n[    0.000000] SLUB: HWalign=64, Order=0-3, MinObjects=0, CPUs=128, Nodes=1\n[    0.000000] x86/pti: Unmapping kernel while in userspace\n[    0.000000] Hierarchical RCU implementation.\n[    0.000000] \tRCU restricting CPUs from NR_CPUS=5120 to nr_cpu_ids=128.\n[    0.000000] NR_IRQS:327936 nr_irqs:1448 0\n[    0.000000] Console: colour VGA+ 80x25\n[    0.000000] console [tty1] enabled\n[    0.000000] console [ttyS0] enabled, bootconsole disabled\n[    0.000000] allocated 8388608 bytes of page_cgroup\n[    0.000000] please try 'cgroup_disable=memory' option if you don't want memory cgroups\n[    0.000000] tsc: Fast TSC calibration failed\n[    0.000000] tsc: Unable to calibrate against PIT\n[    0.000000] tsc: using PMTIMER reference calibration\n[    0.000000] tsc: Detected 2397.235 MHz processor\n[    0.008056] Calibrating delay loop (skipped), value calculated using timer frequency.. 4794.47 BogoMIPS (lpj=2397235)\n[    0.010021] pid_max: default: 131072 minimum: 1024\n[    0.011177] Security Framework initialized\n[    0.012041] SELinux:  Initializing.\n[    0.013040] SELinux:  Starting in permissive mode\n[    0.013042] Yama: becoming mindful.\n[    0.014251] Dentry cache hash table entries: 262144 (order: 9, 2097152 bytes)\n[    0.015433] Inode-cache hash table entries: 131072 (order: 8, 1048576 bytes)\n[    0.016246] Mount-cache hash table entries: 4096 (order: 3, 32768 bytes)\n[    0.017025] Mountpoint-cache hash table entries: 4096 (order: 3, 32768 bytes)\n[    0.018388] Initializing cgroup subsys memory\n[    0.019053] Initializing cgroup subsys devices\n[    0.020022] Initializing cgroup subsys freezer\n[    0.021021] Initializing cgroup subsys net_cls\n[    0.022022] Initializing cgroup subsys blkio\n[    0.024023] Initializing cgroup subsys perf_event\n[    0.025026] Initializing cgroup subsys hugetlb\n[    0.026022] Initializing cgroup subsys pids\n[    0.027023] Initializing cgroup subsys net_prio\n[    0.028113] CPU: Physical Processor ID: 0\n[    0.029032] FEATURE SPEC_CTRL Not Present\n[    0.030021] FEATURE IBPB_SUPPORT Not Present\n[    0.032378] mce: CPU supports 1 MCE banks\n[    0.033051] Last level iTLB entries: 4KB 0, 2MB 0, 4MB 0\n[    0.034020] Last level dTLB entries: 4KB 64, 2MB 0, 4MB 0\n[    0.035018] tlb_flushall_shift: 6\n[    0.052422] ACPI: Core revision 20130517\n[    0.054525] ACPI: All ACPI Tables successfully acquired\n[    0.057094] ftrace: allocating 26616 entries in 104 pages\n[    0.065143] smpboot: Max logical packages: 128\n[    0.066240] Switched APIC routing to physical flat.\n[    0.092447] ..TIMER: vector=0x30 apic1=0 pin1=2 apic2=-1 pin2=-1\n[    0.093003] smpboot: CPU0: Intel(R) Xeon(R) CPU E5-2673 v3 @ 2.40GHz (fam: 06, model: 3f, stepping: 02)\n[    0.097213] Performance Events: unsupported p6 CPU model 63 no PMU driver, software events only.\n[    0.103335] Brought up 1 CPUs\n[    0.104005] smpboot: Total of 1 processors activated (4794.47 BogoMIPS)\n[    0.106007] NMI watchdog: disabled (cpu0): hardware events not enabled\n[    0.107006] NMI watchdog: Shutting down hard lockup detector on all cpus\n[    0.112605] devtmpfs: initialized\n[    0.116165] EVM: security.selinux\n[    0.117009] EVM: security.ima\n[    0.118002] EVM: security.capability\n[    0.119090] PM: Registering ACPI NVS region [mem 0x1ffff000-0x1fffffff] (4096 bytes)\n[    0.121737] atomic64 test passed for x86-64 platform with CX8 and with SSE\n[    0.122019] pinctrl core: initialized pinctrl subsystem\n[    0.144003] RTC time:  6:56:40, date: 02/12/18\n[    0.145187] NET: Registered protocol family 16\n[    0.146197] ACPI: bus type PCI registered\n[    0.147003] acpiphp: ACPI Hot Plug PCI Controller Driver version: 0.5\n[    0.148434] PCI: Using configuration type 1 for base access\n[    0.150567] ACPI: Added _OSI(Module Device)\n[    0.151004] ACPI: Added _OSI(Processor Device)\n[    0.152010] ACPI: Added _OSI(3.0 _SCP Extensions)\n[    0.153004] ACPI: Added _OSI(Processor Aggregator Device)\n[    0.155595] ACPI: EC: Look up EC in DSDT\n[    0.157835] ACPI: Interpreter enabled\n[    0.158016] ACPI: (supports S0 S5)\n[    0.159002] ACPI: Using IOAPIC for interrupt routing\n[    0.160039] PCI: Using host bridge windows from ACPI; if necessary, use \"pci=nocrs\" and report a bug\n[    0.177212] ACPI: PCI Root Bridge [PCI0] (domain 0000 [bus 00-ff])\n[    0.178007] acpi PNP0A03:00: _OSC: OS supports [ASPM ClockPM Segments MSI]\n[    0.179012] acpi PNP0A03:00: _OSC failed (AE_NOT_FOUND); disabling ASPM\n[    0.180040] acpi PNP0A03:00: fail to add MMCONFIG information, can't access extended PCI configuration space under this bridge.\n[    0.181142] PCI host bridge to bus 0000:00\n[    0.182005] pci_bus 0000:00: root bus resource [bus 00-ff]\n[    0.183009] pci_bus 0000:00: root bus resource [mem 0xfe0000000-0xfffffffff window]\n[    0.184011] pci_bus 0000:00: root bus resource [io  0x0000-0x0cf7 window]\n[    0.185009] pci_bus 0000:00: root bus resource [io  0x0d00-0xffff window]\n[    0.186005] pci_bus 0000:00: root bus resource [mem 0x000a0000-0x000bffff window]\n[    0.188008] pci_bus 0000:00: root bus resource [mem 0x20000000-0xfffbffff window]\n[    0.190003] pci 0000:00:00.0: [8086:7192] type 00 class 0x060000\n[    0.192450] pci 0000:00:07.0: [8086:7110] type 00 class 0x060100\n[    0.195408] pci 0000:00:07.1: [8086:7111] type 00 class 0x010180\n[    0.197332] pci 0000:00:07.1: reg 0x20: [io  0xffa0-0xffaf]\n[    0.198115] pci 0000:00:07.1: legacy IDE quirk: reg 0x10: [io  0x01f0-0x01f7]\n[    0.199014] pci 0000:00:07.1: legacy IDE quirk: reg 0x14: [io  0x03f6]\n[    0.200004] pci 0000:00:07.1: legacy IDE quirk: reg 0x18: [io  0x0170-0x0177]\n[    0.201008] pci 0000:00:07.1: legacy IDE quirk: reg 0x1c: [io  0x0376]\n[    0.202471] pci 0000:00:07.3: [8086:7113] type 00 class 0x068000\n[    0.202506] * Found PM-Timer Bug on the chipset. Due to workarounds for a bug,\n* this clock source is slow. Consider trying other clock sources\n[    0.206097] pci 0000:00:07.3: quirk: [io  0x0400-0x043f] claimed by PIIX4 ACPI\n[    0.208043] pci 0000:00:08.0: [1414:5353] type 00 class 0x030000\n[    0.208416] pci 0000:00:08.0: reg 0x10: [mem 0xf8000000-0xfbffffff]\n[    0.225227] ACPI: PCI Interrupt Link [LNKA] (IRQs 3 4 5 7 9 10 *11 12 14 15)\n[    0.238228] ACPI: PCI Interrupt Link [LNKB] (IRQs 3 4 5 7 9 10 11 12 14 15) *0, disabled.\n[    0.254165] ACPI: PCI Interrupt Link [LNKC] (IRQs 3 4 5 7 9 10 11 12 14 15) *0, disabled.\n[    0.269244] ACPI: PCI Interrupt Link [LNKD] (IRQs 3 4 5 7 9 10 11 12 14 15) *0, disabled.\n[    0.284208] ACPI: Enabled 1 GPEs in block 00 to 0F\n[    0.285173] vgaarb: device added: PCI:0000:00:08.0,decodes=io+mem,owns=io+mem,locks=none\n[    0.286008] vgaarb: loaded\n[    0.287003] vgaarb: bridge control possible 0000:00:08.0\n[    0.288103] SCSI subsystem initialized\n[    0.289039] ACPI: bus type USB registered\n[    0.290026] usbcore: registered new interface driver usbfs\n[    0.291015] usbcore: registered new interface driver hub\n[    0.292074] usbcore: registered new device driver usb\n[    0.293193] PCI: Using ACPI for IRQ routing\n[    0.294004] PCI: pci_cache_line_size set to 64 bytes\n[    0.295220] e820: reserve RAM buffer [mem 0x0009fc00-0x0009ffff]\n[    0.295222] e820: reserve RAM buffer [mem 0x1fff0000-0x1fffffff]\n[    0.295388] NetLabel: Initializing\n[    0.296003] NetLabel:  domain hash size = 128\n[    0.297009] NetLabel:  protocols = UNLABELED CIPSOv4\n[    0.298032] NetLabel:  unlabeled traffic allowed by default\n[    0.299059] amd_nb: Cannot enumerate AMD northbridges\n[    0.300034] Switched to clocksource hyperv_clocksource\n[    0.327492] pnp: PnP ACPI init\n[    0.338871] ACPI: bus type PNP registered\n[    0.354295] pnp 00:00: Plug and Play ACPI device, IDs PNP0b00 (active)\n[    0.354573] pnp 00:01: Plug and Play ACPI device, IDs PNP0303 PNP030b (active)\n[    0.354813] pnp 00:02: Plug and Play ACPI device, IDs PNP0f03 PNP0f13 (active)\n[    0.355684] pnp 00:03: [dma 0 disabled]\n[    0.355736] pnp 00:03: Plug and Play ACPI device, IDs PNP0501 (active)\n[    0.356567] pnp 00:04: [dma 0 disabled]\n[    0.356588] pnp 00:04: Plug and Play ACPI device, IDs PNP0501 (active)\n[    0.357484] pnp 00:05: [dma 2]\n[    0.357517] pnp 00:05: Plug and Play ACPI device, IDs PNP0700 (active)\n[    0.357547] system 00:06: [io  0x01e0-0x01ef] has been reserved\n[    0.378747] system 00:06: [io  0x0160-0x016f] has been reserved\n[    0.398109] system 00:06: [io  0x0278-0x027f] has been reserved\n[    0.417540] system 00:06: [io  0x0378-0x037f] has been reserved\n[    0.436019] system 00:06: [io  0x0678-0x067f] has been reserved\n[    0.454216] system 00:06: [io  0x0778-0x077f] has been reserved\n[    0.475332] system 00:06: [io  0x04d0-0x04d1] has been reserved\n[    0.494996] system 00:06: Plug and Play ACPI device, IDs PNP0c02 (active)\n[    0.495177] system 00:07: [io  0x0400-0x043f] has been reserved\n[    0.517409] system 00:07: [io  0x0370-0x0371] has been reserved\n[    0.537239] system 00:07: [io  0x0440-0x044f] has been reserved\n[    0.561767] system 00:07: [mem 0xfec00000-0xfec00fff] could not be reserved\n[    0.595727] system 00:07: [mem 0xfee00000-0xfee00fff] has been reserved\n[    0.621691] system 00:07: Plug and Play ACPI device, IDs PNP0c02 (active)\n[    0.621861] system 00:08: [mem 0x00000000-0x0009ffff] could not be reserved\n[    0.643614] system 00:08: [mem 0x000c0000-0x000dffff] could not be reserved\n[    0.666556] system 00:08: [mem 0x000e0000-0x000fffff] could not be reserved\n[    0.688700] system 00:08: [mem 0x00100000-0x1fffffff] could not be reserved\n[    0.712804] system 00:08: [mem 0xfffc0000-0xffffffff] has been reserved\n[    0.734994] system 00:08: Plug and Play ACPI device, IDs PNP0c01 (active)\n[    0.735251] pnp: PnP ACPI: found 9 devices\n[    0.749555] ACPI: bus type PNP unregistered\n[    0.770877] pci_bus 0000:00: resource 4 [mem 0xfe0000000-0xfffffffff window]\n[    0.770880] pci_bus 0000:00: resource 5 [io  0x0000-0x0cf7 window]\n[    0.770882] pci_bus 0000:00: resource 6 [io  0x0d00-0xffff window]\n[    0.770883] pci_bus 0000:00: resource 7 [mem 0x000a0000-0x000bffff window]\n[    0.770885] pci_bus 0000:00: resource 8 [mem 0x20000000-0xfffbffff window]\n[    0.770969] NET: Registered protocol family 2\n[    0.786707] TCP established hash table entries: 16384 (order: 5, 131072 bytes)\n[    0.810882] TCP bind hash table entries: 16384 (order: 6, 262144 bytes)\n[    0.831924] TCP: Hash tables configured (established 16384 bind 16384)\n[    0.860588] TCP: reno registered\n[    0.872398] UDP hash table entries: 1024 (order: 3, 32768 bytes)\n[    0.893158] UDP-Lite hash table entries: 1024 (order: 3, 32768 bytes)\n[    0.916423] NET: Registered protocol family 1\n[    0.931577] pci 0000:00:00.0: Limiting direct PCI/PCI transfers\n[    0.951618] pci 0000:00:08.0: Boot video device\n[    0.951656] PCI: CLS 0 bytes, default 64\n[    0.951706] Unpacking initramfs...\n[    1.234866] Freeing initrd memory: 19820k freed\n[    1.256064] PCI-DMA: Using software bounce buffering for IO (SWIOTLB)\n[    1.277336] software IO TLB [mem 0x19f33000-0x1df33000] (64MB) mapped at [ffff880019f33000-ffff88001df32fff]\n[    1.312139] RAPL PMU: API unit is 2^-32 Joules, 4 fixed counters, 10737418240 ms ovfl timer\n[    1.338464] RAPL PMU: hw unit of domain pp0-core 2^-0 Joules\n[    1.359570] RAPL PMU: hw unit of domain package 2^-0 Joules\n[    1.377726] RAPL PMU: hw unit of domain dram 2^-0 Joules\n[    1.394822] RAPL PMU: hw unit of domain pp1-gpu 2^-0 Joules\n[    1.413867] sha1_ssse3: Using AVX optimized SHA-1 implementation\n[    1.432778] sha256_ssse3: Using AVX2 optimized SHA-256 implementation\n[    1.454349] futex hash table entries: 32768 (order: 9, 2097152 bytes)\n[    1.476224] Initialise system trusted keyring\n[    1.490282] audit: initializing netlink socket (disabled)\n[    1.507748] type=2000 audit(1518418599.507:1): initialized\n[    1.547444] HugeTLB registered 1 GB page size, pre-allocated 0 pages\n[    1.568781] HugeTLB registered 2 MB page size, pre-allocated 0 pages\n[    1.589830] zpool: loaded\n[    1.598789] zbud: loaded\n[    1.607626] VFS: Disk quotas dquot_6.5.2\n[    1.621464] Dquot-cache hash table entries: 512 (order 0, 4096 bytes)\n[    1.641681] msgmni has been set to 3834\n[    1.653996] Key type big_key registered\n[    1.667282] SELinux:  Registering netfilter hooks\n[    1.667709] NET: Registered protocol family 38\n[    1.681679] Key type asymmetric registered\n[    1.694871] Asymmetric key parser 'x509' registered\n[    1.711237] Block layer SCSI generic (bsg) driver version 0.4 loaded (major 250)\n[    1.734750] io scheduler noop registered\n[    1.747826] io scheduler deadline registered (default)\n[    1.764913] io scheduler cfq registered\n[    1.777390] pci_hotplug: PCI Hot Plug PCI Core version: 0.5\n[    1.796336] pciehp: PCI Express Hot Plug Controller Driver version: 0.4\n[    1.818503] intel_idle: does not run on family 6 model 63\n[    1.818560] input: Power Button as /devices/LNXSYSTM:00/LNXPWRBN:00/input/input0\n[    1.845886] ACPI: Power Button [PWRF]\n[    1.857848] GHES: HEST is not enabled!\n[    1.871220] Serial: 8250/16550 driver, 4 ports, IRQ sharing enabled\n[    1.950445] 00:03: ttyS0 at I/O 0x3f8 (irq = 4) is a 16550A\n[    2.027662] 00:04: ttyS1 at I/O 0x2f8 (irq = 3) is a 16550A\n[    2.045793] Non-volatile memory driver v1.3\n[    2.061143] Linux agpgart interface v0.103\n[    2.074603] crash memory driver: version 1.1\n[    2.088771] rdac: device handler registered\n[    2.102214] hp_sw: device handler registered\n[    2.116685] emc: device handler registered\n[    2.129600] alua: device handler registered\n[    2.142648] libphy: Fixed MDIO Bus: probed\n[    2.156073] ehci_hcd: USB 2.0 'Enhanced' Host Controller (EHCI) Driver\n[    2.177175] ehci-pci: EHCI PCI platform driver\n[    2.192098] ohci_hcd: USB 1.1 'Open' Host Controller (OHCI) Driver\n[    2.213915] ohci-pci: OHCI PCI platform driver\n[    2.234582] uhci_hcd: USB Universal Host Controller Interface driver\n[    2.254083] usbcore: registered new interface driver usbserial\n[    2.272936] usbcore: registered new interface driver usbserial_generic\n[    2.293200] usbserial: USB Serial support registered for generic\n[    2.313268] i8042: PNP: PS/2 Controller [PNP0303:PS2K,PNP0f03:PS2M] at 0x60,0x64 irq 1,12\n[    2.342790] serio: i8042 KBD port at 0x60,0x64 irq 1\n[    2.359192] serio: i8042 AUX port at 0x60,0x64 irq 12\n[    2.375071] mousedev: PS/2 mouse device common for all mice\n[    2.393001] rtc_cmos 00:00: RTC can wake from S4\n[    2.428857] input: AT Translated Set 2 keyboard as /devices/platform/i8042/serio0/input/input1\n[    2.457681] rtc_cmos 00:00: rtc core: registered rtc_cmos as rtc0\n[    2.479461] rtc_cmos 00:00: alarms up to one month, 114 bytes nvram\n[    2.503244] cpuidle: using governor menu\n[    2.520921] hidraw: raw HID events driver (C) Jiri Kosina\n[    2.538238] usbcore: registered new interface driver usbhid\n[    2.555908] usbhid: USB HID core driver\n[    2.569938] drop_monitor: Initializing network drop monitor service\n[    2.590209] TCP: cubic registered\n[    2.601176] Initializing XFRM netlink socket\n[    2.615694] NET: Registered protocol family 10\n[    2.630605] NET: Registered protocol family 17\n[    2.645140] microcode: CPU0 sig=0x306f2, pf=0x1, revision=0xffffffff\n[    2.666042] microcode: Microcode Update Driver: v2.01 <tigran@aivazian.fsnet.co.uk>, Peter Oruba\n[    2.694344] PM: Hibernation image not present or could not be loaded.\n[    2.694350] Loading compiled-in X.509 certificates\n[    2.710836] Loaded X.509 cert 'CentOS Linux kpatch signing key: ea0413152cde1d98ebdca3fe6f0230904c9ef717'\n[    2.745622] random: fast init done\n[    2.761115] Loaded X.509 cert 'CentOS Linux Driver update signing key: 7f421ee0ab69461574bb358861dbe77762a4201b'\n[    2.793722] psmouse serio1: alps: Unknown ALPS touchpad: E7=12 00 64, EC=12 00 64\n[    2.818613] Loaded X.509 cert 'CentOS Linux kernel signing key: 2cbc9870546343ca3ae120c2bceb984401955962'\n[    2.852069] registered taskstats version 1\n[    2.868558] Key type trusted registered\n[    2.883298] Key type encrypted registered\n[    2.899167] IMA: No TPM chip found, activating TPM-bypass!\n[    2.918151]   Magic number: 6:401:923\n[    2.931152] clockevents clockevent16: hash matches\n[    2.948150] rtc_cmos 00:00: setting system clock to 2018-02-12 06:56:43 UTC (1518418603)\n[    2.981153] Freeing unused kernel memory: 1800k freed\n[    3.011552] systemd[1]: systemd 219 running in system mode. (+PAM +AUDIT +SELINUX +IMA -APPARMOR +SMACK +SYSVINIT +UTMP +LIBCRYPTSETUP +GCRYPT +GNUTLS +ACL +XZ -LZ4 -SECCOMP +BLKID +ELFUTILS +KMOD +IDN)\n[    3.071323] psmouse serio1: trackpoint: failed to get extended button data\n[    3.093045] systemd[1]: Detected virtualization microsoft.\n[    3.111306] systemd[1]: Detected architecture x86-64.\n[    3.127744] systemd[1]: Running in initial RAM disk.\n[    3.170783] systemd[1]: Set hostname to <localhost.localdomain>.\n[    3.245220] systemd[1]: Reached target Local File Systems.\n[    3.263564] systemd[1]: Starting Local File Systems.\n[    3.299851] systemd[1]: Reached target Swap.\n[    3.314621] systemd[1]: Starting Swap.\n[    3.346048] systemd[1]: Reached target Timers.\n[    3.361286] systemd[1]: Starting Timers.\n[    3.393486] systemd[1]: Created slice Root Slice.\n[    3.409353] systemd[1]: Starting Root Slice.\n[    3.443141] systemd[1]: Created slice System Slice.\n[    3.460825] systemd[1]: Starting System Slice.\n[    3.496255] systemd[1]: Listening on udev Kernel Socket.\n[    3.524832] systemd[1]: Starting udev Kernel Socket.\n[    3.561670] systemd[1]: Listening on Journal Socket.\n[    3.578230] systemd[1]: Starting Journal Socket.\n[    3.593442] systemd[1]: Starting Setup Virtual Console...\n[    3.668628] systemd[1]: Starting dracut cmdline hook...\n[    3.755966] systemd[1]: Starting Journal Service...\n[    3.828429] systemd[1]: Starting Create list of required static device nodes for the current kernel...\n[    3.935322] systemd[1]: Reached target Slices.\n[    3.956274] systemd[1]: Starting Slices.\n[    4.002712] systemd[1]: Listening on udev Control Socket.\n[    4.021813] systemd[1]: Starting udev Control Socket.\n[    4.060871] systemd[1]: Reached target Sockets.\n[    4.075196] systemd[1]: Starting Sockets.\n[    4.089816] systemd[1]: Starting Apply Kernel Variables...\n[    4.147424] systemd[1]: Started Journal Service.\n[    4.603308] Floppy drive(s): fd0 is 1.44M\n[    4.628170] Switched to clocksource hyperv_clocksource_tsc_page\n[    4.695514] libata version 3.00 loaded.\n[    4.698509] ata_piix 0000:00:07.1: version 2.13\n[    4.698699] ata_piix 0000:00:07.1: Hyper-V Virtual Machine detected, ATA device ignore set\n[    4.751845] scsi host0: ata_piix\n[    4.772807] FDC 0 is an 82078.\n[    4.799764] hv_vmbus: Hyper-V Host Build:14393-10.0-0-0.230; Vmbus version:4.0\n[    4.841042] scsi host1: ata_piix\n[    4.884134] ata1: PATA max UDMA/33 cmd 0x1f0 ctl 0x3f6 bmdma 0xffa0 irq 14\n[    4.907327] ata2: PATA max UDMA/33 cmd 0x170 ctl 0x376 bmdma 0xffa8 irq 15\n[    4.954759] hv_vmbus: registering driver hyperv_fb\n[    4.971957] hv_vmbus: registering driver hid_hyperv\n[    4.988482] hv_vmbus: registering driver hyperv_keyboard\n[    5.014233] input: Microsoft Vmbus HID-compliant Mouse as /devices/virtual/input/input2\n[    5.049796] hv_vmbus: registering driver hv_netvsc\n[    5.085017] ata1.01: host indicates ignore ATA devices, ignored\n[    5.085822] ata1.00: host indicates ignore ATA devices, ignored\n[    5.090042] hv_vmbus: registering driver hv_storvsc\n[    5.193475] hid-generic 0006:045E:0621.0001: input: <UNKNOWN> HID v0.01 Mouse [Microsoft Vmbus HID-compliant Mouse] on \n[    5.233806] hyperv_fb: Screen resolution: 1152x864, Color depth: 32\n[    5.272805] Console: switching to colour frame buffer device 144x54\n[    5.354198] scsi host2: storvsc_host_t\n[    5.395032] scsi 2:0:0:0: Direct-Access     Msft     Virtual Disk     1.0  PQ: 0 ANSI: 5\n[    5.481513] scsi host3: storvsc_host_t\n[    5.494128] scsi 3:0:1:0: Direct-Access     Msft     Virtual Disk     1.0  PQ: 0 ANSI: 5\n[    5.522059] scsi host4: storvsc_host_t\n[    5.537692] scsi host5: storvsc_host_t\n[    5.579376] sd 3:0:1:0: [sdb] 8388608 512-byte logical blocks: (4.29 GB/4.00 GiB)\n[    5.603761] sd 3:0:1:0: [sdb] 4096-byte physical blocks\n[    5.619934] sd 2:0:0:0: [sda] 62914560 512-byte logical blocks: (32.2 GB/30.0 GiB)\n[    5.642277] sd 2:0:0:0: [sda] 4096-byte physical blocks\n[    5.661482] sd 3:0:1:0: [sdb] Write Protect is off\n[    5.676663] sd 3:0:1:0: [sdb] Mode Sense: 0f 00 10 00\n[    5.676794] sd 2:0:0:0: [sda] Write Protect is off\n[    5.697964] sd 2:0:0:0: [sda] Mode Sense: 0f 00 10 00\n[    5.698670] sd 3:0:1:0: [sdb] Write cache: disabled, read cache: enabled, supports DPO and FUA\n[    5.727428] sd 2:0:0:0: [sda] Write cache: enabled, read cache: enabled, supports DPO and FUA\n[    5.764714]  sda: sda1 sda2\n[    5.773677]  sdb: sdb1\n[    5.785076] sd 2:0:0:0: [sda] Attached SCSI disk\n[    5.799325] sd 3:0:1:0: [sdb] Attached SCSI disk\n[    6.473213] random: crng init done\n[    7.064518] SGI XFS with ACLs, security attributes, no debug enabled\n[    7.091265] XFS (sda2): Mounting V5 Filesystem\n[    7.175091] psmouse serio1: trackpoint: IBM TrackPoint firmware: 0x01, buttons: 0/0\n[    7.206603] input: TPPS/2 IBM TrackPoint as /devices/platform/i8042/serio1/input/input3\n[    7.243810] input: AT Translated Set 2 keyboard as /devices/LNXSYSTM:00/device:00/PNP0A03:00/device:08/VMBUS:01/d34b2567-b9b6-42b9-8778-0a4ec0b955bf/serio2/input/input4\n[    8.971319] XFS (sda2): Ending clean mount\n[    9.942576] systemd-journald[105]: Received SIGTERM from PID 1 (systemd).\n[   10.843660] SELinux:  Disabled at runtime.\n[   10.859131] SELinux:  Unregistering netfilter hooks\n[   10.859250] type=1404 audit(1518418611.410:2): selinux=0 auid=4294967295 ses=4294967295\n[   11.102209] ip_tables: (C) 2000-2006 Netfilter Core Team\n[   11.122921] systemd[1]: Inserted module 'ip_tables'\n[   13.972931] systemd-journald[352]: Received request to flush runtime journal from PID 1\n[   14.953264] piix4_smbus 0000:00:07.3: SMBus base address uninitialized - upgrade BIOS or use force_addr=0xaddr\n[   15.473569] hv_vmbus: registering driver hv_balloon\n[   15.515883] pps_core: LinuxPPS API ver. 1 registered\n[   15.536958] pps_core: Software ver. 5.3.6 - Copyright 2005-2007 Rodolfo Giometti <giometti@linux.it>\n[   15.591776] PTP clock support registered\n[   15.619885] sd 2:0:0:0: Attached scsi generic sg0 type 0\n[   15.648404] hv_utils: Registering HyperV Utility Driver\n[   15.673538] hv_vmbus: registering driver hv_util\n[   15.694113] hv_balloon: Using Dynamic Memory protocol version 2.0\n[   15.750059] sd 3:0:1:0: Attached scsi generic sg1 type 0\n[   15.772268] input: PC Speaker as /devices/platform/pcspkr/input/input5\n[   15.797985] hv_utils: Using TimeSync version 4.0\n[   16.410995] AES CTR mode by8 optimization enabled\n[   16.430208] alg: No test for __gcm-aes-aesni (__driver-gcm-aes-aesni)\n[   16.522258] alg: No test for crc32 (crc32-pclmul)\n[   16.779306] EDAC MC: Ver: 3.0.0\n[   16.802873] XFS (sda1): Mounting V5 Filesystem\n[   16.822953] EDAC sbridge: Seeking for: PCI ID 8086:2fa0\n[   16.822955] EDAC sbridge:  Ver: 1.1.1 \n[   17.218753] device-mapper: uevent: version 1.0.3\n[   17.236612] device-mapper: ioctl: 4.35.0-ioctl (2016-06-23) initialised: dm-devel@redhat.com\n[   22.108986] XFS (sda1): Ending clean mount\n[   22.598184] type=1305 audit(1518418623.912:3): audit_pid=478 old=0 auid=4294967295 ses=4294967295 res=1\n[   23.723889] hv_utils: VSS: userspace daemon ver. 129 connected",
 "title": "dmesg"
}