{
 "espireDate": "N",
 "format": "text",
 "jSonReasons": [
  "re_#10",
  "re_email",
  "re_url",
  "kw_scan",
  "lg_en",
  "kw_down"
 ],
 "key": "PAJBY6Ct",
 "pasteDate": "Feb 17, 2018, 1:53:59 PM",
 "relevancy": 2.0,
 "relevant": false,
 "text": "                \n\nU-Boot 2017.07-gf788668 (Feb 07 2018 - 02:16:39 -0200)\n\nModel: Hardkernel ODROID-N1\nDRAM:  3.9 GiB\nMMC:   dwmmc@fe320000: 1, sdhci@fe330000: 0\nCard did not respond to voltage select!\nmmc_init: -95, time 24\n*** Warning - bad CRC, using default environment\n\nIn:    serial@ff1a0000\nOut:   serial@ff1a0000\nErr:   serial@ff1a0000\nU-Boot 2017.07-gf788668 (Feb 07 2018 - 02:16:39 -0200)\n\nModel: Hardkernel ODROID-N1\nMMC: block number 0x4001 exceeds max(0x0)\nscan boot: block read fail\nWriting to MMC(0)... done\nNet:   \nError: ethernet@fe300000 address not set.\nNo ethernet found.\nHit any key to stop autoboot:  0 \nreading boot.ini\n560 bytes read in 4 ms (136.7 KiB/s)\ncfgload: applying boot.ini...\ncfgload: setenv kernel_addr \"0x02000000\"\ncfgload: setenv fdt_addr \"0x01f00000\"\ncfgload: setenv initrd_addr \"0x04000000\"\ncfgload: setenv bootrootfs \"swiotlb=1 console=ttyFIQ0,115200n8 root=UUID=e139ce78-9841-40fe-8823-96a304a09859 rootwait rw\"\ncfgload: load mmc 0 ${kernel_addr} Image\n** Bad device size - mmc 0 **\ncfgload: load mmc 0 ${initrd_addr} uInitrd\n** Bad device size - mmc 0 **\ncfgload: load mmc 0 ${fdt_addr} rk3399-odroidn1-linux.dtb\n** Bad device size - mmc 0 **\ncfgload: setenv bootargs \"${bootrootfs}\"\ncfgload: booti ${kernel_addr} ${initrd_addr} ${fdt_addr}\nBad Linux ARM64 Image magic!\nswitch to partitions #0, OK\nmmc1 is current device\nreading Image\n13121544 bytes read in 1513 ms (8.3 MiB/s)\nreading uInitrd\n5011630 bytes read in 581 ms (8.2 MiB/s)\nreading rk3399-odroidn1-linux.dtb\n72731 bytes read in 15 ms (4.6 MiB/s)\n## Flattened Device Tree blob at 01f00000\n   Booting using the fdt blob at 0x1f00000\n   Loading Device Tree to 00000000f5f11000, end 00000000f5f25c1a ... OK\n\nStarting kernel ...\n\n[    0.000000] Booting Linux on physical CPU 0x0\n[    0.000000] Initializing cgroup subsys cpuset\n[    0.000000] Initializing cgroup subsys cpu\n[    0.000000] Initializing cgroup subsys cpuacct\n[    0.000000] Linux version 4.4.112 (mdrjr@powah) (gcc version 6.3.1 20170404 (Linaro GCC 6.3-2017.05) ) #2 SMP Thu Feb 8 21:25:35 -02 2018\n[    0.000000] Boot CPU: AArch64 Processor [410fd034]\n[    0.000000] Reserved memory: failed to reserve memory for node 'drm-logo@00000000': base 0x0000000000000000, size 0 MiB\n[    0.000000] psci: probing for conduit method from DT.\n[    0.000000] psci: PSCIv1.0 detected in firmware.\n[    0.000000] psci: Using standard PSCI v0.2 function IDs\n[    0.000000] psci: MIGRATE_INFO_TYPE not supported.\n[    0.000000] PERCPU: Embedded 21 pages/cpu @ffffffc0f7ee4000 s45864 r8192 d31960 u86016\n[    0.000000] Detected VIPT I-cache on CPU0\n[    0.000000] CPU features: enabling workaround for ARM erratum 845719\n[    0.000000] Built 1 zonelists in Zone order, mobility grouping on.  Total pages: 999432\n[    0.000000] Kernel command line: earlyprintk swiotlb=1 console=ttyFIQ0,115200n8 rw root=/dev/mmcblk1p2 rootfstype=ext4 rootwait storagemedia=sd\n[    0.000000] PID hash table entries: 4096 (order: 3, 32768 bytes)\n[    0.000000] Dentry cache hash table entries: 524288 (order: 10, 4194304 bytes)\n[    0.000000] Inode-cache hash table entries: 262144 (order: 9, 2097152 bytes)\n[    0.000000] software IO TLB [mem 0xf7e9c000-0xf7edc000] (0MB) mapped at [ffffffc0f7e9c000-ffffffc0f7edbfff]\n[    0.000000] Memory: 3974476K/4061184K available (7678K kernel code, 1038K rwdata, 3076K rodata, 960K init, 650K bss, 86708K reserved, 0K cma-reserved)\n[    0.000000] Virtual kernel memory layout:\n[    0.000000]     modules : 0xffffff8000000000 - 0xffffff8008000000   (   128 MB)\n[    0.000000]     vmalloc : 0xffffff8008000000 - 0xffffffbdbfff0000   (   246 GB)\n[    0.000000]       .init : 0xffffff8008b10000 - 0xffffff8008c00000   (   960 KB)\n[    0.000000]       .text : 0xffffff8008080000 - 0xffffff8008800000   (  7680 KB)\n[    0.000000]     .rodata : 0xffffff8008800000 - 0xffffff8008b10000   (  3136 KB)\n[    0.000000]       .data : 0xffffff8008c00000 - 0xffffff8008d03808   (  1039 KB)\n[    0.000000]     vmemmap : 0xffffffbdc0000000 - 0xffffffbfc0000000   (     8 GB maximum)\n[    0.000000]               0xffffffbdc0008000 - 0xffffffbdc3e00000   (    61 MB actual)\n[    0.000000]     fixed   : 0xffffffbffe7fb000 - 0xffffffbffec00000   (  4116 KB)\n[    0.000000]     PCI I/O : 0xffffffbffee00000 - 0xffffffbfffe00000   (    16 MB)\n[    0.000000]     memory  : 0xffffffc000200000 - 0xffffffc0f8000000   (  3966 MB)\n[    0.000000] SLUB: HWalign=64, Order=0-3, MinObjects=0, CPUs=6, Nodes=1\n[    0.000000] Hierarchical RCU implementation.\n[    0.000000]  Build-time adjustment of leaf fanout to 64.\n[    0.000000]  RCU restricting CPUs from NR_CPUS=8 to nr_cpu_ids=6.\n[    0.000000] RCU: Adjusting geometry for rcu_fanout_leaf=64, nr_cpu_ids=6\n[    0.000000] NR_IRQS:64 nr_irqs:64 0\n[    0.000000] GIC: Using split EOI/Deactivate mode\n[    0.000000] ITS: /interrupt-controller@fee00000/interrupt-controller@fee20000\n[    0.000000] ITS: allocated 65536 Devices @280000 (psz 64K, shr 0)\n[    0.000000] ITS: using cache flushing for cmd queue\n[    0.000000] GIC: using LPI property table @0x0000000000300000\n[    0.000000] ITS: Allocated 1792 chunks for LPIs\n[    0.000000] CPU0: found redistributor 0 region 0:0x00000000fef00000\n[    0.000000] CPU0: using LPI pending table @0x0000000000310000\n[    0.000000] GIC: using cache flushing for LPI property table\n[    0.000000] GIC: PPI partition interrupt-partition-0[0] { /cpus/cpu@0[0] /cpus/cpu@1[1] /cpus/cpu@2[2] /cpus/cpu@3[3] }\n[    0.000000] GIC: PPI partition interrupt-partition-1[1] { /cpus/cpu@100[4] /cpus/cpu@101[5] }\n[    0.000000] rockchip_clk_register_frac_branch: could not find dclk_vop0_frac as parent of dclk_vop0, rate changes may not work\n[    0.000000] rockchip_clk_register_frac_branch: could not find dclk_vop1_frac as parent of dclk_vop1, rate changes may not work\n[    0.000000] Architected cp15 timer(s) running at 24.00MHz (phys).\n[    0.000000] clocksource: arch_sys_counter: mask: 0xffffffffffffff max_cycles: 0x588fe9dc0, max_idle_ns: 440795202592 ns\n[    0.000005] sched_clock: 56 bits at 24MHz, resolution 41ns, wraps every 4398046511097ns\n[    0.001271] Console: colour dummy device 80x25\n[    0.001296] Calibrating delay loop (skipped), value calculated using timer frequency.. 48.00 BogoMIPS (lpj=24000)\n[    0.001308] pid_max: default: 32768 minimum: 301\n[    0.001455] Mount-cache hash table entries: 8192 (order: 4, 65536 bytes)\n[    0.001467] Mountpoint-cache hash table entries: 8192 (order: 4, 65536 bytes)\n[    0.002251] Initializing cgroup subsys devices\n[    0.002270] Initializing cgroup subsys freezer\n[    0.002284] Initializing cgroup subsys net_cls\n[    0.002310] ftrace: allocating 29335 entries in 115 pages\n[    0.075251] sched-energy: Sched-energy-costs installed from DT\n[    0.075268] CPU0: update cpu_capacity 401\n[    0.075324] ASID allocator initialised with 32768 entries\n[    0.077673] PCI/MSI: /interrupt-controller@fee00000/interrupt-controller@fee20000 domain created\n[    0.078099] Platform MSI: /interrupt-controller@fee00000/interrupt-controller@fee20000 domain created\n[    0.079262] Detected VIPT I-cache on CPU1\n[    0.079294] CPU1: found redistributor 1 region 0:0x00000000fef20000\n[    0.079326] CPU1: using LPI pending table @0x00000000f2cf0000\n[    0.079368] CPU1: update cpu_capacity 401\n[    0.079372] CPU1: Booted secondary processor [410fd034]\n[    0.079886] Detected VIPT I-cache on CPU2\n[    0.079908] CPU2: found redistributor 2 region 0:0x00000000fef40000\n[    0.079935] CPU2: using LPI pending table @0x00000000f2d10000\n[    0.079962] CPU2: update cpu_capacity 401\n[    0.079965] CPU2: Booted secondary processor [410fd034]\n[    0.080478] Detected VIPT I-cache on CPU3\n[    0.080498] CPU3: found redistributor 3 region 0:0x00000000fef60000\n[    0.080525] CPU3: using LPI pending table @0x00000000f2d70000\n[    0.080551] CPU3: update cpu_capacity 401\n[    0.080555] CPU3: Booted secondary processor [410fd034]\n[    0.081044] Detected PIPT I-cache on CPU4\n[    0.081070] CPU4: found redistributor 100 region 0:0x00000000fef80000\n[    0.081109] CPU4: using LPI pending table @0x00000000f2da0000\n[    0.081148] CPU4: update cpu_capacity 1024\n[    0.081151] CPU4: Booted secondary processor [410fd082]\n[    0.081691] Detected PIPT I-cache on CPU5\n[    0.081710] CPU5: found redistributor 101 region 0:0x00000000fefa0000\n[    0.081747] CPU5: using LPI pending table @0x00000000f2dd0000\n[    0.081774] CPU5: update cpu_capacity 1024\n[    0.081777] CPU5: Booted secondary processor [410fd082]\n[    0.081864] Brought up 6 CPUs\n[    0.081946] SMP: Total of 6 processors activated.\n[    0.081955] CPU features: detected feature: GIC system register CPU interface\n[    0.081968] CPU: All CPU(s) started at EL2\n[    0.082016] alternatives: patching kernel code\n[    0.083370] devtmpfs: initialized\n[    0.097588] clocksource: jiffies: mask: 0xffffffff max_cycles: 0xffffffff, max_idle_ns: 1911260446275000 ns\n[    0.097611] futex hash table entries: 2048 (order: 5, 131072 bytes)\n[    0.098051] pinctrl core: initialized pinctrl subsystem\n[    0.098775] NET: Registered protocol family 16\n[    0.102930] cpuidle: using governor ladder\n[    0.106241] cpuidle: using governor menu\n[    0.106264] Registered FIQ tty driver\n[    0.106426] vdso: 2 pages (1 code @ ffffff8008806000, 1 data @ ffffff8008c04000)\n[    0.106455] hw-breakpoint: found 6 breakpoint and 4 watchpoint registers.\n[    0.106618] DMA: preallocated 256 KiB pool for atomic allocations\n[    0.807386] console [ttyFIQ0] enabled\n[    0.811238] Registered fiq debugger ttyFIQ0\n[    0.828138] iommu: Adding device ff650000.vpu_service to group 0\n[    0.834225] iommu: Adding device ff660000.rkvdec to group 1\n[    0.839892] iommu: Adding device ff8f0000.vop to group 2\n[    0.845280] iommu: Adding device ff900000.vop to group 3\n[    0.851906] SCSI subsystem initialized\n[    0.856006] usbcore: registered new interface driver usbfs\n[    0.861545] usbcore: registered new interface driver hub\n[    0.866946] usbcore: registered new device driver usb\n[    0.872080] pps_core: LinuxPPS API ver. 1 registered\n[    0.877054] pps_core: Software ver. 5.3.6 - Copyright 2005-2007 Rodolfo Giometti <giometti@linux.it>\n[    0.886200] PTP clock support registered\n[    0.891070] Advanced Linux Sound Architecture Driver Initialized.\n[    0.898341] rockchip-cpuinfo cpuinfo: Serial         : c66b2b9ec35eafa4\n[    0.904627] clocksource: Switched to clocksource arch_sys_counter\n[    0.940632] NET: Registered protocol family 2\n[    0.945423] TCP established hash table entries: 32768 (order: 6, 262144 bytes)\n[    0.952826] TCP bind hash table entries: 32768 (order: 8, 1048576 bytes)\n[    0.960338] TCP: Hash tables configured (established 32768 bind 32768)\n[    0.966973] UDP hash table entries: 2048 (order: 5, 196608 bytes)\n[    0.973205] UDP-Lite hash table entries: 2048 (order: 5, 196608 bytes)\n[    0.980055] NET: Registered protocol family 1\n[    0.984919] hw perfevents: enabled with armv8_cortex_a53 PMU driver, 7 counters available\n[    0.993181] hw perfevents: enabled with armv8_cortex_a72 PMU driver, 7 counters available\n[    1.004310] Initialise system trusted keyring\n[    1.014892] VFS: Disk quotas dquot_6.6.0\n[    1.018962] VFS: Dquot-cache hash table entries: 512 (order 0, 4096 bytes)\n[    1.030536] NET: Registered protocol family 38\n[    1.035009] Key type asymmetric registered\n[    1.039134] Asymmetric key parser 'x509' registered\n[    1.044163] Block layer SCSI generic (bsg) driver version 0.4 loaded (major 248)\n[    1.051564] io scheduler noop registered\n[    1.055494] io scheduler deadline registered\n[    1.059888] io scheduler cfq registered (default)\n[    1.065989] rockchip-usb2phy ff770000.syscon:usb2-phy@e450: vbus_drv is not assigned\n[    1.074827] rockchip-usb2phy ff770000.syscon:usb2-phy@e460: vbus_drv is not assigned\n[    1.087564] rockchip-pcie f8000000.pcie: no vpcie3v3 regulator found\n[    1.093950] rockchip-pcie f8000000.pcie: no vpcie1v8 regulator found\n[    1.100326] rockchip-pcie f8000000.pcie: no vpcie0v9 regulator found\n[    1.165046] PCI host bridge /pcie@f8000000 ranges:\n[    1.169859]   MEM 0xfa000000..0xfbdfffff -> 0xfa000000\n[    1.175008]    IO 0xfbe00000..0xfbefffff -> 0xfbe00000\n[    1.180444] rockchip-pcie f8000000.pcie: PCI host bridge to bus 0000:00\n[    1.187071] pci_bus 0000:00: root bus resource [bus 00-1f]\n[    1.192568] pci_bus 0000:00: root bus resource [mem 0xfa000000-0xfbdfffff]\n[    1.199445] pci_bus 0000:00: root bus resource [io  0x0000-0xfffff] (bus address [0xfbe00000-0xfbefffff])\n[    1.209396] pci 0000:00:00.0: bridge configuration invalid ([bus 00-00]), reconfiguring\n[    1.217599] pci 0000:01:00.0: reg 0x10: initial BAR value 0x00000000 invalid\n[    1.224674] pci 0000:01:00.0: reg 0x14: initial BAR value 0x00000000 invalid\n[    1.231745] pci 0000:01:00.0: reg 0x18: initial BAR value 0x00000000 invalid\n[    1.238814] pci 0000:01:00.0: reg 0x1c: initial BAR value 0x00000000 invalid\n[    1.245884] pci 0000:01:00.0: reg 0x20: initial BAR value 0x00000000 invalid\n[    1.254695] pci 0000:00:00.0: BAR 8: assigned [mem 0xfa000000-0xfa0fffff]\n[    1.261496] pci 0000:01:00.0: BAR 6: assigned [mem 0xfa000000-0xfa00ffff pref]\n[    1.268723] pci 0000:01:00.0: BAR 5: assigned [mem 0xfa010000-0xfa0101ff]\n[    1.275517] pci 0000:01:00.0: BAR 4: no space for [io  size 0x0010]\n[    1.281787] pci 0000:01:00.0: BAR 4: failed to assign [io  size 0x0010]\n[    1.288406] pci 0000:01:00.0: BAR 0: no space for [io  size 0x0008]\n[    1.294675] pci 0000:01:00.0: BAR 0: failed to assign [io  size 0x0008]\n[    1.301294] pci 0000:01:00.0: BAR 2: no space for [io  size 0x0008]\n[    1.307563] pci 0000:01:00.0: BAR 2: failed to assign [io  size 0x0008]\n[    1.314183] pci 0000:01:00.0: BAR 1: no space for [io  size 0x0004]\n[    1.320452] pci 0000:01:00.0: BAR 1: failed to assign [io  size 0x0004]\n[    1.327070] pci 0000:01:00.0: BAR 3: no space for [io  size 0x0004]\n[    1.333339] pci 0000:01:00.0: BAR 3: failed to assign [io  size 0x0004]\n[    1.339960] pci 0000:00:00.0: PCI bridge to [bus 01]\n[    1.344940] pci 0000:00:00.0:   bridge window [mem 0xfa000000-0xfa0fffff]\n[    1.351781] pcieport 0000:00:00.0: enabling device (0000 -> 0002)\n[    1.358110] pcieport 0000:00:00.0: Signaling PME through PCIe PME interrupt\n[    1.365084] pci 0000:01:00.0: Signaling PME through PCIe PME interrupt\n[    1.372401] rk-vcodec ff650000.vpu_service: no regulator for vcodec\n[    1.378919] rk-vcodec ff650000.vpu_service: probe device\n[    1.384283] rk-vcodec ff650000.vpu_service: vpu mmu dec ffffffc0f282b810\n[    1.391160] rk-vcodec ff650000.vpu_service: allocator is drm\n[    1.396878] rk-vcodec ff650000.vpu_service: checking hw id 0\n[    1.403077] rk-vcodec ff650000.vpu_service: could not find power_model node\n[    1.410057] rk-vcodec ff650000.vpu_service: init success\n[    1.415683] rk-vcodec ff660000.rkvdec: no regulator for vcodec\n[    1.421955] rk-vcodec ff660000.rkvdec: probe device\n[    1.426874] rk-vcodec ff660000.rkvdec: vpu mmu dec ffffffc0f282c010\n[    1.433285] rk-vcodec ff660000.rkvdec: allocator is drm\n[    1.438569] rk-vcodec ff660000.rkvdec: checking hw id 6876\n[    1.444416] rk-vcodec ff660000.rkvdec: could not find power_model node\n[    1.450958] rk-vcodec ff660000.rkvdec: init success\n[    1.457226] dma-pl330 ff6d0000.dma-controller: Loaded driver for PL330 DMAC-241330\n[    1.464807] dma-pl330 ff6d0000.dma-controller:       DBUFF-32x8bytes Num_Chans-6 Num_Peri-12 Num_Events-12\n[    1.475470] dma-pl330 ff6e0000.dma-controller: Loaded driver for PL330 DMAC-241330\n[    1.483050] dma-pl330 ff6e0000.dma-controller:       DBUFF-128x8bytes Num_Chans-8 Num_Peri-20 Num_Events-16\n[    1.493327] Serial: 8250/16550 driver, 5 ports, IRQ sharing disabled\n[    1.500947] rockchip-pinctrl pinctrl: pin gpio4-19 already requested by fiq-debugger; cannot claim for ff1a0000.serial\n[    1.511657] rockchip-pinctrl pinctrl: pin-147 (ff1a0000.serial) status -22\n[    1.518536] rockchip-pinctrl pinctrl: could not request pin 147 (gpio4-19) from group uart2c-xfer  on device rockchip-pinctrl\n[    1.529836] dw-apb-uart ff1a0000.serial: Error applying setting, reverse things back\n[    1.537991] ff1a0000.serial: ttyS2 at MMIO 0xff1a0000 (irq = 34, base_baud = 1500000) is a 16550A\n[    1.547837] [drm] Initialized drm 1.1.0 20060810\n[    1.554935] rockchip-drm display-subsystem: dmc is disabled\n[    1.561058] rockchip-drm display-subsystem: bound ff900000.vop (ops 0xffffff8008866608)\n[    1.569280] rockchip-drm display-subsystem: bound ff8f0000.vop (ops 0xffffff8008866608)\n[    1.577533] i2c i2c-9: of_i2c: modalias failure on /hdmi@ff940000/ports\n[    1.584164] dwhdmi-rockchip ff940000.hdmi: registered DesignWare HDMI I2C bus driver\n[    1.591997] dwhdmi-rockchip ff940000.hdmi: Detected HDMI TX controller v2.11a with HDCP (DWC HDMI 2.0 TX PHY)\n[    1.602543] rockchip-drm display-subsystem: bound ff940000.hdmi (ops 0xffffff800885f028)\n[    1.610646] [drm] Supports vblank timestamp caching Rev 2 (21.10.2013).\n[    1.617264] [drm] No driver support for vblank timestamp query.\n[    1.623340] rockchip-drm display-subsystem: failed to parse loader memory\n[    1.630152] rockchip-drm display-subsystem: No connectors reported connected with modes\n[    1.638192] [drm] Cannot find any crtc or sizes - going 1024x768\n[    1.655012] Console: switching to colour frame buffer device 128x48\n[    1.667314] rockchip-drm display-subsystem: fb0:  frame buffer device\n[    1.681099] mali ff9a0000.gpu: Failed to get regulator\n[    1.686252] mali ff9a0000.gpu: Power control initialization failed\n[    1.692769] Unable to detect cache hierarchy from DT for CPU 0\n[    1.699329] brd: module loaded\n[    1.707448] loop: module loaded\n[    1.711217] zram: Added device: zram0\n[    1.715165] lkdtm: No crash points registered, enable through debugfs\n[    1.721873] SCSI Media Changer driver v0.25 \n[    1.726443] ahci 0000:01:00.0: enabling device (0000 -> 0002)\n[    1.732767] ahci 0000:01:00.0: SSS flag set, parallel bus scan disabled\n[    1.739502] ahci 0000:01:00.0: AHCI 0001.0200 32 slots 2 ports 6 Gbps 0x3 impl IDE mode\n[    1.747515] ahci 0000:01:00.0: flags: 64bit ncq sntf stag led clo pmp pio slum part ccc sxs \n[    1.757358] scsi host0: ahci\n[    1.760783] scsi host1: ahci\n[    1.763957] ata1: SATA max UDMA/133 abar m512@0xfa010000 port 0xfa010100 irq 226\n[    1.771421] ata2: SATA max UDMA/133 abar m512@0xfa010000 port 0xfa010180 irq 226\n[    1.780264] rk_gmac-dwmac fe300000.ethernet: clock input or output? (input).\n[    1.787328] rk_gmac-dwmac fe300000.ethernet: TX delay(0x100).\n[    1.793079] rk_gmac-dwmac fe300000.ethernet: RX delay(0x11).\n[    1.798759] rk_gmac-dwmac fe300000.ethernet: integrated PHY? (no).\n[    1.805115] rk_gmac-dwmac fe300000.ethernet: cannot get clock clk_mac_speed\n[    1.812085] rk_gmac-dwmac fe300000.ethernet: clock input from PHY\n[    1.823191] rk_gmac-dwmac fe300000.ethernet: init for RGMII\n[    1.828885] stmmac - user ID: 0x10, Synopsys ID: 0x35\n[    1.833951]  Ring mode enabled\n[    1.837017]  DMA HW capability register supported\n[    1.841555]  Normal descriptors\n[    1.844904]  RX Checksum Offload Engine supported (type 2)\n[    1.850397]  TX Checksum insertion supported\n[    1.854670]  Wake-Up On Lan supported\n[    1.858370]  Enable RX Mitigation via HW Watchdog Timer\n[    1.928515] libphy: stmmac: probed\n[    1.931941] eth%d: PHY ID 001cc916 at 0 IRQ POLL (stmmac-0:00) active\n[    1.938397] eth%d: PHY ID 001cc916 at 1 IRQ POLL (stmmac-0:01)\n[    1.946084] Rockchip WiFi SYS interface (V1.00) ... \n[    1.956510] rockchip-dwc3 usb@fe800000: fail to get drvdata hcd\n[    1.967962] rockchip-dwc3 usb@fe900000: fail to get drvdata hcd\n[    1.974948] ehci_hcd: USB 2.0 'Enhanced' Host Controller (EHCI) Driver\n[    1.981523] ehci-pci: EHCI PCI platform driver\n[    1.986044] ehci-platform: EHCI generic platform driver\n[    1.994933] ehci-platform fe380000.usb: EHCI Host Controller\n[    2.000766] ehci-platform fe380000.usb: new USB bus registered, assigned bus number 1\n[    2.008707] ehci-platform fe380000.usb: irq 27, io mem 0xfe380000\n[    2.020647] ehci-platform fe380000.usb: USB 2.0 started, EHCI 1.00\n[    2.026986] usb usb1: New USB device found, idVendor=1d6b, idProduct=0002\n[    2.033781] usb usb1: New USB device strings: Mfr=3, Product=2, SerialNumber=1\n[    2.040995] usb usb1: Product: EHCI Host Controller\n[    2.045876] usb usb1: Manufacturer: Linux 4.4.112 ehci_hcd\n[    2.051370] usb usb1: SerialNumber: fe380000.usb\n[    2.056449] hub 1-0:1.0: USB hub found\n[    2.060239] hub 1-0:1.0: 1 port detected\n[    2.068089] ehci-platform fe3c0000.usb: EHCI Host Controller\n[    2.073919] ehci-platform fe3c0000.usb: new USB bus registered, assigned bus number 2\n[    2.081846] ehci-platform fe3c0000.usb: irq 29, io mem 0xfe3c0000\n[    2.083730] ata1: SATA link down (SStatus 0 SControl 300)\n[    2.098645] ehci-platform fe3c0000.usb: USB 2.0 started, EHCI 1.00\n[    2.104990] usb usb2: New USB device found, idVendor=1d6b, idProduct=0002\n[    2.111785] usb usb2: New USB device strings: Mfr=3, Product=2, SerialNumber=1\n[    2.119009] usb usb2: Product: EHCI Host Controller\n[    2.123890] usb usb2: Manufacturer: Linux 4.4.112 ehci_hcd\n[    2.129383] usb usb2: SerialNumber: fe3c0000.usb\n[    2.134426] hub 2-0:1.0: USB hub found\n[    2.138211] hub 2-0:1.0: 1 port detected\n[    2.142659] ohci_hcd: USB 1.1 'Open' Host Controller (OHCI) Driver\n[    2.148861] ohci-platform: OHCI generic platform driver\n[    2.154392] ohci-platform fe3a0000.usb: Generic Platform OHCI controller\n[    2.161258] ohci-platform fe3a0000.usb: new USB bus registered, assigned bus number 3\n[    2.169198] ohci-platform fe3a0000.usb: irq 28, io mem 0xfe3a0000\n[    2.229789] usb usb3: New USB device found, idVendor=1d6b, idProduct=0001\n[    2.236584] usb usb3: New USB device strings: Mfr=3, Product=2, SerialNumber=1\n[    2.243817] usb usb3: Product: Generic Platform OHCI controller\n[    2.249737] usb usb3: Manufacturer: Linux 4.4.112 ohci_hcd\n[    2.255232] usb usb3: SerialNumber: fe3a0000.usb\n[    2.260303] hub 3-0:1.0: USB hub found\n[    2.264091] hub 3-0:1.0: 1 port detected\n[    2.268570] ohci-platform fe3e0000.usb: Generic Platform OHCI controller\n[    2.275451] ohci-platform fe3e0000.usb: new USB bus registered, assigned bus number 4\n[    2.283364] ohci-platform fe3e0000.usb: irq 30, io mem 0xfe3e0000\n[    2.343783] usb usb4: New USB device found, idVendor=1d6b, idProduct=0001\n[    2.350578] usb usb4: New USB device strings: Mfr=3, Product=2, SerialNumber=1\n[    2.357803] usb usb4: Product: Generic Platform OHCI controller\n[    2.363722] usb usb4: Manufacturer: Linux 4.4.112 ohci_hcd\n[    2.369241] usb usb4: SerialNumber: fe3e0000.usb\n[    2.374300] hub 4-0:1.0: USB hub found\n[    2.378090] hub 4-0:1.0: 1 port detected\n[    2.382854] usbcore: registered new interface driver cdc_acm\n[    2.388519] cdc_acm: USB Abstract Control Model driver for USB modems and ISDN adapters\n[    2.388739] ata2: SATA link down (SStatus 0 SControl 300)\n[    2.401960] usbcore: registered new interface driver cdc_wdm\n[    2.407668] usbcore: registered new interface driver uas\n[    2.413076] usbcore: registered new interface driver usb-storage\n[    2.419170] usbcore: registered new interface driver usbserial\n[    2.425033] usbcore: registered new interface driver usbserial_generic\n[    2.431593] usbserial: USB Serial support registered for generic\n[    2.437656] usbcore: registered new interface driver cp210x\n[    2.443260] usbserial: USB Serial support registered for cp210x\n[    2.449237] usbcore: registered new interface driver ftdi_sio\n[    2.455014] usbserial: USB Serial support registered for FTDI USB Serial Device\n[    2.462451] usbcore: registered new interface driver keyspan\n[    2.468144] usbserial: USB Serial support registered for Keyspan - (without firmware)\n[    2.475994] usbserial: USB Serial support registered for Keyspan 1 port adapter\n[    2.483336] usbserial: USB Serial support registered for Keyspan 2 port adapter\n[    2.490667] usbserial: USB Serial support registered for Keyspan 4 port adapter\n[    2.498015] usbcore: registered new interface driver option\n[    2.503630] usbserial: USB Serial support registered for GSM modem (1-port)\n[    2.510779] usbcore: registered new interface driver oti6858\n[    2.516465] usbserial: USB Serial support registered for oti6858\n[    2.522515] usbcore: registered new interface driver pl2303\n[    2.528116] usbserial: USB Serial support registered for pl2303\n[    2.534090] usbcore: registered new interface driver qcserial\n[    2.539862] usbserial: USB Serial support registered for Qualcomm USB modem\n[    2.546881] usbcore: registered new interface driver sierra\n[    2.552487] usbserial: USB Serial support registered for Sierra USB modem\n[    2.560228] usbcore: registered new interface driver usbtouchscreen\n[    2.566842] i2c /dev entries driver\n[    2.571638] fan53555-regulator 0-0040: FAN53555 Option[8] Rev[1] Detected!\n[    2.578595] fan53555-reg: supplied by vcc3v3_sys\n[    2.585472] fan53555-regulator 0-0041: FAN53555 Option[8] Rev[1] Detected!\n[    2.592399] fan53555-reg: supplied by vcc3v3_sys\n[    2.599612] rk808 0-001b: Pmic Chip id: 0x0\n[    2.606968] rk808-regulator rk808-regulator: there is no dvs0 gpio\n[    2.613209] rk808-regulator rk808-regulator: there is no dvs1 gpio\n[    2.619471] DCDC_REG1: supplied by vcc3v3_sys\n[    2.624532] DCDC_REG2: supplied by vcc3v3_sys\n[    2.629443] DCDC_REG3: supplied by vcc3v3_sys\n[    2.634062] DCDC_REG4: supplied by vcc3v3_sys\n[    2.638855] LDO_REG1: supplied by vcc3v3_sys\n[    2.644226] LDO_REG2: supplied by vcc3v3_sys\n[    2.649446] LDO_REG3: supplied by vcc3v3_sys\n[    2.654698] LDO_REG4: supplied by vcc3v3_sys\n[    2.659903] LDO_REG5: supplied by vcc3v3_sys\n[    2.665127] LDO_REG6: supplied by vcc3v3_sys\n[    2.670360] LDO_REG7: supplied by vcc3v3_sys\n[    2.675588] LDO_REG8: supplied by vcc3v3_sys\n[    2.680824] SWITCH_REG1: supplied by vcc3v3_sys\n[    2.685653] SWITCH_REG2: supplied by vcc3v3_sys\n[    2.693539] rk808-rtc rk808-rtc: rtc core: registered rk808-rtc as rtc0\n[    2.700595] rk3x-i2c ff3c0000.i2c: Initialized RK3xxx I2C bus at ffffff8008ff4000\n[    2.708585] rk3x-i2c ff110000.i2c: Initialized RK3xxx I2C bus at ffffff8008ff6000\n[    2.716553] rk3x-i2c ff3d0000.i2c: Initialized RK3xxx I2C bus at ffffff8008ff8000\n[    2.727250] rk_tsadcv2_temp_to_code: Invalid conversion table: code=1023, temperature=2147483647\n[    2.737189] cpu cpu0: cpu_leakage=19\n[    2.740833] cpu cpu0: cpu_leakage=19\n[    2.745299] cpu cpu4: cpu_leakage=33\n[    2.749007] cpu cpu4: cpu_leakage=33\n[    2.757542] sdhci: Secure Digital Host Controller Interface driver\n[    2.763743] sdhci: Copyright(c) Pierre Ossman\n[    2.768107] Synopsys Designware Multimedia Card Interface Driver\n[    2.774994] dwmmc_rockchip fe320000.dwmmc: IDMAC supports 32-bit address mode.\n[    2.782267] dwmmc_rockchip fe320000.dwmmc: Using internal DMA controller.\n[    2.789064] dwmmc_rockchip fe320000.dwmmc: Version ID is 270a\n[    2.794845] dwmmc_rockchip fe320000.dwmmc: DW MMC controller at irq 25,32 bit host data width,256 deep fifo\n[    2.804604] dwmmc_rockchip fe320000.dwmmc: 'clock-freq-min-max' property was deprecated.\n[    2.812779] dwmmc_rockchip fe320000.dwmmc: No vmmc regulator found\n[    2.819135] rockchip-iodomain ff770000.syscon:io-domains: Setting to 3300000 done\n[    2.826858] rockchip-iodomain ff770000.syscon:io-domains: Setting to 3300000 done\n[    2.844654] mmc_host mmc0: Bus speed (slot 0) = 400000Hz (slot req 400000Hz, actual 400000HZ div = 0)\n[    2.864669] dwmmc_rockchip fe320000.dwmmc: 1 slots initialized\n[    2.870730] sdhci-pltfm: SDHCI platform and OF driver helper\n[    2.878032] sdhci-arasan fe330000.sdhci: No vmmc regulator found\n[    2.884049] sdhci-arasan fe330000.sdhci: No vqmmc regulator found\n[    2.916782] mmc1: SDHCI controller on fe330000.sdhci [fe330000.sdhci] using ADMA\n[    2.925099] ledtrig-cpu: registered to indicate activity on CPUs\n[    2.931174] hidraw: raw HID events driver (C) Jiri Kosina\n[    2.936830] usbcore: registered new interface driver usbhid\n[    2.942415] usbhid: USB HID core driver\n[    2.946793] mmc_host mmc0: Bus speed (slot 0) = 50000000Hz (slot req 50000000Hz, actual 50000000HZ div = 0)\n[    2.957343] mmc0: new high speed SDHC card at address aaaa\n[    2.965738] mmcblk0: mmc0:aaaa SL08G 7.40 GiB \n[    2.968172] Initializing XFRM netlink socket\n[    2.968641] NET: Registered protocol family 10\n[    2.969517] NET: Registered protocol family 15\n[    2.969523] [WLAN_RFKILL]: Enter rfkill_wlan_init\n[    2.969699] [BT_RFKILL]: Enter rfkill_rk_init\n[    2.969809] Key type dns_resolver registered\n[    2.974465] Registered cp15_barrier emulation handler\n[    2.978913] Registered setend emulation handler\n[    2.979341] Loading compiled-in X.509 certificates\n[    2.982254] mali ff9a0000.gpu: gpu_leakage=26\n[    2.992579] mali ff9a0000.gpu: GPU identified as 0x0860 r2p0 status 0\n[    2.994484] I : [File] : drivers/gpu/arm/midgard/backend/gpu/mali_kbase_devfreq.c; [Line] : 284; [Func] : kbase_devfreq_init(); success initing power_model_simple.\n[    2.995620] mali ff9a0000.gpu: Probed as mali0\n[    3.003858] xhci-hcd xhci-hcd.7.auto: xHCI Host Controller\n[    3.003978] xhci-hcd xhci-hcd.7.auto: new USB bus registered, assigned bus number 5\n[    3.004115] xhci-hcd xhci-hcd.7.auto: hcc params 0x0220fe64 hci version 0x110 quirks 0x02030010\n[    3.004294] xhci-hcd xhci-hcd.7.auto: irq 227, io mem 0xfe800000\n[    3.004389] usb usb5: New USB device found, idVendor=1d6b, idProduct=0002\n[    3.004393] usb usb5: New USB device strings: Mfr=3, Product=2, SerialNumber=1\n[    3.004395] usb usb5: Product: xHCI Host Controller\n[    3.004398] usb usb5: Manufacturer: Linux 4.4.112 xhci-hcd\n[    3.004400] usb usb5: SerialNumber: xhci-hcd.7.auto\n[    3.004697] hub 5-0:1.0: USB hub found\n[    3.004712] hub 5-0:1.0: 1 port detected\n[    3.004889] xhci-hcd xhci-hcd.7.auto: xHCI Host Controller\n[    3.004967] xhci-hcd xhci-hcd.7.auto: new USB bus registered, assigned bus number 6\n[    3.005000] usb usb6: We don't know the algorithms for LPM for this host, disabling LPM.\n[    3.005053] usb usb6: New USB device found, idVendor=1d6b, idProduct=0003\n[    3.005056] usb usb6: New USB device strings: Mfr=3, Product=2, SerialNumber=1\n[    3.005059] usb usb6: Product: xHCI Host Controller\n[    3.005061] usb usb6: Manufacturer: Linux 4.4.112 xhci-hcd\n[    3.005063] usb usb6: SerialNumber: xhci-hcd.7.auto\n[    3.005316] hub 6-0:1.0: USB hub found\n[    3.005331] hub 6-0:1.0: 1 port detected\n[    3.010563] xhci-hcd xhci-hcd.8.auto: xHCI Host Controller\n[    3.010684] xhci-hcd xhci-hcd.8.auto: new USB bus registered, assigned bus number 7\n[    3.010802] xhci-hcd xhci-hcd.8.auto: hcc params 0x0220fe64 hci version 0x110 quirks 0x02030010\n[    3.010831] xhci-hcd xhci-hcd.8.auto: irq 228, io mem 0xfe900000\n[    3.010919] usb usb7: New USB device found, idVendor=1d6b, idProduct=0002\n[    3.010923] usb usb7: New USB device strings: Mfr=3, Product=2, SerialNumber=1\n[    3.010925] usb usb7: Product: xHCI Host Controller\n[    3.010928] usb usb7: Manufacturer: Linux 4.4.112 xhci-hcd\n[    3.010930] usb usb7: SerialNumber: xhci-hcd.8.auto\n[    3.011202] hub 7-0:1.0: USB hub found\n[    3.011218] hub 7-0:1.0: 1 port detected\n[    3.011387] xhci-hcd xhci-hcd.8.auto: xHCI Host Controller\n[    3.011465] xhci-hcd xhci-hcd.8.auto: new USB bus registered, assigned bus number 8\n[    3.011498] usb usb8: We don't know the algorithms for LPM for this host, disabling LPM.\n[    3.011551] usb usb8: New USB device found, idVendor=1d6b, idProduct=0003\n[    3.011554] usb usb8: New USB device strings: Mfr=3, Product=2, SerialNumber=1\n[    3.011556] usb usb8: Product: xHCI Host Controller\n[    3.011558] usb usb8: Manufacturer: Linux 4.4.112 xhci-hcd\n[    3.011561] usb usb8: SerialNumber: xhci-hcd.8.auto\n[    3.011842] hub 8-0:1.0: USB hub found\n[    3.011856] hub 8-0:1.0: 1 port detected\n[    3.012753] asoc-simple-card hdmi-codec: i2s-hifi <-> ff8a0000.i2s mapping ok\n[    3.013597] input: gpio-keys as /devices/platform/gpio-keys/input/input0\n[    3.302102]  mmcblk0: p1 p2\n[    3.304909] rk808-rtc rk808-rtc: setting system clock to 2013-01-18 08:50:10 UTC (1358499010)\n[    3.325492] ALSA device list:\n[    3.328493]   #0: HDMI-CODEC\n[    3.331533] Waiting for root device /dev/mmcblk1p2...",
 "title": ""
}