{
 "espireDate": "N",
 "format": "text",
 "jSonReasons": [
  "re_#10",
  "kw_bug",
  "re_email",
  "kw_gpg",
  "lg_en"
 ],
 "key": "SAPdesCJ",
 "pasteDate": "Feb 12, 2018, 2:32:38 PM",
 "relevancy": 5.0,
 "relevant": false,
 "text": "Initializing cgroup subsys cpuset\nInitializing cgroup subsys cpu\nLinux version 2.6.32-696.20.1.el6.x86_64 (mockbuild@x86_64_01.bsys.centos.org) (gcc version 4.4.7 20120313 (Red Hat 4.4.7-18) (GCC) ) #1 SMP Fri Jan 26 17:51:45 UTC 2018\nCommand line: ro root=/dev/mapper/VolGroup-lv_root rd_NO_LUKS LANG=en_US.UTF-8 rd_NO_MD rd_LVM_LV=VolGroup/lv_swap SYSFONT=latarcyrheb-sun16 crashkernel=auto rd_LVM_LV=VolGroup/lv_root  KEYBOARDTYPE=pc KEYTABLE=us rd_NO_DM printk.time=1\nKERNEL supported cpus:\n  Intel GenuineIntel\n  AMD AuthenticAMD\n  Centaur CentaurHauls\nBIOS-provided physical RAM map:\n BIOS-e820: 0000000000000000 - 00000000000a0000 (usable)\n BIOS-e820: 0000000000100000 - 00000000f6ee6000 (usable)\n BIOS-e820: 00000000f6ee6000 - 00000000f6ee7000 (ACPI data)\n BIOS-e820: 00000000f6ee7000 - 00000000f6eee000 (reserved)\n BIOS-e820: 00000000f6eee000 - 00000000f6ef2000 (ACPI data)\n BIOS-e820: 00000000f6ef2000 - 00000000f6f1b000 (reserved)\n BIOS-e820: 00000000f6f1b000 - 00000000f7f9b000 (usable)\n BIOS-e820: 00000000f7f9b000 - 00000000f7ff3000 (reserved)\n BIOS-e820: 00000000f7ff3000 - 00000000f7ffb000 (ACPI data)\n BIOS-e820: 00000000f7ffb000 - 00000000f7fff000 (ACPI NVS)\n BIOS-e820: 00000000f7fff000 - 00000000f8000000 (usable)\n BIOS-e820: 0000000100000000 - 0000000208000000 (usable)\nEFI v2.31 by EDK II\n ACPI=0xf7ffa000  ACPI 2.0=0xf7ffa014  SMBIOS=0xf7ff2000 \nEFI: mem00: type=7, attr=0xf, range=[0x0000000000000000-0x000000000007e000) (0MB)\nEFI: mem01: type=2, attr=0xf, range=[0x000000000007e000-0x0000000000080000) (0MB)\nEFI: mem02: type=4, attr=0xf, range=[0x0000000000080000-0x0000000000081000) (0MB)\nEFI: mem03: type=7, attr=0xf, range=[0x0000000000081000-0x00000000000a0000) (0MB)\nEFI: mem04: type=4, attr=0xf, range=[0x0000000000100000-0x0000000000120000) (0MB)\nEFI: mem05: type=7, attr=0xf, range=[0x0000000000120000-0x0000000003f77000) (62MB)\nEFI: mem06: type=4, attr=0xf, range=[0x0000000003f77000-0x0000000008121000) (65MB)\nEFI: mem07: type=7, attr=0xf, range=[0x0000000008121000-0x000000007ea6f000) (1897MB)\nEFI: mem08: type=2, attr=0xf, range=[0x000000007ea6f000-0x0000000080000000) (21MB)\nEFI: mem09: type=7, attr=0xf, range=[0x0000000080000000-0x00000000f5da2000) (1885MB)\nEFI: mem10: type=2, attr=0xf, range=[0x00000000f5da2000-0x00000000f6bfb000) (14MB)\nEFI: mem11: type=7, attr=0xf, range=[0x00000000f6bfb000-0x00000000f6c47000) (0MB)\nEFI: mem12: type=2, attr=0xf, range=[0x00000000f6c47000-0x00000000f6ea5000) (2MB)\nEFI: mem13: type=1, attr=0xf, range=[0x00000000f6ea5000-0x00000000f6ee6000) (0MB)\nEFI: mem14: type=9, attr=0xf, range=[0x00000000f6ee6000-0x00000000f6ee7000) (0MB)\nEFI: mem15: type=0, attr=0xf, range=[0x00000000f6ee7000-0x00000000f6eee000) (0MB)\nEFI: mem16: type=9, attr=0xf, range=[0x00000000f6eee000-0x00000000f6ef2000) (0MB)\nEFI: mem17: type=6, attr=0x800000000000400f, range=[0x00000000f6ef2000-0x00000000f6f1b000) (0MB)\nEFI: mem18: type=7, attr=0xf, range=[0x00000000f6f1b000-0x00000000f73e9000) (4MB)\nEFI: mem19: type=4, attr=0xf, range=[0x00000000f73e9000-0x00000000f7e1b000) (10MB)\nEFI: mem20: type=7, attr=0xf, range=[0x00000000f7e1b000-0x00000000f7e76000) (0MB)\nEFI: mem21: type=3, attr=0xf, range=[0x00000000f7e76000-0x00000000f7f9b000) (1MB)\nEFI: mem22: type=6, attr=0x800000000000400f, range=[0x00000000f7f9b000-0x00000000f7fb7000) (0MB)\nEFI: mem23: type=5, attr=0x800000000002000f, range=[0x00000000f7fb7000-0x00000000f7fb9000) (0MB)\nEFI: mem24: type=6, attr=0x800000000000400f, range=[0x00000000f7fb9000-0x00000000f7fbb000) (0MB)\nEFI: mem25: type=5, attr=0x800000000002000f, range=[0x00000000f7fbb000-0x00000000f7fbc000) (0MB)\nEFI: mem26: type=6, attr=0x800000000000400f, range=[0x00000000f7fbc000-0x00000000f7fbe000) (0MB)\nEFI: mem27: type=5, attr=0x800000000002000f, range=[0x00000000f7fbe000-0x00000000f7fbf000) (0MB)\nEFI: mem28: type=6, attr=0x800000000000400f, range=[0x00000000f7fbf000-0x00000000f7fc1000) (0MB)\nEFI: mem29: type=5, attr=0x800000000002000f, range=[0x00000000f7fc1000-0x00000000f7fc2000) (0MB)\nEFI: mem30: type=6, attr=0x800000000000400f, range=[0x00000000f7fc2000-0x00000000f7fc4000) (0MB)\nEFI: mem31: type=5, attr=0x800000000002000f, range=[0x00000000f7fc4000-0x00000000f7fc6000) (0MB)\nEFI: mem32: type=6, attr=0x800000000000400f, range=[0x00000000f7fc6000-0x00000000f7fc8000) (0MB)\nEFI: mem33: type=5, attr=0x800000000002000f, range=[0x00000000f7fc8000-0x00000000f7fc9000) (0MB)\nEFI: mem34: type=6, attr=0x800000000000400f, range=[0x00000000f7fc9000-0x00000000f7fef000) (0MB)\nEFI: mem35: type=0, attr=0xf, range=[0x00000000f7fef000-0x00000000f7ff3000) (0MB)\nEFI: mem36: type=9, attr=0xf, range=[0x00000000f7ff3000-0x00000000f7ffb000) (0MB)\nEFI: mem37: type=10, attr=0xf, range=[0x00000000f7ffb000-0x00000000f7fff000) (0MB)\nEFI: mem38: type=4, attr=0xf, range=[0x00000000f7fff000-0x00000000f8000000) (0MB)\nEFI: mem39: type=7, attr=0xf, range=[0x0000000100000000-0x0000000208000000) (4224MB)\nSMBIOS version 2.4 @ 0xF7FF2000\nSMBIOS 2.4 present.\nDMI: Microsoft Corporation Virtual Machine/Virtual Machine, BIOS Hyper-V UEFI Release v1.0 11/26/2012\nHypervisor detected: Microsoft HyperV\nHyperV: features 0x2e7f, hints 0xc2c\nHyperV: LAPIC Timer Frequency: 0x30d40\ne820 update range: 0000000000000000 - 0000000000001000 (usable) ==> (reserved)\ne820 remove range: 00000000000a0000 - 0000000000100000 (usable)\nlast_pfn = 0x208000 max_arch_pfn = 0x400000000\nx86 PAT enabled: cpu 0, old 0x7040600070406, new 0x7010600070106\nlast_pfn = 0xf8000 max_arch_pfn = 0x400000000\ninitial memory mapped : 0 - 20000000\nUsing GB pages for direct mapping\ninit_memory_mapping: 0000000000000000-00000000f8000000\n 0000000000 - 00c0000000 page 1G\n 00c0000000 - 00f8000000 page 2M\nkernel direct mapping tables up to f8000000 @ 8000-a000\nUse unified mapping for non-reserved e820 regions.\ninit_memory_mapping: 0000000100000000-0000000208000000\n 0100000000 - 0200000000 page 1G\n 0200000000 - 0208000000 page 2M\nkernel direct mapping tables up to 208000000 @ 9000-b000\nRAMDISK: 7ea6f000 - 7fbfc6a9\nACPI: Deleted _OSI(Windows 2012)\nACPI: Deleted _OSI(Windows 2013)\nACPI: RSDP 00000000f7ffa014 00024 (v02 VRTUAL)\nACPI: XSDT 00000000f7ff90e8 00064 (v01 VRTUAL MICROSFT 00000001 MSFT 00000001)\nACPI: FACP 00000000f7ff7000 000F4 (v04 VRTUAL MICROSFT 00000001 MSFT 00000001)\nACPI: DSDT 00000000f6eef000 0256F (v02 MSFTVM   DSDT01 00000001 MSFT 04000000)\nACPI: FACS 00000000f7ffe000 00040\nACPI: APIC 00000000f7ff8000 007D2 (v02 VRTUAL MICROSFT 00000001 MSFT 00000001)\nACPI: OEM0 00000000f7ff6000 00064 (v01 VRTUAL MICROSFT 00000001 MSFT 00000001)\nACPI: WAET 00000000f7ff5000 00028 (v01 VRTUAL MICROSFT 00000001 MSFT 00000001)\nACPI: OEM1 00000000f7ff4000 0009E (v02 MSFTVM    UARTS 00000001 MSFT 04000000)\nACPI: OEM2 00000000f7ff3000 002E2 (v02 MSFTVM    VTPM2 00000001 MSFT 04000000)\nACPI: SRAT 00000000f6eee000 001B0 (v02 VRTUAL MICROSFT 00000001 MSFT 00000001)\nACPI: BGRT 00000000f6ee6000 00038 (v01 VRTUAL MICROSFT 00000001 MSFT 00000001)\nACPI: Local APIC address 0xfee00000\nSetting APIC routing to flat.\nSRAT: PXM 0 -> APIC 0 -> Node 0\nSRAT: PXM 0 -> APIC 1 -> Node 0\nSRAT: PXM 0 -> APIC 2 -> Node 0\nSRAT: PXM 0 -> APIC 3 -> Node 0\nSRAT: Node 0 PXM 0 0-f8000000\nSRAT: Node 0 PXM 0 100000000-208000000\nNUMA: Using 32 for the hash shift.\nBootmem setup node 0 0000000000000000-0000000208000000\n  NODE_DATA [000000000000a000 - 000000000003dfff]\n  bootmap [000000000003e000 -  000000000007efff] pages 41\n(9 early reservations) ==> bootmem [0000000000 - 0208000000]\n  #0 [0000000000 - 0000001000]   BIOS data page ==> [0000000000 - 0000001000]\n  #1 [0000006000 - 0000008000]       TRAMPOLINE ==> [0000006000 - 0000008000]\n  #2 [0001000000 - 000204aa24]    TEXT DATA BSS ==> [0001000000 - 000204aa24]\n  #3 [007ea6f000 - 007fbfc6a9]          RAMDISK ==> [007ea6f000 - 007fbfc6a9]\n  #4 [000009f000 - 0000100000]    BIOS reserved ==> [000009f000 - 0000100000]\n  #5 [007fffd000 - 007fffd780]       EFI memmap ==> [007fffd000 - 007fffd780]\n  #6 [000204b000 - 000204b301]              BRK ==> [000204b000 - 000204b301]\n  #7 [0000008000 - 0000009000]          PGTABLE ==> [0000008000 - 0000009000]\n  #8 [0000009000 - 000000a000]          PGTABLE ==> [0000009000 - 000000a000]\nFound 129MB of memory at 144MB for crashkernel auto \nReserving 129MB of memory at 144MB for crashkernel (System RAM: 8320MB)\n [ffffea0000000000-ffffea00071fffff] PMD -> [ffff880028600000-ffff88002f7fffff] on node 0\nZone PFN ranges:\n  DMA      0x00000001 -> 0x00001000\n  DMA32    0x00001000 -> 0x00100000\n  Normal   0x00100000 -> 0x00208000\nMovable zone start PFN for each node\nearly_node_map[5] active PFN ranges\n    0: 0x00000001 -> 0x000000a0\n    0: 0x00000100 -> 0x000f6ee6\n    0: 0x000f6f1b -> 0x000f7f9b\n    0: 0x000f7fff -> 0x000f8000\n    0: 0x00100000 -> 0x00208000\nOn node 0 totalpages: 2096902\n  DMA zone: 56 pages used for memmap\n  DMA zone: 135 pages reserved\n  DMA zone: 3808 pages, LIFO batch:0\n  DMA32 zone: 14280 pages used for memmap\n  DMA32 zone: 997279 pages, LIFO batch:31\n  Normal zone: 14784 pages used for memmap\n  Normal zone: 1066560 pages, LIFO batch:31\nACPI: PM-Timer IO Port: 0x408\nACPI: Local APIC address 0xfee00000\nSetting APIC routing to flat.\nACPI: LAPIC (acpi_id[0x01] lapic_id[0x00] enabled)\nACPI: LAPIC (acpi_id[0x02] lapic_id[0x01] enabled)\nACPI: LAPIC (acpi_id[0x03] lapic_id[0x02] enabled)\nACPI: LAPIC (acpi_id[0x04] lapic_id[0x03] enabled)\nACPI: LAPIC (acpi_id[0x05] lapic_id[0x04] disabled)\nACPI: LAPIC (acpi_id[0x06] lapic_id[0x05] disabled)\nACPI: LAPIC (acpi_id[0x07] lapic_id[0x06] disabled)\nACPI: LAPIC (acpi_id[0x08] lapic_id[0x07] disabled)\nACPI: LAPIC (acpi_id[0x09] lapic_id[0x08] disabled)\nACPI: LAPIC (acpi_id[0x0a] lapic_id[0x09] disabled)\nACPI: LAPIC (acpi_id[0x0b] lapic_id[0x0a] disabled)\nACPI: LAPIC (acpi_id[0x0c] lapic_id[0x0b] disabled)\nACPI: LAPIC (acpi_id[0x0d] lapic_id[0x0c] disabled)\nACPI: LAPIC (acpi_id[0x0e] lapic_id[0x0d] disabled)\nACPI: LAPIC (acpi_id[0x0f] lapic_id[0x0e] disabled)\nACPI: LAPIC (acpi_id[0x10] lapic_id[0x0f] disabled)\nACPI: LAPIC (acpi_id[0x11] lapic_id[0x10] disabled)\nACPI: LAPIC (acpi_id[0x12] lapic_id[0x11] disabled)\nACPI: LAPIC (acpi_id[0x13] lapic_id[0x12] disabled)\nACPI: LAPIC (acpi_id[0x14] lapic_id[0x13] disabled)\nACPI: LAPIC (acpi_id[0x15] lapic_id[0x14] disabled)\nACPI: LAPIC (acpi_id[0x16] lapic_id[0x15] disabled)\nACPI: LAPIC (acpi_id[0x17] lapic_id[0x16] disabled)\nACPI: LAPIC (acpi_id[0x18] lapic_id[0x17] disabled)\nACPI: LAPIC (acpi_id[0x19] lapic_id[0x18] disabled)\nACPI: LAPIC (acpi_id[0x1a] lapic_id[0x19] disabled)\nACPI: LAPIC (acpi_id[0x1b] lapic_id[0x1a] disabled)\nACPI: LAPIC (acpi_id[0x1c] lapic_id[0x1b] disabled)\nACPI: LAPIC (acpi_id[0x1d] lapic_id[0x1c] disabled)\nACPI: LAPIC (acpi_id[0x1e] lapic_id[0x1d] disabled)\nACPI: LAPIC (acpi_id[0x1f] lapic_id[0x1e] disabled)\nACPI: LAPIC (acpi_id[0x20] lapic_id[0x1f] disabled)\nACPI: LAPIC (acpi_id[0x21] lapic_id[0x20] disabled)\nACPI: LAPIC (acpi_id[0x22] lapic_id[0x21] disabled)\nACPI: LAPIC (acpi_id[0x23] lapic_id[0x22] disabled)\nACPI: LAPIC (acpi_id[0x24] lapic_id[0x23] disabled)\nACPI: LAPIC (acpi_id[0x25] lapic_id[0x24] disabled)\nACPI: LAPIC (acpi_id[0x26] lapic_id[0x25] disabled)\nACPI: LAPIC (acpi_id[0x27] lapic_id[0x26] disabled)\nACPI: LAPIC (acpi_id[0x28] lapic_id[0x27] disabled)\nACPI: LAPIC (acpi_id[0x29] lapic_id[0x28] disabled)\nACPI: LAPIC (acpi_id[0x2a] lapic_id[0x29] disabled)\nACPI: LAPIC (acpi_id[0x2b] lapic_id[0x2a] disabled)\nACPI: LAPIC (acpi_id[0x2c] lapic_id[0x2b] disabled)\nACPI: LAPIC (acpi_id[0x2d] lapic_id[0x2c] disabled)\nACPI: LAPIC (acpi_id[0x2e] lapic_id[0x2d] disabled)\nACPI: LAPIC (acpi_id[0x2f] lapic_id[0x2e] disabled)\nACPI: LAPIC (acpi_id[0x30] lapic_id[0x2f] disabled)\nACPI: LAPIC (acpi_id[0x31] lapic_id[0x30] disabled)\nACPI: LAPIC (acpi_id[0x32] lapic_id[0x31] disabled)\nACPI: LAPIC (acpi_id[0x33] lapic_id[0x32] disabled)\nACPI: LAPIC (acpi_id[0x34] lapic_id[0x33] disabled)\nACPI: LAPIC (acpi_id[0x35] lapic_id[0x34] disabled)\nACPI: LAPIC (acpi_id[0x36] lapic_id[0x35] disabled)\nACPI: LAPIC (acpi_id[0x37] lapic_id[0x36] disabled)\nACPI: LAPIC (acpi_id[0x38] lapic_id[0x37] disabled)\nACPI: LAPIC (acpi_id[0x39] lapic_id[0x38] disabled)\nACPI: LAPIC (acpi_id[0x3a] lapic_id[0x39] disabled)\nACPI: LAPIC (acpi_id[0x3b] lapic_id[0x3a] disabled)\nACPI: LAPIC (acpi_id[0x3c] lapic_id[0x3b] disabled)\nACPI: LAPIC (acpi_id[0x3d] lapic_id[0x3c] disabled)\nACPI: LAPIC (acpi_id[0x3e] lapic_id[0x3d] disabled)\nACPI: LAPIC (acpi_id[0x3f] lapic_id[0x3e] disabled)\nACPI: LAPIC (acpi_id[0x40] lapic_id[0x3f] disabled)\nACPI: LAPIC (acpi_id[0x41] lapic_id[0x40] disabled)\nACPI: LAPIC (acpi_id[0x42] lapic_id[0x41] disabled)\nACPI: LAPIC (acpi_id[0x43] lapic_id[0x42] disabled)\nACPI: LAPIC (acpi_id[0x44] lapic_id[0x43] disabled)\nACPI: LAPIC (acpi_id[0x45] lapic_id[0x44] disabled)\nACPI: LAPIC (acpi_id[0x46] lapic_id[0x45] disabled)\nACPI: LAPIC (acpi_id[0x47] lapic_id[0x46] disabled)\nACPI: LAPIC (acpi_id[0x48] lapic_id[0x47] disabled)\nACPI: LAPIC (acpi_id[0x49] lapic_id[0x48] disabled)\nACPI: LAPIC (acpi_id[0x4a] lapic_id[0x49] disabled)\nACPI: LAPIC (acpi_id[0x4b] lapic_id[0x4a] disabled)\nACPI: LAPIC (acpi_id[0x4c] lapic_id[0x4b] disabled)\nACPI: LAPIC (acpi_id[0x4d] lapic_id[0x4c] disabled)\nACPI: LAPIC (acpi_id[0x4e] lapic_id[0x4d] disabled)\nACPI: LAPIC (acpi_id[0x4f] lapic_id[0x4e] disabled)\nACPI: LAPIC (acpi_id[0x50] lapic_id[0x4f] disabled)\nACPI: LAPIC (acpi_id[0x51] lapic_id[0x50] disabled)\nACPI: LAPIC (acpi_id[0x52] lapic_id[0x51] disabled)\nACPI: LAPIC (acpi_id[0x53] lapic_id[0x52] disabled)\nACPI: LAPIC (acpi_id[0x54] lapic_id[0x53] disabled)\nACPI: LAPIC (acpi_id[0x55] lapic_id[0x54] disabled)\nACPI: LAPIC (acpi_id[0x56] lapic_id[0x55] disabled)\nACPI: LAPIC (acpi_id[0x57] lapic_id[0x56] disabled)\nACPI: LAPIC (acpi_id[0x58] lapic_id[0x57] disabled)\nACPI: LAPIC (acpi_id[0x59] lapic_id[0x58] disabled)\nACPI: LAPIC (acpi_id[0x5a] lapic_id[0x59] disabled)\nACPI: LAPIC (acpi_id[0x5b] lapic_id[0x5a] disabled)\nACPI: LAPIC (acpi_id[0x5c] lapic_id[0x5b] disabled)\nACPI: LAPIC (acpi_id[0x5d] lapic_id[0x5c] disabled)\nACPI: LAPIC (acpi_id[0x5e] lapic_id[0x5d] disabled)\nACPI: LAPIC (acpi_id[0x5f] lapic_id[0x5e] disabled)\nACPI: LAPIC (acpi_id[0x60] lapic_id[0x5f] disabled)\nACPI: LAPIC (acpi_id[0x61] lapic_id[0x60] disabled)\nACPI: LAPIC (acpi_id[0x62] lapic_id[0x61] disabled)\nACPI: LAPIC (acpi_id[0x63] lapic_id[0x62] disabled)\nACPI: LAPIC (acpi_id[0x64] lapic_id[0x63] disabled)\nACPI: LAPIC (acpi_id[0x65] lapic_id[0x64] disabled)\nACPI: LAPIC (acpi_id[0x66] lapic_id[0x65] disabled)\nACPI: LAPIC (acpi_id[0x67] lapic_id[0x66] disabled)\nACPI: LAPIC (acpi_id[0x68] lapic_id[0x67] disabled)\nACPI: LAPIC (acpi_id[0x69] lapic_id[0x68] disabled)\nACPI: LAPIC (acpi_id[0x6a] lapic_id[0x69] disabled)\nACPI: LAPIC (acpi_id[0x6b] lapic_id[0x6a] disabled)\nACPI: LAPIC (acpi_id[0x6c] lapic_id[0x6b] disabled)\nACPI: LAPIC (acpi_id[0x6d] lapic_id[0x6c] disabled)\nACPI: LAPIC (acpi_id[0x6e] lapic_id[0x6d] disabled)\nACPI: LAPIC (acpi_id[0x6f] lapic_id[0x6e] disabled)\nACPI: LAPIC (acpi_id[0x70] lapic_id[0x6f] disabled)\nACPI: LAPIC (acpi_id[0x71] lapic_id[0x70] disabled)\nACPI: LAPIC (acpi_id[0x72] lapic_id[0x71] disabled)\nACPI: LAPIC (acpi_id[0x73] lapic_id[0x72] disabled)\nACPI: LAPIC (acpi_id[0x74] lapic_id[0x73] disabled)\nACPI: LAPIC (acpi_id[0x75] lapic_id[0x74] disabled)\nACPI: LAPIC (acpi_id[0x76] lapic_id[0x75] disabled)\nACPI: LAPIC (acpi_id[0x77] lapic_id[0x76] disabled)\nACPI: LAPIC (acpi_id[0x78] lapic_id[0x77] disabled)\nACPI: LAPIC (acpi_id[0x79] lapic_id[0x78] disabled)\nACPI: LAPIC (acpi_id[0x7a] lapic_id[0x79] disabled)\nACPI: LAPIC (acpi_id[0x7b] lapic_id[0x7a] disabled)\nACPI: LAPIC (acpi_id[0x7c] lapic_id[0x7b] disabled)\nACPI: LAPIC (acpi_id[0x7d] lapic_id[0x7c] disabled)\nACPI: LAPIC (acpi_id[0x7e] lapic_id[0x7d] disabled)\nACPI: LAPIC (acpi_id[0x7f] lapic_id[0x7e] disabled)\nACPI: LAPIC (acpi_id[0x80] lapic_id[0x7f] disabled)\nACPI: LAPIC (acpi_id[0x81] lapic_id[0x80] disabled)\nACPI: LAPIC (acpi_id[0x82] lapic_id[0x81] disabled)\nACPI: LAPIC (acpi_id[0x83] lapic_id[0x82] disabled)\nACPI: LAPIC (acpi_id[0x84] lapic_id[0x83] disabled)\nACPI: LAPIC (acpi_id[0x85] lapic_id[0x84] disabled)\nACPI: LAPIC (acpi_id[0x86] lapic_id[0x85] disabled)\nACPI: LAPIC (acpi_id[0x87] lapic_id[0x86] disabled)\nACPI: LAPIC (acpi_id[0x88] lapic_id[0x87] disabled)\nACPI: LAPIC (acpi_id[0x89] lapic_id[0x88] disabled)\nACPI: LAPIC (acpi_id[0x8a] lapic_id[0x89] disabled)\nACPI: LAPIC (acpi_id[0x8b] lapic_id[0x8a] disabled)\nACPI: LAPIC (acpi_id[0x8c] lapic_id[0x8b] disabled)\nACPI: LAPIC (acpi_id[0x8d] lapic_id[0x8c] disabled)\nACPI: LAPIC (acpi_id[0x8e] lapic_id[0x8d] disabled)\nACPI: LAPIC (acpi_id[0x8f] lapic_id[0x8e] disabled)\nACPI: LAPIC (acpi_id[0x90] lapic_id[0x8f] disabled)\nACPI: LAPIC (acpi_id[0x91] lapic_id[0x90] disabled)\nACPI: LAPIC (acpi_id[0x92] lapic_id[0x91] disabled)\nACPI: LAPIC (acpi_id[0x93] lapic_id[0x92] disabled)\nACPI: LAPIC (acpi_id[0x94] lapic_id[0x93] disabled)\nACPI: LAPIC (acpi_id[0x95] lapic_id[0x94] disabled)\nACPI: LAPIC (acpi_id[0x96] lapic_id[0x95] disabled)\nACPI: LAPIC (acpi_id[0x97] lapic_id[0x96] disabled)\nACPI: LAPIC (acpi_id[0x98] lapic_id[0x97] disabled)\nACPI: LAPIC (acpi_id[0x99] lapic_id[0x98] disabled)\nACPI: LAPIC (acpi_id[0x9a] lapic_id[0x99] disabled)\nACPI: LAPIC (acpi_id[0x9b] lapic_id[0x9a] disabled)\nACPI: LAPIC (acpi_id[0x9c] lapic_id[0x9b] disabled)\nACPI: LAPIC (acpi_id[0x9d] lapic_id[0x9c] disabled)\nACPI: LAPIC (acpi_id[0x9e] lapic_id[0x9d] disabled)\nACPI: LAPIC (acpi_id[0x9f] lapic_id[0x9e] disabled)\nACPI: LAPIC (acpi_id[0xa0] lapic_id[0x9f] disabled)\nACPI: LAPIC (acpi_id[0xa1] lapic_id[0xa0] disabled)\nACPI: LAPIC (acpi_id[0xa2] lapic_id[0xa1] disabled)\nACPI: LAPIC (acpi_id[0xa3] lapic_id[0xa2] disabled)\nACPI: LAPIC (acpi_id[0xa4] lapic_id[0xa3] disabled)\nACPI: LAPIC (acpi_id[0xa5] lapic_id[0xa4] disabled)\nACPI: LAPIC (acpi_id[0xa6] lapic_id[0xa5] disabled)\nACPI: LAPIC (acpi_id[0xa7] lapic_id[0xa6] disabled)\nACPI: LAPIC (acpi_id[0xa8] lapic_id[0xa7] disabled)\nACPI: LAPIC (acpi_id[0xa9] lapic_id[0xa8] disabled)\nACPI: LAPIC (acpi_id[0xaa] lapic_id[0xa9] disabled)\nACPI: LAPIC (acpi_id[0xab] lapic_id[0xaa] disabled)\nACPI: LAPIC (acpi_id[0xac] lapic_id[0xab] disabled)\nACPI: LAPIC (acpi_id[0xad] lapic_id[0xac] disabled)\nACPI: LAPIC (acpi_id[0xae] lapic_id[0xad] disabled)\nACPI: LAPIC (acpi_id[0xaf] lapic_id[0xae] disabled)\nACPI: LAPIC (acpi_id[0xb0] lapic_id[0xaf] disabled)\nACPI: LAPIC (acpi_id[0xb1] lapic_id[0xb0] disabled)\nACPI: LAPIC (acpi_id[0xb2] lapic_id[0xb1] disabled)\nACPI: LAPIC (acpi_id[0xb3] lapic_id[0xb2] disabled)\nACPI: LAPIC (acpi_id[0xb4] lapic_id[0xb3] disabled)\nACPI: LAPIC (acpi_id[0xb5] lapic_id[0xb4] disabled)\nACPI: LAPIC (acpi_id[0xb6] lapic_id[0xb5] disabled)\nACPI: LAPIC (acpi_id[0xb7] lapic_id[0xb6] disabled)\nACPI: LAPIC (acpi_id[0xb8] lapic_id[0xb7] disabled)\nACPI: LAPIC (acpi_id[0xb9] lapic_id[0xb8] disabled)\nACPI: LAPIC (acpi_id[0xba] lapic_id[0xb9] disabled)\nACPI: LAPIC (acpi_id[0xbb] lapic_id[0xba] disabled)\nACPI: LAPIC (acpi_id[0xbc] lapic_id[0xbb] disabled)\nACPI: LAPIC (acpi_id[0xbd] lapic_id[0xbc] disabled)\nACPI: LAPIC (acpi_id[0xbe] lapic_id[0xbd] disabled)\nACPI: LAPIC (acpi_id[0xbf] lapic_id[0xbe] disabled)\nACPI: LAPIC (acpi_id[0xc0] lapic_id[0xbf] disabled)\nACPI: LAPIC (acpi_id[0xc1] lapic_id[0xc0] disabled)\nACPI: LAPIC (acpi_id[0xc2] lapic_id[0xc1] disabled)\nACPI: LAPIC (acpi_id[0xc3] lapic_id[0xc2] disabled)\nACPI: LAPIC (acpi_id[0xc4] lapic_id[0xc3] disabled)\nACPI: LAPIC (acpi_id[0xc5] lapic_id[0xc4] disabled)\nACPI: LAPIC (acpi_id[0xc6] lapic_id[0xc5] disabled)\nACPI: LAPIC (acpi_id[0xc7] lapic_id[0xc6] disabled)\nACPI: LAPIC (acpi_id[0xc8] lapic_id[0xc7] disabled)\nACPI: LAPIC (acpi_id[0xc9] lapic_id[0xc8] disabled)\nACPI: LAPIC (acpi_id[0xca] lapic_id[0xc9] disabled)\nACPI: LAPIC (acpi_id[0xcb] lapic_id[0xca] disabled)\nACPI: LAPIC (acpi_id[0xcc] lapic_id[0xcb] disabled)\nACPI: LAPIC (acpi_id[0xcd] lapic_id[0xcc] disabled)\nACPI: LAPIC (acpi_id[0xce] lapic_id[0xcd] disabled)\nACPI: LAPIC (acpi_id[0xcf] lapic_id[0xce] disabled)\nACPI: LAPIC (acpi_id[0xd0] lapic_id[0xcf] disabled)\nACPI: LAPIC (acpi_id[0xd1] lapic_id[0xd0] disabled)\nACPI: LAPIC (acpi_id[0xd2] lapic_id[0xd1] disabled)\nACPI: LAPIC (acpi_id[0xd3] lapic_id[0xd2] disabled)\nACPI: LAPIC (acpi_id[0xd4] lapic_id[0xd3] disabled)\nACPI: LAPIC (acpi_id[0xd5] lapic_id[0xd4] disabled)\nACPI: LAPIC (acpi_id[0xd6] lapic_id[0xd5] disabled)\nACPI: LAPIC (acpi_id[0xd7] lapic_id[0xd6] disabled)\nACPI: LAPIC (acpi_id[0xd8] lapic_id[0xd7] disabled)\nACPI: LAPIC (acpi_id[0xd9] lapic_id[0xd8] disabled)\nACPI: LAPIC (acpi_id[0xda] lapic_id[0xd9] disabled)\nACPI: LAPIC (acpi_id[0xdb] lapic_id[0xda] disabled)\nACPI: LAPIC (acpi_id[0xdc] lapic_id[0xdb] disabled)\nACPI: LAPIC (acpi_id[0xdd] lapic_id[0xdc] disabled)\nACPI: LAPIC (acpi_id[0xde] lapic_id[0xdd] disabled)\nACPI: LAPIC (acpi_id[0xdf] lapic_id[0xde] disabled)\nACPI: LAPIC (acpi_id[0xe0] lapic_id[0xdf] disabled)\nACPI: LAPIC (acpi_id[0xe1] lapic_id[0xe0] disabled)\nACPI: LAPIC (acpi_id[0xe2] lapic_id[0xe1] disabled)\nACPI: LAPIC (acpi_id[0xe3] lapic_id[0xe2] disabled)\nACPI: LAPIC (acpi_id[0xe4] lapic_id[0xe3] disabled)\nACPI: LAPIC (acpi_id[0xe5] lapic_id[0xe4] disabled)\nACPI: LAPIC (acpi_id[0xe6] lapic_id[0xe5] disabled)\nACPI: LAPIC (acpi_id[0xe7] lapic_id[0xe6] disabled)\nACPI: LAPIC (acpi_id[0xe8] lapic_id[0xe7] disabled)\nACPI: LAPIC (acpi_id[0xe9] lapic_id[0xe8] disabled)\nACPI: LAPIC (acpi_id[0xea] lapic_id[0xe9] disabled)\nACPI: LAPIC (acpi_id[0xeb] lapic_id[0xea] disabled)\nACPI: LAPIC (acpi_id[0xec] lapic_id[0xeb] disabled)\nACPI: LAPIC (acpi_id[0xed] lapic_id[0xec] disabled)\nACPI: LAPIC (acpi_id[0xee] lapic_id[0xed] disabled)\nACPI: LAPIC (acpi_id[0xef] lapic_id[0xee] disabled)\nACPI: LAPIC (acpi_id[0xf0] lapic_id[0xef] disabled)\nACPI: LAPIC_NMI (acpi_id[0xff] dfl dfl lint[0x1])\nACPI: IOAPIC (id[0x04] address[0xfec00000] gsi_base[0])\nIOAPIC[0]: apic_id 4, version 17, address 0xfec00000, GSI 0-23\nACPI: INT_SRC_OVR (bus 0 bus_irq 0 global_irq 2 dfl dfl)\nACPI: INT_SRC_OVR (bus 0 bus_irq 9 global_irq 9 high level)\nACPI: IRQ0 used by override.\nACPI: IRQ2 used by override.\nACPI: IRQ9 used by override.\nUsing ACPI (MADT) for SMP configuration information\nSMP: Allowing 240 CPUs, 236 hotplug CPUs\nnr_irqs_gsi: 24\nPM: Registered nosave memory: 00000000000a0000 - 0000000000100000\nPM: Registered nosave memory: 00000000f6ee6000 - 00000000f6ee7000\nPM: Registered nosave memory: 00000000f6ee7000 - 00000000f6eee000\nPM: Registered nosave memory: 00000000f6eee000 - 00000000f6ef2000\nPM: Registered nosave memory: 00000000f6ef2000 - 00000000f6f1b000\nPM: Registered nosave memory: 00000000f7f9b000 - 00000000f7ff3000\nPM: Registered nosave memory: 00000000f7ff3000 - 00000000f7ffb000\nPM: Registered nosave memory: 00000000f7ffb000 - 00000000f7fff000\nPM: Registered nosave memory: 00000000f8000000 - 0000000100000000\nAllocating PCI resources starting at f8000000 (gap: f8000000:8000000)\nBooting paravirtualized kernel on bare hardware\nNR_CPUS:4096 nr_cpumask_bits:240 nr_cpu_ids:240 nr_node_ids:1\nPERCPU: Embedded 33 pages/cpu @ffff88002f800000 s104088 r8192 d22888 u262144\npcpu-alloc: s104088 r8192 d22888 u262144 alloc=1*2097152\npcpu-alloc: [0] 000 001 002 003 004 005 006 007 \npcpu-alloc: [0] 008 009 010 011 012 013 014 015 \npcpu-alloc: [0] 016 017 018 019 020 021 022 023 \npcpu-alloc: [0] 024 025 026 027 028 029 030 031 \npcpu-alloc: [0] 032 033 034 035 036 037 038 039 \npcpu-alloc: [0] 040 041 042 043 044 045 046 047 \npcpu-alloc: [0] 048 049 050 051 052 053 054 055 \npcpu-alloc: [0] 056 057 058 059 060 061 062 063 \npcpu-alloc: [0] 064 065 066 067 068 069 070 071 \npcpu-alloc: [0] 072 073 074 075 076 077 078 079 \npcpu-alloc: [0] 080 081 082 083 084 085 086 087 \npcpu-alloc: [0] 088 089 090 091 092 093 094 095 \npcpu-alloc: [0] 096 097 098 099 100 101 102 103 \npcpu-alloc: [0] 104 105 106 107 108 109 110 111 \npcpu-alloc: [0] 112 113 114 115 116 117 118 119 \npcpu-alloc: [0] 120 121 122 123 124 125 126 127 \npcpu-alloc: [0] 128 129 130 131 132 133 134 135 \npcpu-alloc: [0] 136 137 138 139 140 141 142 143 \npcpu-alloc: [0] 144 145 146 147 148 149 150 151 \npcpu-alloc: [0] 152 153 154 155 156 157 158 159 \npcpu-alloc: [0] 160 161 162 163 164 165 166 167 \npcpu-alloc: [0] 168 169 170 171 172 173 174 175 \npcpu-alloc: [0] 176 177 178 179 180 181 182 183 \npcpu-alloc: [0] 184 185 186 187 188 189 190 191 \npcpu-alloc: [0] 192 193 194 195 196 197 198 199 \npcpu-alloc: [0] 200 201 202 203 204 205 206 207 \npcpu-alloc: [0] 208 209 210 211 212 213 214 215 \npcpu-alloc: [0] 216 217 218 219 220 221 222 223 \npcpu-alloc: [0] 224 225 226 227 228 229 230 231 \npcpu-alloc: [0] 232 233 234 235 236 237 238 239 \nBuilt 1 zonelists in Zone order, mobility grouping on.  Total pages: 2067647\nPolicy zone: Normal\nKernel command line: ro root=/dev/mapper/VolGroup-lv_root rd_NO_LUKS LANG=en_US.UTF-8 rd_NO_MD rd_LVM_LV=VolGroup/lv_swap SYSFONT=latarcyrheb-sun16 crashkernel=129M@144M rd_LVM_LV=VolGroup/lv_root  KEYBOARDTYPE=pc KEYTABLE=us rd_NO_DM printk.time=1\n[    0.000000] PID hash table entries: 4096 (order: 3, 32768 bytes)\n[    0.000000] x86/fpu: xstate_offset[2]: 0240, xstate_sizes[2]: 0100\n[    0.000000] x86/fpu: xstate_offset[3]: 03c0, xstate_sizes[3]: 0040\n[    0.000000] x86/fpu: xstate_offset[4]: 0400, xstate_sizes[4]: 0040\n[    0.000000] x86/fpu: xstate_offset[5]: 0440, xstate_sizes[5]: 0040\n[    0.000000] x86/fpu: xstate_offset[6]: 0480, xstate_sizes[6]: 0200\n[    0.000000] x86/fpu: xstate_offset[7]: 0680, xstate_sizes[7]: 0400\n[    0.000000] xsave/xrstor: enabled xstate_bv 0xe7, cntxt size 0xa80\n[    0.000000] Memory: 7926880k/8519680k available (5488k kernel code, 132072k absent, 460728k reserved, 6940k data, 1328k init)\n[    0.000000] x86/pti: Kernel page table isolation enabled\n[    0.000000] Hierarchical RCU implementation.\n[    0.000000] NR_IRQS:33024 nr_irqs:2328\n[    0.000000] Using NULL legacy PIC\n[    0.000000] Console: colour dummy device 80x25\n[    0.000000] console [tty0] enabled\n[    0.000000] allocated 33554432 bytes of page_cgroup\n[    0.000000] please try 'cgroup_disable=memory' option if you don't want memory cgroups\n[    0.000000] Fast TSC calibration failed\n[    0.000000] TSC: Unable to calibrate against PIT\n[    0.000000] TSC: using PMTIMER reference calibration\n[    0.000000] Detected 3371.019 MHz processor.\n[    0.000019] Calibrating delay loop (skipped), value calculated using timer frequency.. 6742.03 BogoMIPS (lpj=3371019)\n[    0.000025] pid_max: default: 245760 minimum: 1920\n[    0.000999] Security Framework initialized\n[    0.000999] SELinux:  Initializing.\n[    0.000999] SELinux:  Starting in permissive mode\n[    0.000999] Dentry cache hash table entries: 1048576 (order: 11, 8388608 bytes)\n[    0.000999] Inode-cache hash table entries: 524288 (order: 10, 4194304 bytes)\n[    0.000999] Mount-cache hash table entries: 256\n[    0.000999] Initializing cgroup subsys ns\n[    0.000999] Initializing cgroup subsys cpuacct\n[    0.000999] Initializing cgroup subsys memory\n[    0.000999] Initializing cgroup subsys devices\n[    0.000999] Initializing cgroup subsys freezer\n[    0.000999] Initializing cgroup subsys net_cls\n[    0.000999] Initializing cgroup subsys blkio\n[    0.000999] Initializing cgroup subsys perf_event\n[    0.000999] Initializing cgroup subsys net_prio\n[    0.000999] CPU: Physical Processor ID: 0\n[    0.000999] CPU: Processor Core ID: 0\n[    0.000999] FEATURE SPEC_CTRL Present\n[    0.000999] FEATURE IBPB_SUPPORT Present\n[    0.000999] mce: CPU supports 1 MCE banks\n[    0.000999] alternatives: switching to unfair spinlock\n[    0.000999] ACPI: Core revision 20090903\n[    0.000999] ftrace: converting mcount calls to 0f 1f 44 00 00\n[    0.000999] ftrace: allocating 22006 entries in 87 pages\n[    0.000999] APIC routing finalized to physical flat.\n[    0.000999] CPU0: Intel(R) Core(TM) i7-7820X CPU @ 3.60GHz stepping 04\n[    0.000999] Performance Events: unsupported p6 CPU model 85 no PMU driver, software events only.\n[    0.001148] NMI watchdog disabled (cpu0): hardware events not enabled\n[    0.001327] Booting Node   0, Processors  #1 #2 #3\n[    0.021177] Brought up 4 CPUs\n[    0.022009] Total of 4 processors activated (26968.15 BogoMIPS).\n[    0.037407] sizeof(vma)=200 bytes\n[    0.037410] sizeof(page)=56 bytes\n[    0.037412] sizeof(inode)=592 bytes\n[    0.037414] sizeof(dentry)=192 bytes\n[    0.037416] sizeof(ext3inode)=800 bytes\n[    0.037417] sizeof(buffer_head)=104 bytes\n[    0.037419] sizeof(skbuff)=232 bytes\n[    0.037421] sizeof(task_struct)=2672 bytes\n[    0.040287] devtmpfs: initialized\n[    0.045716] PM: Registering ACPI NVS region at f7ffb000 (16384 bytes)\n[    0.046377] regulator: core version 0.5\n[    0.046766] NET: Registered protocol family 16\n[    0.048144] ACPI: bus type pci registered\n[    0.048446] PCI: Fatal: No config space access function found\n[    0.051689] bio: create slab <bio-0> at 0\n[    0.056186] ACPI: EC: Look up EC in DSDT\n[    0.057218] ACPI: Executed 1 blocks of module-level executable AML code\n[    0.064593] ACPI: Interpreter enabled\n[    0.064606] ACPI: (supports S0 S5)\n[    0.064634] ACPI: Using IOAPIC for interrupt routing\n[    0.074378] ACPI: No dock devices found.\n[    0.074395] PCI: Using host bridge windows from ACPI; if necessary, use \"pci=nocrs\" and report a bug\n[    0.074522] vgaarb: loaded\n[    0.075189] SCSI subsystem initialized\n[    0.075280] libata version 3.00 loaded.\n[    0.075280] usbcore: registered new interface driver usbfs\n[    0.075280] usbcore: registered new interface driver hub\n[    0.076016] usbcore: registered new device driver usb\n[    0.076087] PCI: Using ACPI for IRQ routing\n[    0.076087] PCI: System does not support PCI\n[    0.076087] PCI: System does not support PCI\n[    0.077106] NetLabel: Initializing\n[    0.077111] NetLabel:  domain hash size = 128\n[    0.077114] NetLabel:  protocols = UNLABELED CIPSOv4\n[    0.077130] NetLabel:  unlabeled traffic allowed by default\n[    0.077390] Switching to clocksource hyperv_clocksource\n[    0.088392] pnp: PnP ACPI init\n[    0.088408] ACPI: bus type pnp registered\n[    0.088452] pnp 00:00: [mem 0xfec00000-0xfec00fff]\n[    0.088454] pnp 00:00: [mem 0xfee00000-0xfee00fff]\n[    0.088477] pnp 00:00: Plug and Play ACPI device, IDs PNP0003 (active)\n[    0.088484] pnp 00:01: [io  0x0070-0x0071]\n[    0.089633] pnp 00:01: [irq 8]\n[    0.089654] pnp 00:01: Plug and Play ACPI device, IDs PNP0b00 (active)\n[    0.089656] pnp: PnP ACPI: found 2 devices\n[    0.089659] ACPI: ACPI bus type pnp unregistered\n[    0.094475] NET: Registered protocol family 2\n[    0.094837] IP route cache hash table entries: 262144 (order: 9, 2097152 bytes)\n[    0.095809] TCP established hash table entries: 524288 (order: 11, 8388608 bytes)\n[    0.097283] TCP bind hash table entries: 65536 (order: 8, 1048576 bytes)\n[    0.097462] TCP: Hash tables configured (established 524288 bind 65536)\n[    0.097465] TCP reno registered\n[    0.098511] NET: Registered protocol family 1\n[    0.098559] Trying to unpack rootfs image as initramfs...\n[    0.287667] Freeing initrd memory: 17973k freed\n[    0.289426] PCI-DMA: Using software bounce buffering for IO (SWIOTLB)\n[    0.289432] Placing 64MB software IO TLB between ffff880020000000 - ffff880024000000\n[    0.289436] software IO TLB at phys 0x20000000 - 0x24000000\n[    0.290009] sysfb: VRAM smaller than advertised\n[    0.290009] sha256_ssse3: Using AVX optimized SHA-256 implementation\n[    0.290891] futex hash table entries: 65536 (order: 10, 4194304 bytes)\n[    0.291740] audit: initializing netlink socket (disabled)\n[    0.291752] type=2000 audit(1518435484.290:1): initialized\n[    0.302939] HugeTLB registered 2 MB page size, pre-allocated 0 pages\n[    0.304115] VFS: Disk quotas dquot_6.5.2\n[    0.304180] Dquot-cache hash table entries: 512 (order 0, 4096 bytes)\n[    0.304376] msgmni has been set to 15671\n[    0.304444] SELinux:  Registering netfilter hooks\n[    0.305535] ksign: Installing public key data\n[    0.305538] Loading keyring\n[    0.305549] - Added public key B242B36829F66889\n[    0.305551] - User ID: CentOS (Kernel Module GPG key)\n[    0.305677] Block layer SCSI generic (bsg) driver version 0.4 loaded (major 250)\n[    0.305942] io scheduler noop registered\n[    0.305945] io scheduler anticipatory registered\n[    0.305948] io scheduler deadline registered\n[    0.306062] io scheduler cfq registered (default)\n[    0.306107] pci_hotplug: PCI Hot Plug PCI Core version: 0.5\n[    0.306114] pciehp: PCI Express Hot Plug Controller Driver version: 0.4\n[    0.306118] acpiphp: ACPI Hot Plug PCI Controller Driver version: 0.5\n[    0.306169] efifb: probing for efifb\n[    0.306742] efifb: framebuffer at 0xf8000000, mapped to 0xffffc90001b80000, using 6144k, total 8192k\n[    0.306746] efifb: mode is 1024x768x32, linelength=4096, pages=1\n[    0.306748] efifb: scrolling: redraw\n[    0.306751] efifb: Truecolor: size=8:8:8:8, shift=24:16:8:0\n[    0.309472] Console: switching to colour frame buffer device 128x48\n[    0.310233] fb0: EFI VGA frame buffer device\n[    0.310314] ACPI: acpi_idle registered with cpuidle\n[    0.313883] [Firmware Bug]: No valid trip found\n[    0.313971] GHES: HEST is not enabled!\n[    0.314825] Non-volatile memory driver v1.3\n[    0.314836] Linux agpgart interface v0.103\n[    0.314893] crash memory driver: version 1.1\n[    0.314904] Serial: 8250/16550 driver, 4 ports, IRQ sharing enabled\n[    0.316291] brd: module loaded\n[    0.316711] loop: module loaded\n[    0.316744] input: Macintosh mouse button emulation as /devices/virtual/input/input0\n[    0.316792] Fixed MDIO Bus: probed\n[    0.316825] ehci_hcd: USB 2.0 'Enhanced' Host Controller (EHCI) Driver\n[    0.316849] ohci_hcd: USB 1.1 'Open' Host Controller (OHCI) Driver\n[    0.316866] uhci_hcd: USB Universal Host Controller Interface driver\n[    0.317008] PNP: No PS/2 controller found. Probing ports directly.\n[    0.317932] mice: PS/2 mouse device common for all mice\n[    0.318416] rtc_cmos 00:01: RTC can wake from S4\n[    0.318466] rtc_cmos 00:01: rtc core: registered rtc_cmos as rtc0\n[    0.320820] rtc0: alarms up to one month, 114 bytes nvram\n[    0.321034] cpuidle: using governor ladder\n[    0.321211] cpuidle: using governor menu\n[    0.321403] EFI Variables Facility v0.08 2004-May-17\n[    0.325662] usbcore: registered new interface driver hiddev\n[    0.325841] usbcore: registered new interface driver usbhid\n[    0.326010] usbhid: v2.6:USB HID core driver\n[    0.326561] GRE over IPv4 demultiplexor driver\n[    0.326579] TCP cubic registered\n[    0.326975] Initializing XFRM netlink socket\n[    0.327145] NET: Registered protocol family 17\n[    0.327476] registered taskstats version 1\n[    0.328883] rtc_cmos 00:01: setting system clock to 2018-02-12 11:38:05 UTC (1518435485)\n[    0.329147] Initalizing network drop monitor service\n[    0.329440] Freeing unused kernel memory: 1328k freed\n[    0.329852] Write protecting the kernel read-only data: 10240k\n[    0.330540] Freeing unused kernel memory: 636k freed\n[    0.331015] Freeing unused kernel memory: 1544k freed\n[    0.367273] dracut: dracut-004-409.el6_8.2\n[    0.384229] dracut: rd_NO_LUKS: removing cryptoluks activation\n[    0.427801] device-mapper: uevent: version 1.0.3\n[    0.429953] device-mapper: ioctl: 4.33.1-ioctl (2015-8-18) initialised: dm-devel@redhat.com\n[    0.480245] udev: starting version 147\n[    0.530973] Switching to clocksource hyperv_clocksource_tsc_page\n[    0.532308] hv_vmbus: Hyper-V Host Build:14393-10.0-2-0.2035; Vmbus version:4.0\n[    0.532849] hv_vmbus: CPU offlining is not supported by hypervisor\n[    0.551075] hv_vmbus: registering driver hyperv_keyboard\n[    0.554104] input: AT Translated Set 2 keyboard as /devices/LNXSYSTM:00/LNXSYBUS:00/ACPI0004:00/VMBus:00/vmbus-d34b2567-b9b6-42b9-8778-0a4ec0b955bf/serio0/input/input1\n[    0.567185] hv_vmbus: registering driver hyperv_fb\n[    0.570640] checking generic (f8000000 600000) vs hw (f8000000 800000)\n[    0.570644] fb: conflicting fb hw usage hyperv_fb vs EFI VGA - removing generic driver\n[    0.571472] Console: switching to colour dummy device 80x25\n[    0.572484] hyperv_fb: Screen resolution: 1152x864, Color depth: 32\n[    0.573943] Console: switching to colour frame buffer device 144x54\n[    0.596466] hv_vmbus: registering driver hid_hyperv\n[    0.598138] input: Microsoft Vmbus HID-compliant Mouse as /devices/virtual/input/input2\n[    0.598340] hid 0006:045E:0621.0001: input: <UNKNOWN> HID v0.01 Mouse [Microsoft Vmbus HID-compliant Mouse] on \n[    0.616422] hv_vmbus: registering driver hv_storvsc\n[    0.619108] scsi0 : storvsc_host_t\n[    0.619644] scsi 0:0:0:0: Direct-Access     Msft     Virtual Disk     1.0  PQ: 0 ANSI: 5\n[    0.619905] scsi 0:0:0:1: CD-ROM            Msft     Virtual DVD-ROM  1.0  PQ: 0 ANSI: 0\n[    0.667529] sd 0:0:0:0: [sda] 266338304 512-byte logical blocks: (136 GB/127 GiB)\n[    0.667582] sd 0:0:0:0: [sda] 4096-byte physical blocks\n[    0.667908] sd 0:0:0:0: [sda] Write Protect is off\n[    0.667940] sd 0:0:0:0: [sda] Mode Sense: 0f 00 00 00\n[    0.668047] sd 0:0:0:0: [sda] Write cache: enabled, read cache: enabled, doesn't support DPO or FUA\n[    0.668678]  sda: sda1 sda2 sda3\n[    0.674192] sd 0:0:0:0: [sda] Attached SCSI disk\n[    0.694574] sr0: scsi3-mmc drive: 0x/0x caddy\n[    0.694607] Uniform CD-ROM driver Revision: 3.20\n[    0.694904] sr 0:0:0:1: Attached scsi CD-ROM sr0\n[   20.837103] dracut: Starting plymouth daemon\n[   20.865167] dracut: rd_NO_MD: removing MD RAID activation\n[   51.092274] dracut: Scanning devices sda3  for LVM logical volumes VolGroup/lv_swap VolGroup/lv_root \n[   51.119527] dracut: inactive '/dev/VolGroup/lv_root' [50.00 GiB] inherit\n[   51.119897] dracut: inactive '/dev/VolGroup/lv_home' [68.52 GiB] inherit\n[   51.120216] dracut: inactive '/dev/VolGroup/lv_swap' [7.80 GiB] inherit\n[   51.352609] EXT4-fs (dm-0): mounted filesystem with ordered data mode. Opts: \n[   51.359327] dracut: Mounted root filesystem /dev/mapper/VolGroup-lv_root\n[   51.385499] dracut: Loading SELinux policy\n[   51.414544] type=1404 audit(1518435536.584:2): enforcing=1 old_enforcing=0 auid=4294967295 ses=4294967295\n[   51.482022] SELinux: 2048 avtab hash slots, 309333 rules.\n[   51.545233] SELinux: 2048 avtab hash slots, 309333 rules.\n[   51.968135] SELinux:  9 users, 12 roles, 4215 types, 237 bools, 1 sens, 1024 cats\n[   51.968138] SELinux:  81 classes, 309333 rules\n[   51.972565] SELinux:  Completing initialization.\n[   51.972567] SELinux:  Setting up existing superblocks.\n[   51.972576] SELinux: initialized (dev dm-0, type ext4), uses xattr\n[   51.972642] SELinux: initialized (dev tmpfs, type tmpfs), uses transition SIDs\n[   51.972653] SELinux: initialized (dev selinuxfs, type selinuxfs), uses genfs_contexts\n[   51.972660] SELinux: initialized (dev mqueue, type mqueue), uses transition SIDs\n[   51.972663] SELinux: initialized (dev hugetlbfs, type hugetlbfs), uses transition SIDs\n[   51.972679] SELinux: initialized (dev devpts, type devpts), uses transition SIDs\n[   51.972695] SELinux: initialized (dev inotifyfs, type inotifyfs), uses genfs_contexts\n[   51.972698] SELinux: initialized (dev anon_inodefs, type anon_inodefs), uses genfs_contexts\n[   51.972700] SELinux: initialized (dev pipefs, type pipefs), uses task SIDs\n[   51.972703] SELinux: initialized (dev debugfs, type debugfs), uses genfs_contexts\n[   51.973104] SELinux: initialized (dev sockfs, type sockfs), uses task SIDs\n[   51.973106] SELinux: initialized (dev devtmpfs, type devtmpfs), uses transition SIDs\n[   51.973544] SELinux: initialized (dev tmpfs, type tmpfs), uses transition SIDs\n[   51.973550] SELinux: initialized (dev proc, type proc), uses genfs_contexts\n[   51.973557] SELinux: initialized (dev bdev, type bdev), uses genfs_contexts\n[   51.973560] SELinux: initialized (dev rootfs, type rootfs), uses genfs_contexts\n[   51.973684] SELinux: initialized (dev sysfs, type sysfs), uses genfs_contexts\n[   51.998712] type=1403 audit(1518435537.168:3): policy loaded auid=4294967295 ses=4294967295\n[   52.004536] dracut: \n[   52.229419] dracut: Switching root\n[   52.418733] SELinux: initialized (dev usbfs, type usbfs), uses genfs_contexts\n[   53.062092] udev: starting version 147\n[   53.265015] hv_vmbus: registering driver hv_balloon\n[   53.293573] hv_utils: Registering HyperV Utility Driver\n[   53.294126] hv_vmbus: registering driver hv_util\n[   53.410817] hv_vmbus: registering driver hv_netvsc\n[   53.412972] hv_netvsc: hv_netvsc channel opened successfully\n[   53.416838] hv_netvsc vmbus-d2233f50-ac97-4972-b75f-be090a4907cb: Send section size: 6144, Section count:170\n[   53.418249] hv_netvsc vmbus-d2233f50-ac97-4972-b75f-be090a4907cb: Device MAC 00:15:5d:02:df:0b link state up\n[   53.419719] hv_netvsc vmbus-d2233f50-ac97-4972-b75f-be090a4907cb: real num tx,rx queues:4, 4\n[   53.464466] sd 0:0:0:0: Attached scsi generic sg0 type 0\n[   53.465081] sr 0:0:0:1: Attached scsi generic sg1 type 5\n[   84.576559] EXT4-fs (sda2): mounted filesystem with ordered data mode. Opts: \n[   84.579409] SELinux: initialized (dev sda2, type ext4), uses xattr\n[   84.688336] SELinux: initialized (dev sda1, type vfat), uses genfs_contexts\n[   84.707387] EXT4-fs (dm-2): mounted filesystem with ordered data mode. Opts: \n[   84.708683] SELinux: initialized (dev dm-2, type ext4), uses xattr\n[   85.017248] Adding 8175612k swap on /dev/mapper/VolGroup-lv_swap.  Priority:-1 extents:1 across:8175612k \n[   85.022138] SELinux: initialized (dev binfmt_misc, type binfmt_misc), uses genfs_contexts",
 "title": "dmesg.log"
}