{
 "espireDate": "N",
 "format": "text",
 "jSonReasons": [
  "kw_target",
  "lg_en",
  "kw_cert",
  "kw_encrypted",
  "re_#10",
  "kw_offline",
  "re_email",
  "kw_protection",
  "kw_error",
  "kw_security",
  "kw_bypass",
  "kw_bug",
  "re_url"
 ],
 "key": "sQPSCjQ9",
 "pasteDate": "Feb 26, 2018, 12:16:16 PM",
 "relevancy": 3.0,
 "relevant": false,
 "text": "[    0.000000] microcode: CPU0 microcode updated early to revision 0x29, date = 2013-06-12\n[    0.000000] Initializing cgroup subsys cpuset\n[    0.000000] Initializing cgroup subsys cpu\n[    0.000000] Initializing cgroup subsys cpuacct\n[    0.000000] Linux version 4.4.0-109-generic (buildd@lgw01-amd64-038) (gcc version 5.4.0 20160609 (Ubuntu 5.4.0-6ubuntu1~16.04.5) ) #132-Ubuntu SMP Tue Jan 9 19:52:39 UTC 2018 (Ubuntu 4.4.0-109.132-generic 4.4.98)\n[    0.000000] Command line: BOOT_IMAGE=/boot/vmlinuz-4.4.0-109-generic root=UUID=87980795-fd2a-4f02-b44c-30827e32154f ro quiet splash\n[    0.000000] KERNEL supported cpus:\n[    0.000000]   Intel GenuineIntel\n[    0.000000]   AMD AuthenticAMD\n[    0.000000]   Centaur CentaurHauls\n[    0.000000] x86/fpu: Supporting XSAVE feature 0x01: 'x87 floating point registers'\n[    0.000000] x86/fpu: Supporting XSAVE feature 0x02: 'SSE registers'\n[    0.000000] x86/fpu: Enabled xstate features 0x3, context size is 576 bytes, using 'standard' format.\n[    0.000000] x86/fpu: Using 'eager' FPU context switches.\n[    0.000000] e820: BIOS-provided physical RAM map:\n[    0.000000] BIOS-e820: [mem 0x0000000000000000-0x000000000009ebff] usable\n[    0.000000] BIOS-e820: [mem 0x000000000009ec00-0x000000000009ffff] reserved\n[    0.000000] BIOS-e820: [mem 0x00000000000e0000-0x00000000000fffff] reserved\n[    0.000000] BIOS-e820: [mem 0x0000000000100000-0x00000000de001fff] usable\n[    0.000000] BIOS-e820: [mem 0x00000000de002000-0x00000000de22cfff] reserved\n[    0.000000] BIOS-e820: [mem 0x00000000de22d000-0x00000000de22dfff] ACPI data\n[    0.000000] BIOS-e820: [mem 0x00000000de22e000-0x00000000de34dfff] ACPI NVS\n[    0.000000] BIOS-e820: [mem 0x00000000de34e000-0x00000000deafbfff] reserved\n[    0.000000] BIOS-e820: [mem 0x00000000deafc000-0x00000000deafcfff] usable\n[    0.000000] BIOS-e820: [mem 0x00000000deafd000-0x00000000deb3ffff] ACPI NVS\n[    0.000000] BIOS-e820: [mem 0x00000000deb40000-0x00000000df48efff] usable\n[    0.000000] BIOS-e820: [mem 0x00000000df48f000-0x00000000df7dbfff] reserved\n[    0.000000] BIOS-e820: [mem 0x00000000df7dc000-0x00000000df7fffff] usable\n[    0.000000] BIOS-e820: [mem 0x00000000f8000000-0x00000000fbffffff] reserved\n[    0.000000] BIOS-e820: [mem 0x00000000fec00000-0x00000000fec00fff] reserved\n[    0.000000] BIOS-e820: [mem 0x00000000fed00000-0x00000000fed03fff] reserved\n[    0.000000] BIOS-e820: [mem 0x00000000fed1c000-0x00000000fed1ffff] reserved\n[    0.000000] BIOS-e820: [mem 0x00000000fee00000-0x00000000fee00fff] reserved\n[    0.000000] BIOS-e820: [mem 0x00000000ff000000-0x00000000ffffffff] reserved\n[    0.000000] BIOS-e820: [mem 0x0000000100000000-0x000000021effffff] usable\n[    0.000000] NX (Execute Disable) protection: active\n[    0.000000] SMBIOS 2.7 present.\n[    0.000000] DMI: Gigabyte Technology Co., Ltd. To be filled by O.E.M./Z77-DS3H, BIOS F9 09/19/2012\n[    0.000000] e820: update [mem 0x00000000-0x00000fff] usable ==> reserved\n[    0.000000] e820: remove [mem 0x000a0000-0x000fffff] usable\n[    0.000000] e820: last_pfn = 0x21f000 max_arch_pfn = 0x400000000\n[    0.000000] MTRR default type: uncachable\n[    0.000000] MTRR fixed ranges enabled:\n[    0.000000]   00000-9FFFF write-back\n[    0.000000]   A0000-BFFFF uncachable\n[    0.000000]   C0000-CFFFF write-protect\n[    0.000000]   D0000-E7FFF uncachable\n[    0.000000]   E8000-FFFFF write-protect\n[    0.000000] MTRR variable ranges enabled:\n[    0.000000]   0 base 000000000 mask E00000000 write-back\n[    0.000000]   1 base 200000000 mask FF0000000 write-back\n[    0.000000]   2 base 210000000 mask FF8000000 write-back\n[    0.000000]   3 base 218000000 mask FFC000000 write-back\n[    0.000000]   4 base 21C000000 mask FFE000000 write-back\n[    0.000000]   5 base 21E000000 mask FFF000000 write-back\n[    0.000000]   6 base 0E0000000 mask FE0000000 uncachable\n[    0.000000]   7 disabled\n[    0.000000]   8 disabled\n[    0.000000]   9 disabled\n[    0.000000] x86/PAT: Configuration [0-7]: WB  WC  UC- UC  WB  WC  UC- WT  \n[    0.000000] original variable MTRRs\n[    0.000000] reg 0, base: 0GB, range: 8GB, type WB\n[    0.000000] reg 1, base: 8GB, range: 256MB, type WB\n[    0.000000] reg 2, base: 8448MB, range: 128MB, type WB\n[    0.000000] reg 3, base: 8576MB, range: 64MB, type WB\n[    0.000000] reg 4, base: 8640MB, range: 32MB, type WB\n[    0.000000] reg 5, base: 8672MB, range: 16MB, type WB\n[    0.000000] reg 6, base: 3584MB, range: 512MB, type UC\n[    0.000000] total RAM covered: 8176M\n[    0.000000] Found optimal setting for mtrr clean up\n[    0.000000]  gran_size: 64K \tchunk_size: 32M \tnum_reg: 6  \tlose cover RAM: 0G\n[    0.000000] New variable MTRRs\n[    0.000000] reg 0, base: 0GB, range: 2GB, type WB\n[    0.000000] reg 1, base: 2GB, range: 1GB, type WB\n[    0.000000] reg 2, base: 3GB, range: 512MB, type WB\n[    0.000000] reg 3, base: 4GB, range: 4GB, type WB\n[    0.000000] reg 4, base: 8GB, range: 512MB, type WB\n[    0.000000] reg 5, base: 8688MB, range: 16MB, type UC\n[    0.000000] e820: update [mem 0xe0000000-0xffffffff] usable ==> reserved\n[    0.000000] e820: last_pfn = 0xdf800 max_arch_pfn = 0x400000000\n[    0.000000] found SMP MP-table at [mem 0x000fd750-0x000fd75f] mapped at [ffff8800000fd750]\n[    0.000000] Scanning 1 areas for low memory corruption\n[    0.000000] Base memory trampoline at [ffff880000098000] 98000 size 24576\n[    0.000000] BRK [0x02215000, 0x02215fff] PGTABLE\n[    0.000000] BRK [0x02216000, 0x02216fff] PGTABLE\n[    0.000000] BRK [0x02217000, 0x02217fff] PGTABLE\n[    0.000000] BRK [0x02218000, 0x02218fff] PGTABLE\n[    0.000000] BRK [0x02219000, 0x02219fff] PGTABLE\n[    0.000000] BRK [0x0221a000, 0x0221afff] PGTABLE\n[    0.000000] RAMDISK: [mem 0x33854000-0x35c21fff]\n[    0.000000] ACPI: Early table checksum verification disabled\n[    0.000000] ACPI: RSDP 0x00000000000F0490 000024 (v02 ALASKA)\n[    0.000000] ACPI: XSDT 0x00000000DE32F070 00005C (v01 ALASKA A M I    01072009 AMI  00010013)\n[    0.000000] ACPI: FACP 0x00000000DE338A80 0000F4 (v04 ALASKA A M I    01072009 AMI  00010013)\n[    0.000000] ACPI: DSDT 0x00000000DE32F160 00991D (v02 ALASKA A M I    00000012 INTL 20051117)\n[    0.000000] ACPI: FACS 0x00000000DE34CF80 000040\n[    0.000000] ACPI: APIC 0x00000000DE338B78 000062 (v03 ALASKA A M I    01072009 AMI  00010013)\n[    0.000000] ACPI: MCFG 0x00000000DE338BE0 00003C (v01                 01072009 MSFT 00000097)\n[    0.000000] ACPI: HPET 0x00000000DE338C20 000038 (v01 ALASKA A M I    01072009 AMI. 00000005)\n[    0.000000] ACPI: SSDT 0x00000000DE338C58 000495 (v01 IdeRef IdeTable 00001000 INTL 20091112)\n[    0.000000] ACPI: SSDT 0x00000000DE3390F0 0009AA (v01 PmRef  Cpu0Ist  00003000 INTL 20051117)\n[    0.000000] ACPI: SSDT 0x00000000DE339AA0 000A92 (v01 PmRef  CpuPm    00003000 INTL 20051117)\n[    0.000000] ACPI: Local APIC address 0xfee00000\n[    0.000000] No NUMA configuration found\n[    0.000000] Faking a node at [mem 0x0000000000000000-0x000000021effffff]\n[    0.000000] NODE_DATA(0) allocated [mem 0x21eff2000-0x21eff6fff]\n[    0.000000] Zone ranges:\n[    0.000000]   DMA      [mem 0x0000000000001000-0x0000000000ffffff]\n[    0.000000]   DMA32    [mem 0x0000000001000000-0x00000000ffffffff]\n[    0.000000]   Normal   [mem 0x0000000100000000-0x000000021effffff]\n[    0.000000]   Device   empty\n[    0.000000] Movable zone start for each node\n[    0.000000] Early memory node ranges\n[    0.000000]   node   0: [mem 0x0000000000001000-0x000000000009dfff]\n[    0.000000]   node   0: [mem 0x0000000000100000-0x00000000de001fff]\n[    0.000000]   node   0: [mem 0x00000000deafc000-0x00000000deafcfff]\n[    0.000000]   node   0: [mem 0x00000000deb40000-0x00000000df48efff]\n[    0.000000]   node   0: [mem 0x00000000df7dc000-0x00000000df7fffff]\n[    0.000000]   node   0: [mem 0x0000000100000000-0x000000021effffff]\n[    0.000000] Initmem setup node 0 [mem 0x0000000000001000-0x000000021effffff]\n[    0.000000] On node 0 totalpages: 2087187\n[    0.000000]   DMA zone: 64 pages used for memmap\n[    0.000000]   DMA zone: 21 pages reserved\n[    0.000000]   DMA zone: 3997 pages, LIFO batch:0\n[    0.000000]   DMA32 zone: 14182 pages used for memmap\n[    0.000000]   DMA32 zone: 907638 pages, LIFO batch:31\n[    0.000000]   Normal zone: 18368 pages used for memmap\n[    0.000000]   Normal zone: 1175552 pages, LIFO batch:31\n[    0.000000] ACPI: PM-Timer IO Port: 0x408\n[    0.000000] ACPI: Local APIC address 0xfee00000\n[    0.000000] ACPI: LAPIC_NMI (acpi_id[0xff] high edge lint[0x1])\n[    0.000000] IOAPIC[0]: apic_id 2, version 32, address 0xfec00000, GSI 0-23\n[    0.000000] ACPI: INT_SRC_OVR (bus 0 bus_irq 0 global_irq 2 dfl dfl)\n[    0.000000] ACPI: INT_SRC_OVR (bus 0 bus_irq 9 global_irq 9 high level)\n[    0.000000] ACPI: IRQ0 used by override.\n[    0.000000] ACPI: IRQ9 used by override.\n[    0.000000] Using ACPI (MADT) for SMP configuration information\n[    0.000000] ACPI: HPET id: 0x8086a701 base: 0xfed00000\n[    0.000000] smpboot: Allowing 2 CPUs, 0 hotplug CPUs\n[    0.000000] PM: Registered nosave memory: [mem 0x00000000-0x00000fff]\n[    0.000000] PM: Registered nosave memory: [mem 0x0009e000-0x0009efff]\n[    0.000000] PM: Registered nosave memory: [mem 0x0009f000-0x0009ffff]\n[    0.000000] PM: Registered nosave memory: [mem 0x000a0000-0x000dffff]\n[    0.000000] PM: Registered nosave memory: [mem 0x000e0000-0x000fffff]\n[    0.000000] PM: Registered nosave memory: [mem 0xde002000-0xde22cfff]\n[    0.000000] PM: Registered nosave memory: [mem 0xde22d000-0xde22dfff]\n[    0.000000] PM: Registered nosave memory: [mem 0xde22e000-0xde34dfff]\n[    0.000000] PM: Registered nosave memory: [mem 0xde34e000-0xdeafbfff]\n[    0.000000] PM: Registered nosave memory: [mem 0xdeafd000-0xdeb3ffff]\n[    0.000000] PM: Registered nosave memory: [mem 0xdf48f000-0xdf7dbfff]\n[    0.000000] PM: Registered nosave memory: [mem 0xdf800000-0xf7ffffff]\n[    0.000000] PM: Registered nosave memory: [mem 0xf8000000-0xfbffffff]\n[    0.000000] PM: Registered nosave memory: [mem 0xfc000000-0xfebfffff]\n[    0.000000] PM: Registered nosave memory: [mem 0xfec00000-0xfec00fff]\n[    0.000000] PM: Registered nosave memory: [mem 0xfec01000-0xfecfffff]\n[    0.000000] PM: Registered nosave memory: [mem 0xfed00000-0xfed03fff]\n[    0.000000] PM: Registered nosave memory: [mem 0xfed04000-0xfed1bfff]\n[    0.000000] PM: Registered nosave memory: [mem 0xfed1c000-0xfed1ffff]\n[    0.000000] PM: Registered nosave memory: [mem 0xfed20000-0xfedfffff]\n[    0.000000] PM: Registered nosave memory: [mem 0xfee00000-0xfee00fff]\n[    0.000000] PM: Registered nosave memory: [mem 0xfee01000-0xfeffffff]\n[    0.000000] PM: Registered nosave memory: [mem 0xff000000-0xffffffff]\n[    0.000000] e820: [mem 0xdf800000-0xf7ffffff] available for PCI devices\n[    0.000000] Booting paravirtualized kernel on bare hardware\n[    0.000000] clocksource: refined-jiffies: mask: 0xffffffff max_cycles: 0xffffffff, max_idle_ns: 7645519600211568 ns\n[    0.000000] setup_percpu: NR_CPUS:512 nr_cpumask_bits:512 nr_cpu_ids:2 nr_node_ids:1\n[    0.000000] PERCPU: Embedded 34 pages/cpu @ffff88021ec00000 s99544 r8192 d31528 u1048576\n[    0.000000] pcpu-alloc: s99544 r8192 d31528 u1048576 alloc=1*2097152\n[    0.000000] pcpu-alloc: [0] 0 1 \n[    0.000000] Built 1 zonelists in Node order, mobility grouping on.  Total pages: 2054552\n[    0.000000] Policy zone: Normal\n[    0.000000] Kernel command line: BOOT_IMAGE=/boot/vmlinuz-4.4.0-109-generic root=UUID=87980795-fd2a-4f02-b44c-30827e32154f ro quiet splash\n[    0.000000] PID hash table entries: 4096 (order: 3, 32768 bytes)\n[    0.000000] Calgary: detecting Calgary via BIOS EBDA area\n[    0.000000] Calgary: Unable to locate Rio Grande table in EBDA - bailing!\n[    0.000000] Memory: 8095756K/8348748K available (8485K kernel code, 1308K rwdata, 3988K rodata, 1508K init, 1316K bss, 252992K reserved, 0K cma-reserved)\n[    0.000000] SLUB: HWalign=64, Order=0-3, MinObjects=0, CPUs=2, Nodes=1\n[    0.000000] Kernel/User page tables isolation: enabled\n[    0.000000] Hierarchical RCU implementation.\n[    0.000000] \tBuild-time adjustment of leaf fanout to 64.\n[    0.000000] \tRCU restricting CPUs from NR_CPUS=512 to nr_cpu_ids=2.\n[    0.000000] RCU: Adjusting geometry for rcu_fanout_leaf=64, nr_cpu_ids=2\n[    0.000000] NR_IRQS:33024 nr_irqs:440 16\n[    0.000000] Console: colour VGA+ 80x25\n[    0.000000] console [tty0] enabled\n[    0.000000] clocksource: hpet: mask: 0xffffffff max_cycles: 0xffffffff, max_idle_ns: 133484882848 ns\n[    0.000000] hpet clockevent registered\n[    0.000000] tsc: Fast TSC calibration using PIT\n[    0.000000] tsc: Detected 3092.831 MHz processor\n[    0.000029] Calibrating delay loop (skipped), value calculated using timer frequency.. 6185.66 BogoMIPS (lpj=12371324)\n[    0.000031] pid_max: default: 32768 minimum: 301\n[    0.000035] ACPI: Core revision 20150930\n[    0.005521] ACPI: 4 ACPI AML tables successfully acquired and loaded\n[    0.005537] Security Framework initialized\n[    0.005538] Yama: becoming mindful.\n[    0.005551] AppArmor: AppArmor initialized\n[    0.005951] Dentry cache hash table entries: 1048576 (order: 11, 8388608 bytes)\n[    0.007217] Inode-cache hash table entries: 524288 (order: 10, 4194304 bytes)\n[    0.007770] Mount-cache hash table entries: 16384 (order: 5, 131072 bytes)\n[    0.007778] Mountpoint-cache hash table entries: 16384 (order: 5, 131072 bytes)\n[    0.007939] Initializing cgroup subsys io\n[    0.007942] Initializing cgroup subsys memory\n[    0.007947] Initializing cgroup subsys devices\n[    0.007949] Initializing cgroup subsys freezer\n[    0.007950] Initializing cgroup subsys net_cls\n[    0.007952] Initializing cgroup subsys perf_event\n[    0.007953] Initializing cgroup subsys net_prio\n[    0.007956] Initializing cgroup subsys hugetlb\n[    0.007957] Initializing cgroup subsys pids\n[    0.007973] CPU: Physical Processor ID: 0\n[    0.007974] CPU: Processor Core ID: 0\n[    0.007977] ENERGY_PERF_BIAS: Set to 'normal', was 'performance'\n[    0.007978] ENERGY_PERF_BIAS: View and update with x86_energy_perf_policy(8)\n[    0.007980] mce: CPU supports 7 MCE banks\n[    0.007989] CPU0: Thermal monitoring enabled (TM1)\n[    0.007993] process: using mwait in idle threads\n[    0.007996] Last level iTLB entries: 4KB 512, 2MB 8, 4MB 8\n[    0.007997] Last level dTLB entries: 4KB 512, 2MB 32, 4MB 32, 1GB 0\n[    0.008334] Freeing SMP alternatives memory: 32K\n[    0.012149] ftrace: allocating 32171 entries in 126 pages\n[    0.024650] smpboot: APIC(0) Converting physical 0 to logical package 0\n[    0.024652] smpboot: Max logical packages: 1\n[    0.025046] ..TIMER: vector=0x30 apic1=0 pin1=2 apic2=-1 pin2=-1\n[    0.064733] TSC deadline timer enabled\n[    0.064735] smpboot: CPU0: Intel(R) Pentium(R) CPU G870 @ 3.10GHz (family: 0x6, model: 0x2a, stepping: 0x7)\n[    0.064748] Performance Events: PEBS fmt1+, 16-deep LBR, SandyBridge events, full-width counters, Intel PMU driver.\n[    0.064764] ... version:                3\n[    0.064765] ... bit width:              48\n[    0.064766] ... generic registers:      8\n[    0.064767] ... value mask:             0000ffffffffffff\n[    0.064768] ... max period:             00007fffffffffff\n[    0.064768] ... fixed-purpose events:   3\n[    0.064769] ... event mask:             00000007000000ff\n[    0.065393] x86: Booting SMP configuration:\n[    0.065394] .... node  #0, CPUs:      #1\n[    0.065862] microcode: CPU1 microcode updated early to revision 0x29, date = 2013-06-12\n[    0.067933] x86: Booted up 1 node, 2 CPUs\n[    0.067936] smpboot: Total of 2 processors activated (12371.32 BogoMIPS)\n[    0.067968] NMI watchdog: enabled on all CPUs, permanently consumes one hw-PMU counter.\n[    0.069190] devtmpfs: initialized\n[    0.071280] evm: security.selinux\n[    0.071281] evm: security.SMACK64\n[    0.071282] evm: security.SMACK64EXEC\n[    0.071283] evm: security.SMACK64TRANSMUTE\n[    0.071283] evm: security.SMACK64MMAP\n[    0.071284] evm: security.ima\n[    0.071285] evm: security.capability\n[    0.071334] PM: Registering ACPI NVS region [mem 0xde22e000-0xde34dfff] (1179648 bytes)\n[    0.071347] PM: Registering ACPI NVS region [mem 0xdeafd000-0xdeb3ffff] (274432 bytes)\n[    0.071408] clocksource: jiffies: mask: 0xffffffff max_cycles: 0xffffffff, max_idle_ns: 7645041785100000 ns\n[    0.071415] futex hash table entries: 512 (order: 3, 32768 bytes)\n[    0.071481] pinctrl core: initialized pinctrl subsystem\n[    0.071577] RTC time: 11:38:53, date: 02/26/18\n[    0.071663] NET: Registered protocol family 16\n[    0.079935] cpuidle: using governor ladder\n[    0.089082] cpuidle: using governor menu\n[    0.089087] PCCT header not found.\n[    0.089176] ACPI FADT declares the system doesn't support PCIe ASPM, so disable it\n[    0.089178] ACPI: bus type PCI registered\n[    0.089179] acpiphp: ACPI Hot Plug PCI Controller Driver version: 0.5\n[    0.089237] PCI: MMCONFIG for domain 0000 [bus 00-3f] at [mem 0xf8000000-0xfbffffff] (base 0xf8000000)\n[    0.089239] PCI: MMCONFIG at [mem 0xf8000000-0xfbffffff] reserved in E820\n[    0.089246] PCI: Using configuration type 1 for base access\n[    0.089324] NMI watchdog: enabled on all CPUs, permanently consumes one hw-PMU counter.\n[    0.089330] core: PMU erratum BJ122, BV98, HSD29 workaround disabled, HT off\n[    0.101387] ACPI: Added _OSI(Module Device)\n[    0.101388] ACPI: Added _OSI(Processor Device)\n[    0.101389] ACPI: Added _OSI(3.0 _SCP Extensions)\n[    0.101390] ACPI: Added _OSI(Processor Aggregator Device)\n[    0.103545] ACPI: Executed 1 blocks of module-level executable AML code\n[    0.105534] ACPI: Dynamic OEM Table Load:\n[    0.105539] ACPI: SSDT 0xFFFF880214C0D000 00083B (v01 PmRef  Cpu0Cst  00003001 INTL 20051117)\n[    0.105940] ACPI: Dynamic OEM Table Load:\n[    0.105943] ACPI: SSDT 0xFFFF880214CA6400 000303 (v01 PmRef  ApIst    00003000 INTL 20051117)\n[    0.106289] ACPI: Dynamic OEM Table Load:\n[    0.106292] ACPI: SSDT 0xFFFF880214CA3C00 000119 (v01 PmRef  ApCst    00003000 INTL 20051117)\n[    0.106752] ACPI: Interpreter enabled\n[    0.106767] ACPI: (supports S0 S3 S4 S5)\n[    0.106768] ACPI: Using IOAPIC for interrupt routing\n[    0.106786] PCI: Using host bridge windows from ACPI; if necessary, use \"pci=nocrs\" and report a bug\n[    0.111960] ACPI: Power Resource [FN00] (off)\n[    0.112024] ACPI: Power Resource [FN01] (off)\n[    0.112087] ACPI: Power Resource [FN02] (off)\n[    0.112149] ACPI: Power Resource [FN03] (off)\n[    0.112211] ACPI: Power Resource [FN04] (off)\n[    0.112620] ACPI: PCI Root Bridge [PCI0] (domain 0000 [bus 00-3e])\n[    0.112624] acpi PNP0A08:00: _OSC: OS supports [ExtendedConfig ASPM ClockPM Segments MSI]\n[    0.112783] acpi PNP0A08:00: _OSC: platform does not support [PCIeHotplug PME]\n[    0.112880] acpi PNP0A08:00: _OSC: OS now controls [AER PCIeCapability]\n[    0.112881] acpi PNP0A08:00: FADT indicates ASPM is unsupported, using BIOS configuration\n[    0.113207] PCI host bridge to bus 0000:00\n[    0.113209] pci_bus 0000:00: root bus resource [io  0x0000-0x0cf7 window]\n[    0.113211] pci_bus 0000:00: root bus resource [io  0x0d00-0xffff window]\n[    0.113212] pci_bus 0000:00: root bus resource [mem 0x000a0000-0x000bffff window]\n[    0.113213] pci_bus 0000:00: root bus resource [mem 0x000d0000-0x000d3fff window]\n[    0.113214] pci_bus 0000:00: root bus resource [mem 0x000d4000-0x000d7fff window]\n[    0.113216] pci_bus 0000:00: root bus resource [mem 0x000d8000-0x000dbfff window]\n[    0.113217] pci_bus 0000:00: root bus resource [mem 0x000dc000-0x000dffff window]\n[    0.113218] pci_bus 0000:00: root bus resource [mem 0x000e0000-0x000e3fff window]\n[    0.113219] pci_bus 0000:00: root bus resource [mem 0x000e4000-0x000e7fff window]\n[    0.113221] pci_bus 0000:00: root bus resource [mem 0xe0000000-0xfeafffff window]\n[    0.113222] pci_bus 0000:00: root bus resource [bus 00-3e]\n[    0.113228] pci 0000:00:00.0: [8086:0100] type 00 class 0x060000\n[    0.113304] pci 0000:00:01.0: [8086:0101] type 01 class 0x060400\n[    0.113329] pci 0000:00:01.0: PME# supported from D0 D3hot D3cold\n[    0.113365] pci 0000:00:01.0: System wakeup disabled by ACPI\n[    0.113418] pci 0000:00:14.0: [8086:1e31] type 00 class 0x0c0330\n[    0.113446] pci 0000:00:14.0: reg 0x10: [mem 0xf7300000-0xf730ffff 64bit]\n[    0.113502] pci 0000:00:14.0: PME# supported from D3hot D3cold\n[    0.113538] pci 0000:00:14.0: System wakeup disabled by ACPI\n[    0.113571] pci 0000:00:16.0: [8086:1e3a] type 00 class 0x078000\n[    0.113600] pci 0000:00:16.0: reg 0x10: [mem 0xf7319000-0xf731900f 64bit]\n[    0.113659] pci 0000:00:16.0: PME# supported from D0 D3hot D3cold\n[    0.113731] pci 0000:00:1a.0: [8086:1e2d] type 00 class 0x0c0320\n[    0.113758] pci 0000:00:1a.0: reg 0x10: [mem 0xf7317000-0xf73173ff]\n[    0.113826] pci 0000:00:1a.0: PME# supported from D0 D3hot D3cold\n[    0.113875] pci 0000:00:1a.0: System wakeup disabled by ACPI\n[    0.113907] pci 0000:00:1b.0: [8086:1e20] type 00 class 0x040300\n[    0.113932] pci 0000:00:1b.0: reg 0x10: [mem 0xf7310000-0xf7313fff 64bit]\n[    0.113990] pci 0000:00:1b.0: PME# supported from D0 D3hot D3cold\n[    0.114031] pci 0000:00:1b.0: System wakeup disabled by ACPI\n[    0.114062] pci 0000:00:1c.0: [8086:1e10] type 01 class 0x060400\n[    0.114133] pci 0000:00:1c.0: PME# supported from D0 D3hot D3cold\n[    0.114174] pci 0000:00:1c.0: System wakeup disabled by ACPI\n[    0.114206] pci 0000:00:1c.2: [8086:1e14] type 01 class 0x060400\n[    0.114277] pci 0000:00:1c.2: PME# supported from D0 D3hot D3cold\n[    0.114318] pci 0000:00:1c.2: System wakeup disabled by ACPI\n[    0.114348] pci 0000:00:1c.3: [8086:244e] type 01 class 0x060401\n[    0.114420] pci 0000:00:1c.3: PME# supported from D0 D3hot D3cold\n[    0.114461] pci 0000:00:1c.3: System wakeup disabled by ACPI\n[    0.114496] pci 0000:00:1d.0: [8086:1e26] type 00 class 0x0c0320\n[    0.114522] pci 0000:00:1d.0: reg 0x10: [mem 0xf7316000-0xf73163ff]\n[    0.114591] pci 0000:00:1d.0: PME# supported from D0 D3hot D3cold\n[    0.114638] pci 0000:00:1d.0: System wakeup disabled by ACPI\n[    0.114671] pci 0000:00:1f.0: [8086:1e44] type 00 class 0x060100\n[    0.114826] pci 0000:00:1f.2: [8086:1e00] type 00 class 0x01018f\n[    0.114844] pci 0000:00:1f.2: reg 0x10: [io  0xf0d0-0xf0d7]\n[    0.114851] pci 0000:00:1f.2: reg 0x14: [io  0xf0c0-0xf0c3]\n[    0.114858] pci 0000:00:1f.2: reg 0x18: [io  0xf0b0-0xf0b7]\n[    0.114864] pci 0000:00:1f.2: reg 0x1c: [io  0xf0a0-0xf0a3]\n[    0.114871] pci 0000:00:1f.2: reg 0x20: [io  0xf090-0xf09f]\n[    0.114878] pci 0000:00:1f.2: reg 0x24: [io  0xf080-0xf08f]\n[    0.114955] pci 0000:00:1f.3: [8086:1e22] type 00 class 0x0c0500\n[    0.114970] pci 0000:00:1f.3: reg 0x10: [mem 0xf7315000-0xf73150ff 64bit]\n[    0.114989] pci 0000:00:1f.3: reg 0x20: [io  0xf000-0xf01f]\n[    0.115063] pci 0000:00:1f.5: [8086:1e08] type 00 class 0x010185\n[    0.115081] pci 0000:00:1f.5: reg 0x10: [io  0xf070-0xf077]\n[    0.115088] pci 0000:00:1f.5: reg 0x14: [io  0xf060-0xf063]\n[    0.115095] pci 0000:00:1f.5: reg 0x18: [io  0xf050-0xf057]\n[    0.115101] pci 0000:00:1f.5: reg 0x1c: [io  0xf040-0xf043]\n[    0.115108] pci 0000:00:1f.5: reg 0x20: [io  0xf030-0xf03f]\n[    0.115115] pci 0000:00:1f.5: reg 0x24: [io  0xf020-0xf02f]\n[    0.115222] pci 0000:01:00.0: [10de:0f00] type 00 class 0x030000\n[    0.115239] pci 0000:01:00.0: reg 0x10: [mem 0xf6000000-0xf6ffffff]\n[    0.115247] pci 0000:01:00.0: reg 0x14: [mem 0xe0000000-0xefffffff 64bit pref]\n[    0.115255] pci 0000:01:00.0: reg 0x1c: [mem 0xf0000000-0xf1ffffff 64bit pref]\n[    0.115261] pci 0000:01:00.0: reg 0x24: [io  0xe000-0xe07f]\n[    0.115267] pci 0000:01:00.0: reg 0x30: [mem 0xf7000000-0xf707ffff pref]\n[    0.115328] pci 0000:01:00.1: [10de:0bea] type 00 class 0x040300\n[    0.115344] pci 0000:01:00.1: reg 0x10: [mem 0xf7080000-0xf7083fff]\n[    0.121120] pci 0000:00:01.0: PCI bridge to [bus 01]\n[    0.121125] pci 0000:00:01.0:   bridge window [io  0xe000-0xefff]\n[    0.121128] pci 0000:00:01.0:   bridge window [mem 0xf6000000-0xf70fffff]\n[    0.121133] pci 0000:00:01.0:   bridge window [mem 0xe0000000-0xf1ffffff 64bit pref]\n[    0.121199] pci 0000:00:1c.0: PCI bridge to [bus 02]\n[    0.121269] pci 0000:03:00.0: [1969:1091] type 00 class 0x020000\n[    0.121326] pci 0000:03:00.0: reg 0x10: [mem 0xf7200000-0xf723ffff 64bit]\n[    0.121340] pci 0000:03:00.0: reg 0x18: [io  0xd000-0xd07f]\n[    0.121455] pci 0000:03:00.0: PME# supported from D0 D1 D2 D3hot D3cold\n[    0.121493] pci 0000:03:00.0: System wakeup disabled by ACPI\n[    0.129125] pci 0000:00:1c.2: PCI bridge to [bus 03]\n[    0.129130] pci 0000:00:1c.2:   bridge window [io  0xd000-0xdfff]\n[    0.129135] pci 0000:00:1c.2:   bridge window [mem 0xf7200000-0xf72fffff]\n[    0.129222] pci 0000:04:00.0: [8086:244e] type 01 class 0x060401\n[    0.129374] pci 0000:04:00.0: supports D1 D2\n[    0.129376] pci 0000:04:00.0: PME# supported from D0 D1 D2 D3hot D3cold\n[    0.129397] pci 0000:04:00.0: System wakeup disabled by ACPI\n[    0.129423] pci 0000:00:1c.3: PCI bridge to [bus 04-05] (subtractive decode)\n[    0.129426] pci 0000:00:1c.3:   bridge window [io  0xc000-0xcfff]\n[    0.129429] pci 0000:00:1c.3:   bridge window [mem 0xf7100000-0xf71fffff]\n[    0.129435] pci 0000:00:1c.3:   bridge window [io  0x0000-0x0cf7 window] (subtractive decode)\n[    0.129436] pci 0000:00:1c.3:   bridge window [io  0x0d00-0xffff window] (subtractive decode)\n[    0.129438] pci 0000:00:1c.3:   bridge window [mem 0x000a0000-0x000bffff window] (subtractive decode)\n[    0.129439] pci 0000:00:1c.3:   bridge window [mem 0x000d0000-0x000d3fff window] (subtractive decode)\n[    0.129440] pci 0000:00:1c.3:   bridge window [mem 0x000d4000-0x000d7fff window] (subtractive decode)\n[    0.129441] pci 0000:00:1c.3:   bridge window [mem 0x000d8000-0x000dbfff window] (subtractive decode)\n[    0.129443] pci 0000:00:1c.3:   bridge window [mem 0x000dc000-0x000dffff window] (subtractive decode)\n[    0.129444] pci 0000:00:1c.3:   bridge window [mem 0x000e0000-0x000e3fff window] (subtractive decode)\n[    0.129445] pci 0000:00:1c.3:   bridge window [mem 0x000e4000-0x000e7fff window] (subtractive decode)\n[    0.129447] pci 0000:00:1c.3:   bridge window [mem 0xe0000000-0xfeafffff window] (subtractive decode)\n[    0.129511] pci 0000:05:00.0: [13f6:0111] type 00 class 0x040100\n[    0.129559] pci 0000:05:00.0: reg 0x10: [io  0xc000-0xc0ff]\n[    0.129720] pci 0000:05:00.0: supports D1 D2\n[    0.129765] pci 0000:05:01.0: [168c:001a] type 00 class 0x020000\n[    0.129813] pci 0000:05:01.0: reg 0x10: [mem 0xf7100000-0xf710ffff]\n[    0.130075] pci 0000:04:00.0: PCI bridge to [bus 05] (subtractive decode)\n[    0.130085] pci 0000:04:00.0:   bridge window [io  0xc000-0xcfff]\n[    0.130091] pci 0000:04:00.0:   bridge window [mem 0xf7100000-0xf71fffff]\n[    0.130101] pci 0000:04:00.0:   bridge window [io  0xc000-0xcfff] (subtractive decode)\n[    0.130103] pci 0000:04:00.0:   bridge window [mem 0xf7100000-0xf71fffff] (subtractive decode)\n[    0.130104] pci 0000:04:00.0:   bridge window [io  0x0000-0x0cf7 window] (subtractive decode)\n[    0.130105] pci 0000:04:00.0:   bridge window [io  0x0d00-0xffff window] (subtractive decode)\n[    0.130106] pci 0000:04:00.0:   bridge window [mem 0x000a0000-0x000bffff window] (subtractive decode)\n[    0.130108] pci 0000:04:00.0:   bridge window [mem 0x000d0000-0x000d3fff window] (subtractive decode)\n[    0.130109] pci 0000:04:00.0:   bridge window [mem 0x000d4000-0x000d7fff window] (subtractive decode)\n[    0.130110] pci 0000:04:00.0:   bridge window [mem 0x000d8000-0x000dbfff window] (subtractive decode)\n[    0.130111] pci 0000:04:00.0:   bridge window [mem 0x000dc000-0x000dffff window] (subtractive decode)\n[    0.130113] pci 0000:04:00.0:   bridge window [mem 0x000e0000-0x000e3fff window] (subtractive decode)\n[    0.130114] pci 0000:04:00.0:   bridge window [mem 0x000e4000-0x000e7fff window] (subtractive decode)\n[    0.130115] pci 0000:04:00.0:   bridge window [mem 0xe0000000-0xfeafffff window] (subtractive decode)\n[    0.130547] ACPI: PCI Interrupt Link [LNKA] (IRQs 3 4 5 6 10 *11 12 14 15)\n[    0.130586] ACPI: PCI Interrupt Link [LNKB] (IRQs 3 4 5 6 *10 11 12 14 15)\n[    0.130623] ACPI: PCI Interrupt Link [LNKC] (IRQs 3 4 5 6 10 *11 12 14 15)\n[    0.130660] ACPI: PCI Interrupt Link [LNKD] (IRQs 3 4 *5 6 10 11 12 14 15)\n[    0.130697] ACPI: PCI Interrupt Link [LNKE] (IRQs 3 4 5 6 10 11 12 14 15) *0, disabled.\n[    0.130735] ACPI: PCI Interrupt Link [LNKF] (IRQs 3 4 5 6 10 11 12 14 15) *0, disabled.\n[    0.130774] ACPI: PCI Interrupt Link [LNKG] (IRQs *3 4 5 6 10 11 12 14 15)\n[    0.130813] ACPI: PCI Interrupt Link [LNKH] (IRQs 3 4 5 6 *10 11 12 14 15)\n[    0.130994] ACPI: Enabled 4 GPEs in block 00 to 3F\n[    0.131096] vgaarb: setting as boot device: PCI:0000:01:00.0\n[    0.131098] vgaarb: device added: PCI:0000:01:00.0,decodes=io+mem,owns=io+mem,locks=none\n[    0.131099] vgaarb: loaded\n[    0.131100] vgaarb: bridge control possible 0000:01:00.0\n[    0.131296] SCSI subsystem initialized\n[    0.131331] libata version 3.00 loaded.\n[    0.131348] ACPI: bus type USB registered\n[    0.131361] usbcore: registered new interface driver usbfs\n[    0.131367] usbcore: registered new interface driver hub\n[    0.131375] usbcore: registered new device driver usb\n[    0.131476] PCI: Using ACPI for IRQ routing\n[    0.132896] PCI: pci_cache_line_size set to 64 bytes\n[    0.132950] e820: reserve RAM buffer [mem 0x0009ec00-0x0009ffff]\n[    0.132951] e820: reserve RAM buffer [mem 0xde002000-0xdfffffff]\n[    0.132953] e820: reserve RAM buffer [mem 0xdeafd000-0xdfffffff]\n[    0.132954] e820: reserve RAM buffer [mem 0xdf48f000-0xdfffffff]\n[    0.132955] e820: reserve RAM buffer [mem 0xdf800000-0xdfffffff]\n[    0.132956] e820: reserve RAM buffer [mem 0x21f000000-0x21fffffff]\n[    0.133046] NetLabel: Initializing\n[    0.133047] NetLabel:  domain hash size = 128\n[    0.133047] NetLabel:  protocols = UNLABELED CIPSOv4\n[    0.133057] NetLabel:  unlabeled traffic allowed by default\n[    0.133115] hpet0: at MMIO 0xfed00000, IRQs 2, 8, 0, 0, 0, 0, 0, 0\n[    0.133119] hpet0: 8 comparators, 64-bit 14.318180 MHz counter\n[    0.135128] amd_nb: Cannot enumerate AMD northbridges\n[    0.135137] clocksource: Switched to clocksource hpet\n[    0.139711] AppArmor: AppArmor Filesystem Enabled\n[    0.139769] pnp: PnP ACPI init\n[    0.139852] system 00:00: [mem 0xfed40000-0xfed44fff] has been reserved\n[    0.139856] system 00:00: Plug and Play ACPI device, IDs PNP0c01 (active)\n[    0.139921] system 00:01: [io  0x0680-0x069f] has been reserved\n[    0.139923] system 00:01: [io  0x0200-0x020f] has been reserved\n[    0.139924] system 00:01: [io  0xffff] has been reserved\n[    0.139926] system 00:01: [io  0xffff] has been reserved\n[    0.139927] system 00:01: [io  0x0400-0x0453] could not be reserved\n[    0.139929] system 00:01: [io  0x0458-0x047f] has been reserved\n[    0.139930] system 00:01: [io  0x0500-0x057f] has been reserved\n[    0.139932] system 00:01: Plug and Play ACPI device, IDs PNP0c02 (active)\n[    0.139954] pnp 00:02: Plug and Play ACPI device, IDs PNP0b00 (active)\n[    0.139992] system 00:03: [io  0x0454-0x0457] has been reserved\n[    0.139994] system 00:03: Plug and Play ACPI device, IDs INT3f0d PNP0c02 (active)\n[    0.140085] system 00:04: [io  0x0a00-0x0a0f] has been reserved\n[    0.140087] system 00:04: [io  0x0a30-0x0a3f] has been reserved\n[    0.140088] system 00:04: [io  0x0a20-0x0a2f] has been reserved\n[    0.140090] system 00:04: Plug and Play ACPI device, IDs PNP0c02 (active)\n[    0.140125] pnp 00:05: Plug and Play ACPI device, IDs PNP0303 PNP030b (active)\n[    0.140297] pnp 00:06: [dma 0 disabled]\n[    0.140333] pnp 00:06: Plug and Play ACPI device, IDs PNP0501 (active)\n[    0.140373] system 00:07: [io  0x04d0-0x04d1] has been reserved\n[    0.140375] system 00:07: Plug and Play ACPI device, IDs PNP0c02 (active)\n[    0.140555] system 00:08: [mem 0xfed1c000-0xfed1ffff] has been reserved\n[    0.140557] system 00:08: [mem 0xfed10000-0xfed17fff] has been reserved\n[    0.140558] system 00:08: [mem 0xfed18000-0xfed18fff] has been reserved\n[    0.140560] system 00:08: [mem 0xfed19000-0xfed19fff] has been reserved\n[    0.140561] system 00:08: [mem 0xf8000000-0xfbffffff] has been reserved\n[    0.140562] system 00:08: [mem 0xfed20000-0xfed3ffff] has been reserved\n[    0.140564] system 00:08: [mem 0xfed90000-0xfed93fff] has been reserved\n[    0.140565] system 00:08: [mem 0xfed45000-0xfed8ffff] has been reserved\n[    0.140567] system 00:08: [mem 0xff000000-0xffffffff] has been reserved\n[    0.140568] system 00:08: [mem 0xfee00000-0xfeefffff] could not be reserved\n[    0.140570] system 00:08: [mem 0xf2000000-0xf2000fff] has been reserved\n[    0.140572] system 00:08: Plug and Play ACPI device, IDs PNP0c02 (active)\n[    0.140668] pnp: PnP ACPI: found 9 devices\n[    0.146914] clocksource: acpi_pm: mask: 0xffffff max_cycles: 0xffffff, max_idle_ns: 2085701024 ns\n[    0.146961] pci 0000:00:01.0: PCI bridge to [bus 01]\n[    0.146963] pci 0000:00:01.0:   bridge window [io  0xe000-0xefff]\n[    0.146965] pci 0000:00:01.0:   bridge window [mem 0xf6000000-0xf70fffff]\n[    0.146968] pci 0000:00:01.0:   bridge window [mem 0xe0000000-0xf1ffffff 64bit pref]\n[    0.146970] pci 0000:00:1c.0: PCI bridge to [bus 02]\n[    0.146980] pci 0000:00:1c.2: PCI bridge to [bus 03]\n[    0.146983] pci 0000:00:1c.2:   bridge window [io  0xd000-0xdfff]\n[    0.146987] pci 0000:00:1c.2:   bridge window [mem 0xf7200000-0xf72fffff]\n[    0.146994] pci 0000:04:00.0: PCI bridge to [bus 05]\n[    0.146998] pci 0000:04:00.0:   bridge window [io  0xc000-0xcfff]\n[    0.147006] pci 0000:04:00.0:   bridge window [mem 0xf7100000-0xf71fffff]\n[    0.147021] pci 0000:00:1c.3: PCI bridge to [bus 04-05]\n[    0.147023] pci 0000:00:1c.3:   bridge window [io  0xc000-0xcfff]\n[    0.147027] pci 0000:00:1c.3:   bridge window [mem 0xf7100000-0xf71fffff]\n[    0.147035] pci_bus 0000:00: resource 4 [io  0x0000-0x0cf7 window]\n[    0.147036] pci_bus 0000:00: resource 5 [io  0x0d00-0xffff window]\n[    0.147038] pci_bus 0000:00: resource 6 [mem 0x000a0000-0x000bffff window]\n[    0.147039] pci_bus 0000:00: resource 7 [mem 0x000d0000-0x000d3fff window]\n[    0.147040] pci_bus 0000:00: resource 8 [mem 0x000d4000-0x000d7fff window]\n[    0.147041] pci_bus 0000:00: resource 9 [mem 0x000d8000-0x000dbfff window]\n[    0.147043] pci_bus 0000:00: resource 10 [mem 0x000dc000-0x000dffff window]\n[    0.147044] pci_bus 0000:00: resource 11 [mem 0x000e0000-0x000e3fff window]\n[    0.147045] pci_bus 0000:00: resource 12 [mem 0x000e4000-0x000e7fff window]\n[    0.147046] pci_bus 0000:00: resource 13 [mem 0xe0000000-0xfeafffff window]\n[    0.147048] pci_bus 0000:01: resource 0 [io  0xe000-0xefff]\n[    0.147049] pci_bus 0000:01: resource 1 [mem 0xf6000000-0xf70fffff]\n[    0.147050] pci_bus 0000:01: resource 2 [mem 0xe0000000-0xf1ffffff 64bit pref]\n[    0.147052] pci_bus 0000:03: resource 0 [io  0xd000-0xdfff]\n[    0.147053] pci_bus 0000:03: resource 1 [mem 0xf7200000-0xf72fffff]\n[    0.147054] pci_bus 0000:04: resource 0 [io  0xc000-0xcfff]\n[    0.147055] pci_bus 0000:04: resource 1 [mem 0xf7100000-0xf71fffff]\n[    0.147057] pci_bus 0000:04: resource 4 [io  0x0000-0x0cf7 window]\n[    0.147058] pci_bus 0000:04: resource 5 [io  0x0d00-0xffff window]\n[    0.147059] pci_bus 0000:04: resource 6 [mem 0x000a0000-0x000bffff window]\n[    0.147061] pci_bus 0000:04: resource 7 [mem 0x000d0000-0x000d3fff window]\n[    0.147062] pci_bus 0000:04: resource 8 [mem 0x000d4000-0x000d7fff window]\n[    0.147063] pci_bus 0000:04: resource 9 [mem 0x000d8000-0x000dbfff window]\n[    0.147064] pci_bus 0000:04: resource 10 [mem 0x000dc000-0x000dffff window]\n[    0.147066] pci_bus 0000:04: resource 11 [mem 0x000e0000-0x000e3fff window]\n[    0.147067] pci_bus 0000:04: resource 12 [mem 0x000e4000-0x000e7fff window]\n[    0.147068] pci_bus 0000:04: resource 13 [mem 0xe0000000-0xfeafffff window]\n[    0.147069] pci_bus 0000:05: resource 0 [io  0xc000-0xcfff]\n[    0.147071] pci_bus 0000:05: resource 1 [mem 0xf7100000-0xf71fffff]\n[    0.147072] pci_bus 0000:05: resource 4 [io  0xc000-0xcfff]\n[    0.147073] pci_bus 0000:05: resource 5 [mem 0xf7100000-0xf71fffff]\n[    0.147074] pci_bus 0000:05: resource 6 [io  0x0000-0x0cf7 window]\n[    0.147076] pci_bus 0000:05: resource 7 [io  0x0d00-0xffff window]\n[    0.147077] pci_bus 0000:05: resource 8 [mem 0x000a0000-0x000bffff window]\n[    0.147078] pci_bus 0000:05: resource 9 [mem 0x000d0000-0x000d3fff window]\n[    0.147079] pci_bus 0000:05: resource 10 [mem 0x000d4000-0x000d7fff window]\n[    0.147081] pci_bus 0000:05: resource 11 [mem 0x000d8000-0x000dbfff window]\n[    0.147082] pci_bus 0000:05: resource 12 [mem 0x000dc000-0x000dffff window]\n[    0.147083] pci_bus 0000:05: resource 13 [mem 0x000e0000-0x000e3fff window]\n[    0.147084] pci_bus 0000:05: resource 14 [mem 0x000e4000-0x000e7fff window]\n[    0.147086] pci_bus 0000:05: resource 15 [mem 0xe0000000-0xfeafffff window]\n[    0.147109] NET: Registered protocol family 2\n[    0.147232] TCP established hash table entries: 65536 (order: 7, 524288 bytes)\n[    0.147339] TCP bind hash table entries: 65536 (order: 8, 1048576 bytes)\n[    0.147441] TCP: Hash tables configured (established 65536 bind 65536)\n[    0.147464] UDP hash table entries: 4096 (order: 5, 131072 bytes)\n[    0.147488] UDP-Lite hash table entries: 4096 (order: 5, 131072 bytes)\n[    0.147533] NET: Registered protocol family 1\n[    0.187256] pci 0000:01:00.0: Video device with shadowed ROM\n[    0.187263] pci 0000:03:00.0: set MSI_INTX_DISABLE_BUG flag\n[    0.187266] PCI: CLS mismatch (64 != 32), using 64 bytes\n[    0.187313] Unpacking initramfs...\n[    0.636561] Freeing initrd memory: 36664K\n[    0.636584] PCI-DMA: Using software bounce buffering for IO (SWIOTLB)\n[    0.636587] software IO TLB [mem 0xda002000-0xde002000] (64MB) mapped at [ffff8800da002000-ffff8800de001fff]\n[    0.636636] RAPL PMU detected, API unit is 2^-32 Joules, 3 fixed counters 163840 ms ovfl timer\n[    0.636637] hw unit of domain pp0-core 2^-16 Joules\n[    0.636638] hw unit of domain package 2^-16 Joules\n[    0.636638] hw unit of domain pp1-gpu 2^-16 Joules\n[    0.636748] Scanning for low memory corruption every 60 seconds\n[    0.637001] audit: initializing netlink subsys (disabled)\n[    0.637013] audit: type=2000 audit(1519645133.632:1): initialized\n[    0.637377] Initialise system trusted keyring\n[    0.637440] HugeTLB registered 2 MB page size, pre-allocated 0 pages\n[    0.638596] zbud: loaded\n[    0.638762] VFS: Disk quotas dquot_6.6.0\n[    0.638788] VFS: Dquot-cache hash table entries: 512 (order 0, 4096 bytes)\n[    0.638992] squashfs: version 4.0 (2009/01/31) Phillip Lougher\n[    0.639182] fuse init (API version 7.23)\n[    0.639282] Key type big_key registered\n[    0.639299] Allocating IMA MOK and blacklist keyrings.\n[    0.639556] Key type asymmetric registered\n[    0.639559] Asymmetric key parser 'x509' registered\n[    0.639587] Block layer SCSI generic (bsg) driver version 0.4 loaded (major 249)\n[    0.639604] io scheduler noop registered\n[    0.639606] io scheduler deadline registered (default)\n[    0.639627] io scheduler cfq registered\n[    0.640004] pci_hotplug: PCI Hot Plug PCI Core version: 0.5\n[    0.640009] pciehp: PCI Express Hot Plug Controller Driver version: 0.4\n[    0.640035] intel_idle: MWAIT substates: 0x1120\n[    0.640036] intel_idle: v0.4.1 model 0x2A\n[    0.640037] intel_idle: lapic_timer_reliable_states 0xffffffff\n[    0.640152] input: Power Button as /devices/LNXSYSTM:00/LNXSYBUS:00/PNP0C0C:00/input/input0\n[    0.640155] ACPI: Power Button [PWRB]\n[    0.640184] input: Power Button as /devices/LNXSYSTM:00/LNXPWRBN:00/input/input1\n[    0.640186] ACPI: Power Button [PWRF]\n[    0.640726] thermal LNXTHERM:00: registered as thermal_zone0\n[    0.640727] ACPI: Thermal Zone [TZ00] (28 C)\n[    0.640887] thermal LNXTHERM:01: registered as thermal_zone1\n[    0.640889] ACPI: Thermal Zone [TZ01] (30 C)\n[    0.640935] GHES: HEST is not enabled!\n[    0.641007] Serial: 8250/16550 driver, 32 ports, IRQ sharing enabled\n[    0.661425] 00:06: ttyS0 at I/O 0x3f8 (irq = 4, base_baud = 115200) is a 16550A\n[    0.662764] Linux agpgart interface v0.103\n[    0.663786] loop: module loaded\n[    0.663894] ata_piix 0000:00:1f.2: version 2.13\n[    0.663969] ata_piix 0000:00:1f.2: MAP [ P0 P2 P1 P3 ]\n[    0.819217] ata_piix 0000:00:1f.2: SCR access via SIDPR is available but doesn't work\n[    0.819583] scsi host0: ata_piix\n[    0.819717] scsi host1: ata_piix\n[    0.819755] ata1: SATA max UDMA/133 cmd 0xf0d0 ctl 0xf0c0 bmdma 0xf090 irq 19\n[    0.819756] ata2: SATA max UDMA/133 cmd 0xf0b0 ctl 0xf0a0 bmdma 0xf098 irq 19\n[    0.819828] ata_piix 0000:00:1f.5: MAP [ P0 -- P1 -- ]\n[    0.975224] ata_piix 0000:00:1f.5: SCR access via SIDPR is available but doesn't work\n[    0.975461] scsi host2: ata_piix\n[    0.975511] scsi host3: ata_piix\n[    0.975538] ata3: SATA max UDMA/133 cmd 0xf070 ctl 0xf060 bmdma 0xf030 irq 19\n[    0.975539] ata4: SATA max UDMA/133 cmd 0xf050 ctl 0xf040 bmdma 0xf038 irq 19\n[    0.975604] libphy: Fixed MDIO Bus: probed\n[    0.975607] tun: Universal TUN/TAP device driver, 1.6\n[    0.975608] tun: (C) 1999-2004 Max Krasnyansky <maxk@qualcomm.com>\n[    0.975784] PPP generic driver version 2.4.2\n[    0.975824] ehci_hcd: USB 2.0 'Enhanced' Host Controller (EHCI) Driver\n[    0.975827] ehci-pci: EHCI PCI platform driver\n[    0.975909] ehci-pci 0000:00:1a.0: EHCI Host Controller\n[    0.975914] ehci-pci 0000:00:1a.0: new USB bus registered, assigned bus number 1\n[    0.975925] ehci-pci 0000:00:1a.0: debug port 2\n[    0.979823] ehci-pci 0000:00:1a.0: cache line size of 64 is not supported\n[    0.979834] ehci-pci 0000:00:1a.0: irq 16, io mem 0xf7317000\n[    0.987278] ehci-pci 0000:00:1a.0: USB 2.0 started, EHCI 1.00\n[    0.987313] usb usb1: New USB device found, idVendor=1d6b, idProduct=0002\n[    0.987315] usb usb1: New USB device strings: Mfr=3, Product=2, SerialNumber=1\n[    0.987317] usb usb1: Product: EHCI Host Controller\n[    0.987318] usb usb1: Manufacturer: Linux 4.4.0-109-generic ehci_hcd\n[    0.987319] usb usb1: SerialNumber: 0000:00:1a.0\n[    0.987472] hub 1-0:1.0: USB hub found\n[    0.987479] hub 1-0:1.0: 2 ports detected\n[    0.987655] ehci-pci 0000:00:1d.0: EHCI Host Controller\n[    0.987659] ehci-pci 0000:00:1d.0: new USB bus registered, assigned bus number 2\n[    0.987669] ehci-pci 0000:00:1d.0: debug port 2\n[    0.991573] ehci-pci 0000:00:1d.0: cache line size of 64 is not supported\n[    0.991580] ehci-pci 0000:00:1d.0: irq 23, io mem 0xf7316000\n[    1.003229] ehci-pci 0000:00:1d.0: USB 2.0 started, EHCI 1.00\n[    1.003285] usb usb2: New USB device found, idVendor=1d6b, idProduct=0002\n[    1.003287] usb usb2: New USB device strings: Mfr=3, Product=2, SerialNumber=1\n[    1.003288] usb usb2: Product: EHCI Host Controller\n[    1.003289] usb usb2: Manufacturer: Linux 4.4.0-109-generic ehci_hcd\n[    1.003290] usb usb2: SerialNumber: 0000:00:1d.0\n[    1.003439] hub 2-0:1.0: USB hub found\n[    1.003446] hub 2-0:1.0: 2 ports detected\n[    1.003548] ehci-platform: EHCI generic platform driver\n[    1.003558] ohci_hcd: USB 1.1 'Open' Host Controller (OHCI) Driver\n[    1.003563] ohci-pci: OHCI PCI platform driver\n[    1.003571] ohci-platform: OHCI generic platform driver\n[    1.003577] uhci_hcd: USB Universal Host Controller Interface driver\n[    1.003660] xhci_hcd 0000:00:14.0: xHCI Host Controller\n[    1.003665] xhci_hcd 0000:00:14.0: new USB bus registered, assigned bus number 3\n[    1.004737] xhci_hcd 0000:00:14.0: hcc params 0x20007181 hci version 0x100 quirks 0x0000b930\n[    1.004741] xhci_hcd 0000:00:14.0: cache line size of 64 is not supported\n[    1.004814] usb usb3: New USB device found, idVendor=1d6b, idProduct=0002\n[    1.004815] usb usb3: New USB device strings: Mfr=3, Product=2, SerialNumber=1\n[    1.004816] usb usb3: Product: xHCI Host Controller\n[    1.004818] usb usb3: Manufacturer: Linux 4.4.0-109-generic xhci-hcd\n[    1.004819] usb usb3: SerialNumber: 0000:00:14.0\n[    1.004962] hub 3-0:1.0: USB hub found\n[    1.004972] hub 3-0:1.0: 4 ports detected\n[    1.005202] xhci_hcd 0000:00:14.0: xHCI Host Controller\n[    1.005205] xhci_hcd 0000:00:14.0: new USB bus registered, assigned bus number 4\n[    1.005229] usb usb4: New USB device found, idVendor=1d6b, idProduct=0003\n[    1.005230] usb usb4: New USB device strings: Mfr=3, Product=2, SerialNumber=1\n[    1.005231] usb usb4: Product: xHCI Host Controller\n[    1.005233] usb usb4: Manufacturer: Linux 4.4.0-109-generic xhci-hcd\n[    1.005234] usb usb4: SerialNumber: 0000:00:14.0\n[    1.005377] hub 4-0:1.0: USB hub found\n[    1.005387] hub 4-0:1.0: 4 ports detected\n[    1.005662] i8042: PNP: PS/2 Controller [PNP0303:PS2K] at 0x60,0x64 irq 1\n[    1.005663] i8042: PNP: PS/2 appears to have AUX port disabled, if this is incorrect please boot with i8042.nopnp\n[    1.005787] serio: i8042 KBD port at 0x60,0x64 irq 1\n[    1.005977] mousedev: PS/2 mouse device common for all mice\n[    1.006159] rtc_cmos 00:02: RTC can wake from S4\n[    1.006316] rtc_cmos 00:02: rtc core: registered rtc_cmos as rtc0\n[    1.006339] rtc_cmos 00:02: alarms up to one month, y3k, 242 bytes nvram, hpet irqs\n[    1.006345] i2c /dev entries driver\n[    1.006385] device-mapper: uevent: version 1.0.3\n[    1.006436] device-mapper: ioctl: 4.34.0-ioctl (2015-10-28) initialised: dm-devel@redhat.com\n[    1.006450] Intel P-state driver initializing.\n[    1.006511] ledtrig-cpu: registered to indicate activity on CPUs\n[    1.006957] NET: Registered protocol family 10\n[    1.007195] NET: Registered protocol family 17\n[    1.007210] Key type dns_resolver registered\n[    1.007446] microcode: CPU0 sig=0x206a7, pf=0x2, revision=0x29\n[    1.007456] microcode: CPU1 sig=0x206a7, pf=0x2, revision=0x29\n[    1.007540] microcode: Microcode Update Driver: v2.01 <tigran@aivazian.fsnet.co.uk>, Peter Oruba\n[    1.007753] registered taskstats version 1\n[    1.007785] Loading compiled-in X.509 certificates\n[    1.009223] Loaded X.509 cert 'Build time autogenerated kernel key: 96e61bd247bb6c4e82ca419795a98fcb171b0e99'\n[    1.009249] zswap: loaded using pool lzo/zbud\n[    1.011804] Key type trusted registered\n[    1.014473] Key type encrypted registered\n[    1.014479] AppArmor: AppArmor sha1 policy hashing enabled\n[    1.014483] ima: No TPM chip found, activating TPM-bypass!\n[    1.014498] evm: HMAC attrs: 0x1\n[    1.014749]   Magic number: 6:675:631\n[    1.014834] rtc_cmos 00:02: setting system clock to 2018-02-26 11:38:54 UTC (1519645134)\n[    1.014878] BIOS EDD facility v0.16 2004-Jun-25, 0 devices found\n[    1.014879] EDD information not available.\n[    1.014940] PM: Hibernation image not present or could not be loaded.\n[    1.045209] input: AT Translated Set 2 keyboard as /devices/platform/i8042/serio0/input/input2\n[    1.047759] ata1.01: ATA-6: ST3120022A, 3.06, max UDMA/100\n[    1.047764] ata1.01: 234441648 sectors, multi 16: LBA48 \n[    1.063768] ata1.01: configured for UDMA/100\n[    1.064046] scsi 0:0:1:0: Direct-Access     ATA      ST3120022A       3.06 PQ: 0 ANSI: 5\n[    1.064302] sd 0:0:1:0: Attached scsi generic sg0 type 0\n[    1.064312] sd 0:0:1:0: [sda] 234441648 512-byte logical blocks: (120 GB/112 GiB)\n[    1.064394] sd 0:0:1:0: [sda] Write Protect is off\n[    1.064397] sd 0:0:1:0: [sda] Mode Sense: 00 3a 00 00\n[    1.064484] sd 0:0:1:0: [sda] Write cache: enabled, read cache: enabled, doesn't support DPO or FUA\n[    1.184428]  sda: sda1 sda2 < sda5 sda6 sda7 sda8 sda9 sda10 sda11 >\n[    1.185249] sd 0:0:1:0: [sda] Attached SCSI disk\n[    1.186214] Freeing unused kernel memory: 1508K\n[    1.186215] Write protecting the kernel read-only data: 14336k\n[    1.186555] Freeing unused kernel memory: 1744K\n[    1.186771] Freeing unused kernel memory: 108K\n[    1.194897] random: systemd-udevd: uninitialized urandom read (16 bytes read, 15 bits of entropy available)\n[    1.194969] random: systemd-udevd: uninitialized urandom read (16 bytes read, 15 bits of entropy available)\n[    1.194982] random: systemd-udevd: uninitialized urandom read (16 bytes read, 15 bits of entropy available)\n[    1.195349] random: udevadm: uninitialized urandom read (16 bytes read, 15 bits of entropy available)\n[    1.195368] random: udevadm: uninitialized urandom read (16 bytes read, 15 bits of entropy available)\n[    1.201415] random: systemd-udevd: uninitialized urandom read (16 bytes read, 15 bits of entropy available)\n[    1.201436] random: systemd-udevd: uninitialized urandom read (16 bytes read, 15 bits of entropy available)\n[    1.201444] random: systemd-udevd: uninitialized urandom read (16 bytes read, 15 bits of entropy available)\n[    1.201636] random: systemd-udevd: uninitialized urandom read (16 bytes read, 15 bits of entropy available)\n[    1.201650] random: systemd-udevd: uninitialized urandom read (16 bytes read, 15 bits of entropy available)\n[    1.250852] FUJITSU Extended Socket Network Device Driver - version 1.0 - Copyright (c) 2015 FUJITSU LIMITED\n[    1.268954] alx 0000:03:00.0 eth0: Qualcomm Atheros AR816x/AR817x Ethernet [90:2b:34:da:f9:d7]\n[    1.299207] usb 1-1: new high-speed USB device number 2 using ehci-pci\n[    1.315209] usb 2-1: new high-speed USB device number 2 using ehci-pci\n[    1.371511] usb 3-3: new high-speed USB device number 2 using xhci_hcd\n[    1.431760] usb 1-1: New USB device found, idVendor=8087, idProduct=0024\n[    1.431762] usb 1-1: New USB device strings: Mfr=0, Product=0, SerialNumber=0\n[    1.432080] hub 1-1:1.0: USB hub found\n[    1.432170] hub 1-1:1.0: 6 ports detected\n[    1.447607] usb 2-1: New USB device found, idVendor=8087, idProduct=0024\n[    1.447610] usb 2-1: New USB device strings: Mfr=0, Product=0, SerialNumber=0\n[    1.447984] hub 2-1:1.0: USB hub found\n[    1.448034] hub 2-1:1.0: 8 ports detected\n[    1.628822] usb 3-3: New USB device found, idVendor=046d, idProduct=082b\n[    1.628827] usb 3-3: New USB device strings: Mfr=1, Product=2, SerialNumber=0\n[    1.628830] usb 3-3: Product: Webcam C170\n[    1.628833] usb 3-3: Manufacturer:  \n[    1.635243] tsc: Refined TSC clocksource calibration: 3092.973 MHz\n[    1.635245] clocksource: tsc: mask: 0xffffffffffffffff max_cycles: 0x2c95594edb3, max_idle_ns: 440795220223 ns\n[    1.703235] usb 1-1.1: new full-speed USB device number 3 using ehci-pci\n[    1.798410] usb 1-1.1: New USB device found, idVendor=046d, idProduct=c52f\n[    1.798414] usb 1-1.1: New USB device strings: Mfr=1, Product=2, SerialNumber=0\n[    1.798417] usb 1-1.1: Product: USB Receiver\n[    1.798419] usb 1-1.1: Manufacturer: Logitech\n[    1.802255] hidraw: raw HID events driver (C) Jiri Kosina\n[    1.806353] usbcore: registered new interface driver usbhid\n[    1.806355] usbhid: USB HID core driver\n[    1.807981] input: Logitech USB Receiver as /devices/pci0000:00/0000:00:1a.0/usb1/1-1/1-1.1/1-1.1:1.0/0003:046D:C52F.0001/input/input3\n[    1.808061] hid-generic 0003:046D:C52F.0001: input,hidraw0: USB HID v1.11 Mouse [Logitech USB Receiver] on usb-0000:00:1a.0-1.1/input0\n[    1.808723] input: Logitech USB Receiver as /devices/pci0000:00/0000:00:1a.0/usb1/1-1/1-1.1/1-1.1:1.1/0003:046D:C52F.0002/input/input4\n[    1.863401] hid-generic 0003:046D:C52F.0002: input,hiddev0,hidraw1: USB HID v1.11 Device [Logitech USB Receiver] on usb-0000:00:1a.0-1.1/input1\n[    1.875236] usb 1-1.4: new high-speed USB device number 4 using ehci-pci\n[    1.968416] usb 1-1.4: New USB device found, idVendor=1307, idProduct=0163\n[    1.968421] usb 1-1.4: New USB device strings: Mfr=1, Product=2, SerialNumber=3\n[    1.968424] usb 1-1.4: Product: Flash Disk\n[    1.968426] usb 1-1.4: Manufacturer: USB 2.0\n[    1.968428] usb 1-1.4: SerialNumber: 67406543ae417f\n[    1.971576] usb-storage 1-1.4:1.0: USB Mass Storage device detected\n[    1.971730] scsi host4: usb-storage 1-1.4:1.0\n[    1.971780] usbcore: registered new interface driver usb-storage\n[    1.972854] usbcore: registered new interface driver uas\n[    2.039249] usb 1-1.6: new high-speed USB device number 5 using ehci-pci\n[    2.217722] usb 1-1.6: New USB device found, idVendor=0951, idProduct=1642\n[    2.217724] usb 1-1.6: New USB device strings: Mfr=1, Product=2, SerialNumber=3\n[    2.217726] usb 1-1.6: Product: DT 101 G2\n[    2.217727] usb 1-1.6: Manufacturer: Kingston\n[    2.217728] usb 1-1.6: SerialNumber: 001CC0EC321AFAC1B7D412BD\n[    2.217946] usb-storage 1-1.6:1.0: USB Mass Storage device detected\n[    2.218127] scsi host5: usb-storage 1-1.6:1.0\n[    2.635467] clocksource: Switched to clocksource tsc\n[    2.972323] scsi 4:0:0:0: Direct-Access     USB 2.0  Flash Disk       0.00 PQ: 0 ANSI: 2\n[    2.972719] sd 4:0:0:0: Attached scsi generic sg1 type 0\n[    2.973391] sd 4:0:0:0: [sdb] 4030463 512-byte logical blocks: (2.06 GB/1.92 GiB)\n[    2.973955] sd 4:0:0:0: [sdb] Write Protect is off\n[    2.973958] sd 4:0:0:0: [sdb] Mode Sense: 00 00 00 00\n[    2.974580] sd 4:0:0:0: [sdb] Asking for cache data failed\n[    2.974648] sd 4:0:0:0: [sdb] Assuming drive cache: write through\n[    3.081729]  sdb: sdb1\n[    3.084581] sd 4:0:0:0: [sdb] Attached SCSI removable disk\n[    3.216603] scsi 5:0:0:0: Direct-Access     Kingston DT 101 G2        1.00 PQ: 0 ANSI: 2\n[    3.216824] sd 5:0:0:0: Attached scsi generic sg2 type 0\n[    3.218464] sd 5:0:0:0: [sdc] 15615620 512-byte logical blocks: (8.00 GB/7.45 GiB)\n[    3.219213] sd 5:0:0:0: [sdc] Write Protect is off\n[    3.219215] sd 5:0:0:0: [sdc] Mode Sense: 03 00 00 00\n[    3.219835] sd 5:0:0:0: [sdc] No Caching mode page found\n[    3.219902] sd 5:0:0:0: [sdc] Assuming drive cache: write through\n[    3.224715]  sdc: sdc1 sdc2\n[    3.228088] sd 5:0:0:0: [sdc] Attached SCSI removable disk\n[    3.292712] random: nonblocking pool is initialized\n[    4.081807] EXT4-fs (sda9): mounted filesystem with ordered data mode. Opts: (null)\n[    5.478031] systemd[1]: systemd 229 running in system mode. (+PAM +AUDIT +SELINUX +IMA +APPARMOR +SMACK +SYSVINIT +UTMP +LIBCRYPTSETUP +GCRYPT +GNUTLS +ACL +XZ -LZ4 +SECCOMP +BLKID +ELFUTILS +KMOD -IDN)\n[    5.478122] systemd[1]: Detected architecture x86-64.\n[    5.486940] systemd[1]: Set hostname to <peter>.\n[    8.118052] systemd[1]: Listening on udev Kernel Socket.\n[    8.118107] systemd[1]: Reached target User and Group Name Lookups.\n[    8.118216] systemd[1]: Set up automount Arbitrary Executable File Formats File System Automount Point.\n[    8.118229] systemd[1]: Reached target Remote File Systems (Pre).\n[    8.118263] systemd[1]: Listening on Journal Socket (/dev/log).\n[    8.118319] systemd[1]: Listening on Journal Audit Socket.\n[    8.118396] systemd[1]: Created slice System Slice.\n[    8.118463] systemd[1]: Created slice system-systemd\\x2dfsck.slice.\n[    8.118497] systemd[1]: Started Trigger resolvconf update for networkd DNS.\n[    8.118519] systemd[1]: Listening on fsck to fsckd communication Socket.\n[    8.118552] systemd[1]: Listening on Journal Socket.\n[    8.167686] systemd[1]: Starting Load Kernel Modules...\n[    8.168138] systemd[1]: Starting Set console keymap...\n[    8.168475] systemd[1]: Mounting Huge Pages File System...\n[    8.168849] systemd[1]: Mounting Debug File System...\n[    8.169288] systemd[1]: Starting Create list of required static device nodes for the current kernel...\n[    8.263600] systemd[1]: Mounting POSIX Message Queue File System...\n[    8.264116] systemd[1]: Started Braille Device Support.\n[    8.264313] systemd[1]: Started Forward Password Requests to Wall Directory Watch.\n[    8.264656] systemd[1]: Starting Uncomplicated firewall...\n[    8.264997] systemd[1]: Started Read required files in advance.\n[    8.265054] systemd[1]: Reached target Encrypted Volumes.\n[    8.265132] systemd[1]: Created slice User and Session Slice.\n[    8.265147] systemd[1]: Reached target Slices.\n[    8.265201] systemd[1]: Listening on /dev/initctl Compatibility Named Pipe.\n[    8.265229] systemd[1]: Listening on Syslog Socket.\n[    8.265278] systemd[1]: Listening on udev Control Socket.\n[    8.265295] systemd[1]: Reached target Remote File Systems.\n[    8.410377] systemd[1]: Started Create list of required static device nodes for the current kernel.\n[    8.419697] systemd[1]: Starting Create Static Device Nodes in /dev...\n[    8.660244] systemd[1]: Started Uncomplicated firewall.\n[    8.732452] systemd[1]: Mounted Huge Pages File System.\n[    8.732483] systemd[1]: Mounted Debug File System.\n[    8.733204] systemd[1]: Mounted POSIX Message Queue File System.\n[    8.870203] lp: driver loaded but no devices found\n[    8.940356] ppdev: user-space parallel port driver\n[    9.021066] systemd[1]: Started Load Kernel Modules.\n[    9.031719] systemd[1]: Starting Apply Kernel Variables...\n[    9.032133] systemd[1]: Mounting FUSE Control File System...\n[    9.034972] systemd[1]: Mounted FUSE Control File System.\n[    9.419155] systemd[1]: Started Apply Kernel Variables.\n[    9.561749] systemd[1]: Started Set console keymap.\n[    9.902450] systemd[1]: Started Create Static Device Nodes in /dev.\n[    9.912150] systemd[1]: Starting udev Kernel Device Manager...\n[   12.607355] systemd[1]: Started udev Kernel Device Manager.\n[   12.619873] systemd[1]: Starting Remount Root and Kernel File Systems...\n[   12.718937] EXT4-fs (sda9): re-mounted. Opts: errors=remount-ro\n[   12.719555] systemd[1]: Started Remount Root and Kernel File Systems.\n[   12.767900] systemd[1]: Starting udev Coldplug all Devices...\n[   12.767924] systemd[1]: Reached target Local File Systems (Pre).\n[   12.871830] systemd[1]: Mounting Mount unit for core...\n[   12.890895] systemd[1]: Mounting Mount unit for core...\n[   12.975822] systemd[1]: Mounting Mount unit for htop...\n[   13.019872] systemd[1]: Mounting Mount unit for core...\n[   13.075825] systemd[1]: Mounting Mount unit for htop...\n[   13.199890] systemd[1]: Mounting Mount unit for htop...\n[   13.200277] systemd[1]: Starting Load/Save Random Seed...\n[   13.201105] systemd[1]: Mounted Mount unit for htop.\n[   13.235281] systemd[1]: Started udev Coldplug all Devices.\n[   13.252110] systemd[1]: Starting Show Plymouth Boot Screen...\n[   13.302692] systemd[1]: Mounted Mount unit for htop.\n[   13.481154] systemd[1]: Mounted Mount unit for htop.\n[   13.499004] systemd[1]: Started Load/Save Random Seed.\n[   14.255058] shpchp: Standard Hot Plug PCI Controller Driver version: 0.4\n[   14.663949] systemd[1]: Started Entropy daemon using the HAVEGE algorithm.\n[   14.664411] systemd[1]: Starting Journal Service...\n[   14.665780] systemd[1]: Mounted Mount unit for core.\n[   14.665809] systemd[1]: Mounted Mount unit for core.\n[   14.665827] systemd[1]: Mounted Mount unit for core.\n[   15.174256] [drm] Initialized drm 1.1.0 20060810\n[   15.241059] systemd[1]: Started Show Plymouth Boot Screen.\n[   15.241271] systemd[1]: Started Forward Password Requests to Plymouth Directory Watch.\n[   15.295488] snd_hda_intel 0000:01:00.1: Disabling MSI\n[   15.295493] snd_hda_intel 0000:01:00.1: Handle vga_switcheroo audio client\n[   15.564675] snd_hda_codec_realtek hdaudioC0D2: autoconfig for ALC887-VD: line_outs=1 (0x14/0x0/0x0/0x0/0x0) type:line\n[   15.564678] snd_hda_codec_realtek hdaudioC0D2:    speaker_outs=0 (0x0/0x0/0x0/0x0/0x0)\n[   15.564680] snd_hda_codec_realtek hdaudioC0D2:    hp_outs=1 (0x1b/0x0/0x0/0x0/0x0)\n[   15.564681] snd_hda_codec_realtek hdaudioC0D2:    mono: mono_out=0x0\n[   15.564682] snd_hda_codec_realtek hdaudioC0D2:    dig-out=0x11/0x0\n[   15.564683] snd_hda_codec_realtek hdaudioC0D2:    inputs:\n[   15.564685] snd_hda_codec_realtek hdaudioC0D2:      Rear Mic=0x18\n[   15.564686] snd_hda_codec_realtek hdaudioC0D2:      Front Mic=0x19\n[   15.564688] snd_hda_codec_realtek hdaudioC0D2:      Line=0x1a\n[   15.564689] snd_hda_codec_realtek hdaudioC0D2:      CD=0x1c\n[   15.577745] input: HDA Intel PCH Rear Mic as /devices/pci0000:00/0000:00:1b.0/sound/card0/input5\n[   15.577793] input: HDA Intel PCH Front Mic as /devices/pci0000:00/0000:00:1b.0/sound/card0/input6\n[   15.577835] input: HDA Intel PCH Line as /devices/pci0000:00/0000:00:1b.0/sound/card0/input7\n[   15.577877] input: HDA Intel PCH Line Out as /devices/pci0000:00/0000:00:1b.0/sound/card0/input8\n[   15.975315] systemd[1]: Started Journal Service.\n[   16.156205] input: HDA NVidia HDMI/DP,pcm=3 as /devices/pci0000:00/0000:00:01.0/0000:01:00.1/sound/card1/input9\n[   16.156253] input: HDA NVidia HDMI/DP,pcm=7 as /devices/pci0000:00/0000:00:01.0/0000:01:00.1/sound/card1/input10\n[   16.156297] input: HDA NVidia HDMI/DP,pcm=8 as /devices/pci0000:00/0000:00:01.0/0000:01:00.1/sound/card1/input11\n[   16.156339] input: HDA NVidia HDMI/DP,pcm=9 as /devices/pci0000:00/0000:00:01.0/0000:01:00.1/sound/card1/input12\n[   16.399547] media: Linux media interface: v0.10\n[   16.426006] usbcore: registered new interface driver snd-usb-audio\n[   16.538692] ACPI Warning: SystemIO range 0x0000000000000428-0x000000000000042F conflicts with OpRegion 0x0000000000000400-0x000000000000047F (\\PMIO) (20150930/utaddress-254)\n[   16.538697] ACPI: If an ACPI driver is available for this device, you should use it instead of the native driver\n[   16.538700] ACPI Warning: SystemIO range 0x0000000000000540-0x000000000000054F conflicts with OpRegion 0x0000000000000500-0x0000000000000563 (\\GPIO) (20150930/utaddress-254)\n[   16.538703] ACPI: If an ACPI driver is available for this device, you should use it instead of the native driver\n[   16.538704] ACPI Warning: SystemIO range 0x0000000000000530-0x000000000000053F conflicts with OpRegion 0x0000000000000500-0x0000000000000563 (\\GPIO) (20150930/utaddress-254)\n[   16.538706] ACPI: If an ACPI driver is available for this device, you should use it instead of the native driver\n[   16.538707] ACPI Warning: SystemIO range 0x0000000000000500-0x000000000000052F conflicts with OpRegion 0x0000000000000500-0x000000000000051F (\\LED_) (20150930/utaddress-254)\n[   16.538709] ACPI Warning: SystemIO range 0x0000000000000500-0x000000000000052F conflicts with OpRegion 0x0000000000000500-0x0000000000000563 (\\GPIO) (20150930/utaddress-254)\n[   16.538711] ACPI: If an ACPI driver is available for this device, you should use it instead of the native driver\n[   16.538712] lpc_ich: Resource conflict(s) found affecting gpio_ich\n[   16.609992] Linux video capture interface: v2.00\n[   16.641153] systemd-journald[331]: Received request to flush runtime journal from PID 1\n[   17.393275] uvcvideo: Found UVC 1.00 device Webcam C170 (046d:082b)\n[   17.397714] input: Webcam C170 as /devices/pci0000:00/0000:00:14.0/usb3/3-3/3-3:1.0/input/input13\n[   17.397765] usbcore: registered new interface driver uvcvideo\n[   17.397766] USB Video Class driver (1.1.1)\n[   18.252257] kvm: disabled by bios\n[   18.284602] kvm: disabled by bios\n[   18.419846] ath5k 0000:05:01.0: registered as 'phy0'\n[   18.740536] intel_rapl: Found RAPL domain package\n[   18.740539] intel_rapl: Found RAPL domain core\n[   18.740541] intel_rapl: Found RAPL domain uncore\n[   19.038243] ath: EEPROM regdomain: 0x809c\n[   19.038245] ath: EEPROM indicates we should expect a country code\n[   19.038246] ath: doing EEPROM country->regdmn map search\n[   19.038247] ath: country maps to regdmn code: 0x52\n[   19.038248] ath: Country alpha2 being used: CN\n[   19.038249] ath: Regpair used: 0x52\n[   19.106661] ieee80211 phy0: Selected rate control algorithm 'minstrel_ht'\n[   19.106861] ath5k: phy0: Atheros AR2413 chip found (MAC: 0x78, PHY: 0x45)\n[   19.585143] nvidia: module license 'NVIDIA' taints kernel.\n[   19.585149] Disabling lock debugging due to kernel taint\n[   19.587669] nvidia: module verification failed: signature and/or required key missing - tainting kernel\n[   19.591222] vgaarb: device changed decodes: PCI:0000:01:00.0,olddecodes=io+mem,decodes=none:owns=io+mem\n[   19.591444] [drm] Initialized nvidia-drm 0.0.0 20150116 for 0000:01:00.0 on minor 0\n[   19.591449] NVRM: loading NVIDIA UNIX x86_64 Kernel Module  340.104  Thu Sep 14 17:13:13 PDT 2017\n[   22.764329] usb 3-3: reset high-speed USB device number 2 using xhci_hcd\n[   23.628823] nvidia_uvm: Loaded the UVM driver, major device number 245\n[   25.504153] cfg80211: World regulatory domain updated:\n[   25.504157] cfg80211:  DFS Master region: unset\n[   25.504158] cfg80211:   (start_freq - end_freq @ bandwidth), (max_antenna_gain, max_eirp), (dfs_cac_time)\n[   25.504160] cfg80211:   (2402000 KHz - 2472000 KHz @ 40000 KHz), (N/A, 2000 mBm), (N/A)\n[   25.504161] cfg80211:   (2457000 KHz - 2482000 KHz @ 40000 KHz), (N/A, 2000 mBm), (N/A)\n[   25.504162] cfg80211:   (2474000 KHz - 2494000 KHz @ 20000 KHz), (N/A, 2000 mBm), (N/A)\n[   25.504164] cfg80211:   (5170000 KHz - 5250000 KHz @ 80000 KHz, 160000 KHz AUTO), (N/A, 2000 mBm), (N/A)\n[   25.504165] cfg80211:   (5250000 KHz - 5330000 KHz @ 80000 KHz, 160000 KHz AUTO), (N/A, 2000 mBm), (0 s)\n[   25.504167] cfg80211:   (5490000 KHz - 5730000 KHz @ 160000 KHz), (N/A, 2000 mBm), (0 s)\n[   25.504168] cfg80211:   (5735000 KHz - 5835000 KHz @ 80000 KHz), (N/A, 2000 mBm), (N/A)\n[   25.504169] cfg80211:   (57240000 KHz - 63720000 KHz @ 2160000 KHz), (N/A, 0 mBm), (N/A)\n[   25.511480] cfg80211: Regulatory domain changed to country: CN\n[   25.511483] cfg80211:  DFS Master region: FCC\n[   25.511484] cfg80211:   (start_freq - end_freq @ bandwidth), (max_antenna_gain, max_eirp), (dfs_cac_time)\n[   25.511486] cfg80211:   (2402000 KHz - 2482000 KHz @ 40000 KHz), (N/A, 2000 mBm), (N/A)\n[   25.511488] cfg80211:   (5170000 KHz - 5250000 KHz @ 80000 KHz, 160000 KHz AUTO), (N/A, 2300 mBm), (N/A)\n[   25.511489] cfg80211:   (5250000 KHz - 5330000 KHz @ 80000 KHz, 160000 KHz AUTO), (N/A, 2300 mBm), (0 s)\n[   25.511490] cfg80211:   (5735000 KHz - 5835000 KHz @ 80000 KHz), (N/A, 3000 mBm), (N/A)\n[   25.511492] cfg80211:   (57240000 KHz - 59400000 KHz @ 2160000 KHz), (N/A, 2800 mBm), (N/A)\n[   25.511493] cfg80211:   (59400000 KHz - 63720000 KHz @ 2160000 KHz), (N/A, 4400 mBm), (N/A)\n[   25.511494] cfg80211:   (63720000 KHz - 65880000 KHz @ 2160000 KHz), (N/A, 2800 mBm), (N/A)\n[   26.857381] Adding 947796k swap on /dev/sda8.  Priority:-1 extents:1 across:947796k FS\n[   27.633064] EXT4-fs (sda10): mounted filesystem with ordered data mode. Opts: (null)\n[   30.119225] audit: type=1400 audit(1519645163.596:2): apparmor=\"STATUS\" operation=\"profile_load\" profile=\"unconfined\" name=\"/sbin/dhclient\" pid=839 comm=\"apparmor_parser\"\n[   30.119232] audit: type=1400 audit(1519645163.596:3): apparmor=\"STATUS\" operation=\"profile_load\" profile=\"unconfined\" name=\"/usr/lib/NetworkManager/nm-dhcp-client.action\" pid=839 comm=\"apparmor_parser\"\n[   30.119236] audit: type=1400 audit(1519645163.596:4): apparmor=\"STATUS\" operation=\"profile_load\" profile=\"unconfined\" name=\"/usr/lib/NetworkManager/nm-dhcp-helper\" pid=839 comm=\"apparmor_parser\"\n[   30.119240] audit: type=1400 audit(1519645163.596:5): apparmor=\"STATUS\" operation=\"profile_load\" profile=\"unconfined\" name=\"/usr/lib/connman/scripts/dhclient-script\" pid=839 comm=\"apparmor_parser\"\n[   30.245163] audit: type=1400 audit(1519645163.724:6): apparmor=\"STATUS\" operation=\"profile_load\" profile=\"unconfined\" name=\"/snap/core/3887/usr/lib/snapd/snap-confine\" pid=840 comm=\"apparmor_parser\"\n[   30.245170] audit: type=1400 audit(1519645163.724:7): apparmor=\"STATUS\" operation=\"profile_load\" profile=\"unconfined\" name=\"/snap/core/3887/usr/lib/snapd/snap-confine//mount-namespace-capture-helper\" pid=840 comm=\"apparmor_parser\"\n[   30.245174] audit: type=1400 audit(1519645163.724:8): apparmor=\"STATUS\" operation=\"profile_load\" profile=\"unconfined\" name=\"/snap/core/3887/usr/lib/snapd/snap-confine//snap_update_ns\" pid=840 comm=\"apparmor_parser\"\n[   30.253854] audit: type=1400 audit(1519645163.732:9): apparmor=\"STATUS\" operation=\"profile_load\" profile=\"unconfined\" name=\"/usr/lib/lightdm/lightdm-guest-session\" pid=838 comm=\"apparmor_parser\"\n[   30.253860] audit: type=1400 audit(1519645163.732:10): apparmor=\"STATUS\" operation=\"profile_load\" profile=\"unconfined\" name=\"/usr/lib/lightdm/lightdm-guest-session//chromium\" pid=838 comm=\"apparmor_parser\"\n[   30.361384] audit: type=1400 audit(1519645163.840:11): apparmor=\"STATUS\" operation=\"profile_load\" profile=\"unconfined\" name=\"/snap/core/4017/usr/lib/snapd/snap-confine\" pid=841 comm=\"apparmor_parser\"\n[   44.812554] IPv6: ADDRCONF(NETDEV_UP): wlan0: link is not ready\n[   44.823120] IPv6: ADDRCONF(NETDEV_UP): wlan0: link is not ready\n[   44.825975] IPv6: ADDRCONF(NETDEV_UP): eth0: link is not ready\n[   44.826546] IPv6: ADDRCONF(NETDEV_UP): eth0: link is not ready\n[   46.530094] audit_printk_skb: 69 callbacks suppressed\n[   46.530097] audit: type=1400 audit(1519645180.008:35): apparmor=\"STATUS\" operation=\"profile_replace\" profile=\"unconfined\" name=\"/snap/core/4110/usr/lib/snapd/snap-confine\" pid=1150 comm=\"apparmor_parser\"\n[   46.545517] audit: type=1400 audit(1519645180.024:36): apparmor=\"STATUS\" operation=\"profile_replace\" profile=\"unconfined\" name=\"/snap/core/4110/usr/lib/snapd/snap-confine//mount-namespace-capture-helper\" pid=1150 comm=\"apparmor_parser\"\n[   46.545668] audit: type=1400 audit(1519645180.024:37): apparmor=\"STATUS\" operation=\"profile_replace\" profile=\"unconfined\" name=\"/snap/core/4110/usr/lib/snapd/snap-confine//snap_update_ns\" pid=1150 comm=\"apparmor_parser\"\n[   46.549975] audit: type=1400 audit(1519645180.028:38): apparmor=\"STATUS\" operation=\"profile_replace\" profile=\"unconfined\" name=\"snap.core.hook.configure\" pid=1152 comm=\"apparmor_parser\"\n[   46.829961] IPv6: ADDRCONF(NETDEV_UP): wlan0: link is not ready\n[   56.290736] audit: type=1400 audit(1519645189.768:39): apparmor=\"STATUS\" operation=\"profile_replace\" profile=\"unconfined\" name=\"snap.htop.htop\" pid=1230 comm=\"apparmor_parser\"\n[   73.199129] wlan0: authenticate with 10:fe:ed:7a:06:aa\n[   73.203772] wlan0: send auth to 10:fe:ed:7a:06:aa (try 1/3)\n[   73.208262] wlan0: authenticated\n[   73.210522] wlan0: associate with 10:fe:ed:7a:06:aa (try 1/3)\n[   73.213710] wlan0: RX AssocResp from 10:fe:ed:7a:06:aa (capab=0x401 status=0 aid=4)\n[   73.213933] wlan0: associated\n[   73.213962] IPv6: ADDRCONF(NETDEV_CHANGE): wlan0: link becomes ready\n[   73.216170] cfg80211: Regulatory domain changed to country: SK\n[   73.216173] cfg80211:  DFS Master region: ETSI\n[   73.216174] cfg80211:   (start_freq - end_freq @ bandwidth), (max_antenna_gain, max_eirp), (dfs_cac_time)\n[   73.216176] cfg80211:   (2402000 KHz - 2482000 KHz @ 40000 KHz), (N/A, 2000 mBm), (N/A)\n[   73.216177] cfg80211:   (5170000 KHz - 5250000 KHz @ 80000 KHz, 160000 KHz AUTO), (N/A, 2000 mBm), (N/A)\n[   73.216179] cfg80211:   (5250000 KHz - 5330000 KHz @ 80000 KHz, 160000 KHz AUTO), (N/A, 2000 mBm), (0 s)\n[   73.216180] cfg80211:   (5490000 KHz - 5710000 KHz @ 160000 KHz), (N/A, 2700 mBm), (0 s)\n[   73.216182] cfg80211:   (57000000 KHz - 66000000 KHz @ 2160000 KHz), (N/A, 4000 mBm), (N/A)\n[   83.750750] FAT-fs (sdb1): Volume was not properly unmounted. Some data may be corrupt. Please run fsck.\n[   83.762729] ISO 9660 Extensions: RRIP_1991A\n[ 2333.230656] wlan0: deauthenticating from 10:fe:ed:7a:06:aa by local choice (Reason: 3=DEAUTH_LEAVING)\n[ 2333.370597] cfg80211: World regulatory domain updated:\n[ 2333.370600] cfg80211:  DFS Master region: unset\n[ 2333.370601] cfg80211:   (start_freq - end_freq @ bandwidth), (max_antenna_gain, max_eirp), (dfs_cac_time)\n[ 2333.370603] cfg80211:   (2402000 KHz - 2472000 KHz @ 40000 KHz), (N/A, 2000 mBm), (N/A)\n[ 2333.370604] cfg80211:   (2457000 KHz - 2482000 KHz @ 40000 KHz), (N/A, 2000 mBm), (N/A)\n[ 2333.370605] cfg80211:   (2474000 KHz - 2494000 KHz @ 20000 KHz), (N/A, 2000 mBm), (N/A)\n[ 2333.370607] cfg80211:   (5170000 KHz - 5250000 KHz @ 80000 KHz, 160000 KHz AUTO), (N/A, 2000 mBm), (N/A)\n[ 2333.370608] cfg80211:   (5250000 KHz - 5330000 KHz @ 80000 KHz, 160000 KHz AUTO), (N/A, 2000 mBm), (0 s)\n[ 2333.370610] cfg80211:   (5490000 KHz - 5730000 KHz @ 160000 KHz), (N/A, 2000 mBm), (0 s)\n[ 2333.370611] cfg80211:   (5735000 KHz - 5835000 KHz @ 80000 KHz), (N/A, 2000 mBm), (N/A)\n[ 2333.370612] cfg80211:   (57240000 KHz - 63720000 KHz @ 2160000 KHz), (N/A, 0 mBm), (N/A)\n[ 2333.789675] PM: Syncing filesystems ... done.\n[ 2334.395888] PM: Preparing system for sleep (mem)\n[ 2334.894421] Freezing user space processes ... (elapsed 0.001 seconds) done.\n[ 2334.896026] Freezing remaining freezable tasks ... (elapsed 0.001 seconds) done.\n[ 2334.897203] PM: Suspending system (mem)\n[ 2334.897216] Suspending console(s) (use no_console_suspend to debug)\n[ 2334.897715] sd 0:0:1:0: [sda] Synchronizing SCSI cache\n[ 2334.898299] sd 0:0:1:0: [sda] Stopping disk\n[ 2334.901474] serial 00:06: disabled\n[ 2334.901487] i8042 kbd 00:05: System wakeup enabled by ACPI\n[ 2335.063825] PM: suspend of devices complete after 166.497 msecs\n[ 2335.064252] PM: late suspend of devices complete after 0.424 msecs\n[ 2335.064831] ehci-pci 0000:00:1d.0: System wakeup enabled by ACPI\n[ 2335.064968] ehci-pci 0000:00:1a.0: System wakeup enabled by ACPI\n[ 2335.065045] xhci_hcd 0000:00:14.0: System wakeup enabled by ACPI\n[ 2335.078824] PM: noirq suspend of devices complete after 14.568 msecs\n[ 2335.079136] ACPI: Preparing to enter system sleep state S3\n[ 2335.079486] PM: Saving platform NVS memory\n[ 2335.079494] Disabling non-boot CPUs ...\n[ 2335.079717] Broke affinity for irq 1\n[ 2335.079728] Broke affinity for irq 16\n[ 2335.079732] Broke affinity for irq 19\n[ 2335.079735] Broke affinity for irq 23\n[ 2335.079738] Broke affinity for irq 25\n[ 2335.079739] Broke affinity for irq 29\n[ 2335.080771] smpboot: CPU 1 is now offline\n[ 2335.092017] ACPI: Low-level resume complete\n[ 2335.092053] PM: Restoring platform NVS memory\n[ 2335.092834] microcode: CPU0 microcode updated early to revision 0x29, date = 2013-06-12\n[ 2335.092863] Enabling non-boot CPUs ...\n[ 2335.112003] x86: Booting SMP configuration:\n[ 2335.112004] smpboot: Booting Node 0 Processor 1 APIC 0x2\n[ 2335.112445] microcode: CPU1 microcode updated early to revision 0x29, date = 2013-06-12\n[ 2335.114805]  cache: parent cpu1 should not be sleeping\n[ 2335.114968] CPU1 is up\n[ 2335.116949] ACPI: Waking up from system sleep state S3\n[ 2335.132229] ehci-pci 0000:00:1d.0: System wakeup disabled by ACPI\n[ 2335.132337] xhci_hcd 0000:00:14.0: System wakeup disabled by ACPI\n[ 2335.132402] ehci-pci 0000:00:1a.0: System wakeup disabled by ACPI\n[ 2335.132574] PM: noirq resume of devices complete after 15.089 msecs\n[ 2335.132922] PM: early resume of devices complete after 0.322 msecs\n[ 2335.140414] ACPI Error: [DSSP] Namespace lookup failure, AE_NOT_FOUND (20150930/psargs-359)\n[ 2335.140419] ACPI Error: Method parse/execution failed [\\_SB.PCI0.SAT0.CHN0.DRV1._GTF] (Node ffff8802161c2d70), AE_NOT_FOUND (20150930/psparse-542)\n[ 2335.140742] rtc_cmos 00:02: System wakeup disabled by ACPI\n[ 2335.140760] i8042 kbd 00:05: System wakeup disabled by ACPI\n[ 2335.141277] serial 00:06: activated\n[ 2335.141647] sd 0:0:1:0: [sda] Starting disk\n[ 2336.231974] PM: resume of devices complete after 1099.010 msecs\n[ 2336.232218] PM: Finishing wakeup.\n[ 2336.232220] Restarting tasks ... \n[ 2336.233917] pci_bus 0000:05: Allocating resources\n[ 2336.233956] pci 0000:04:00.0: bridge window [mem 0x00100000-0x000fffff 64bit pref] to [bus 05] add_size 200000 add_align 100000\n[ 2336.233962] pci 0000:04:00.0: res[15]=[mem 0x00100000-0x000fffff 64bit pref] res_to_dev_res add_size 200000 min_align 100000\n[ 2336.233965] pci 0000:04:00.0: res[15]=[mem 0x00100000-0x002fffff 64bit pref] res_to_dev_res add_size 200000 min_align 100000\n[ 2336.233980] pci 0000:04:00.0: BAR 15: assigned [mem 0xf2100000-0xf22fffff 64bit pref]\n[ 2336.250897] done.\n[ 2340.976179] ata1.01: NODEV after polling detection\n[ 2340.976184] ata1.01: revalidation failed (errno=-2)\n[ 2344.572491] ACPI Error: [DSSP] Namespace lookup failure, AE_NOT_FOUND (20150930/psargs-359)\n[ 2344.572501] ACPI Error: Method parse/execution failed [\\_SB.PCI0.SAT0.CHN0.DRV1._GTF] (Node ffff8802161c2d70), AE_NOT_FOUND (20150930/psparse-542)\n[ 2344.588693] ata1.01: configured for UDMA/100\n[ 2344.711638] IPv6: ADDRCONF(NETDEV_UP): wlan0: link is not ready\n[ 2344.748253] IPv6: ADDRCONF(NETDEV_UP): wlan0: link is not ready\n[ 2344.749301] IPv6: ADDRCONF(NETDEV_UP): eth0: link is not ready\n[ 2344.750435] IPv6: ADDRCONF(NETDEV_UP): eth0: link is not ready\n[ 2345.006289] IPv6: ADDRCONF(NETDEV_UP): wlan0: link is not ready\n[ 2345.012677] IPv6: ADDRCONF(NETDEV_UP): eth0: link is not ready\n[ 2345.101535] IPv6: ADDRCONF(NETDEV_UP): wlan0: link is not ready\n[ 2346.668597] wlan0: authenticate with 10:fe:ed:7a:06:aa\n[ 2346.677688] wlan0: send auth to 10:fe:ed:7a:06:aa (try 1/3)\n[ 2346.679830] wlan0: authenticated\n[ 2346.680294] wlan0: associate with 10:fe:ed:7a:06:aa (try 1/3)\n[ 2346.684113] wlan0: RX AssocResp from 10:fe:ed:7a:06:aa (capab=0x401 status=0 aid=4)\n[ 2346.684248] wlan0: associated\n[ 2346.684308] IPv6: ADDRCONF(NETDEV_CHANGE): wlan0: link becomes ready\n[ 2346.688125] cfg80211: Regulatory domain changed to country: SK\n[ 2346.688127] cfg80211:  DFS Master region: ETSI\n[ 2346.688128] cfg80211:   (start_freq - end_freq @ bandwidth), (max_antenna_gain, max_eirp), (dfs_cac_time)\n[ 2346.688130] cfg80211:   (2402000 KHz - 2482000 KHz @ 40000 KHz), (N/A, 2000 mBm), (N/A)\n[ 2346.688132] cfg80211:   (5170000 KHz - 5250000 KHz @ 80000 KHz, 160000 KHz AUTO), (N/A, 2000 mBm), (N/A)\n[ 2346.688133] cfg80211:   (5250000 KHz - 5330000 KHz @ 80000 KHz, 160000 KHz AUTO), (N/A, 2000 mBm), (0 s)\n[ 2346.688135] cfg80211:   (5490000 KHz - 5710000 KHz @ 160000 KHz), (N/A, 2700 mBm), (0 s)\n[ 2346.688136] cfg80211:   (57000000 KHz - 66000000 KHz @ 2160000 KHz), (N/A, 4000 mBm), (N/A)",
 "title": ""
}