{
 "espireDate": "N",
 "format": "text",
 "jSonReasons": [
  "re_#10",
  "kw_bug",
  "kw_protection",
  "re_email",
  "re_url",
  "kw_scan",
  "lg_en",
  "kw_down"
 ],
 "key": "u4YYL29z",
 "pasteDate": "Feb 18, 2018, 7:47:58 AM",
 "relevancy": 3.0,
 "relevant": false,
 "text": "[    0.000000] Initializing cgroup subsys cpuset\n[    0.000000] Initializing cgroup subsys cpu\n[    0.000000] Linux version 3.0.0-12-generic (buildd@crested) (gcc version 4.6.1 (Ubuntu/Linaro 4.6.1-9ubuntu3) ) #20-Ubuntu SMP Fri Oct 7 14:56:25 UTC 2011 (Ubuntu 3.0.0-12.20-generic 3.0.4)\n[    0.000000] Command line: BOOT_IMAGE=/boot/vmlinuz-3.0.0-12-generic root=UUID=b14fec2d-b755-43dc-b899-7ae57a666960 ro quiet splash vt.handoff=7\n[    0.000000] KERNEL supported cpus:\n[    0.000000]   Intel GenuineIntel\n[    0.000000]   AMD AuthenticAMD\n[    0.000000]   Centaur CentaurHauls\n[    0.000000] BIOS-provided physical RAM map:\n[    0.000000]  BIOS-e820: 0000000000000000 - 000000000009f800 (usable)\n[    0.000000]  BIOS-e820: 000000000009f800 - 00000000000a0000 (reserved)\n[    0.000000]  BIOS-e820: 00000000000dc000 - 0000000000100000 (reserved)\n[    0.000000]  BIOS-e820: 0000000000100000 - 00000000bf6d0000 (usable)\n[    0.000000]  BIOS-e820: 00000000bf6d0000 - 00000000bf6e3000 (ACPI NVS)\n[    0.000000]  BIOS-e820: 00000000bf6e3000 - 00000000c0000000 (reserved)\n[    0.000000]  BIOS-e820: 00000000e0000000 - 00000000f0000000 (reserved)\n[    0.000000]  BIOS-e820: 00000000fec00000 - 00000000fec10000 (reserved)\n[    0.000000]  BIOS-e820: 00000000fed00000 - 00000000fed00400 (reserved)\n[    0.000000]  BIOS-e820: 00000000fed14000 - 00000000fed1a000 (reserved)\n[    0.000000]  BIOS-e820: 00000000fed1c000 - 00000000fed90000 (reserved)\n[    0.000000]  BIOS-e820: 00000000fee00000 - 00000000fee01000 (reserved)\n[    0.000000]  BIOS-e820: 00000000ff000000 - 0000000100000000 (reserved)\n[    0.000000]  BIOS-e820: 0000000100000000 - 0000000140000000 (usable)\n[    0.000000] NX (Execute Disable) protection: active\n[    0.000000] DMI present.\n[    0.000000] DMI: Dell Inc. Vostro1310/0H528C, BIOS A13 10/09/2008\n[    0.000000] e820 update range: 0000000000000000 - 0000000000010000 (usable) ==> (reserved)\n[    0.000000] e820 remove range: 00000000000a0000 - 0000000000100000 (usable)\n[    0.000000] No AGP bridge found\n[    0.000000] last_pfn = 0x140000 max_arch_pfn = 0x400000000\n[    0.000000] MTRR default type: uncachable\n[    0.000000] MTRR fixed ranges enabled:\n[    0.000000]   00000-9FFFF write-back\n[    0.000000]   A0000-BFFFF uncachable\n[    0.000000]   C0000-FFFFF write-protect\n[    0.000000] MTRR variable ranges enabled:\n[    0.000000]   0 base 0C0000000 mask FC0000000 uncachable\n[    0.000000]   1 base 000000000 mask F00000000 write-back\n[    0.000000]   2 base 100000000 mask FC0000000 write-back\n[    0.000000]   3 base 0BF700000 mask FFFF00000 uncachable\n[    0.000000]   4 base 0BF800000 mask FFF800000 uncachable\n[    0.000000]   5 disabled\n[    0.000000]   6 disabled\n[    0.000000]   7 disabled\n[    0.000000] x86 PAT enabled: cpu 0, old 0x7040600070406, new 0x7010600070106\n[    0.000000] original variable MTRRs\n[    0.000000] reg 0, base: 3GB, range: 1GB, type UC\n[    0.000000] reg 1, base: 0GB, range: 4GB, type WB\n[    0.000000] reg 2, base: 4GB, range: 1GB, type WB\n[    0.000000] reg 3, base: 3063MB, range: 1MB, type UC\n[    0.000000] reg 4, base: 3064MB, range: 8MB, type UC\n[    0.000000] total RAM covered: 4087M\n[    0.000000] Found optimal setting for mtrr clean up\n[    0.000000]  gran_size: 64K  chunk_size: 16M         num_reg: 5      lose cover RAM: 0G\n[    0.000000] New variable MTRRs\n[    0.000000] reg 0, base: 0GB, range: 2GB, type WB\n[    0.000000] reg 1, base: 2GB, range: 1GB, type WB\n[    0.000000] reg 2, base: 3063MB, range: 1MB, type UC\n[    0.000000] reg 3, base: 3064MB, range: 8MB, type UC\n[    0.000000] reg 4, base: 4GB, range: 1GB, type WB\n[    0.000000] e820 update range: 00000000bf700000 - 0000000100000000 (usable) ==> (reserved)\n[    0.000000] last_pfn = 0xbf6d0 max_arch_pfn = 0x400000000\n[    0.000000] found SMP MP-table at [ffff8800000f7680] f7680\n[    0.000000] initial memory mapped : 0 - 20000000\n[    0.000000] Base memory trampoline at [ffff88000009a000] 9a000 size 20480\n[    0.000000] init_memory_mapping: 0000000000000000-00000000bf6d0000\n[    0.000000]  0000000000 - 00bf600000 page 2M\n[    0.000000]  00bf600000 - 00bf6d0000 page 4k\n[    0.000000] kernel direct mapping tables up to bf6d0000 @ bf6cb000-bf6d0000\n[    0.000000] init_memory_mapping: 0000000100000000-0000000140000000\n[    0.000000]  0100000000 - 0140000000 page 2M\n[    0.000000] kernel direct mapping tables up to 140000000 @ 13fffa000-140000000\n[    0.000000] RAMDISK: 359d2000 - 36ce1000\n[    0.000000] ACPI: RSDP 00000000000f7600 00024 (v02 DELL  )\n[    0.000000] ACPI: XSDT 00000000bf6d5c77 000A4 (v01 DELL    M08     06040000  LTP 00000000)\n[    0.000000] ACPI: FACP 00000000bf6deb60 000F4 (v03 TOSCPL CRESTLNE 06040000 ALAN 00000001)\n[    0.000000] ACPI: DSDT 00000000bf6d7c3b 06EB1 (v02 TOSCPL CRESTLNE 06040000 INTL 20060608)\n[    0.000000] ACPI: FACS 00000000bf6e2fc0 00040\n[    0.000000] ACPI: APIC 00000000bf6dec54 00068 (v01 INTEL  CRESTLNE 06040000 LOHR 0000005A)\n[    0.000000] ACPI: HPET 00000000bf6decbc 00038 (v01 INTEL  CRESTLNE 06040000 LOHR 0000005A)\n[    0.000000] ACPI: MCFG 00000000bf6decf4 0003C (v01 INTEL  CRESTLNE 06040000 LOHR 0000005A)\n[    0.000000] ACPI: TCPA 00000000bf6ded30 00032 (v01 Intel  CRESTLNE 06040000 LOHR 0000005A)\n[    0.000000] ACPI: TMOR 00000000bf6ded62 00026 (v01 PTLTD           06040000 PTL  00000003)\n[    0.000000] ACPI: OSFR 00000000bf6ded88 00072 (v01 TOSHIB A+2nd ID 06040000 TASM 04010000)\n[    0.000000] ACPI: APIC 00000000bf6dedfa 00068 (v01 PTLTD  ? APIC   06040000  LTP 00000000)\n[    0.000000] ACPI: BOOT 00000000bf6dee62 00028 (v01 PTLTD  $SBFTBL$ 06040000  LTP 00000001)\n[    0.000000] ACPI: SLIC 00000000bf6dee8a 00176 (v01 DELL    M08     06040000  LTP 00000000)\n[    0.000000] ACPI: SSDT 00000000bf6d75ec 0064F (v01 SataRe  SataPri 00001000 INTL 20061109)\n[    0.000000] ACPI: SSDT 00000000bf6d6f5a 00692 (v01 SataRe  SataSec 00001000 INTL 20061109)\n[    0.000000] ACPI: SSDT 00000000bf6d6eb7 000A3 (v01 BrtRef  DD01BRT 00001000 INTL 20061109)\n[    0.000000] ACPI: SSDT 00000000bf6d62a7 0025F (v01  PmRef  Cpu0Tst 00003000 INTL 20061109)\n[    0.000000] ACPI: SSDT 00000000bf6d6201 000A6 (v01  PmRef  Cpu1Tst 00003000 INTL 20061109)\n[    0.000000] ACPI: SSDT 00000000bf6d5d1b 004E6 (v01  PmRef    CpuPm 00003000 INTL 20061109)\n[    0.000000] ACPI: BIOS bug: multiple APIC/MADT found, using 0\n[    0.000000] ACPI: If \"acpi_apic_instance=2\" works better, notify linux-acpi@vger.kernel.org\n[    0.000000] ACPI: Local APIC address 0xfee00000\n[    0.000000] No NUMA configuration found\n[    0.000000] Faking a node at 0000000000000000-0000000140000000\n[    0.000000] Initmem setup node 0 0000000000000000-0000000140000000\n[    0.000000]   NODE_DATA [000000013fffb000 - 000000013fffffff]\n[    0.000000]  [ffffea0000000000-ffffea00045fffff] PMD -> [ffff88013b600000-ffff88013edfffff] on node 0\n[    0.000000] Zone PFN ranges:\n[    0.000000]   DMA      0x00000010 -> 0x00001000\n[    0.000000]   DMA32    0x00001000 -> 0x00100000\n[    0.000000]   Normal   0x00100000 -> 0x00140000\n[    0.000000] Movable zone start PFN for each node\n[    0.000000] early_node_map[3] active PFN ranges\n[    0.000000]     0: 0x00000010 -> 0x0000009f\n[    0.000000]     0: 0x00000100 -> 0x000bf6d0\n[    0.000000]     0: 0x00100000 -> 0x00140000\n[    0.000000] On node 0 totalpages: 1046111\n[    0.000000]   DMA zone: 56 pages used for memmap\n[    0.000000]   DMA zone: 5 pages reserved\n[    0.000000]   DMA zone: 3922 pages, LIFO batch:0\n[    0.000000]   DMA32 zone: 14280 pages used for memmap\n[    0.000000]   DMA32 zone: 765704 pages, LIFO batch:31\n[    0.000000]   Normal zone: 3584 pages used for memmap\n[    0.000000]   Normal zone: 258560 pages, LIFO batch:31\n[    0.000000] ACPI: PM-Timer IO Port: 0x1008\n[    0.000000] ACPI: Local APIC address 0xfee00000\n[    0.000000] ACPI: LAPIC (acpi_id[0x00] lapic_id[0x00] enabled)\n[    0.000000] ACPI: LAPIC (acpi_id[0x01] lapic_id[0x01] enabled)\n[    0.000000] ACPI: LAPIC_NMI (acpi_id[0x00] high edge lint[0x1])\n[    0.000000] ACPI: LAPIC_NMI (acpi_id[0x01] high edge lint[0x1])\n[    0.000000] ACPI: IOAPIC (id[0x01] address[0xfec00000] gsi_base[0])\n[    0.000000] IOAPIC[0]: apic_id 1, version 32, address 0xfec00000, GSI 0-23\n[    0.000000] ACPI: INT_SRC_OVR (bus 0 bus_irq 0 global_irq 2 dfl dfl)\n[    0.000000] ACPI: INT_SRC_OVR (bus 0 bus_irq 9 global_irq 9 high level)\n[    0.000000] ACPI: IRQ0 used by override.\n[    0.000000] ACPI: IRQ2 used by override.\n[    0.000000] ACPI: IRQ9 used by override.\n[    0.000000] Using ACPI (MADT) for SMP configuration information\n[    0.000000] ACPI: HPET id: 0x8086a201 base: 0xfed00000\n[    0.000000] SMP: Allowing 2 CPUs, 0 hotplug CPUs\n[    0.000000] nr_irqs_gsi: 40\n[    0.000000] PM: Registered nosave memory: 000000000009f000 - 00000000000a0000\n[    0.000000] PM: Registered nosave memory: 00000000000a0000 - 00000000000dc000\n[    0.000000] PM: Registered nosave memory: 00000000000dc000 - 0000000000100000\n[    0.000000] PM: Registered nosave memory: 00000000bf6d0000 - 00000000bf6e3000\n[    0.000000] PM: Registered nosave memory: 00000000bf6e3000 - 00000000c0000000\n[    0.000000] PM: Registered nosave memory: 00000000c0000000 - 00000000e0000000\n[    0.000000] PM: Registered nosave memory: 00000000e0000000 - 00000000f0000000\n[    0.000000] PM: Registered nosave memory: 00000000f0000000 - 00000000fec00000\n[    0.000000] PM: Registered nosave memory: 00000000fec00000 - 00000000fec10000\n[    0.000000] PM: Registered nosave memory: 00000000fec10000 - 00000000fed00000\n[    0.000000] PM: Registered nosave memory: 00000000fed00000 - 00000000fed14000\n[    0.000000] PM: Registered nosave memory: 00000000fed14000 - 00000000fed1a000\n[    0.000000] PM: Registered nosave memory: 00000000fed1a000 - 00000000fed1c000\n[    0.000000] PM: Registered nosave memory: 00000000fed1c000 - 00000000fed90000\n[    0.000000] PM: Registered nosave memory: 00000000fed90000 - 00000000fee00000\n[    0.000000] PM: Registered nosave memory: 00000000fee00000 - 00000000fee01000\n[    0.000000] PM: Registered nosave memory: 00000000fee01000 - 00000000ff000000\n[    0.000000] PM: Registered nosave memory: 00000000ff000000 - 0000000100000000\n[    0.000000] Allocating PCI resources starting at c0000000 (gap: c0000000:20000000)\n[    0.000000] Booting paravirtualized kernel on bare hardware\n[    0.000000] setup_percpu: NR_CPUS:256 nr_cpumask_bits:256 nr_cpu_ids:2 nr_node_ids:1\n[    0.000000] PERCPU: Embedded 27 pages/cpu @ffff88013fc00000 s79616 r8192 d22784 u1048576\n[    0.000000] pcpu-alloc: s79616 r8192 d22784 u1048576 alloc=1*2097152\n[    0.000000] pcpu-alloc: [0] 0 1 \n[    0.000000] Built 1 zonelists in Node order, mobility grouping on.  Total pages: 1028186\n[    0.000000] Policy zone: Normal\n[    0.000000] Kernel command line: BOOT_IMAGE=/boot/vmlinuz-3.0.0-12-generic root=UUID=b14fec2d-b755-43dc-b899-7ae57a666960 ro quiet splash vt.handoff=7\n[    0.000000] PID hash table entries: 4096 (order: 3, 32768 bytes)\n[    0.000000] Checking aperture...\n[    0.000000] No AGP bridge found\n[    0.000000] Calgary: detecting Calgary via BIOS EBDA area\n[    0.000000] Calgary: Unable to locate Rio Grande table in EBDA - bailing!\n[    0.000000] Memory: 4027816k/5242880k available (6104k kernel code, 1058436k absent, 156628k reserved, 4880k data, 984k init)\n[    0.000000] SLUB: Genslabs=15, HWalign=64, Order=0-3, MinObjects=0, CPUs=2, Nodes=1\n[    0.000000] Hierarchical RCU implementation.\n[    0.000000]  RCU dyntick-idle grace-period acceleration is enabled.\n[    0.000000] NR_IRQS:16640 nr_irqs:512 16\n[    0.000000] Extended CMOS year: 2000\n[    0.000000] vt handoff: transparent VT on vt#7\n[    0.000000] Console: colour dummy device 80x25\n[    0.000000] console [tty0] enabled\n[    0.000000] allocated 33554432 bytes of page_cgroup\n[    0.000000] please try 'cgroup_disable=memory' option if you don't want memory cgroups\n[    0.000000] hpet clockevent registered\n[    0.000000] Fast TSC calibration using PIT\n[    0.000000] Detected 2094.791 MHz processor.\n[    0.004005] Calibrating delay loop (skipped), value calculated using timer frequency.. 4189.58 BogoMIPS (lpj=8379164)\n[    0.004009] pid_max: default: 32768 minimum: 301\n[    0.004041] Security Framework initialized\n[    0.004061] AppArmor: AppArmor initialized\n[    0.004062] Yama: becoming mindful.\n[    0.004479] Dentry cache hash table entries: 524288 (order: 10, 4194304 bytes)\n[    0.006850] Inode-cache hash table entries: 262144 (order: 9, 2097152 bytes)\n[    0.008739] Mount-cache hash table entries: 256\n[    0.008904] Initializing cgroup subsys cpuacct\n[    0.008910] Initializing cgroup subsys memory\n[    0.008919] Initializing cgroup subsys devices\n[    0.008922] Initializing cgroup subsys freezer\n[    0.008924] Initializing cgroup subsys net_cls\n[    0.008926] Initializing cgroup subsys blkio\n[    0.008933] Initializing cgroup subsys perf_event\n[    0.008966] CPU: Physical Processor ID: 0\n[    0.008968] CPU: Processor Core ID: 0\n[    0.008970] mce: CPU supports 6 MCE banks\n[    0.008980] CPU0: Thermal monitoring handled by SMI\n[    0.008984] using mwait in idle threads.\n[    0.011551] ACPI: Core revision 20110413\n[    0.020016] ftrace: allocating 25651 entries in 101 pages\n[    0.024408] ..TIMER: vector=0x30 apic1=0 pin1=2 apic2=-1 pin2=-1\n[    0.066282] CPU0: Intel(R) Core(TM)2 Duo CPU     T8100  @ 2.10GHz stepping 06\n[    0.068003] Performance Events: PEBS fmt0+, Core2 events, Intel PMU driver.\n[    0.068003] ... version:                2\n[    0.068003] ... bit width:              40\n[    0.068003] ... generic registers:      2\n[    0.068003] ... value mask:             000000ffffffffff\n[    0.068003] ... max period:             000000007fffffff\n[    0.068003] ... fixed-purpose events:   3\n[    0.068003] ... event mask:             0000000700000003\n[    0.068003] Booting Node   0, Processors  #1 Ok.\n[    0.068003] smpboot cpu 1: start_ip = 9a000\n[    0.008000] CPU1: Thermal monitoring handled by SMI\n[    0.156025] Brought up 2 CPUs\n[    0.156028] Total of 2 processors activated (8379.04 BogoMIPS).\n[    0.157388] devtmpfs: initialized\n[    0.157388] PM: Registering ACPI NVS region at bf6d0000 (77824 bytes)\n[    0.157514] print_constraints: dummy: \n[    0.157545] Time: 12:47:24  Date: 10/23/11\n[    0.157586] NET: Registered protocol family 16\n[    0.157616] Trying to unpack rootfs image as initramfs...\n[    0.157724] ACPI: bus type pci registered\n[    0.157786] PCI: MMCONFIG for domain 0000 [bus 00-ff] at [mem 0xe0000000-0xefffffff] (base 0xe0000000)\n[    0.157790] PCI: MMCONFIG at [mem 0xe0000000-0xefffffff] reserved in E820\n[    0.200968] PCI: Using configuration type 1 for base access\n[    0.200977] dmi type 0xB1 record - unknown flag\n[    0.201934] bio: create slab <bio-0> at 0\n[    0.203426] ACPI: EC: Look up EC in DSDT\n[    0.280044] [Firmware Bug]: ACPI: BIOS _OSI(Linux) query ignored\n[    0.280589] ACPI: SSDT 00000000bf6d6b75 0027A (v01  PmRef  Cpu0Ist 00003000 INTL 20061109)\n[    0.284139] ACPI: Dynamic OEM Table Load:\n[    0.284143] ACPI: SSDT           (null) 0027A (v01  PmRef  Cpu0Ist 00003000 INTL 20061109)\n[    0.284257] ACPI: SSDT 00000000bf6d6506 005EA (v01  PmRef  Cpu0Cst 00003001 INTL 20061109)\n[    0.284573] ACPI: Dynamic OEM Table Load:\n[    0.284576] ACPI: SSDT           (null) 005EA (v01  PmRef  Cpu0Cst 00003001 INTL 20061109)\n[    0.284776] ACPI: SSDT 00000000bf6d6def 000C8 (v01  PmRef  Cpu1Ist 00003000 INTL 20061109)\n[    0.285101] ACPI: Dynamic OEM Table Load:\n[    0.285104] ACPI: SSDT           (null) 000C8 (v01  PmRef  Cpu1Ist 00003000 INTL 20061109)\n[    0.285181] ACPI: SSDT 00000000bf6d6af0 00085 (v01  PmRef  Cpu1Cst 00003000 INTL 20061109)\n[    0.285500] ACPI: Dynamic OEM Table Load:\n[    0.285503] ACPI: SSDT           (null) 00085 (v01  PmRef  Cpu1Cst 00003000 INTL 20061109)\n[    0.285796] ACPI: Interpreter enabled\n[    0.285799] ACPI: (supports S0 S3 S4 S5)\n[    0.285819] ACPI: Using IOAPIC for interrupt routing\n[    0.352912] ACPI: EC: GPE = 0x1c, I/O: command/status = 0x66, data = 0x62\n[    0.353097] ACPI: No dock devices found.\n[    0.353100] HEST: Table not found.\n[    0.353105] PCI: Using host bridge windows from ACPI; if necessary, use \"pci=nocrs\" and report a bug\n[    0.353419] ACPI: PCI Root Bridge [PCI0] (domain 0000 [bus 00-ff])\n[    0.354007] pci_root PNP0A08:00: host bridge window [io  0x0000-0x0cf7]\n[    0.354010] pci_root PNP0A08:00: host bridge window [io  0x0d00-0xffff]\n[    0.354013] pci_root PNP0A08:00: host bridge window [mem 0x000a0000-0x000bffff]\n[    0.354016] pci_root PNP0A08:00: host bridge window [mem 0x000d0000-0x000d3fff]\n[    0.354018] pci_root PNP0A08:00: host bridge window [mem 0x000d4000-0x000d7fff]\n[    0.354021] pci_root PNP0A08:00: host bridge window [mem 0x000d8000-0x000dbfff]\n[    0.354025] pci_root PNP0A08:00: host bridge window [mem 0xc0000000-0xdfffffff]\n[    0.354027] pci_root PNP0A08:00: host bridge window [mem 0xf0000000-0xfebfffff]\n[    0.354045] pci 0000:00:00.0: [8086:2a00] type 0 class 0x000600\n[    0.354092] pci 0000:00:02.0: [8086:2a02] type 0 class 0x000300\n[    0.354105] pci 0000:00:02.0: reg 10: [mem 0xf8000000-0xf80fffff 64bit]\n[    0.354114] pci 0000:00:02.0: reg 18: [mem 0xd0000000-0xdfffffff 64bit pref]\n[    0.354121] pci 0000:00:02.0: reg 20: [io  0x1800-0x1807]\n[    0.354153] pci 0000:00:02.1: [8086:2a03] type 0 class 0x000380\n[    0.354164] pci 0000:00:02.1: reg 10: [mem 0xf8100000-0xf81fffff 64bit]\n[    0.354253] pci 0000:00:1a.0: [8086:2834] type 0 class 0x000c03\n[    0.354312] pci 0000:00:1a.0: reg 20: [io  0x1820-0x183f]\n[    0.354354] pci 0000:00:1a.1: [8086:2835] type 0 class 0x000c03\n[    0.354413] pci 0000:00:1a.1: reg 20: [io  0x1840-0x185f]\n[    0.354471] pci 0000:00:1a.7: [8086:283a] type 0 class 0x000c03\n[    0.354496] pci 0000:00:1a.7: reg 10: [mem 0xf8504000-0xf85043ff]\n[    0.354591] pci 0000:00:1a.7: PME# supported from D0 D3hot D3cold\n[    0.354598] pci 0000:00:1a.7: PME# disabled\n[    0.354630] pci 0000:00:1b.0: [8086:284b] type 0 class 0x000403\n[    0.354653] pci 0000:00:1b.0: reg 10: [mem 0xf8500000-0xf8503fff 64bit]\n[    0.354738] pci 0000:00:1b.0: PME# supported from D0 D3hot D3cold\n[    0.354743] pci 0000:00:1b.0: PME# disabled\n[    0.354775] pci 0000:00:1c.0: [8086:283f] type 1 class 0x000604\n[    0.354866] pci 0000:00:1c.0: PME# supported from D0 D3hot D3cold\n[    0.354871] pci 0000:00:1c.0: PME# disabled\n[    0.354907] pci 0000:00:1c.3: [8086:2845] type 1 class 0x000604\n[    0.354995] pci 0000:00:1c.3: PME# supported from D0 D3hot D3cold\n[    0.355000] pci 0000:00:1c.3: PME# disabled\n[    0.355032] pci 0000:00:1c.4: [8086:2847] type 1 class 0x000604\n[    0.355122] pci 0000:00:1c.4: PME# supported from D0 D3hot D3cold\n[    0.355126] pci 0000:00:1c.4: PME# disabled\n[    0.355158] pci 0000:00:1d.0: [8086:2830] type 0 class 0x000c03\n[    0.355216] pci 0000:00:1d.0: reg 20: [io  0x1860-0x187f]\n[    0.355258] pci 0000:00:1d.1: [8086:2831] type 0 class 0x000c03\n[    0.355317] pci 0000:00:1d.1: reg 20: [io  0x1880-0x189f]\n[    0.355358] pci 0000:00:1d.2: [8086:2832] type 0 class 0x000c03\n[    0.355416] pci 0000:00:1d.2: reg 20: [io  0x18a0-0x18bf]\n[    0.355473] pci 0000:00:1d.7: [8086:2836] type 0 class 0x000c03\n[    0.355498] pci 0000:00:1d.7: reg 10: [mem 0xf8504400-0xf85047ff]\n[    0.355593] pci 0000:00:1d.7: PME# supported from D0 D3hot D3cold\n[    0.355598] pci 0000:00:1d.7: PME# disabled\n[    0.355623] pci 0000:00:1e.0: [8086:2448] type 1 class 0x000604\n[    0.355714] pci 0000:00:1f.0: [8086:2815] type 0 class 0x000601\n[    0.355823] pci 0000:00:1f.0: quirk: [io  0x1000-0x107f] claimed by ICH6 ACPI/GPIO/TCO\n[    0.355830] pci 0000:00:1f.0: quirk: [io  0x1180-0x11bf] claimed by ICH6 GPIO\n[    0.355835] pci 0000:00:1f.0: ICH7 LPC Generic IO decode 1 PIO at 0680 (mask 007f)\n[    0.355839] pci 0000:00:1f.0: ICH7 LPC Generic IO decode 2 PIO at 1640 (mask 007f)\n[    0.355884] pci 0000:00:1f.1: [8086:2850] type 0 class 0x000101\n[    0.355902] pci 0000:00:1f.1: reg 10: [io  0x0000-0x0007]\n[    0.355914] pci 0000:00:1f.1: reg 14: [io  0x0000-0x0003]\n[    0.355927] pci 0000:00:1f.1: reg 18: [io  0x0000-0x0007]\n[    0.355940] pci 0000:00:1f.1: reg 1c: [io  0x0000-0x0003]\n[    0.355952] pci 0000:00:1f.1: reg 20: [io  0x1810-0x181f]\n[    0.356000] pci 0000:00:1f.2: [8086:2828] type 0 class 0x000101\n[    0.356033] pci 0000:00:1f.2: reg 10: [io  0x1c00-0x1c07]\n[    0.356045] pci 0000:00:1f.2: reg 14: [io  0x18f4-0x18f7]\n[    0.356058] pci 0000:00:1f.2: reg 18: [io  0x18f8-0x18ff]\n[    0.356070] pci 0000:00:1f.2: reg 1c: [io  0x18f0-0x18f3]\n[    0.356082] pci 0000:00:1f.2: reg 20: [io  0x18e0-0x18ef]\n[    0.356095] pci 0000:00:1f.2: reg 24: [io  0x18d0-0x18df]\n[    0.356132] pci 0000:00:1f.2: PME# supported from D3hot\n[    0.356136] pci 0000:00:1f.2: PME# disabled\n[    0.356153] pci 0000:00:1f.3: [8086:283e] type 0 class 0x000c05\n[    0.356170] pci 0000:00:1f.3: reg 10: [mem 0x00000000-0x000000ff]\n[    0.356214] pci 0000:00:1f.3: reg 20: [io  0x1c20-0x1c3f]\n[    0.356313] pci 0000:00:1c.0: PCI bridge to [bus 02-02]\n[    0.356319] pci 0000:00:1c.0:   bridge window [io  0x2000-0x2fff]\n[    0.356324] pci 0000:00:1c.0:   bridge window [mem 0xf0000000-0xf3ffffff]\n[    0.356332] pci 0000:00:1c.0:   bridge window [mem 0xfa000000-0xfbffffff 64bit pref]\n[    0.356456] pci 0000:06:00.0: [8086:4229] type 0 class 0x000280\n[    0.356501] pci 0000:06:00.0: reg 10: [mem 0xf4000000-0xf4001fff 64bit]\n[    0.356707] pci 0000:06:00.0: PME# supported from D0 D3hot D3cold\n[    0.356717] pci 0000:06:00.0: PME# disabled\n[    0.356833] pci 0000:00:1c.3: PCI bridge to [bus 06-06]\n[    0.356838] pci 0000:00:1c.3:   bridge window [io  0x3000-0x3fff]\n[    0.356843] pci 0000:00:1c.3:   bridge window [mem 0xf4000000-0xf7ffffff]\n[    0.356851] pci 0000:00:1c.3:   bridge window [mem 0xfc000000-0xfdffffff 64bit pref]\n[    0.356984] pci 0000:07:00.0: [10ec:8168] type 0 class 0x000200\n[    0.357049] pci 0000:07:00.0: reg 10: [io  0x4000-0x40ff]\n[    0.357165] pci 0000:07:00.0: reg 18: [mem 0xf8610000-0xf8610fff 64bit pref]\n[    0.357232] pci 0000:07:00.0: reg 20: [mem 0xf8600000-0xf860ffff 64bit pref]\n[    0.357279] pci 0000:07:00.0: reg 30: [mem 0x00000000-0x0000ffff pref]\n[    0.357439] pci 0000:07:00.0: supports D1 D2\n[    0.357441] pci 0000:07:00.0: PME# supported from D0 D1 D2 D3hot D3cold\n[    0.357456] pci 0000:07:00.0: PME# disabled\n[    0.357599] pci 0000:00:1c.4: PCI bridge to [bus 07-07]\n[    0.357605] pci 0000:00:1c.4:   bridge window [io  0x4000-0x4fff]\n[    0.357610] pci 0000:00:1c.4:   bridge window [mem 0xfff00000-0x000fffff] (disabled)\n[    0.357619] pci 0000:00:1c.4:   bridge window [mem 0xf8600000-0xf86fffff 64bit pref]\n[    0.357674] pci 0000:08:05.0: [1217:00f7] type 0 class 0x000c00\n[    0.357697] pci 0000:08:05.0: reg 10: [mem 0xf8200000-0xf8200fff]\n[    0.357710] pci 0000:08:05.0: reg 14: [mem 0xf8202000-0xf82027ff]\n[    0.357787] pci 0000:08:05.0: supports D1 D2\n[    0.357789] pci 0000:08:05.0: PME# supported from D0 D1 D2 D3hot D3cold\n[    0.357794] pci 0000:08:05.0: PME# disabled\n[    0.357821] pci 0000:08:05.2: [1217:7120] type 0 class 0x000805\n[    0.357847] pci 0000:08:05.2: reg 10: [mem 0xf8202800-0xf82028ff]\n[    0.357945] pci 0000:08:05.2: supports D1 D2\n[    0.357947] pci 0000:08:05.2: PME# supported from D0 D1 D2 D3hot D3cold\n[    0.357953] pci 0000:08:05.2: PME# disabled\n[    0.357979] pci 0000:08:05.3: [1217:7130] type 0 class 0x000180\n[    0.358005] pci 0000:08:05.3: reg 10: [mem 0xf8201000-0xf8201fff]\n[    0.358104] pci 0000:08:05.3: supports D1 D2\n[    0.358106] pci 0000:08:05.3: PME# supported from D0 D1 D2 D3hot D3cold\n[    0.358113] pci 0000:08:05.3: PME# disabled\n[    0.358173] pci 0000:00:1e.0: PCI bridge to [bus 08-08] (subtractive decode)\n[    0.358179] pci 0000:00:1e.0:   bridge window [io  0xf000-0x0000] (disabled)\n[    0.358184] pci 0000:00:1e.0:   bridge window [mem 0xf8200000-0xf82fffff]\n[    0.358192] pci 0000:00:1e.0:   bridge window [mem 0xfff00000-0x000fffff pref] (disabled)\n[    0.358195] pci 0000:00:1e.0:   bridge window [io  0x0000-0x0cf7] (subtractive decode)\n[    0.358198] pci 0000:00:1e.0:   bridge window [io  0x0d00-0xffff] (subtractive decode)\n[    0.358200] pci 0000:00:1e.0:   bridge window [mem 0x000a0000-0x000bffff] (subtractive decode)\n[    0.358203] pci 0000:00:1e.0:   bridge window [mem 0x000d0000-0x000d3fff] (subtractive decode)\n[    0.358206] pci 0000:00:1e.0:   bridge window [mem 0x000d4000-0x000d7fff] (subtractive decode)\n[    0.358208] pci 0000:00:1e.0:   bridge window [mem 0x000d8000-0x000dbfff] (subtractive decode)\n[    0.358211] pci 0000:00:1e.0:   bridge window [mem 0xc0000000-0xdfffffff] (subtractive decode)\n[    0.358214] pci 0000:00:1e.0:   bridge window [mem 0xf0000000-0xfebfffff] (subtractive decode)\n[    0.358244] ACPI: PCI Interrupt Routing Table [\\_SB_.PCI0._PRT]\n[    0.358411] ACPI: PCI Interrupt Routing Table [\\_SB_.PCI0.RP01._PRT]\n[    0.358459] ACPI: PCI Interrupt Routing Table [\\_SB_.PCI0.RP04._PRT]\n[    0.358499] ACPI: PCI Interrupt Routing Table [\\_SB_.PCI0.RP05._PRT]\n[    0.358564] ACPI: PCI Interrupt Routing Table [\\_SB_.PCI0.PCIB._PRT]\n[    0.358615]  pci0000:00: Requesting ACPI _OSC control (0x1d)\n[    0.358618]  pci0000:00: ACPI _OSC request failed (AE_NOT_FOUND), returned control mask: 0x1d\n[    0.358620] ACPI _OSC control for PCIe not granted, disabling ASPM\n[    0.363752] ACPI: PCI Interrupt Link [LNKA] (IRQs 1 3 4 *5 6 7 10 12 14 15)\n[    0.363801] ACPI: PCI Interrupt Link [LNKB] (IRQs 1 3 4 5 6 7 *11 12 14 15)\n[    0.363848] ACPI: PCI Interrupt Link [LNKC] (IRQs 1 3 4 5 6 7 *10 12 14 15)\n[    0.363894] ACPI: PCI Interrupt Link [LNKD] (IRQs 1 3 4 5 6 7 *11 12 14 15)\n[    0.363940] ACPI: PCI Interrupt Link [LNKE] (IRQs 1 3 4 5 6 7 10 12 14 15) *0, disabled.\n[    0.363988] ACPI: PCI Interrupt Link [LNKF] (IRQs 1 3 4 5 6 7 *11 12 14 15)\n[    0.364048] ACPI: PCI Interrupt Link [LNKG] (IRQs 1 3 4 5 6 7 *10 12 14 15)\n[    0.364094] ACPI: PCI Interrupt Link [LNKH] (IRQs 1 3 4 5 6 7 11 12 14 15) *10\n[    0.364215] vgaarb: device added: PCI:0000:00:02.0,decodes=io+mem,owns=io+mem,locks=none\n[    0.364228] vgaarb: loaded\n[    0.364230] vgaarb: bridge control possible 0000:00:02.0\n[    0.364445] SCSI subsystem initialized\n[    0.364531] libata version 3.00 loaded.\n[    0.364576] usbcore: registered new interface driver usbfs\n[    0.364586] usbcore: registered new interface driver hub\n[    0.364620] usbcore: registered new device driver usb\n[    0.364711] PCI: Using ACPI for IRQ routing\n[    0.376064] PCI: pci_cache_line_size set to 64 bytes\n[    0.376242] reserve RAM buffer: 000000000009f800 - 000000000009ffff \n[    0.376246] reserve RAM buffer: 00000000bf6d0000 - 00000000bfffffff \n[    0.376383] NetLabel: Initializing\n[    0.376386] NetLabel:  domain hash size = 128\n[    0.376387] NetLabel:  protocols = UNLABELED CIPSOv4\n[    0.376401] NetLabel:  unlabeled traffic allowed by default\n[    0.376454] HPET: 3 timers in total, 0 timers will be used for per-cpu timer\n[    0.376460] hpet0: at MMIO 0xfed00000, IRQs 2, 8, 0\n[    0.376465] hpet0: 3 comparators, 64-bit 14.318180 MHz counter\n[    0.380257] Switching to clocksource hpet\n[    0.383403] Switched to NOHz mode on CPU #0\n[    0.383535] Switched to NOHz mode on CPU #1\n[    0.387756] AppArmor: AppArmor Filesystem Enabled\n[    0.387799] pnp: PnP ACPI init\n[    0.387823] ACPI: bus type pnp registered\n[    0.388216] pnp 00:00: [bus 00-ff]\n[    0.388219] pnp 00:00: [io  0x0000-0x0cf7 window]\n[    0.388222] pnp 00:00: [io  0x0cf8-0x0cff]\n[    0.388224] pnp 00:00: [io  0x0d00-0xffff window]\n[    0.388226] pnp 00:00: [mem 0x000a0000-0x000bffff window]\n[    0.388229] pnp 00:00: [mem 0x000c0000-0x000c3fff window]\n[    0.388237] pnp 00:00: [mem 0x000c4000-0x000c7fff window]\n[    0.388239] pnp 00:00: [mem 0x000c8000-0x000cbfff window]\n[    0.388241] pnp 00:00: [mem 0x000cc000-0x000cffff window]\n[    0.388244] pnp 00:00: [mem 0x000d0000-0x000d3fff window]\n[    0.388246] pnp 00:00: [mem 0x000d4000-0x000d7fff window]\n[    0.388248] pnp 00:00: [mem 0x000d8000-0x000dbfff window]\n[    0.388250] pnp 00:00: [mem 0x000dc000-0x000dffff window]\n[    0.388252] pnp 00:00: [mem 0x000e0000-0x000e3fff window]\n[    0.388255] pnp 00:00: [mem 0x000e4000-0x000e7fff window]\n[    0.388257] pnp 00:00: [mem 0x000e8000-0x000ebfff window]\n[    0.388259] pnp 00:00: [mem 0x000ec000-0x000effff window]\n[    0.388261] pnp 00:00: [mem 0x000f0000-0x000fffff window]\n[    0.388264] pnp 00:00: [mem 0xc0000000-0xdfffffff window]\n[    0.388266] pnp 00:00: [mem 0xf0000000-0xfebfffff window]\n[    0.388268] pnp 00:00: [mem 0xfed40000-0xfed44fff window]\n[    0.388360] pnp 00:00: Plug and Play ACPI device, IDs PNP0a08 PNP0a03 (active)\n[    0.388437] pnp 00:01: [mem 0xfed1c000-0xfed1ffff]\n[    0.388439] pnp 00:01: [mem 0xfed14000-0xfed17fff]\n[    0.388441] pnp 00:01: [mem 0xfed18000-0xfed18fff]\n[    0.388443] pnp 00:01: [mem 0xfed19000-0xfed19fff]\n[    0.388445] pnp 00:01: [mem 0xe0000000-0xefffffff]\n[    0.388447] pnp 00:01: [mem 0xfed20000-0xfed3ffff]\n[    0.388449] pnp 00:01: [mem 0xfed40000-0xfed44fff]\n[    0.388451] pnp 00:01: [mem 0xfed45000-0xfed8ffff]\n[    0.388523] system 00:01: [mem 0xfed1c000-0xfed1ffff] has been reserved\n[    0.388526] system 00:01: [mem 0xfed14000-0xfed17fff] has been reserved\n[    0.388529] system 00:01: [mem 0xfed18000-0xfed18fff] has been reserved\n[    0.388532] system 00:01: [mem 0xfed19000-0xfed19fff] has been reserved\n[    0.388534] system 00:01: [mem 0xe0000000-0xefffffff] has been reserved\n[    0.388537] system 00:01: [mem 0xfed20000-0xfed3ffff] has been reserved\n[    0.388540] system 00:01: [mem 0xfed40000-0xfed44fff] has been reserved\n[    0.388543] system 00:01: [mem 0xfed45000-0xfed8ffff] has been reserved\n[    0.388546] system 00:01: Plug and Play ACPI device, IDs PNP0c02 (active)\n[    0.388734] pnp 00:02: [io  0x0000-0x001f]\n[    0.388736] pnp 00:02: [io  0x0081-0x0091]\n[    0.388737] pnp 00:02: [io  0x0093-0x009f]\n[    0.388739] pnp 00:02: [io  0x00c0-0x00df]\n[    0.388742] pnp 00:02: [dma 4]\n[    0.388779] pnp 00:02: Plug and Play ACPI device, IDs PNP0200 (active)\n[    0.388788] pnp 00:03: [mem 0xff000000-0xffffffff]\n[    0.388829] pnp 00:03: Plug and Play ACPI device, IDs INT0800 (active)\n[    0.388900] pnp 00:04: [mem 0xfed00000-0xfed003ff]\n[    0.388962] system 00:04: [mem 0xfed00000-0xfed003ff] has been reserved\n[    0.388966] system 00:04: Plug and Play ACPI device, IDs PNP0103 PNP0c01 (active)\n[    0.388977] pnp 00:05: [io  0x00f0]\n[    0.388992] pnp 00:05: [irq 13]\n[    0.389030] pnp 00:05: Plug and Play ACPI device, IDs PNP0c04 (active)\n[    0.389042] pnp 00:06: [io  0x002e-0x002f]\n[    0.389044] pnp 00:06: [io  0x0061]\n[    0.389045] pnp 00:06: [io  0x0063]\n[    0.389047] pnp 00:06: [io  0x0065]\n[    0.389049] pnp 00:06: [io  0x0067]\n[    0.389050] pnp 00:06: [io  0x0080]\n[    0.389052] pnp 00:06: [io  0x0092]\n[    0.389054] pnp 00:06: [io  0x00b2-0x00b3]\n[    0.389056] pnp 00:06: [io  0x0680-0x069f]\n[    0.389058] pnp 00:06: [io  0x0800-0x080f]\n[    0.389063] pnp 00:06: [io  0x1000-0x107f]\n[    0.389065] pnp 00:06: [io  0x1180-0x11bf]\n[    0.389066] pnp 00:06: [io  0xfe00]\n[    0.389068] pnp 00:06: [io  0xff00-0xff7f]\n[    0.389139] system 00:06: [io  0x0680-0x069f] has been reserved\n[    0.389142] system 00:06: [io  0x0800-0x080f] has been reserved\n[    0.389145] system 00:06: [io  0x1000-0x107f] has been reserved\n[    0.389147] system 00:06: [io  0x1180-0x11bf] has been reserved\n[    0.389150] system 00:06: [io  0xfe00] has been reserved\n[    0.389153] system 00:06: [io  0xff00-0xff7f] has been reserved\n[    0.389156] system 00:06: Plug and Play ACPI device, IDs PNP0c02 (active)\n[    0.389166] pnp 00:07: [io  0x0070-0x0077]\n[    0.389172] pnp 00:07: [irq 8]\n[    0.389213] pnp 00:07: Plug and Play ACPI device, IDs PNP0b00 (active)\n[    0.416098] pnp 00:08: [io  0x0060]\n[    0.416101] pnp 00:08: [io  0x0064]\n[    0.416114] pnp 00:08: [irq 1]\n[    0.416210] pnp 00:08: Plug and Play ACPI device, IDs PNP0303 (active)\n[    0.416225] pnp 00:09: [irq 12]\n[    0.416273] pnp 00:09: Plug and Play ACPI device, IDs SYN0705 SYN0700 SYN0002 PNP0f13 (active)\n[    0.416302] pnp: PnP ACPI: found 10 devices\n[    0.416304] ACPI: ACPI bus type pnp unregistered\n[    0.422427] PCI: max bus depth: 1 pci_try_num: 2\n[    0.422499] pci 0000:00:1c.4: BAR 14: assigned [mem 0xc0000000-0xc00fffff]\n[    0.422503] pci 0000:00:1f.3: BAR 0: assigned [mem 0xc0100000-0xc01000ff]\n[    0.422509] pci 0000:00:1f.3: BAR 0: set to [mem 0xc0100000-0xc01000ff] (PCI address [0xc0100000-0xc01000ff])\n[    0.422513] pci 0000:00:1c.0: PCI bridge to [bus 02-02]\n[    0.422516] pci 0000:00:1c.0:   bridge window [io  0x2000-0x2fff]\n[    0.422522] pci 0000:00:1c.0:   bridge window [mem 0xf0000000-0xf3ffffff]\n[    0.422527] pci 0000:00:1c.0:   bridge window [mem 0xfa000000-0xfbffffff 64bit pref]\n[    0.422536] pci 0000:00:1c.3: PCI bridge to [bus 06-06]\n[    0.422539] pci 0000:00:1c.3:   bridge window [io  0x3000-0x3fff]\n[    0.422546] pci 0000:00:1c.3:   bridge window [mem 0xf4000000-0xf7ffffff]\n[    0.422551] pci 0000:00:1c.3:   bridge window [mem 0xfc000000-0xfdffffff 64bit pref]\n[    0.422560] pci 0000:07:00.0: BAR 6: assigned [mem 0xf8620000-0xf862ffff pref]\n[    0.422562] pci 0000:00:1c.4: PCI bridge to [bus 07-07]\n[    0.422566] pci 0000:00:1c.4:   bridge window [io  0x4000-0x4fff]\n[    0.422572] pci 0000:00:1c.4:   bridge window [mem 0xc0000000-0xc00fffff]\n[    0.422577] pci 0000:00:1c.4:   bridge window [mem 0xf8600000-0xf86fffff 64bit pref]\n[    0.422585] pci 0000:00:1e.0: PCI bridge to [bus 08-08]\n[    0.422587] pci 0000:00:1e.0:   bridge window [io  disabled]\n[    0.422593] pci 0000:00:1e.0:   bridge window [mem 0xf8200000-0xf82fffff]\n[    0.422598] pci 0000:00:1e.0:   bridge window [mem pref disabled]\n[    0.422624] pci 0000:00:1c.0: PCI INT A -> GSI 17 (level, low) -> IRQ 17\n[    0.422630] pci 0000:00:1c.0: setting latency timer to 64\n[    0.422646] pci 0000:00:1c.3: PCI INT D -> GSI 19 (level, low) -> IRQ 19\n[    0.422651] pci 0000:00:1c.3: setting latency timer to 64\n[    0.422660] pci 0000:00:1c.4: PCI INT A -> GSI 17 (level, low) -> IRQ 17\n[    0.422665] pci 0000:00:1c.4: setting latency timer to 64\n[    0.422673] pci 0000:00:1e.0: setting latency timer to 64\n[    0.422678] pci_bus 0000:00: resource 4 [io  0x0000-0x0cf7]\n[    0.422680] pci_bus 0000:00: resource 5 [io  0x0d00-0xffff]\n[    0.422683] pci_bus 0000:00: resource 6 [mem 0x000a0000-0x000bffff]\n[    0.422685] pci_bus 0000:00: resource 7 [mem 0x000d0000-0x000d3fff]\n[    0.422687] pci_bus 0000:00: resource 8 [mem 0x000d4000-0x000d7fff]\n[    0.422689] pci_bus 0000:00: resource 9 [mem 0x000d8000-0x000dbfff]\n[    0.422692] pci_bus 0000:00: resource 10 [mem 0xc0000000-0xdfffffff]\n[    0.422694] pci_bus 0000:00: resource 11 [mem 0xf0000000-0xfebfffff]\n[    0.422697] pci_bus 0000:02: resource 0 [io  0x2000-0x2fff]\n[    0.422699] pci_bus 0000:02: resource 1 [mem 0xf0000000-0xf3ffffff]\n[    0.422702] pci_bus 0000:02: resource 2 [mem 0xfa000000-0xfbffffff 64bit pref]\n[    0.422704] pci_bus 0000:06: resource 0 [io  0x3000-0x3fff]\n[    0.422706] pci_bus 0000:06: resource 1 [mem 0xf4000000-0xf7ffffff]\n[    0.422709] pci_bus 0000:06: resource 2 [mem 0xfc000000-0xfdffffff 64bit pref]\n[    0.422711] pci_bus 0000:07: resource 0 [io  0x4000-0x4fff]\n[    0.422714] pci_bus 0000:07: resource 1 [mem 0xc0000000-0xc00fffff]\n[    0.422716] pci_bus 0000:07: resource 2 [mem 0xf8600000-0xf86fffff 64bit pref]\n[    0.422719] pci_bus 0000:08: resource 1 [mem 0xf8200000-0xf82fffff]\n[    0.422721] pci_bus 0000:08: resource 4 [io  0x0000-0x0cf7]\n[    0.422723] pci_bus 0000:08: resource 5 [io  0x0d00-0xffff]\n[    0.422726] pci_bus 0000:08: resource 6 [mem 0x000a0000-0x000bffff]\n[    0.422728] pci_bus 0000:08: resource 7 [mem 0x000d0000-0x000d3fff]\n[    0.422730] pci_bus 0000:08: resource 8 [mem 0x000d4000-0x000d7fff]\n[    0.422733] pci_bus 0000:08: resource 9 [mem 0x000d8000-0x000dbfff]\n[    0.422735] pci_bus 0000:08: resource 10 [mem 0xc0000000-0xdfffffff]\n[    0.422737] pci_bus 0000:08: resource 11 [mem 0xf0000000-0xfebfffff]\n[    0.422783] NET: Registered protocol family 2\n[    0.422948] IP route cache hash table entries: 131072 (order: 8, 1048576 bytes)\n[    0.424320] TCP established hash table entries: 524288 (order: 11, 8388608 bytes)\n[    0.429162] TCP bind hash table entries: 65536 (order: 8, 1048576 bytes)\n[    0.429772] TCP: Hash tables configured (established 524288 bind 65536)\n[    0.429774] TCP reno registered\n[    0.429787] UDP hash table entries: 2048 (order: 4, 65536 bytes)\n[    0.429830] UDP-Lite hash table entries: 2048 (order: 4, 65536 bytes)\n[    0.429997] NET: Registered protocol family 1\n[    0.430027] pci 0000:00:02.0: Boot video device\n[    0.430238] PCI: CLS 64 bytes, default 64\n[    0.430241] PCI-DMA: Using software bounce buffering for IO (SWIOTLB)\n[    0.430243] Placing 64MB software IO TLB between ffff8800bb6cb000 - ffff8800bf6cb000\n[    0.430246] software IO TLB at phys 0xbb6cb000 - 0xbf6cb000\n[    0.430264] Simple Boot Flag at 0x36 set to 0x1\n[    0.430631] audit: initializing netlink socket (disabled)\n[    0.430642] type=2000 audit(1319374043.424:1): initialized\n[    0.465033] HugeTLB registered 2 MB page size, pre-allocated 0 pages\n[    0.492512] VFS: Disk quotas dquot_6.5.2\n[    0.492572] Dquot-cache hash table entries: 512 (order 0, 4096 bytes)\n[    0.493204] fuse init (API version 7.16)\n[    0.493291] msgmni has been set to 7866\n[    0.493636] Block layer SCSI generic (bsg) driver version 0.4 loaded (major 253)\n[    0.493668] io scheduler noop registered\n[    0.493671] io scheduler deadline registered\n[    0.493712] io scheduler cfq registered (default)\n[    0.493833] pcieport 0000:00:1c.0: setting latency timer to 64\n[    0.493897] pcieport 0000:00:1c.0: irq 40 for MSI/MSI-X\n[    0.493982] pcieport 0000:00:1c.3: setting latency timer to 64\n[    0.494038] pcieport 0000:00:1c.3: irq 41 for MSI/MSI-X\n[    0.494116] pcieport 0000:00:1c.4: setting latency timer to 64\n[    0.494171] pcieport 0000:00:1c.4: irq 42 for MSI/MSI-X\n[    0.494269] pci_hotplug: PCI Hot Plug PCI Core version: 0.5\n[    0.494292] pciehp: PCI Express Hot Plug Controller Driver version: 0.4\n[    0.494335] intel_idle: MWAIT substates: 0x3122220\n[    0.494337] intel_idle: does not run on family 6 model 23\n[    0.496486] ACPI: Deprecated procfs I/F for AC is loaded, please retry with CONFIG_ACPI_PROCFS_POWER cleared\n[    0.498631] ACPI: AC Adapter [ACAD] (on-line)\n[    0.498697] input: Lid Switch as /devices/LNXSYSTM:00/device:00/PNP0C0D:00/input/input0\n[    0.498723] ACPI: Lid Switch [LID0]\n[    0.498763] input: Power Button as /devices/LNXSYSTM:00/device:00/PNP0C0C:00/input/input1\n[    0.498768] ACPI: Power Button [PWRB]\n[    0.498806] input: Sleep Button as /devices/LNXSYSTM:00/device:00/PNP0C0E:00/input/input2\n[    0.498810] ACPI: Sleep Button [SLPB]\n[    0.498871] input: Power Button as /devices/LNXSYSTM:00/LNXPWRBN:00/input/input3\n[    0.498874] ACPI: Power Button [PWRF]\n[    0.498905] ACPI: acpi_idle registered with cpuidle\n[    0.500536] Monitor-Mwait will be used to enter C-1 state\n[    0.500575] Monitor-Mwait will be used to enter C-2 state\n[    0.500601] Monitor-Mwait will be used to enter C-3 state\n[    0.500607] Marking TSC unstable due to TSC halts in idle\n[    0.544285] ACPI: Deprecated procfs I/F for battery is loaded, please retry with CONFIG_ACPI_PROCFS_POWER cleared\n[    0.544315] ERST: Table is not found!\n[    0.544427] Serial: 8250/16550 driver, 32 ports, IRQ sharing enabled\n[    0.582142] Freeing initrd memory: 19516k freed\n[    0.617650] Linux agpgart interface v0.103\n[    0.617738] agpgart-intel 0000:00:00.0: Intel 965GM Chipset\n[    0.617858] agpgart-intel 0000:00:00.0: detected gtt size: 524288K total, 262144K mappable\n[    0.618943] agpgart-intel 0000:00:00.0: detected 8192K stolen memory\n[    0.619076] agpgart-intel 0000:00:00.0: AGP aperture is 256M @ 0xd0000000\n[    0.620198] brd: module loaded\n[    0.620681] loop: module loaded\n[    0.620835] ata_piix 0000:00:1f.1: version 2.13\n[    0.620856] ata_piix 0000:00:1f.1: PCI INT A -> GSI 18 (level, low) -> IRQ 18\n[    0.620892] ata_piix 0000:00:1f.1: setting latency timer to 64\n[    0.621193] scsi0 : ata_piix\n[    0.621301] scsi1 : ata_piix\n[    0.621688] ata1: PATA max UDMA/100 cmd 0x1f0 ctl 0x3f6 bmdma 0x1810 irq 14\n[    0.621691] ata2: PATA max UDMA/100 cmd 0x170 ctl 0x376 bmdma 0x1818 irq 15\n[    0.621713] ata_piix 0000:00:1f.2: PCI INT B -> GSI 18 (level, low) -> IRQ 18\n[    0.621747] ata_piix 0000:00:1f.2: MAP [ P0 P2 P1 P3 ]\n[    0.733614] ACPI: Battery Slot [BAT1] (battery present)\n[    0.776042] ata_piix 0000:00:1f.2: setting latency timer to 64\n[    0.776289] scsi2 : ata_piix\n[    0.776345] scsi3 : ata_piix\n[    0.776932] ata3: SATA max UDMA/133 cmd 0x1c00 ctl 0x18f4 bmdma 0x18e0 irq 18\n[    0.776939] ata4: SATA max UDMA/133 cmd 0x18f8 ctl 0x18f0 bmdma 0x18e8 irq 18\n[    0.777244] Fixed MDIO Bus: probed\n[    0.777266] PPP generic driver version 2.4.2\n[    0.777304] tun: Universal TUN/TAP device driver, 1.6\n[    0.777306] tun: (C) 1999-2004 Max Krasnyansky <maxk@qualcomm.com>\n[    0.777393] ehci_hcd: USB 2.0 'Enhanced' Host Controller (EHCI) Driver\n[    0.777410] ehci_hcd 0000:00:1a.7: PCI INT C -> GSI 18 (level, low) -> IRQ 18\n[    0.777430] ehci_hcd 0000:00:1a.7: setting latency timer to 64\n[    0.777433] ehci_hcd 0000:00:1a.7: EHCI Host Controller\n[    0.777471] ehci_hcd 0000:00:1a.7: new USB bus registered, assigned bus number 1\n[    0.777503] ehci_hcd 0000:00:1a.7: debug port 1\n[    0.781387] ehci_hcd 0000:00:1a.7: cache line size of 64 is not supported\n[    0.781392] ehci_hcd 0000:00:1a.7: irq 18, io mem 0xf8504000\n[    0.792362] ata1.00: ATAPI: Optiarc DVD+/-RW AD-7640A, JD06, max UDMA/33\n[    0.796018] ehci_hcd 0000:00:1a.7: USB 2.0 started, EHCI 1.00\n[    0.796141] hub 1-0:1.0: USB hub found\n[    0.796146] hub 1-0:1.0: 4 ports detected\n[    0.796220] ehci_hcd 0000:00:1d.7: PCI INT A -> GSI 23 (level, low) -> IRQ 23\n[    0.796232] ehci_hcd 0000:00:1d.7: setting latency timer to 64\n[    0.796236] ehci_hcd 0000:00:1d.7: EHCI Host Controller\n[    0.796270] ehci_hcd 0000:00:1d.7: new USB bus registered, assigned bus number 2\n[    0.796299] ehci_hcd 0000:00:1d.7: debug port 1\n[    0.800190] ehci_hcd 0000:00:1d.7: cache line size of 64 is not supported\n[    0.800205] ehci_hcd 0000:00:1d.7: irq 23, io mem 0xf8504400\n[    0.808233] ata1.00: configured for UDMA/33\n[    0.816017] ehci_hcd 0000:00:1d.7: USB 2.0 started, EHCI 1.00\n[    0.816114] hub 2-0:1.0: USB hub found\n[    0.816118] hub 2-0:1.0: 6 ports detected\n[    0.816191] ohci_hcd: USB 1.1 'Open' Host Controller (OHCI) Driver\n[    0.816204] uhci_hcd: USB Universal Host Controller Interface driver\n[    0.816233] uhci_hcd 0000:00:1a.0: PCI INT A -> GSI 16 (level, low) -> IRQ 16\n[    0.816240] uhci_hcd 0000:00:1a.0: setting latency timer to 64\n[    0.816243] uhci_hcd 0000:00:1a.0: UHCI Host Controller\n[    0.816276] uhci_hcd 0000:00:1a.0: new USB bus registered, assigned bus number 3\n[    0.816317] uhci_hcd 0000:00:1a.0: irq 16, io base 0x00001820\n[    0.816429] hub 3-0:1.0: USB hub found\n[    0.816433] hub 3-0:1.0: 2 ports detected\n[    0.816499] uhci_hcd 0000:00:1a.1: PCI INT B -> GSI 21 (level, low) -> IRQ 21\n[    0.816506] uhci_hcd 0000:00:1a.1: setting latency timer to 64\n[    0.816510] uhci_hcd 0000:00:1a.1: UHCI Host Controller\n[    0.816543] uhci_hcd 0000:00:1a.1: new USB bus registered, assigned bus number 4\n[    0.816580] uhci_hcd 0000:00:1a.1: irq 21, io base 0x00001840\n[    0.816696] hub 4-0:1.0: USB hub found\n[    0.816702] hub 4-0:1.0: 2 ports detected\n[    0.816762] uhci_hcd 0000:00:1d.0: PCI INT A -> GSI 23 (level, low) -> IRQ 23\n[    0.816768] uhci_hcd 0000:00:1d.0: setting latency timer to 64\n[    0.816772] uhci_hcd 0000:00:1d.0: UHCI Host Controller\n[    0.816809] uhci_hcd 0000:00:1d.0: new USB bus registered, assigned bus number 5\n[    0.816836] uhci_hcd 0000:00:1d.0: irq 23, io base 0x00001860\n[    0.816946] hub 5-0:1.0: USB hub found\n[    0.816949] hub 5-0:1.0: 2 ports detected\n[    0.817013] uhci_hcd 0000:00:1d.1: PCI INT B -> GSI 19 (level, low) -> IRQ 19\n[    0.817020] uhci_hcd 0000:00:1d.1: setting latency timer to 64\n[    0.817023] uhci_hcd 0000:00:1d.1: UHCI Host Controller\n[    0.817059] uhci_hcd 0000:00:1d.1: new USB bus registered, assigned bus number 6\n[    0.817096] uhci_hcd 0000:00:1d.1: irq 19, io base 0x00001880\n[    0.817214] hub 6-0:1.0: USB hub found\n[    0.817218] hub 6-0:1.0: 2 ports detected\n[    0.817280] uhci_hcd 0000:00:1d.2: PCI INT C -> GSI 18 (level, low) -> IRQ 18\n[    0.817289] uhci_hcd 0000:00:1d.2: setting latency timer to 64\n[    0.817292] uhci_hcd 0000:00:1d.2: UHCI Host Controller\n[    0.817323] uhci_hcd 0000:00:1d.2: new USB bus registered, assigned bus number 7\n[    0.817354] uhci_hcd 0000:00:1d.2: irq 18, io base 0x000018a0\n[    0.817465] hub 7-0:1.0: USB hub found\n[    0.817468] hub 7-0:1.0: 2 ports detected\n[    0.817572] i8042: PNP: PS/2 Controller [PNP0303:PS2K,PNP0f13:PS2M] at 0x60,0x64 irq 1,12\n[    0.846213] serio: i8042 KBD port at 0x60,0x64 irq 1\n[    0.846219] serio: i8042 AUX port at 0x60,0x64 irq 12\n[    0.846326] mousedev: PS/2 mouse device common for all mice\n[    0.849317] rtc_cmos 00:07: RTC can wake from S4\n[    0.849429] rtc_cmos 00:07: rtc core: registered rtc_cmos as rtc0\n[    0.849460] rtc0: alarms up to one month, y3k, 242 bytes nvram, hpet irqs\n[    0.849554] device-mapper: uevent: version 1.0.3\n[    0.849622] device-mapper: ioctl: 4.20.0-ioctl (2011-02-02) initialised: dm-devel@redhat.com\n[    0.849681] cpuidle: using governor ladder\n[    0.849764] cpuidle: using governor menu\n[    0.849766] EFI Variables Facility v0.08 2004-May-17\n[    0.850015] TCP cubic registered\n[    0.850135] NET: Registered protocol family 10\n[    0.850598] NET: Registered protocol family 17\n[    0.850615] Registering the dns_resolver key type\n[    0.850705] PM: Hibernation image not present or could not be loaded.\n[    0.850720] registered taskstats version 1\n[    0.869308]   Magic number: 15:261:785\n[    0.869442] rtc_cmos 00:07: setting system clock to 2011-10-23 12:47:24 UTC (1319374044)\n[    0.869899] BIOS EDD facility v0.16 2004-Jun-25, 0 devices found\n[    0.869901] EDD information not available.\n[    0.877762] input: AT Translated Set 2 keyboard as /devices/platform/i8042/serio0/input/input4\n[    1.112086] usb 1-3: new high speed USB device number 2 using ehci_hcd\n[    1.580128] ata3.00: SATA link up 3.0 Gbps (SStatus 123 SControl 300)\n[    1.580149] ata3.01: SATA link down (SStatus 0 SControl 300)\n[    1.588648] ata3.00: ATA-8: ST9250320AS, DE05, max UDMA/133\n[    1.588653] ata3.00: 488397168 sectors, multi 16: LBA48 NCQ (depth 0/32)\n[    1.604628] ata3.00: configured for UDMA/133\n[    2.132074] ata4.01: failed to resume link (SControl 0)\n[    2.143226] ata4.00: SATA link down (SStatus 0 SControl 300)\n[    2.143246] ata4.01: SATA link down (SStatus 0 SControl 0)\n[   21.885513] ata1.00: exception Emask 0x0 SAct 0x0 SErr 0x0 action 0x6 frozen\n[   21.885518] scsi 0:0:0:0: CDB: Inquiry: 12 00 00 00 60 00\n[   21.885527] ata1.00: cmd a0/01:00:00:60:00/00:00:00:00:00/a0 tag 0 dma 96 in\n[   21.885528]          res 40/00:02:00:24:00/00:00:00:00:00/a0 Emask 0x4 (timeout)\n[   21.885531] ata1.00: status: { DRDY }\n[   26.924089] ata1: link is slow to respond, please be patient (ready=0)\n[   31.908100] ata1: device not ready (errno=-16), forcing hardreset\n[   31.908111] ata1: soft resetting link\n[   32.088345] ata1.00: configured for UDMA/33\n[   32.088929] ata1: EH complete\n[   32.088955] scsi scan: 96 byte inquiry failed.  Consider BLIST_INQUIRY_36 for this device\n[   32.089585] scsi 0:0:0:0: CD-ROM            Optiarc  DVD+-RW AD-7640A JD06 PQ: 0 ANSI: 5\n[   62.816215] ata1.00: limiting speed to UDMA/25:PIO4\n[   62.816218] ata1.00: exception Emask 0x0 SAct 0x0 SErr 0x0 action 0x6 frozen\n[   62.816221] sr 0:0:0:0: CDB: Mode Sense(10): 5a 00 2a 00 00 00 00 00 80 00\n[   62.816231] ata1.00: cmd a0/01:00:00:80:00/00:00:00:00:00/a0 tag 0 dma 16512 in\n[   62.816232]          res 40/00:03:00:00:00/00:00:00:00:00/a0 Emask 0x4 (timeout)\n[   62.816234] ata1.00: status: { DRDY }\n[   67.856104] ata1: link is slow to respond, please be patient (ready=0)\n[   72.840103] ata1: device not ready (errno=-16), forcing hardreset\n[   72.840114] ata1: soft resetting link\n[   73.020348] ata1.00: configured for UDMA/25\n[   73.020918] ata1: EH complete\n[   73.020942] sr0: scsi-1 drive\n[   73.020945] cdrom: Uniform CD-ROM driver Revision: 3.20\n[   73.021107] sr 0:0:0:0: Attached scsi CD-ROM sr0\n[   73.021163] sr 0:0:0:0: Attached scsi generic sg0 type 5\n[   73.021315] scsi 2:0:0:0: Direct-Access     ATA      ST9250320AS      DE05 PQ: 0 ANSI: 5\n[   73.021425] sd 2:0:0:0: Attached scsi generic sg1 type 0\n[   73.021428] sd 2:0:0:0: [sda] 488397168 512-byte logical blocks: (250 GB/232 GiB)\n[   73.021516] sd 2:0:0:0: [sda] Write Protect is off\n[   73.021519] sd 2:0:0:0: [sda] Mode Sense: 00 3a 00 00\n[   73.021609] sd 2:0:0:0: [sda] Write cache: enabled, read cache: enabled, doesn't support DPO or FUA\n[   73.105445]  sda: sda1 sda2 < sda5 >\n[   73.106002] sd 2:0:0:0: [sda] Attached SCSI disk\n[   73.107865] Freeing unused kernel memory: 984k freed\n[   73.108191] Write protecting the kernel read-only data: 10240k\n[   73.108445] Freeing unused kernel memory: 20k freed\n[   73.113148] Freeing unused kernel memory: 1400k freed\n[   73.143720] udevd[115]: starting version 173\n[   73.301647] r8169 Gigabit Ethernet driver 2.3LK-NAPI loaded\n[   73.301684] r8169 0000:07:00.0: PCI INT A -> GSI 16 (level, low) -> IRQ 16\n[   73.301787] r8169 0000:07:00.0: setting latency timer to 64\n[   73.301992] r8169 0000:07:00.0: irq 43 for MSI/MSI-X\n[   73.302480] r8169 0000:07:00.0: eth0: RTL8168c/8111c at 0xffffc90000656000, 00:21:70:d1:ad:01, XID 1c4000c0 IRQ 43\n[   73.316916] sdhci: Secure Digital Host Controller Interface driver\n[   73.316920] sdhci: Copyright(c) Pierre Ossman\n[   73.317148] sdhci-pci 0000:08:05.2: SDHCI controller found [1217:7120] (rev 2)\n[   73.317176] sdhci-pci 0000:08:05.2: PCI INT A -> GSI 22 (level, low) -> IRQ 22\n[   73.317234] mmc0: no vmmc regulator found\n[   73.317262] Registered led device: mmc0::\n[   73.317308] mmc0: SDHCI controller on PCI [0000:08:05.2] using DMA\n[   73.321314] wmi: Mapper loaded\n[   73.322890] firewire_ohci 0000:08:05.0: PCI INT A -> GSI 22 (level, low) -> IRQ 22\n[   73.329320] [drm] Initialized drm 1.1.0 20060810\n[   73.341843] i915 0000:00:02.0: PCI INT A -> GSI 16 (level, low) -> IRQ 16\n[   73.341849] i915 0000:00:02.0: setting latency timer to 64\n[   73.376119] firewire_ohci: Added fw-ohci device 0000:08:05.0, OHCI v1.10, 8 IR + 8 IT contexts, quirks 0x10\n[   73.401952] i915 0000:00:02.0: irq 44 for MSI/MSI-X\n[   73.401959] [drm] Supports vblank timestamp caching Rev 1 (10.10.2010).\n[   73.401961] [drm] Driver supports precise vblank timestamp query.\n[   73.402009] vgaarb: device changed decodes: PCI:0000:00:02.0,olddecodes=io+mem,decodes=io+mem:owns=io+mem\n[   73.454474] composite sync not supported\n[   73.454586] fixme: max PWM is zero.\n[   73.736229] [drm] initialized overlay support\n[   73.736273] composite sync not supported\n[   73.874322] fbcon: inteldrmfb (fb0) is primary device\n[   73.874382] Console: switching to colour frame buffer device 160x50\n[   73.874407] fb0: inteldrmfb frame buffer device\n[   73.874409] drm: registered panic notifier\n[   73.876222] firewire_core: created device fw0: GUID 00000010a000b000, S400\n[   73.891700] acpi device:08: registered as cooling_device2\n[   73.891918] input: Video Bus as /devices/LNXSYSTM:00/device:00/PNP0A08:00/LNXVIDEO:01/input/input5\n[   73.891961] ACPI: Video Device [GFX0] (multi-head: yes  rom: no  post: no)\n[   73.892275] [drm] Initialized i915 1.6.0 20080730 for 0000:00:02.0 on minor 0\n[   80.832116] ata1.00: limiting speed to PIO4\n[   80.832124] ata1.00: exception Emask 0x0 SAct 0x0 SErr 0x0 action 0x6 frozen\n[   80.832133] sr 0:0:0:0: [sr0] CDB: Inquiry: 12 00 00 00 fe 00\n[   80.832150] ata1.00: cmd a0/01:00:00:fe:00/00:00:00:00:00/a0 tag 0 dma 16640 in\n[   80.832152]          res 40/00:03:00:00:00/00:00:00:00:00/a0 Emask 0x4 (timeout)\n[   80.832157] ata1.00: status: { DRDY }\n[   85.872101] ata1: link is slow to respond, please be patient (ready=0)\n[   90.856107] ata1: device not ready (errno=-16), forcing hardreset\n[   90.856122] ata1: soft resetting link\n[   91.036346] ata1.00: configured for PIO4\n[   91.036937] ata1: EH complete\n[   91.196648] composite sync not supported\n[   91.569196] uvesafb: Intel Corporation, Intel(r)GM965/PM965/GL960 Graphics Controller, Hardware Version 0.0, OEM: Intel(r)GM965/PM965/GL960 Graphics Chip Accelerated VGA BIOS, VBE v3.0\n[   91.575623] uvesafb: VBIOS/hardware supports DDC2 transfers\n[   91.587754] uvesafb: monitor limits: vf = 60 Hz, hf = 49 kHz, clk = 71 MHz\n[   91.587827] uvesafb: scrolling: redraw\n[   91.589671] uvesafb: framebuffer at 0xd0000000, mapped to 0xffffc90021e00000, using 7616k, total 7616k\n[   91.589674] fb1: VESA VGA frame buffer device\n[   91.653792] EXT4-fs (sda1): mounted filesystem with ordered data mode. Opts: (null)\n[  107.282242] udevd[405]: starting version 173\n[  107.391522] EXT4-fs (sda1): re-mounted. Opts: errors=remount-ro\n[  107.476102] lp: driver loaded but no devices found\n[  108.036227] Adding 4183036k swap on /dev/sda5.  Priority:-1 extents:1 across:4183036k \n[  108.513269] cfg80211: Calling CRDA to update world regulatory domain\n[  108.597756] Linux video capture interface: v2.00\n[  108.598967] uvcvideo: Found UVC 1.00 device Integrated Webcam (0c45:63e0)\n[  108.615376] input: Integrated Webcam as /devices/pci0000:00/0000:00:1a.7/usb1/1-3/1-3:1.0/input/input6\n[  108.615450] usbcore: registered new interface driver uvcvideo\n[  108.615452] USB Video Class driver (v1.1.0)\n[  108.639464] type=1400 audit(1319374152.264:2): apparmor=\"STATUS\" operation=\"profile_load\" name=\"/sbin/dhclient\" pid=683 comm=\"apparmor_parser\"\n[  108.639888] type=1400 audit(1319374152.264:3): apparmor=\"STATUS\" operation=\"profile_load\" name=\"/usr/lib/NetworkManager/nm-dhcp-client.action\" pid=683 comm=\"apparmor_parser\"\n[  108.640065] type=1400 audit(1319374152.268:4): apparmor=\"STATUS\" operation=\"profile_replace\" name=\"/sbin/dhclient\" pid=688 comm=\"apparmor_parser\"\n[  108.640176] type=1400 audit(1319374152.268:5): apparmor=\"STATUS\" operation=\"profile_load\" name=\"/usr/lib/connman/scripts/dhclient-script\" pid=683 comm=\"apparmor_parser\"\n[  108.640459] type=1400 audit(1319374152.268:6): apparmor=\"STATUS\" operation=\"profile_replace\" name=\"/usr/lib/NetworkManager/nm-dhcp-client.action\" pid=688 comm=\"apparmor_parser\"\n[  108.640715] type=1400 audit(1319374152.268:7): apparmor=\"STATUS\" operation=\"profile_replace\" name=\"/usr/lib/connman/scripts/dhclient-script\" pid=688 comm=\"apparmor_parser\"\n[  108.696783] dcdbas dcdbas: Dell Systems Management Base Driver (version 5.6.0-3.2)\n[  108.729839] input: Dell WMI hotkeys as /devices/virtual/input/input7\n[  108.837900] HDA Intel 0000:00:1b.0: PCI INT A -> GSI 22 (level, low) -> IRQ 22\n[  108.837975] HDA Intel 0000:00:1b.0: irq 45 for MSI/MSI-X\n[  108.838009] HDA Intel 0000:00:1b.0: setting latency timer to 64\n[  108.850490] cfg80211: World regulatory domain updated:\n[  108.850493] cfg80211:     (start_freq - end_freq @ bandwidth), (max_antenna_gain, max_eirp)\n[  108.850496] cfg80211:     (2402000 KHz - 2472000 KHz @ 40000 KHz), (300 mBi, 2000 mBm)\n[  108.850499] cfg80211:     (2457000 KHz - 2482000 KHz @ 20000 KHz), (300 mBi, 2000 mBm)\n[  108.850501] cfg80211:     (2474000 KHz - 2494000 KHz @ 20000 KHz), (300 mBi, 2000 mBm)\n[  108.850504] cfg80211:     (5170000 KHz - 5250000 KHz @ 40000 KHz), (300 mBi, 2000 mBm)\n[  108.850507] cfg80211:     (5735000 KHz - 5835000 KHz @ 40000 KHz), (300 mBi, 2000 mBm)\n[  108.875754] hda_codec: ALC268: BIOS auto-probing.\n[  108.882928] input: HDA Intel Mic as /devices/pci0000:00/0000:00:1b.0/sound/card0/input8\n[  108.883037] input: HDA Intel Headphone as /devices/pci0000:00/0000:00:1b.0/sound/card0/input9\n[  109.027016] iwl4965: Intel(R) Wireless WiFi 4965 driver for Linux, in-tree:\n[  109.027020] iwl4965: Copyright(c) 2003-2011 Intel Corporation\n[  109.027140] iwl4965 0000:06:00.0: PCI INT A -> GSI 19 (level, low) -> IRQ 19\n[  109.027175] iwl4965 0000:06:00.0: setting latency timer to 64\n[  109.027247] iwl4965 0000:06:00.0: Detected Intel(R) Wireless WiFi Link 4965AGN, REV=0x4\n[  109.066005] iwl4965 0000:06:00.0: device EEPROM VER=0x36, CALIB=0x5\n[  109.066681] iwl4965 0000:06:00.0: Tunable channels: 13 802.11bg, 19 802.11a channels\n[  109.066823] iwl4965 0000:06:00.0: irq 46 for MSI/MSI-X\n[  109.114676] iwl4965 0000:06:00.0: loaded firmware version 228.61.2.24\n[  109.115072] Registered led device: phy0-led\n[  109.115117] cfg80211: Ignoring regulatory request Set by core since the driver uses its own custom regulatory domain \n[  109.117872] ieee80211 phy0: Selected rate control algorithm 'iwl-4965-rs'\n[  109.216291] input: PS/2 Mouse as /devices/platform/i8042/serio1/input/input10\n[  109.255609] input: AlpsPS/2 ALPS GlidePoint as /devices/platform/i8042/serio1/input/input11\n[  109.599568] type=1400 audit(1319374153.224:8): apparmor=\"STATUS\" operation=\"profile_replace\" name=\"/sbin/dhclient\" pid=877 comm=\"apparmor_parser\"\n[  109.599984] type=1400 audit(1319374153.224:9): apparmor=\"STATUS\" operation=\"profile_replace\" name=\"/usr/lib/NetworkManager/nm-dhcp-client.action\" pid=877 comm=\"apparmor_parser\"\n[  109.600297] type=1400 audit(1319374153.228:10): apparmor=\"STATUS\" operation=\"profile_replace\" name=\"/usr/lib/connman/scripts/dhclient-script\" pid=877 comm=\"apparmor_parser\"\n[  109.607837] type=1400 audit(1319374153.232:11): apparmor=\"STATUS\" operation=\"profile_load\" name=\"/usr/lib/cups/backend/cups-pdf\" pid=879 comm=\"apparmor_parser\"\n[  109.717749] r8169 0000:07:00.0: eth0: link down\n[  109.717763] r8169 0000:07:00.0: eth0: link down\n[  109.718258] ADDRCONF(NETDEV_UP): eth0: link is not ready\n[  109.890495] init: failsafe main process (808) killed by TERM signal\n[  109.891536] init: apport pre-start process (917) terminated with status 1\n[  109.915588] init: apport post-stop process (963) terminated with status 1\n[  110.267300] composite sync not supported\n[  110.585249] composite sync not supported\n[  111.132916] ppdev: user-space parallel port driver\n[  112.370541] Bluetooth: Core ver 2.16\n[  112.370571] NET: Registered protocol family 31\n[  112.370573] Bluetooth: HCI device and connection manager initialized\n[  112.370576] Bluetooth: HCI socket layer initialized\n[  112.370578] Bluetooth: L2CAP socket layer initialized\n[  112.370826] Bluetooth: SCO socket layer initialized\n[  112.373671] Bluetooth: BNEP (Ethernet Emulation) ver 1.3\n[  112.373675] Bluetooth: BNEP filters: protocol multicast\n[  112.691770] Bluetooth: RFCOMM TTY layer initialized\n[  112.691777] Bluetooth: RFCOMM socket layer initialized\n[  112.691779] Bluetooth: RFCOMM ver 1.11\n[  114.633841] EXT4-fs (sda1): re-mounted. Opts: errors=remount-ro,commit=0\n[  114.940701] init: plymouth-stop pre-start process (1297) terminated with status 1\n[  124.211240] composite sync not supported\n[  124.340447] EXT4-fs (sda1): re-mounted. Opts: errors=remount-ro,commit=0\n[  134.391332] composite sync not supported\n[  144.480605] r8169 0000:07:00.0: eth0: link up\n[  144.481127] ADDRCONF(NETDEV_CHANGE): eth0: link becomes ready\n[  154.736027] eth0: no IPv6 routers present",
 "title": ""
}