{
 "espireDate": "N",
 "format": "text",
 "jSonReasons": [
  "re_#10",
  "kw_error",
  "lg_en",
  "kw_protection"
 ],
 "key": "xnPUwjbW",
 "pasteDate": "Feb 17, 2018, 7:35:06 AM",
 "relevancy": 4.0,
 "relevant": false,
 "text": "SeaBIOS (version 1.8.2-20171012_061934-google)\nTotal RAM Size = 0x00000000f0000000 = 3840 MiB\nCPUs found: 1     Max CPUs supported: 256\nfound virtio-scsi at 0:3\nvirtio-scsi vendor='Google' product='PersistentDisk' rev='1' type=0 removable=0\nvirtio-scsi blksize=512 sectors=20971520 = 10240 MiB\ndrive 0x000f2850: PCHS=0/0/0 translation=lba LCHS=1024/255/63 s=20971520\nBooting from Hard Disk 0...\n[    0.000000] Initializing cgroup subsys cpuset\n[    0.000000] Initializing cgroup subsys cpu\n[    0.000000] Initializing cgroup subsys cpuacct\n[    0.000000] Linux version 4.4.0-21-generic (buildd@lgw01-21) (gcc version 5.3.1 20160413 (Ubuntu 5.3.1-14ubuntu2) ) #37-Ubuntu SMP Mon Apr 18 18:33:37 UTC 2016 (Ubuntu 4.4.0-21.37-generic 4.4.6)\n[    0.000000] Command line: BOOT_IMAGE=/boot/vmlinuz-4.4.0-21-generic root=UUID=98c51306-83a2-49da-94a9-2a841c9f27b0 ro console=ttyS0\n[    0.000000] KERNEL supported cpus:\n[    0.000000]   Intel GenuineIntel\n[    0.000000]   AMD AuthenticAMD\n[    0.000000]   Centaur CentaurHauls\n[    0.000000] x86/fpu: xstate_offset[2]:  576, xstate_sizes[2]:  256\n[    0.000000] x86/fpu: xstate_offset[3]:  960, xstate_sizes[3]:   64\n[    0.000000] x86/fpu: xstate_offset[4]: 1024, xstate_sizes[4]:   64\n[    0.000000] x86/fpu: xstate_offset[5]: 1088, xstate_sizes[5]:   64\n[    0.000000] x86/fpu: xstate_offset[6]: 1152, xstate_sizes[6]:  512\n[    0.000000] x86/fpu: xstate_offset[7]: 1664, xstate_sizes[7]: 1024\n[    0.000000] x86/fpu: Supporting XSAVE feature 0x01: 'x87 floating point registers'\n[    0.000000] x86/fpu: Supporting XSAVE feature 0x02: 'SSE registers'\n[    0.000000] x86/fpu: Supporting XSAVE feature 0x04: 'AVX registers'\n[    0.000000] x86/fpu: Supporting XSAVE feature 0x08: 'MPX bounds registers'\n[    0.000000] x86/fpu: Supporting XSAVE feature 0x10: 'MPX CSR'\n[    0.000000] x86/fpu: Supporting XSAVE feature 0x20: 'AVX-512 opmask'\n[    0.000000] x86/fpu: Supporting XSAVE feature 0x40: 'AVX-512 Hi256'\n[    0.000000] x86/fpu: Supporting XSAVE feature 0x80: 'AVX-512 ZMM_Hi256'\n[    0.000000] x86/fpu: Enabled xstate features 0xff, context size is 2688 bytes, using 'standard' format.\n[    0.000000] x86/fpu: Using 'eager' FPU context switches.\n[    0.000000] e820: BIOS-provided physical RAM map:\n[    0.000000] BIOS-e820: [mem 0x0000000000000000-0x000000000009fbff] usable\n[    0.000000] BIOS-e820: [mem 0x000000000009fc00-0x000000000009ffff] reserved\n[    0.000000] BIOS-e820: [mem 0x00000000000f0000-0x00000000000fffff] reserved\n[    0.000000] BIOS-e820: [mem 0x0000000000100000-0x00000000bfff2fff] usable\n[    0.000000] BIOS-e820: [mem 0x00000000bfff3000-0x00000000bfffffff] reserved\n[    0.000000] BIOS-e820: [mem 0x00000000fffbc000-0x00000000ffffffff] reserved\n[    0.000000] BIOS-e820: [mem 0x0000000100000000-0x000000012fffffff] usable\n[    0.000000] NX (Execute Disable) protection: active\n[    0.000000] SMBIOS 2.4 present.\n[    0.000000] Hypervisor detected: KVM\n[    0.000000] e820: last_pfn = 0x130000 max_arch_pfn = 0x400000000\n[    0.000000] x86/PAT: Configuration [0-7]: WB  WC  UC- UC  WB  WC  UC- WT  \n[    0.000000] e820: last_pfn = 0xbfff3 max_arch_pfn = 0x400000000\n[    0.000000] found SMP MP-table at [mem 0x000f28d0-0x000f28df] mapped at [ffff8800000f28d0]\n[    0.000000] Scanning 1 areas for low memory corruption\n[    0.000000] Using GB pages for direct mapping\n[    0.000000] RAMDISK: [mem 0x37104000-0x37879fff]\n[    0.000000] ACPI: Early table checksum verification disabled\n[    0.000000] ACPI: RSDP 0x00000000000F2890 000014 (v00 Google)\n[    0.000000] ACPI: RSDT 0x00000000BFFF3430 000038 (v01 Google GOOGRSDT 00000001 GOOG 00000001)\n[    0.000000] ACPI: FACP 0x00000000BFFFCF60 0000F4 (v02 Google GOOGFACP 00000001 GOOG 00000001)\n[    0.000000] ACPI: DSDT 0x00000000BFFF3470 0017B2 (v01 Google GOOGDSDT 00000001 GOOG 00000001)\n[    0.000000] ACPI: FACS 0x00000000BFFFCF00 000040\n[    0.000000] ACPI: FACS 0x00000000BFFFCF00 000040\n[    0.000000] ACPI: SSDT 0x00000000BFFF65F0 00690D (v01 Google GOOGSSDT 00000001 GOOG 00000001)\n[    0.000000] ACPI: APIC 0x00000000BFFF5D10 00006E (v01 Google GOOGAPIC 00000001 GOOG 00000001)\n[    0.000000] ACPI: WAET 0x00000000BFFF5CE0 000028 (v01 Google GOOGWAET 00000001 GOOG 00000001)\n[    0.000000] ACPI: SRAT 0x00000000BFFF4C30 0000B8 (v01 Google GOOGSRAT 00000001 GOOG 00000001)\n[    0.000000] SRAT: PXM 0 -> APIC 0x00 -> Node 0\n[    0.000000] SRAT: Node 0 PXM 0 [mem 0x00000000-0x0009ffff]\n[    0.000000] SRAT: Node 0 PXM 0 [mem 0x00100000-0xbfffffff]\n[    0.000000] SRAT: Node 0 PXM 0 [mem 0x100000000-0x12fffffff]\n[    0.000000] NUMA: Node 0 [mem 0x00000000-0x0009ffff] + [mem 0x00100000-0xbfffffff] -> [mem 0x00000000-0xbfffffff]\n[    0.000000] NUMA: Node 0 [mem 0x00000000-0xbfffffff] + [mem 0x100000000-0x12fffffff] -> [mem 0x00000000-0x12fffffff]\n[    0.000000] NODE_DATA(0) allocated [mem 0x12fff9000-0x12fffdfff]\n[    0.000000] kvm-clock: Using msrs 4b564d01 and 4b564d00\n[    0.000000] kvm-clock: cpu 0, msr 1:2fff5001, primary cpu clock\n[    0.000000] kvm-clock: using sched offset of 12088832687 cycles\n[    0.000000] clocksource: kvm-clock: mask: 0xffffffffffffffff max_cycles: 0x1cd42e4dffb, max_idle_ns: 881590591483 ns\n[    0.000000] Zone ranges:\n[    0.000000]   DMA      [mem 0x0000000000001000-0x0000000000ffffff]\n[    0.000000]   DMA32    [mem 0x0000000001000000-0x00000000ffffffff]\n[    0.000000]   Normal   [mem 0x0000000100000000-0x000000012fffffff]\n[    0.000000]   Device   empty\n[    0.000000] Movable zone start for each node\n[    0.000000] Early memory node ranges\n[    0.000000]   node   0: [mem 0x0000000000001000-0x000000000009efff]\n[    0.000000]   node   0: [mem 0x0000000000100000-0x00000000bfff2fff]\n[    0.000000]   node   0: [mem 0x0000000100000000-0x000000012fffffff]\n[    0.000000] Initmem setup node 0 [mem 0x0000000000001000-0x000000012fffffff]\n[    0.000000] ACPI: PM-Timer IO Port: 0xb008\n[    0.000000] ACPI: LAPIC_NMI (acpi_id[0xff] dfl dfl lint[0x1])\n[    0.000000] IOAPIC[0]: apic_id 0, version 17, address 0xfec00000, GSI 0-23\n[    0.000000] ACPI: INT_SRC_OVR (bus 0 bus_irq 5 global_irq 5 high level)\n[    0.000000] ACPI: INT_SRC_OVR (bus 0 bus_irq 9 global_irq 9 high level)\n[    0.000000] ACPI: INT_SRC_OVR (bus 0 bus_irq 10 global_irq 10 high level)\n[    0.000000] ACPI: INT_SRC_OVR (bus 0 bus_irq 11 global_irq 11 high level)\n[    0.000000] Using ACPI (MADT) for SMP configuration information\n[    0.000000] smpboot: Allowing 1 CPUs, 0 hotplug CPUs\n[    0.000000] PM: Registered nosave memory: [mem 0x00000000-0x00000fff]\n[    0.000000] PM: Registered nosave memory: [mem 0x0009f000-0x0009ffff]\n[    0.000000] PM: Registered nosave memory: [mem 0x000a0000-0x000effff]\n[    0.000000] PM: Registered nosave memory: [mem 0x000f0000-0x000fffff]\n[    0.000000] PM: Registered nosave memory: [mem 0xbfff3000-0xbfffffff]\n[    0.000000] PM: Registered nosave memory: [mem 0xc0000000-0xfffbbfff]\n[    0.000000] PM: Registered nosave memory: [mem 0xfffbc000-0xffffffff]\n[    0.000000] e820: [mem 0xc0000000-0xfffbbfff] available for PCI devices\n[    0.000000] Booting paravirtualized kernel on KVM\n[    0.000000] clocksource: refined-jiffies: mask: 0xffffffff max_cycles: 0xffffffff, max_idle_ns: 7645519600211568 ns\n[    0.000000] setup_percpu: NR_CPUS:256 nr_cpumask_bits:256 nr_cpu_ids:1 nr_node_ids:1\n[    0.000000] PERCPU: Embedded 33 pages/cpu @ffff88012fc00000 s98008 r8192 d28968 u2097152\n[    0.000000] Built 1 zonelists in Node order, mobility grouping on.  Total pages: 967548\n[    0.000000] Policy zone: Normal\n[    0.000000] Kernel command line: BOOT_IMAGE=/boot/vmlinuz-4.4.0-21-generic root=UUID=98c51306-83a2-49da-94a9-2a841c9f27b0 ro console=ttyS0\n[    0.000000] PID hash table entries: 4096 (order: 3, 32768 bytes)\n[    0.000000] Memory: 3777628K/3931716K available (8356K kernel code, 1278K rwdata, 3920K rodata, 1476K init, 1292K bss, 154088K reserved, 0K cma-reserved)\n[    0.000000] SLUB: HWalign=64, Order=0-3, MinObjects=0, CPUs=1, Nodes=1\n[    0.000000] Hierarchical RCU implementation.\n[    0.000000] \tBuild-time adjustment of leaf fanout to 64.\n[    0.000000] \tRCU restricting CPUs from NR_CPUS=256 to nr_cpu_ids=1.\n[    0.000000] RCU: Adjusting geometry for rcu_fanout_leaf=64, nr_cpu_ids=1\n[    0.000000] NR_IRQS:16640 nr_irqs:256 16\n[    0.000000] Console: colour VGA+ 80x25\n[    0.000000] console [ttyS0] enabled\n[    0.000000] tsc: Detected 2000.162 MHz processor\n[    0.189936] Calibrating delay loop (skipped) preset value.. 4000.32 BogoMIPS (lpj=8000648)\n[    0.191198] pid_max: default: 32768 minimum: 301\n[    0.191832] ACPI: Core revision 20150930\n[    0.198517] ACPI: 2 ACPI AML tables successfully acquired and loaded\n[    0.199537] Security Framework initialized\n[    0.200305] Yama: becoming mindful.\n[    0.200799] AppArmor: AppArmor initialized\n[    0.202358] Dentry cache hash table entries: 524288 (order: 10, 4194304 bytes)\n[    0.205415] Inode-cache hash table entries: 262144 (order: 9, 2097152 bytes)\n[    0.206765] Mount-cache hash table entries: 8192 (order: 4, 65536 bytes)\n[    0.207742] Mountpoint-cache hash table entries: 8192 (order: 4, 65536 bytes)\n[    0.209163] Initializing cgroup subsys io\n[    0.209779] Initializing cgroup subsys memory\n[    0.210402] Initializing cgroup subsys devices\n[    0.211053] Initializing cgroup subsys freezer\n[    0.211718] Initializing cgroup subsys net_cls\n[    0.212336] Initializing cgroup subsys perf_event\n[    0.213038] Initializing cgroup subsys net_prio\n[    0.213750] Initializing cgroup subsys hugetlb\n[    0.214490] Initializing cgroup subsys pids\n[    0.215177] CPU: Physical Processor ID: 0\n[    0.217193] mce: CPU supports 32 MCE banks\n[    0.217931] Last level iTLB entries: 4KB 64, 2MB 8, 4MB 8\n[    0.218733] Last level dTLB entries: 4KB 64, 2MB 0, 4MB 0, 1GB 4\n[    0.234163] Freeing SMP alternatives memory: 28K (ffffffff820b2000 - ffffffff820b9000)\n[    0.242190] ftrace: allocating 31878 entries in 125 pages\n[    0.285168] divide error: 0000 [#1] SMP \n[    0.285802] Modules linked in:\n[    0.286266] CPU: 0 PID: 1 Comm: swapper/0 Not tainted 4.4.0-21-generic #37-Ubuntu\n[    0.287289] Hardware name: Google Google Compute Engine/Google Compute Engine, BIOS Google 01/01/2011\n[    0.288509] task: ffff88012afc0000 ti: ffff88012afc8000 task.ti: ffff88012afc8000\n[    0.289744] RIP: 0010:[<ffffffff81f6f5de>]  [<ffffffff81f6f5de>] smp_store_boot_cpu_info+0x51/0x17f\n[    0.291243] RSP: 0000:ffff88012afcbeb8  EFLAGS: 00010286\n[    0.292009] RAX: 0000000000000000 RBX: ffffffff81f34f60 RCX: 0000000000000000\n[    0.292981] RDX: 0000000000000000 RSI: 0000000000000000 RDI: ffff88012fc0a180\n[    0.293991] RBP: ffff88012afcbed8 R08: 0000000000000000 R09: 0000000000000001\n[    0.295013] R10: ffffffff81a11ee0 R11: ffffffff81a11ec0 R12: 00000000ffffffff\n[    0.296023] R13: 000000000000a0a0 R14: 000000000000a192 R15: 0000000000000000\n[    0.297204] FS:  0000000000000000(0000) GS:ffff88012fc00000(0000) knlGS:0000000000000000\n[    0.298327] CS:  0010 DS: 0000 ES: 0000 CR0: 0000000080050033\n[    0.299161] CR2: ffff88012ffff000 CR3: 0000000001e0a000 CR4: 00000000001406f0\n[    0.300267] DR0: 0000000000000000 DR1: 0000000000000000 DR2: 0000000000000000\n[    0.301356] DR3: 0000000000000000 DR6: 00000000fffe0ff0 DR7: 0000000000000400\n[    0.302415] Stack:\n[    0.302738]  ffffffff81f34f60 0000000000000100 000000000000a0a0 0000000000000000\n[    0.304004]  ffff88012afcbf08 ffffffff81f6f763 ffffffff82089ef8 ffff88012afc06a8\n[    0.305365]  0000000000000001 0000000000000000 ffff88012afcbf38 ffffffff81f5a0e5\n[    0.306585] Call Trace:\n[    0.306962]  [<ffffffff81f6f763>] native_smp_prepare_cpus+0x57/0x2eb\n[    0.307938]  [<ffffffff81f5a0e5>] kernel_init_freeable+0xb3/0x212\n[    0.308910]  [<ffffffff81817f30>] ? rest_init+0x80/0x80\n[    0.309744]  [<ffffffff81817f3e>] kernel_init+0xe/0xe0\n[    0.310484]  [<ffffffff8182488f>] ret_from_fork+0x3f/0x70\n[    0.311251]  [<ffffffff81817f30>] ? rest_init+0x80/0x80\n[    0.312078] Code: 53 41 83 cc ff 49 c7 c6 92 a1 00 00 48 89 c7 f3 a5 66 c7 80 da 00 00 00 00 00 0f b7 35 b4 36 fc ff 8b 05 16 88 27 00 8d 44 06 ff <f7> f6 31 d2 89 05 78 4a fc ff 8d 86 ff 7f 00 00 f7 f6 be c0 00 \n[    0.317413] RIP  [<ffffffff81f6f5de>] smp_store_boot_cpu_info+0x51/0x17f\n[    0.318431]  RSP <ffff88012afcbeb8>\n[    0.318954] ---[ end trace bfe562e06bb06b7c ]---\n[    0.319599] Kernel panic - not syncing: Attempted to kill init! exitcode=0x0000000b\n[    0.319599] \n[    0.321705] ---[ end Kernel panic - not syncing: Attempted to kill init! exitcode=0x0000000b\n[    0.321705]",
 "title": ""
}